Microchip MPLAB XC8 Compiler V1.34 ()

Linker command line:

--edf=C:\Program Files (x86)\Microchip\xc8\v1.34\dat\en_msgs.txt -cs \
  -h+dist/LazySwitch_PIC18f24J10/production\PIC_LazySwitch.production.sym \
  --cmf=dist/LazySwitch_PIC18f24J10/production\PIC_LazySwitch.production.cmf \
  -z -Q18F24J10 -oC:\Users\DWHITF~1\AppData\Local\Temp\s7r0.6 \
  -Mdist/LazySwitch_PIC18f24J10/production/PIC_LazySwitch.production.map \
  -E1 -ver=XC8 -ASTACK=080h-03ffh -pstack=STACK -ACODE=00h-03FF7h \
  -ACONST=00h-03FF7h -ASMALLCONST=0400h-04FFhx59,03F00h-03FF7h \
  -AMEDIUMCONST=0400h-03FF7h -ACOMRAM=01h-07Fh -AABS1=00h-03FFh \
  -ABIGRAM=01h-03FFh -ARAM=080h-0FFh,0100h-01FFhx3 -ABANK0=080h-0FFh \
  -ABANK1=0100h-01FFh -ABANK2=0200h-02FFh -ABANK3=0300h-03FFh \
  -ASFR=0F80h-0FFFh \
  -preset_vec=00h,intcode=08h,intcodelo=018h,powerup,init,end_init \
  -pramtop=0400h -psmallconst=SMALLCONST -pmediumconst=MEDIUMCONST \
  -pconst=CONST -AFARRAM=00h-00h -ACONFIG=03FF8h-03FFDh -pconfig=CONFIG \
  -pjflash_buffer=03800h \
  -prdata=COMRAM,nvrram=COMRAM,nvbit=COMRAM,rbss=COMRAM,rbit=COMRAM \
  -pfarbss=FARRAM,fardata=FARRAM,nvFARRAM=FARRAM \
  -pintsave_regs=BIGRAM,bigbss=BIGRAM,bigdata=BIGRAM -pbss=RAM \
  -pidata=CODE,irdata=CODE,ibigdata=CODE,ifardata=CODE -prparam=COMRAM \
  C:\Users\DWHITF~1\AppData\Local\Temp\s7r0.obj \
  dist/LazySwitch_PIC18f24J10/production\PIC_LazySwitch.production.obj 

Object code version is 3.11

Machine type is 18F24J10

Call graph: (short form)




                Name                               Link     Load   Length Selector   Space Scale
C:\Users\DWHITF~1\AppData\Local\Temp\s7r0.obj
                end_init                            12C      12C        4        C       0
                reset_vec                             0        0        4        0       0
                config                             3FF8     3FF8        6     3FF8       0
dist/LazySwitch_PIC18f24J10/production\PIC_LazySwitch.production.obj
                intcodelo                            18       18      114        C       0
                intcode                               8        8       10        4       0
                smallconst                          400      400       44      200       0
                intcode_body                        444      444       66      222       0
                text28                              7C2      7C2        8      222       0
                text27                              7A8      7A8       10      222       0
                text26                              796      796       12      222       0
                text25                              6D2      6D2       2A      222       0
                text24                              71C      71C       1A      222       0
                text23                              6A4      6A4       2E      222       0
                text21                              5DA      5DA       3C      222       0
                text20                              676      676       2E      222       0
                text19                              7E2      7E2        2      222       0
                text18                              784      784       12      222       0
                text17                              7B8      7B8        A      222       0
                text16                              7E0      7E0        2      222       0
                text15                              7DE      7DE        2      222       0
                text14                              7DC      7DC        2      222       0
                text13                              7D4      7D4        4      222       0
                text12                              7DA      7DA        2      222       0
                text11                              772      772       12      222       0
                text10                              736      736       18      222       0
                text9                               7CA      7CA        6      222       0
                text8                               648      648       2E      222       0
                text7                               6FC      6FC       20      222       0
                text6                               508      508       4A      222       0
                text5                               596      596       44      222       0
                text4                               760      760       12      222       0
                text3                               74E      74E       12      222       0
                text2                               4AA      4AA       5E      222       0
                text1                               7D0      7D0        4      222       0
                text0                               552      552       44      222       0
                cstackCOMRAM                          1        1       37        1       1
                dataCOMRAM                           44       44        2        1       1
                bssCOMRAM                            38       38        C        1       1
                cinit                               616      616       32      222       0
                idataCOMRAM                         7D8      7D8        2      222       0

TOTAL           Name                               Link     Load   Length     Space
        CLASS   STACK          

        CLASS   CODE           
                end_init                            12C      12C        4         0
                intcodelo                            18       18      114         0
                intcode                               8        8       10         0
                reset_vec                             0        0        4         0
                intcode_body                        444      444       66         0
                text28                              7C2      7C2        8         0
                text27                              7A8      7A8       10         0
                text26                              796      796       12         0
                text25                              6D2      6D2       2A         0
                text24                              71C      71C       1A         0
                text23                              6A4      6A4       2E         0
                text21                              5DA      5DA       3C         0
                text20                              676      676       2E         0
                text19                              7E2      7E2        2         0
                text18                              784      784       12         0
                text17                              7B8      7B8        A         0
                text16                              7E0      7E0        2         0
                text15                              7DE      7DE        2         0
                text14                              7DC      7DC        2         0
                text13                              7D4      7D4        4         0
                text12                              7DA      7DA        2         0
                text11                              772      772       12         0
                text10                              736      736       18         0
                text9                               7CA      7CA        6         0
                text8                               648      648       2E         0
                text7                               6FC      6FC       20         0
                text6                               508      508       4A         0
                text5                               596      596       44         0
                text4                               760      760       12         0
                text3                               74E      74E       12         0
                text2                               4AA      4AA       5E         0
                text1                               7D0      7D0        4         0
                text0                               552      552       44         0
                cinit                               616      616       32         0
                idataCOMRAM                         7D8      7D8        2         0

        CLASS   CONST          

        CLASS   SMALLCONST     
                smallconst                          400      400       44         0

        CLASS   MEDIUMCONST    

        CLASS   COMRAM         
                cstackCOMRAM                          1        1       37         1
                dataCOMRAM                           44       44        2         1
                bssCOMRAM                            38       38        C         1

        CLASS   ABS1           

        CLASS   BIGRAM         

        CLASS   RAM            

        CLASS   BANK0          

        CLASS   BANK1          

        CLASS   BANK2          

        CLASS   BANK3          

        CLASS   SFR            

        CLASS   FARRAM         

        CLASS   CONFIG         
                config                             3FF8     3FF8        6         0

        CLASS   IDLOC          



SEGMENTS        Name                           Load    Length   Top    Selector   Space  Class

                reset_vec                      000000  000004  000004         0       0  CODE    
                cstackCOMRAM                   000001  000045  000046         1       1  COMRAM  
                intcode                        000008  000010  000018         4       0  CODE    
                intcodelo                      000018  000118  000130         C       0  CODE    
                smallconst                     000400  000044  000444       200       0  SMALLCON
                intcode_body                   000444  0003A0  0007E4       222       0  CODE    
                config                         003FF8  000006  003FFE      3FF8       0  CONFIG  


UNUSED ADDRESS RANGES

        Name                Unused          Largest block    Delta
        BANK0            00080-000FF              80
        BANK1            00100-001FF             100
        BANK2            00200-002FF             100
        BANK3            00300-003FF             100
        BIGRAM           00046-003FF             3BA
        CODE             00004-00007               4
                         00130-003FF             2D0
                         007E4-03FF7            3814
        COMRAM           00046-0007F              3A
        CONST            00004-00007               4
                         00130-003FF             2D0
                         007E4-03FF7            3814
        MEDIUMCONST      007E4-03FF7            3814
        RAM              00080-003FF             100
        SFR              00F80-00FFF              80
        SMALLCONST       007E4-03FF7             100
        STACK            00080-003FF             380

                                  Symbol Table

BUT_IR_PinChangeInt@state         cstackCOMRAM  00025
BUT_ReadButton@value              cstackCOMRAM  00025
IR_ReadReceiver@value             cstackCOMRAM  00001
MSC_BlinkLED@blink                cstackCOMRAM  00032
MSC_BlinkLED@i                    cstackCOMRAM  00036
MSC_DelayMS@US                    cstackCOMRAM  00029
MSC_DelayMS@i                     cstackCOMRAM  0002E
MSC_DelayNOP@NOPs                 cstackCOMRAM  00025
MSC_DelayNOP@i                    cstackCOMRAM  00027
MTR_IN1@state                     cstackCOMRAM  00025
MTR_IN2@state                     cstackCOMRAM  00025
TMR_ResetTimer2@TimerOn           cstackCOMRAM  00002
TMR_Timer2@state                  cstackCOMRAM  00001
TMR_Timer2Int@state               cstackCOMRAM  00025
TMR_Timer2Start@time              cstackCOMRAM  00003
_ADCON1bits                       (abs)         00FC1
_BUT_IR_PinChangeInt              text18        00784
_BUT_ReadButton                   text20        00676
_ButtonChange                     bssCOMRAM     0003E
_ButtonTimer                      dataCOMRAM    00044
_ButtonValue_prev                 dataCOMRAM    00045
_Button_Data                      bssCOMRAM     0003F
_DC_Motor                         bssCOMRAM     00040
_INTCON2bits                      (abs)         00FF1
_INTCONbits                       (abs)         00FF2
_IPR1bits                         (abs)         00F9F
_IR_Data                          bssCOMRAM     00041
_IR_ReadReceiver                  text28        007C2
_InitADC                          text19        007E2
_InitButton                       text17        007B8
_InitFlash                        text16        007E0
_InitIR                           text15        007DE
_InitLDO                          text14        007DC
_InitMOTOR                        text13        007D4
_InitRF                           text12        007DA
_InitTimer2                       text10        00736
_InitTimers                       text9         007CA
_Init_App                         text21        005DA
_Init_System                      text8         00648
_LATA                             (abs)         00F89
_LATB                             (abs)         00F8A
_LATC                             (abs)         00F8B
_MSC_BlinkLED                     text5         00596
_MSC_DelayMS                      text6         00508
_MSC_DelayNOP                     text7         006FC
_MTR_IN1                          text4         00760
_MTR_IN2                          text3         0074E
_MTR_Rotate                       text2         004AA
_PCB_Version                      smallconst    00401
_PIE1bits                         (abs)         00F9D
_PIR1bits                         (abs)         00F9E
_PORTB                            (abs)         00F81
_PR2                              (abs)         00FCB
_RCONbits                         (abs)         00FD0
_RF_Data                          bssCOMRAM     00042
_SYS_ConfigureOscillator          text1         007D0
_T2CONbits                        (abs)         00FCA
_TMR2                             (abs)         00FCC
_TMR_ResetTimer2                  text25        006D2
_TMR_Timer2                       text26        00796
_TMR_Timer2Free                   text27        007A8
_TMR_Timer2Int                    text11        00772
_TMR_Timer2Start                  text24        0071C
_TRISAbits                        (abs)         00F92
_TRISBbits                        (abs)         00F93
_TRISCbits                        (abs)         00F94
_Timer2Post                       bssCOMRAM     00038
_Timer2PostCount                  bssCOMRAM     0003A
_Timer2Use                        bssCOMRAM     00043
__CFG_CCP2MX$DEFAULT              (abs)         00000
__CFG_CP0$ON                      (abs)         00000
__CFG_FCMEN$OFF                   (abs)         00000
__CFG_FOSC$HSPLL                  (abs)         00000
__CFG_FOSC2$ON                    (abs)         00000
__CFG_IESO$OFF                    (abs)         00000
__CFG_STVREN$ON                   (abs)         00000
__CFG_WDTEN$OFF                   (abs)         00000
__CFG_WDTPS$32768                 (abs)         00000
__CFG_XINST$OFF                   (abs)         00000
__HRAM                            (abs)         00000
__Habs1                           abs1          00000
__Hbank0                          bank0         00000
__Hbank1                          bank1         00000
__Hbank2                          bank2         00000
__Hbank3                          bank3         00000
__Hbigbss                         bigbss        00000
__Hbigdata                        bigdata       00000
__Hbigram                         bigram        00000
__Hbss                            bss           00000
__HbssCOMRAM                      bssCOMRAM     00000
__Hcinit                          cinit         00000
__Hclrtext                        clrtext       00000
__Hcomram                         comram        00000
__Hconfig                         config        03FFE
__Hconst                          const         00000
__HcstackCOMRAM                   cstackCOMRAM  00000
__Hdata                           data          00000
__HdataCOMRAM                     dataCOMRAM    00000
__Hend_init                       end_init      00130
__Hfarbss                         farbss        00000
__Hfardata                        fardata       00000
__Hibigdata                       ibigdata      00000
__Hidata                          idata         00000
__HidataCOMRAM                    idataCOMRAM   00000
__Hidloc                          idloc         00000
__Hifardata                       ifardata      00000
__Hinit                           init          0012C
__Hintcode                        intcode       00018
__Hintcode_body                   intcode_body  00000
__Hintcodelo                      intcodelo     0012C
__Hintentry                       intentry      00000
__Hintret                         intret        00000
__Hintsave_regs                   intsave_regs  00000
__Hirdata                         irdata        00000
__Hjflash_buffer                  jflash_buffer 03800
__Hmediumconst                    mediumconst   00000
__HnvFARRAM                       nvFARRAM      00000
__Hnvbit                          nvbit         00000
__Hnvrram                         nvrram        00000
__Hparam                          rparam        00000
__Hpowerup                        powerup       0012C
__Hram                            ram           00000
__Hramtop                         ramtop        00400
__Hrbit                           rbit          00000
__Hrbss                           rbss          00000
__Hrdata                          rdata         00000
__Hreset_vec                      reset_vec     00004
__Hrparam                         rparam        00000
__Hsfr                            sfr           00000
__Hsmallconst                     smallconst    00444
__Hspace_0                        (abs)         03FFE
__Hspace_1                        (abs)         00046
__Hspace_2                        (abs)         00000
__Hstack                          stack         00000
__Hstruct                         struct        00000
__Htemp                           temp          00000
__Htext                           text          00000
__Htext0                          text0         00000
__Htext1                          text1         00000
__Htext10                         text10        00000
__Htext11                         text11        00000
__Htext12                         text12        00000
__Htext13                         text13        00000
__Htext14                         text14        00000
__Htext15                         text15        00000
__Htext16                         text16        00000
__Htext17                         text17        00000
__Htext18                         text18        00000
__Htext19                         text19        00000
__Htext2                          text2         00000
__Htext20                         text20        00000
__Htext21                         text21        00000
__Htext23                         text23        00000
__Htext24                         text24        00000
__Htext25                         text25        00000
__Htext26                         text26        00000
__Htext27                         text27        00000
__Htext28                         text28        00000
__Htext3                          text3         00000
__Htext4                          text4         00000
__Htext5                          text5         00000
__Htext6                          text6         00000
__Htext7                          text7         00000
__Htext8                          text8         00000
__Htext9                          text9         00000
__LRAM                            (abs)         00001
__Labs1                           abs1          00000
__Lbank0                          bank0         00000
__Lbank1                          bank1         00000
__Lbank2                          bank2         00000
__Lbank3                          bank3         00000
__Lbigbss                         bigbss        00000
__Lbigdata                        bigdata       00000
__Lbigram                         bigram        00000
__Lbss                            bss           00000
__LbssCOMRAM                      bssCOMRAM     00000
__Lcinit                          cinit         00000
__Lclrtext                        clrtext       00000
__Lcomram                         comram        00000
__Lconfig                         config        03FF8
__Lconst                          const         00000
__LcstackCOMRAM                   cstackCOMRAM  00000
__Ldata                           data          00000
__LdataCOMRAM                     dataCOMRAM    00000
__Lend_init                       end_init      0012C
__Lfarbss                         farbss        00000
__Lfardata                        fardata       00000
__Libigdata                       ibigdata      00000
__Lidata                          idata         00000
__LidataCOMRAM                    idataCOMRAM   00000
__Lidloc                          idloc         00000
__Lifardata                       ifardata      00000
__Linit                           init          0012C
__Lintcode                        intcode       00008
__Lintcode_body                   intcode_body  00000
__Lintcodelo                      intcodelo     00018
__Lintentry                       intentry      00000
__Lintret                         intret        00000
__Lintsave_regs                   intsave_regs  00000
__Lirdata                         irdata        00000
__Ljflash_buffer                  jflash_buffer 03800
__Lmediumconst                    mediumconst   00000
__LnvFARRAM                       nvFARRAM      00000
__Lnvbit                          nvbit         00000
__Lnvrram                         nvrram        00000
__Lparam                          rparam        00000
__Lpowerup                        powerup       0012C
__Lram                            ram           00000
__Lramtop                         ramtop        00400
__Lrbit                           rbit          00000
__Lrbss                           rbss          00000
__Lrdata                          rdata         00000
__Lreset_vec                      reset_vec     00000
__Lrparam                         rparam        00000
__Lsfr                            sfr           00000
__Lsmallconst                     smallconst    00400
__Lspace_0                        (abs)         00000
__Lspace_1                        (abs)         00000
__Lspace_2                        (abs)         00000
__Lstack                          stack         00000
__Lstruct                         struct        00000
__Ltemp                           temp          00000
__Ltext                           text          00000
__Ltext0                          text0         00000
__Ltext1                          text1         00000
__Ltext10                         text10        00000
__Ltext11                         text11        00000
__Ltext12                         text12        00000
__Ltext13                         text13        00000
__Ltext14                         text14        00000
__Ltext15                         text15        00000
__Ltext16                         text16        00000
__Ltext17                         text17        00000
__Ltext18                         text18        00000
__Ltext19                         text19        00000
__Ltext2                          text2         00000
__Ltext20                         text20        00000
__Ltext21                         text21        00000
__Ltext23                         text23        00000
__Ltext24                         text24        00000
__Ltext25                         text25        00000
__Ltext26                         text26        00000
__Ltext27                         text27        00000
__Ltext28                         text28        00000
__Ltext3                          text3         00000
__Ltext4                          text4         00000
__Ltext5                          text5         00000
__Ltext6                          text6         00000
__Ltext7                          text7         00000
__Ltext8                          text8         00000
__Ltext9                          text9         00000
__S0                              (abs)         03FFE
__S1                              (abs)         00046
__S2                              (abs)         00000
___extmem_base                    (abs)         20000
___inthi_sp                       stack         00000
___intlo_sp                       stack         00000
___param_bank                     (abs)         00010
___rparam_used                    (abs)         00001
___sp                             stack         00000
__accesstop                       (abs)         00080
__activetblptr                    (abs)         00001
__end_of_BUT_IR_PinChangeInt      text18        00796
__end_of_BUT_ReadButton           text20        006A4
__end_of_IR_ReadReceiver          text28        007CA
__end_of_InitADC                  text19        007E4
__end_of_InitButton               text17        007C2
__end_of_InitFlash                text16        007E2
__end_of_InitIR                   text15        007E0
__end_of_InitLDO                  text14        007DE
__end_of_InitMOTOR                text13        007D8
__end_of_InitRF                   text12        007DC
__end_of_InitTimer2               text10        0074E
__end_of_InitTimers               text9         007D0
__end_of_Init_App                 text21        00616
__end_of_Init_System              text8         00676
__end_of_MSC_BlinkLED             text5         005DA
__end_of_MSC_DelayMS              text6         00552
__end_of_MSC_DelayNOP             text7         0071C
__end_of_MTR_IN1                  text4         00772
__end_of_MTR_IN2                  text3         00760
__end_of_MTR_Rotate               text2         00508
__end_of_PCB_Version              smallconst    0040A
__end_of_SYS_ConfigureOscillator  text1         007D4
__end_of_TMR_ResetTimer2          text25        006FC
__end_of_TMR_Timer2               text26        007A8
__end_of_TMR_Timer2Free           text27        007B8
__end_of_TMR_Timer2Int            text11        00784
__end_of_TMR_Timer2Start          text24        00736
__end_of__initialization          cinit         0063A
__end_of_high_isr                 intcode_body  004AA
__end_of_low_isr                  intcodelo     0012C
__end_of_main                     text0         00596
__end_ofexp@coeff                 smallconst    00428
__end_ofi1_BUT_ReadButton         text23        006D2
__end_oflog@coeff                 smallconst    00443
__initialization                  cinit         00616
__mediumconst                     mediumconst   00000
__pbssCOMRAM                      bssCOMRAM     00038
__pcinit                          cinit         00616
__pcstackCOMRAM                   cstackCOMRAM  00001
__pdataCOMRAM                     dataCOMRAM    00044
__pidataCOMRAM                    idataCOMRAM   007D8
__pintcode                        intcode       00008
__pintcode_body                   intcode_body  00444
__pintcodelo                      intcodelo     00018
__psmallconst                     smallconst    00400
__ptext0                          text0         00552
__ptext1                          text1         007D0
__ptext10                         text10        00736
__ptext11                         text11        00772
__ptext12                         text12        007DA
__ptext13                         text13        007D4
__ptext14                         text14        007DC
__ptext15                         text15        007DE
__ptext16                         text16        007E0
__ptext17                         text17        007B8
__ptext18                         text18        00784
__ptext19                         text19        007E2
__ptext2                          text2         004AA
__ptext20                         text20        00676
__ptext21                         text21        005DA
__ptext23                         text23        006A4
__ptext24                         text24        0071C
__ptext25                         text25        006D2
__ptext26                         text26        00796
__ptext27                         text27        007A8
__ptext28                         text28        007C2
__ptext3                          text3         0074E
__ptext4                          text4         00760
__ptext5                          text5         00596
__ptext6                          text6         00508
__ptext7                          text7         006FC
__ptext8                          text8         00648
__ptext9                          text9         007CA
__ramtop                          ramtop        00400
__size_of_BUT_IR_PinChangeInt     (abs)         00000
__size_of_BUT_ReadButton          (abs)         00000
__size_of_IR_ReadReceiver         (abs)         00000
__size_of_InitADC                 (abs)         00000
__size_of_InitButton              (abs)         00000
__size_of_InitFlash               (abs)         00000
__size_of_InitIR                  (abs)         00000
__size_of_InitLDO                 (abs)         00000
__size_of_InitMOTOR               (abs)         00000
__size_of_InitRF                  (abs)         00000
__size_of_InitTimer2              (abs)         00000
__size_of_InitTimers              (abs)         00000
__size_of_Init_App                (abs)         00000
__size_of_Init_System             (abs)         00000
__size_of_MSC_BlinkLED            (abs)         00000
__size_of_MSC_DelayMS             (abs)         00000
__size_of_MSC_DelayNOP            (abs)         00000
__size_of_MTR_IN1                 (abs)         00000
__size_of_MTR_IN2                 (abs)         00000
__size_of_MTR_Rotate              (abs)         00000
__size_of_SYS_ConfigureOscillator (abs)         00000
__size_of_TMR_ResetTimer2         (abs)         00000
__size_of_TMR_Timer2              (abs)         00000
__size_of_TMR_Timer2Free          (abs)         00000
__size_of_TMR_Timer2Int           (abs)         00000
__size_of_TMR_Timer2Start         (abs)         00000
__size_of_high_isr                (abs)         00000
__size_of_low_isr                 (abs)         00000
__size_of_main                    (abs)         00000
__size_ofi1_BUT_ReadButton        (abs)         00000
__smallconst                      smallconst    00400
_errno                            bssCOMRAM     0003C
_high_isr                         intcode       00008
_low_isr                          intcodelo     00018
_main                             text0         00552
end_of_initialization             cinit         0063A
i1BUT_ReadButton@value            cstackCOMRAM  00001
i1_BUT_ReadButton                 text23        006A4
int_func                          intcode_body  00444
intlevel0                         text          00000
intlevel1                         text          00000
intlevel2                         text          00000
intlevel3                         text          00000
low_isr@button_state              cstackCOMRAM  00016
stackhi                           (abs)         003FF
stacklo                           (abs)         00080
start                             init          0012C
start_initialization              cinit         00616


FUNCTION INFORMATION:

 *************** function _main *****************
 Defined at:
		line 62 in file "main.c"
 Parameters:    Size  Location     Type
		None
 Auto vars:     Size  Location     Type
		None
 Return value:  Size  Location     Type
                  2   22[None  ] int 
 Registers used:
		wreg, status,2, status,0, cstack
 Tracked objects:
		On entry : 
		On exit  : 
		Unchanged: 
 Data sizes:     COMRAM   BANK0   BANK1   BANK2   BANK3
      Params:         0       0       0       0       0
      Locals:         0       0       0       0       0
      Temps:          0       0       0       0       0
      Totals:         0       0       0       0       0
Total ram usage:        0 bytes
 Hardware stack levels required when called:    9
 This function calls:
		_Init_App
		_Init_System
		_MSC_BlinkLED
		_MTR_Rotate
		_SYS_ConfigureOscillator
 This function is called by:
		Startup code after reset
 This function uses a non-reentrant model


 *************** function _SYS_ConfigureOscillator *****************
 Defined at:
		line 48 in file "SYSTEM.c"
 Parameters:    Size  Location     Type
		None
 Auto vars:     Size  Location     Type
		None
 Return value:  Size  Location     Type
		None               void
 Registers used:
		None
 Tracked objects:
		On entry : 
		On exit  : 
		Unchanged: 
 Data sizes:     COMRAM   BANK0   BANK1   BANK2   BANK3
      Params:         0       0       0       0       0
      Locals:         0       0       0       0       0
      Temps:          0       0       0       0       0
      Totals:         0       0       0       0       0
Total ram usage:        0 bytes
 Hardware stack levels used:    1
 Hardware stack levels required when called:    5
 This function calls:
		Nothing
 This function is called by:
		_main
 This function uses a non-reentrant model


 *************** function _MTR_Rotate *****************
 Defined at:
		line 104 in file "MOTOR.c"
 Parameters:    Size  Location     Type
		None
 Auto vars:     Size  Location     Type
		None
 Return value:  Size  Location     Type
		None               void
 Registers used:
		wreg, status,2, status,0, cstack
 Tracked objects:
		On entry : 
		On exit  : 
		Unchanged: 
 Data sizes:     COMRAM   BANK0   BANK1   BANK2   BANK3
      Params:         0       0       0       0       0
      Locals:         0       0       0       0       0
      Temps:          0       0       0       0       0
      Totals:         0       0       0       0       0
Total ram usage:        0 bytes
 Hardware stack levels used:    1
 Hardware stack levels required when called:    7
 This function calls:
		_MSC_DelayMS
		_MTR_IN1
		_MTR_IN2
 This function is called by:
		_main
 This function uses a non-reentrant model


 *************** function _MTR_IN2 *****************
 Defined at:
		line 71 in file "MOTOR.c"
 Parameters:    Size  Location     Type
  state           1    wreg     unsigned char 
 Auto vars:     Size  Location     Type
  state           1   36[COMRAM] unsigned char 
 Return value:  Size  Location     Type
		None               void
 Registers used:
		wreg, status,2, status,0
 Tracked objects:
		On entry : 
		On exit  : 
		Unchanged: 
 Data sizes:     COMRAM   BANK0   BANK1   BANK2   BANK3
      Params:         0       0       0       0       0
      Locals:         1       0       0       0       0
      Temps:          0       0       0       0       0
      Totals:         1       0       0       0       0
Total ram usage:        1 bytes
 Hardware stack levels used:    1
 Hardware stack levels required when called:    5
 This function calls:
		Nothing
 This function is called by:
		_MTR_Rotate
 This function uses a non-reentrant model


 *************** function _MTR_IN1 *****************
 Defined at:
		line 54 in file "MOTOR.c"
 Parameters:    Size  Location     Type
  state           1    wreg     unsigned char 
 Auto vars:     Size  Location     Type
  state           1   36[COMRAM] unsigned char 
 Return value:  Size  Location     Type
		None               void
 Registers used:
		wreg, status,2, status,0
 Tracked objects:
		On entry : 
		On exit  : 
		Unchanged: 
 Data sizes:     COMRAM   BANK0   BANK1   BANK2   BANK3
      Params:         0       0       0       0       0
      Locals:         1       0       0       0       0
      Temps:          0       0       0       0       0
      Totals:         1       0       0       0       0
Total ram usage:        1 bytes
 Hardware stack levels used:    1
 Hardware stack levels required when called:    5
 This function calls:
		Nothing
 This function is called by:
		_MTR_Rotate
 This function uses a non-reentrant model


 *************** function _MSC_BlinkLED *****************
 Defined at:
		line 1112 in file "MISC.c"
 Parameters:    Size  Location     Type
  blink           2   49[COMRAM] unsigned int 
 Auto vars:     Size  Location     Type
  i               2   53[COMRAM] unsigned int 
 Return value:  Size  Location     Type
		None               void
 Registers used:
		wreg, status,2, status,0, cstack
 Tracked objects:
		On entry : 
		On exit  : 
		Unchanged: 
 Data sizes:     COMRAM   BANK0   BANK1   BANK2   BANK3
      Params:         2       0       0       0       0
      Locals:         2       0       0       0       0
      Temps:          2       0       0       0       0
      Totals:         6       0       0       0       0
Total ram usage:        6 bytes
 Hardware stack levels used:    1
 Hardware stack levels required when called:    7
 This function calls:
		_MSC_DelayMS
 This function is called by:
		_main
 This function uses a non-reentrant model


 *************** function _MSC_DelayMS *****************
 Defined at:
		line 47 in file "MISC.c"
 Parameters:    Size  Location     Type
  US              4   40[COMRAM] long 
 Auto vars:     Size  Location     Type
  i               4   45[COMRAM] long 
 Return value:  Size  Location     Type
		None               void
 Registers used:
		wreg, status,2, status,0, cstack
 Tracked objects:
		On entry : 
		On exit  : 
		Unchanged: 
 Data sizes:     COMRAM   BANK0   BANK1   BANK2   BANK3
      Params:         4       0       0       0       0
      Locals:         4       0       0       0       0
      Temps:          1       0       0       0       0
      Totals:         9       0       0       0       0
Total ram usage:        9 bytes
 Hardware stack levels used:    1
 Hardware stack levels required when called:    6
 This function calls:
		_MSC_DelayNOP
 This function is called by:
		_MTR_Rotate
		_MSC_BlinkLED
 This function uses a non-reentrant model


 *************** function _MSC_DelayNOP *****************
 Defined at:
		line 62 in file "MISC.c"
 Parameters:    Size  Location     Type
  NOPs            2   36[COMRAM] unsigned int 
 Auto vars:     Size  Location     Type
  i               2   38[COMRAM] unsigned int 
 Return value:  Size  Location     Type
		None               void
 Registers used:
		wreg, status,2, status,0
 Tracked objects:
		On entry : 
		On exit  : 
		Unchanged: 
 Data sizes:     COMRAM   BANK0   BANK1   BANK2   BANK3
      Params:         2       0       0       0       0
      Locals:         2       0       0       0       0
      Temps:          0       0       0       0       0
      Totals:         4       0       0       0       0
Total ram usage:        4 bytes
 Hardware stack levels used:    1
 Hardware stack levels required when called:    5
 This function calls:
		Nothing
 This function is called by:
		_MSC_DelayMS
 This function uses a non-reentrant model


 *************** function _Init_System *****************
 Defined at:
		line 153 in file "USER.c"
 Parameters:    Size  Location     Type
		None
 Auto vars:     Size  Location     Type
		None
 Return value:  Size  Location     Type
		None               void
 Registers used:
		wreg, status,2, status,0, cstack
 Tracked objects:
		On entry : 
		On exit  : 
		Unchanged: 
 Data sizes:     COMRAM   BANK0   BANK1   BANK2   BANK3
      Params:         0       0       0       0       0
      Locals:         0       0       0       0       0
      Temps:          0       0       0       0       0
      Totals:         0       0       0       0       0
Total ram usage:        0 bytes
 Hardware stack levels used:    1
 Hardware stack levels required when called:    8
 This function calls:
		_BUT_ReadButton
		_InitADC
		_InitButton
		_InitFlash
		_InitIR
		_InitLDO
		_InitMOTOR
		_InitRF
		_InitTimers
 This function is called by:
		_main
 This function uses a non-reentrant model


 *************** function _InitTimers *****************
 Defined at:
		line 139 in file "TIMERS.c"
 Parameters:    Size  Location     Type
		None
 Auto vars:     Size  Location     Type
		None
 Return value:  Size  Location     Type
		None               void
 Registers used:
		wreg, status,2, cstack
 Tracked objects:
		On entry : 
		On exit  : 
		Unchanged: 
 Data sizes:     COMRAM   BANK0   BANK1   BANK2   BANK3
      Params:         0       0       0       0       0
      Locals:         0       0       0       0       0
      Temps:          0       0       0       0       0
      Totals:         0       0       0       0       0
Total ram usage:        0 bytes
 Hardware stack levels used:    1
 Hardware stack levels required when called:    7
 This function calls:
		_InitTimer2
 This function is called by:
		_Init_System
 This function uses a non-reentrant model


 *************** function _InitTimer2 *****************
 Defined at:
		line 149 in file "TIMERS.c"
 Parameters:    Size  Location     Type
		None
 Auto vars:     Size  Location     Type
		None
 Return value:  Size  Location     Type
		None               void
 Registers used:
		wreg, status,2, cstack
 Tracked objects:
		On entry : 
		On exit  : 
		Unchanged: 
 Data sizes:     COMRAM   BANK0   BANK1   BANK2   BANK3
      Params:         0       0       0       0       0
      Locals:         0       0       0       0       0
      Temps:          0       0       0       0       0
      Totals:         0       0       0       0       0
Total ram usage:        0 bytes
 Hardware stack levels used:    1
 Hardware stack levels required when called:    6
 This function calls:
		_TMR_Timer2Int
 This function is called by:
		_InitTimers
 This function uses a non-reentrant model


 *************** function _TMR_Timer2Int *****************
 Defined at:
		line 102 in file "TIMERS.c"
 Parameters:    Size  Location     Type
  state           1    wreg     unsigned char 
 Auto vars:     Size  Location     Type
  state           1   36[COMRAM] unsigned char 
 Return value:  Size  Location     Type
		None               void
 Registers used:
		wreg, status,2
 Tracked objects:
		On entry : 
		On exit  : 
		Unchanged: 
 Data sizes:     COMRAM   BANK0   BANK1   BANK2   BANK3
      Params:         0       0       0       0       0
      Locals:         1       0       0       0       0
      Temps:          0       0       0       0       0
      Totals:         1       0       0       0       0
Total ram usage:        1 bytes
 Hardware stack levels used:    1
 Hardware stack levels required when called:    5
 This function calls:
		Nothing
 This function is called by:
		_InitTimer2
 This function uses a non-reentrant model


 *************** function _InitRF *****************
 Defined at:
		line 56 in file "RF.c"
 Parameters:    Size  Location     Type
		None
 Auto vars:     Size  Location     Type
		None
 Return value:  Size  Location     Type
		None               void
 Registers used:
		None
 Tracked objects:
		On entry : 
		On exit  : 
		Unchanged: 
 Data sizes:     COMRAM   BANK0   BANK1   BANK2   BANK3
      Params:         0       0       0       0       0
      Locals:         0       0       0       0       0
      Temps:          0       0       0       0       0
      Totals:         0       0       0       0       0
Total ram usage:        0 bytes
 Hardware stack levels used:    1
 Hardware stack levels required when called:    5
 This function calls:
		Nothing
 This function is called by:
		_Init_System
 This function uses a non-reentrant model


 *************** function _InitMOTOR *****************
 Defined at:
		line 92 in file "MOTOR.c"
 Parameters:    Size  Location     Type
		None
 Auto vars:     Size  Location     Type
		None
 Return value:  Size  Location     Type
		None               void
 Registers used:
		None
 Tracked objects:
		On entry : 
		On exit  : 
		Unchanged: 
 Data sizes:     COMRAM   BANK0   BANK1   BANK2   BANK3
      Params:         0       0       0       0       0
      Locals:         0       0       0       0       0
      Temps:          0       0       0       0       0
      Totals:         0       0       0       0       0
Total ram usage:        0 bytes
 Hardware stack levels used:    1
 Hardware stack levels required when called:    5
 This function calls:
		Nothing
 This function is called by:
		_Init_System
 This function uses a non-reentrant model


 *************** function _InitLDO *****************
 Defined at:
		line 55 in file "LDO.c"
 Parameters:    Size  Location     Type
		None
 Auto vars:     Size  Location     Type
		None
 Return value:  Size  Location     Type
		None               void
 Registers used:
		None
 Tracked objects:
		On entry : 
		On exit  : 
		Unchanged: 
 Data sizes:     COMRAM   BANK0   BANK1   BANK2   BANK3
      Params:         0       0       0       0       0
      Locals:         0       0       0       0       0
      Temps:          0       0       0       0       0
      Totals:         0       0       0       0       0
Total ram usage:        0 bytes
 Hardware stack levels used:    1
 Hardware stack levels required when called:    5
 This function calls:
		Nothing
 This function is called by:
		_Init_System
 This function uses a non-reentrant model


 *************** function _InitIR *****************
 Defined at:
		line 56 in file "IR.c"
 Parameters:    Size  Location     Type
		None
 Auto vars:     Size  Location     Type
		None
 Return value:  Size  Location     Type
		None               void
 Registers used:
		None
 Tracked objects:
		On entry : 
		On exit  : 
		Unchanged: 
 Data sizes:     COMRAM   BANK0   BANK1   BANK2   BANK3
      Params:         0       0       0       0       0
      Locals:         0       0       0       0       0
      Temps:          0       0       0       0       0
      Totals:         0       0       0       0       0
Total ram usage:        0 bytes
 Hardware stack levels used:    1
 Hardware stack levels required when called:    5
 This function calls:
		Nothing
 This function is called by:
		_Init_System
 This function uses a non-reentrant model


 *************** function _InitFlash *****************
 Defined at:
		line 55 in file "FLASH.c"
 Parameters:    Size  Location     Type
		None
 Auto vars:     Size  Location     Type
		None
 Return value:  Size  Location     Type
		None               void
 Registers used:
		None
 Tracked objects:
		On entry : 
		On exit  : 
		Unchanged: 
 Data sizes:     COMRAM   BANK0   BANK1   BANK2   BANK3
      Params:         0       0       0       0       0
      Locals:         0       0       0       0       0
      Temps:          0       0       0       0       0
      Totals:         0       0       0       0       0
Total ram usage:        0 bytes
 Hardware stack levels used:    1
 Hardware stack levels required when called:    5
 This function calls:
		Nothing
 This function is called by:
		_Init_System
 This function uses a non-reentrant model


 *************** function _InitButton *****************
 Defined at:
		line 78 in file "BUTTON.c"
 Parameters:    Size  Location     Type
		None
 Auto vars:     Size  Location     Type
		None
 Return value:  Size  Location     Type
		None               void
 Registers used:
		wreg, status,2, cstack
 Tracked objects:
		On entry : 
		On exit  : 
		Unchanged: 
 Data sizes:     COMRAM   BANK0   BANK1   BANK2   BANK3
      Params:         0       0       0       0       0
      Locals:         0       0       0       0       0
      Temps:          0       0       0       0       0
      Totals:         0       0       0       0       0
Total ram usage:        0 bytes
 Hardware stack levels used:    1
 Hardware stack levels required when called:    6
 This function calls:
		_BUT_IR_PinChangeInt
 This function is called by:
		_Init_System
 This function uses a non-reentrant model


 *************** function _BUT_IR_PinChangeInt *****************
 Defined at:
		line 55 in file "BUTTON.c"
 Parameters:    Size  Location     Type
  state           1    wreg     unsigned char 
 Auto vars:     Size  Location     Type
  state           1   36[COMRAM] unsigned char 
 Return value:  Size  Location     Type
		None               void
 Registers used:
		wreg, status,2
 Tracked objects:
		On entry : 
		On exit  : 
		Unchanged: 
 Data sizes:     COMRAM   BANK0   BANK1   BANK2   BANK3
      Params:         0       0       0       0       0
      Locals:         1       0       0       0       0
      Temps:          0       0       0       0       0
      Totals:         1       0       0       0       0
Total ram usage:        1 bytes
 Hardware stack levels used:    1
 Hardware stack levels required when called:    5
 This function calls:
		Nothing
 This function is called by:
		_InitButton
 This function uses a non-reentrant model


 *************** function _InitADC *****************
 Defined at:
		line 55 in file "ADC.c"
 Parameters:    Size  Location     Type
		None
 Auto vars:     Size  Location     Type
		None
 Return value:  Size  Location     Type
		None               void
 Registers used:
		None
 Tracked objects:
		On entry : 
		On exit  : 
		Unchanged: 
 Data sizes:     COMRAM   BANK0   BANK1   BANK2   BANK3
      Params:         0       0       0       0       0
      Locals:         0       0       0       0       0
      Temps:          0       0       0       0       0
      Totals:         0       0       0       0       0
Total ram usage:        0 bytes
 Hardware stack levels used:    1
 Hardware stack levels required when called:    5
 This function calls:
		Nothing
 This function is called by:
		_Init_System
 This function uses a non-reentrant model


 *************** function _BUT_ReadButton *****************
 Defined at:
		line 91 in file "BUTTON.c"
 Parameters:    Size  Location     Type
		None
 Auto vars:     Size  Location     Type
  value           1   36[COMRAM] unsigned char 
 Return value:  Size  Location     Type
                  1    wreg      unsigned char 
 Registers used:
		wreg, status,2, status,0
 Tracked objects:
		On entry : 
		On exit  : 
		Unchanged: 
 Data sizes:     COMRAM   BANK0   BANK1   BANK2   BANK3
      Params:         0       0       0       0       0
      Locals:         1       0       0       0       0
      Temps:          0       0       0       0       0
      Totals:         1       0       0       0       0
Total ram usage:        1 bytes
 Hardware stack levels used:    1
 Hardware stack levels required when called:    5
 This function calls:
		Nothing
 This function is called by:
		_Init_System
 This function uses a non-reentrant model


 *************** function _Init_App *****************
 Defined at:
		line 72 in file "USER.c"
 Parameters:    Size  Location     Type
		None
 Auto vars:     Size  Location     Type
		None
 Return value:  Size  Location     Type
		None               void
 Registers used:
		wreg, status,2
 Tracked objects:
		On entry : 
		On exit  : 
		Unchanged: 
 Data sizes:     COMRAM   BANK0   BANK1   BANK2   BANK3
      Params:         0       0       0       0       0
      Locals:         0       0       0       0       0
      Temps:          0       0       0       0       0
      Totals:         0       0       0       0       0
Total ram usage:        0 bytes
 Hardware stack levels used:    1
 Hardware stack levels required when called:    5
 This function calls:
		Nothing
 This function is called by:
		_main
 This function uses a non-reentrant model


 *************** function _low_isr *****************
 Defined at:
		line 53 in file "INTERRUPTS.c"
 Parameters:    Size  Location     Type
		None
 Auto vars:     Size  Location     Type
  button_state    1   21[COMRAM] unsigned char 
 Return value:  Size  Location     Type
		None               void
 Registers used:
		wreg, status,2, status,0, cstack
 Tracked objects:
		On entry : 
		On exit  : 
		Unchanged: 
 Data sizes:     COMRAM   BANK0   BANK1   BANK2   BANK3
      Params:         0       0       0       0       0
      Locals:         1       0       0       0       0
      Temps:         17       0       0       0       0
      Totals:        18       0       0       0       0
Total ram usage:       18 bytes
 Hardware stack levels used:    1
 Hardware stack levels required when called:    4
 This function calls:
		_IR_ReadReceiver
		_TMR_Timer2
		_TMR_Timer2Free
		_TMR_Timer2Start
		i1_BUT_ReadButton
 This function is called by:
		Interrupt level 1
 This function uses a non-reentrant model


 *************** function i1_BUT_ReadButton *****************
 Defined at:
		line 91 in file "BUTTON.c"
 Parameters:    Size  Location     Type
		None
 Auto vars:     Size  Location     Type
  BUT_ReadButt    1    0[COMRAM] unsigned char 
 Return value:  Size  Location     Type
                  1    wreg      unsigned char 
 Registers used:
		wreg, status,2, status,0
 Tracked objects:
		On entry : 
		On exit  : 
		Unchanged: 
 Data sizes:     COMRAM   BANK0   BANK1   BANK2   BANK3
      Params:         0       0       0       0       0
      Locals:         1       0       0       0       0
      Temps:          0       0       0       0       0
      Totals:         1       0       0       0       0
Total ram usage:        1 bytes
 Hardware stack levels used:    1
 Hardware stack levels required when called:    1
 This function calls:
		Nothing
 This function is called by:
		_low_isr
 This function uses a non-reentrant model


 *************** function _TMR_Timer2Start *****************
 Defined at:
		line 163 in file "TIMERS.c"
 Parameters:    Size  Location     Type
  time            2    2[COMRAM] unsigned int 
 Auto vars:     Size  Location     Type
		None
 Return value:  Size  Location     Type
		None               void
 Registers used:
		wreg, status,2, cstack
 Tracked objects:
		On entry : 
		On exit  : 
		Unchanged: 
 Data sizes:     COMRAM   BANK0   BANK1   BANK2   BANK3
      Params:         2       0       0       0       0
      Locals:         0       0       0       0       0
      Temps:          0       0       0       0       0
      Totals:         2       0       0       0       0
Total ram usage:        2 bytes
 Hardware stack levels used:    1
 Hardware stack levels required when called:    3
 This function calls:
		_TMR_ResetTimer2
		_TMR_Timer2
 This function is called by:
		_low_isr
 This function uses a non-reentrant model


 *************** function _TMR_ResetTimer2 *****************
 Defined at:
		line 74 in file "TIMERS.c"
 Parameters:    Size  Location     Type
		None
 Auto vars:     Size  Location     Type
  TimerOn         1    1[COMRAM] unsigned char 
 Return value:  Size  Location     Type
		None               void
 Registers used:
		wreg, status,2, cstack
 Tracked objects:
		On entry : 
		On exit  : 
		Unchanged: 
 Data sizes:     COMRAM   BANK0   BANK1   BANK2   BANK3
      Params:         0       0       0       0       0
      Locals:         1       0       0       0       0
      Temps:          0       0       0       0       0
      Totals:         1       0       0       0       0
Total ram usage:        1 bytes
 Hardware stack levels used:    1
 Hardware stack levels required when called:    2
 This function calls:
		_TMR_Timer2
 This function is called by:
		_TMR_Timer2Start
 This function uses a non-reentrant model


 *************** function _TMR_Timer2 *****************
 Defined at:
		line 55 in file "TIMERS.c"
 Parameters:    Size  Location     Type
  state           1    wreg     unsigned char 
 Auto vars:     Size  Location     Type
  state           1    0[COMRAM] unsigned char 
 Return value:  Size  Location     Type
		None               void
 Registers used:
		wreg, status,2
 Tracked objects:
		On entry : 
		On exit  : 
		Unchanged: 
 Data sizes:     COMRAM   BANK0   BANK1   BANK2   BANK3
      Params:         0       0       0       0       0
      Locals:         1       0       0       0       0
      Temps:          0       0       0       0       0
      Totals:         1       0       0       0       0
Total ram usage:        1 bytes
 Hardware stack levels used:    1
 Hardware stack levels required when called:    1
 This function calls:
		Nothing
 This function is called by:
		_low_isr
		_TMR_ResetTimer2
		_TMR_Timer2Start
 This function uses a non-reentrant model


 *************** function _TMR_Timer2Free *****************
 Defined at:
		line 121 in file "TIMERS.c"
 Parameters:    Size  Location     Type
		None
 Auto vars:     Size  Location     Type
		None
 Return value:  Size  Location     Type
                  1    wreg      unsigned char 
 Registers used:
		wreg, status,2
 Tracked objects:
		On entry : 
		On exit  : 
		Unchanged: 
 Data sizes:     COMRAM   BANK0   BANK1   BANK2   BANK3
      Params:         0       0       0       0       0
      Locals:         0       0       0       0       0
      Temps:          0       0       0       0       0
      Totals:         0       0       0       0       0
Total ram usage:        0 bytes
 Hardware stack levels used:    1
 Hardware stack levels required when called:    1
 This function calls:
		Nothing
 This function is called by:
		_low_isr
 This function uses a non-reentrant model


 *************** function _IR_ReadReceiver *****************
 Defined at:
		line 66 in file "IR.c"
 Parameters:    Size  Location     Type
		None
 Auto vars:     Size  Location     Type
  value           1    0[COMRAM] unsigned char 
 Return value:  Size  Location     Type
                  1    wreg      unsigned char 
 Registers used:
		None
 Tracked objects:
		On entry : 
		On exit  : 
		Unchanged: 
 Data sizes:     COMRAM   BANK0   BANK1   BANK2   BANK3
      Params:         0       0       0       0       0
      Locals:         1       0       0       0       0
      Temps:          0       0       0       0       0
      Totals:         1       0       0       0       0
Total ram usage:        1 bytes
 Hardware stack levels used:    1
 Hardware stack levels required when called:    1
 This function calls:
		Nothing
 This function is called by:
		_low_isr
 This function uses a non-reentrant model


 *************** function _high_isr *****************
 Defined at:
		line 45 in file "INTERRUPTS.c"
 Parameters:    Size  Location     Type
		None
 Auto vars:     Size  Location     Type
		None
 Return value:  Size  Location     Type
		None               void
 Registers used:
		None
 Tracked objects:
		On entry : 
		On exit  : 
		Unchanged: 
 Data sizes:     COMRAM   BANK0   BANK1   BANK2   BANK3
      Params:         0       0       0       0       0
      Locals:         0       0       0       0       0
      Temps:         14       0       0       0       0
      Totals:        14       0       0       0       0
Total ram usage:       14 bytes
 Hardware stack levels used:    1
 This function calls:
		Nothing
 This function is called by:
		Interrupt level 2
 This function uses a non-reentrant model



MODULE INFORMATION

Module		Function		Class		Link	Load	Size
SYSTEM.c
		_SYS_ConfigureO		CODE           	07D0	0000	5

SYSTEM.c estimated size: 5

TIMERS.c
		_TMR_Timer2Int 		CODE           	0772	0000	19
		_TMR_Timer2Free		CODE           	07A8	0000	17
		_InitTimer2    		CODE           	0736	0000	25
		_InitTimers    		CODE           	07CA	0000	7
		_TMR_Timer2Star		CODE           	071C	0000	27
		_TMR_ResetTimer		CODE           	06D2	0000	43
		_TMR_Timer2    		CODE           	0796	0000	19

TIMERS.c estimated size: 157

BUTTON.c
		_InitButton    		CODE           	07B8	0000	11
		_BUT_ReadButton		CODE           	0676	0000	47
		_BUT_IR_PinChan		CODE           	0784	0000	19

BUTTON.c estimated size: 77

MOTOR.c
		_MTR_IN2       		CODE           	074E	0000	19
		_MTR_IN1       		CODE           	0760	0000	19
		_MTR_Rotate    		CODE           	04AA	0000	95
		_InitMOTOR     		CODE           	07D4	0000	5

MOTOR.c estimated size: 138

RF.c
		_InitRF        		CODE           	07DA	0000	3

RF.c estimated size: 3

FLASH.c
		_InitFlash     		CODE           	07E0	0000	3

FLASH.c estimated size: 3

shared
		exp@coeff      		SMALLCONST     	0000	0000	0
		_PCB_Version   		SMALLCONST     	0401	0000	10
		__initializatio		CODE           	0616	0000	37
		i1_BUT_ReadButt		CODE           	06A4	0000	47
		log@coeff      		SMALLCONST     	0000	0000	0

shared estimated size: 94

ADC.c
		_InitADC       		CODE           	07E2	0000	3

ADC.c estimated size: 3

MISC.c
		_MSC_DelayMS   		CODE           	0508	0000	75
		_MSC_BlinkLED  		CODE           	0596	0000	69
		_MSC_DelayNOP  		CODE           	06FC	0000	33

MISC.c estimated size: 177

USER.c
		_Init_App      		CODE           	05DA	0000	61
		_Init_System   		CODE           	0648	0000	47

USER.c estimated size: 108

IR.c
		_InitIR        		CODE           	07DE	0000	3
		_IR_ReadReceive		CODE           	07C2	0000	9

IR.c estimated size: 12

LDO.c
		_InitLDO       		CODE           	07DC	0000	3

LDO.c estimated size: 3

INTERRUPTS.c
		_high_isr      		CODE           	0008	0000	119
		_low_isr       		CODE           	0018	0000	277

INTERRUPTS.c estimated size: 396

main.c
		_main          		CODE           	0552	0000	69

main.c estimated size: 69

