Microchip MPLAB XC8 Compiler V1.34 ()

Linker command line:

--edf=C:\Program Files (x86)\Microchip\xc8\v1.34\dat\en_msgs.txt -cs \
  -h+dist/LazySwitch_PIC18f24J10/production\PIC_LazySwitch.production.sym \
  --cmf=dist/LazySwitch_PIC18f24J10/production\PIC_LazySwitch.production.cmf \
  -z -Q18F24J10 -oC:\Users\DWHITF~1\AppData\Local\Temp\s55o.6 \
  -Mdist/LazySwitch_PIC18f24J10/production/PIC_LazySwitch.production.map \
  -E1 -ver=XC8 -ASTACK=02F0h-03ffh -pstack=STACK -ACODE=00h-03FF7h \
  -ACONST=00h-03FF7h -ASMALLCONST=0400h-04FFhx59,03F00h-03FF7h \
  -AMEDIUMCONST=0400h-03FF7h -ACOMRAM=01h-07Fh -AABS1=00h-03FFh \
  -ABIGRAM=01h-03FFh -ARAM=080h-0FFh,0100h-01FFhx3 -ABANK0=080h-0FFh \
  -ABANK1=0100h-01FFh -ABANK2=0200h-02FFh -ABANK3=0300h-03FFh \
  -ASFR=0F80h-0FFFh \
  -preset_vec=00h,intcode=08h,intcodelo=018h,powerup,init,end_init \
  -pramtop=0400h -psmallconst=SMALLCONST -pmediumconst=MEDIUMCONST \
  -pconst=CONST -AFARRAM=00h-00h -ACONFIG=03FF8h-03FFDh -pconfig=CONFIG \
  -pjflash_buffer=03800h \
  -prdata=COMRAM,nvrram=COMRAM,nvbit=COMRAM,rbss=COMRAM,rbit=COMRAM \
  -pfarbss=FARRAM,fardata=FARRAM,nvFARRAM=FARRAM \
  -pintsave_regs=BIGRAM,bigbss=BIGRAM,bigdata=BIGRAM -pbss=RAM \
  -pidata=CODE,irdata=CODE,ibigdata=CODE,ifardata=CODE -prparam=COMRAM \
  C:\Users\DWHITF~1\AppData\Local\Temp\s55o.obj \
  dist/LazySwitch_PIC18f24J10/production\PIC_LazySwitch.production.obj 

Object code version is 3.11

Machine type is 18F24J10

Call graph: (short form)




                Name                               Link     Load   Length Selector   Space Scale
C:\Users\DWHITF~1\AppData\Local\Temp\s55o.obj
                end_init                            154      154        4        C       0
                reset_vec                             0        0        4        0       0
                config                             3FF8     3FF8        6     3FF8       0
dist/LazySwitch_PIC18f24J10/production\PIC_LazySwitch.production.obj
                intcodelo                            18       18      13C        C       0
                intcode                               8        8       10        4       0
                smallconst                          400      400       A8      200       0
                text53                             106C     106C       40      254       0
                text52                              D64      D64       A0      254       0
                text51                              E04      E04       96      254       0
                text50                              B34      B34       C6      254       0
                text49                              942      942      102      254       0
                text48                             12A2     12A2       26      254       0
                text47                              4A8      4A8      1F8      254       0
                text46                             146E     146E        A      254       0
                text45                             143A     143A       12      254       0
                text44                             127C     127C       26      254       0
                text43                             1428     1428       12      254       0
                text42                             144C     144C        E      254       0
                intcode_body                        7F2      7F2      150      254       0
                text40                             1478     1478        8      254       0
                text39                             1416     1416       12      254       0
                text38                             1252     1252       2A      254       0
                text37                             1324     1324       1A      254       0
                text36                             1196     1196       36      254       0
                text34                             10E8     10E8       3C      254       0
                text33                             115E     115E       38      254       0
                text32                             1492     1492        2      A46       0
                text31                             13FE     13FE       18      254       0
                text30                             1464     1464        A      254       0
                text29                             1490     1490        2      A46       0
                text28                             148E     148E        2      A46       0
                text27                             148C     148C        2      A46       0
                text26                             1484     1484        4      254       0
                text25                              FC2      FC2       56      254       0
                text24                             1308     1308       1C      254       0
                text23                             13E6     13E6       18      254       0
                text22                             1124     1124       3A      254       0
                text21                             13CE     13CE       18      254       0
                text20                             10AC     10AC       3C      254       0
                text19                             13B6     13B6       18      254       0
                text18                             1226     1226       2C      254       0
                text17                             139E     139E       18      254       0
                text16                             12C8     12C8       22      254       0
                text15                             1386     1386       18      254       0
                text14                             136E     136E       18      254       0
                text13                             12EA     12EA       1E      254       0
                text12                             145A     145A        A      254       0
                text11                             11CC     11CC       2E      254       0
                text10                             11FA     11FA       2C      254       0
                text9                               F02      F02       64      254       0
                text8                              1018     1018       54      254       0
                text7                              1356     1356       18      254       0
                text6                              133E     133E       18      254       0
                text5                               E9A      E9A       68      254       0
                text4                              1480     1480        4      254       0
                text3                               BFA      BFA       BC      254       0
                text2                               6A0      6A0      152      254       0
                text1                               CB6      CB6       AE      254       0
                text0                               A44      A44       F0      254       0
                cstackCOMRAM                          1        1       47        1       1
                cstackBANK0                          80       80       16       80       1
                bssBANK2                            200      200       F0      200       1
                bssBANK1                            100      100       F0      100       1
                dataBANK0                            9B       9B        3       80       1
                bssBANK0                             96       96        5       80       1
                bssCOMRAM                            48       48        F        1       1
                cinit                               F66      F66       5C      254       0
                idataBANK0                         1488     1488        3      254       0

TOTAL           Name                               Link     Load   Length     Space
        CLASS   STACK          

        CLASS   CODE           
                end_init                            154      154        4         0
                intcodelo                            18       18      13C         0
                intcode                               8        8       10         0
                reset_vec                             0        0        4         0
                text53                             106C     106C       40         0
                text52                              D64      D64       A0         0
                text51                              E04      E04       96         0
                text50                              B34      B34       C6         0
                text49                              942      942      102         0
                text48                             12A2     12A2       26         0
                text47                              4A8      4A8      1F8         0
                text46                             146E     146E        A         0
                text45                             143A     143A       12         0
                text44                             127C     127C       26         0
                text43                             1428     1428       12         0
                text42                             144C     144C        E         0
                intcode_body                        7F2      7F2      150         0
                text40                             1478     1478        8         0
                text39                             1416     1416       12         0
                text38                             1252     1252       2A         0
                text37                             1324     1324       1A         0
                text36                             1196     1196       36         0
                text34                             10E8     10E8       3C         0
                text33                             115E     115E       38         0
                text32                             1492     1492        2         0
                text31                             13FE     13FE       18         0
                text30                             1464     1464        A         0
                text29                             1490     1490        2         0
                text28                             148E     148E        2         0
                text27                             148C     148C        2         0
                text26                             1484     1484        4         0
                text25                              FC2      FC2       56         0
                text24                             1308     1308       1C         0
                text23                             13E6     13E6       18         0
                text22                             1124     1124       3A         0
                text21                             13CE     13CE       18         0
                text20                             10AC     10AC       3C         0
                text19                             13B6     13B6       18         0
                text18                             1226     1226       2C         0
                text17                             139E     139E       18         0
                text16                             12C8     12C8       22         0
                text15                             1386     1386       18         0
                text14                             136E     136E       18         0
                text13                             12EA     12EA       1E         0
                text12                             145A     145A        A         0
                text11                             11CC     11CC       2E         0
                text10                             11FA     11FA       2C         0
                text9                               F02      F02       64         0
                text8                              1018     1018       54         0
                text7                              1356     1356       18         0
                text6                              133E     133E       18         0
                text5                               E9A      E9A       68         0
                text4                              1480     1480        4         0
                text3                               BFA      BFA       BC         0
                text2                               6A0      6A0      152         0
                text1                               CB6      CB6       AE         0
                text0                               A44      A44       F0         0
                cinit                               F66      F66       5C         0
                idataBANK0                         1488     1488        3         0

        CLASS   CONST          

        CLASS   SMALLCONST     
                smallconst                          400      400       A8         0

        CLASS   MEDIUMCONST    

        CLASS   COMRAM         
                cstackCOMRAM                          1        1       47         1
                bssCOMRAM                            48       48        F         1

        CLASS   ABS1           

        CLASS   BIGRAM         

        CLASS   RAM            

        CLASS   BANK0          
                cstackBANK0                          80       80       16         1
                dataBANK0                            9B       9B        3         1
                bssBANK0                             96       96        5         1

        CLASS   BANK1          
                bssBANK1                            100      100       F0         1

        CLASS   BANK2          
                bssBANK2                            200      200       F0         1

        CLASS   BANK3          

        CLASS   SFR            

        CLASS   FARRAM         

        CLASS   CONFIG         
                config                             3FF8     3FF8        6         0

        CLASS   IDLOC          



SEGMENTS        Name                           Load    Length   Top    Selector   Space  Class

                reset_vec                      000000  000004  000004         0       0  CODE    
                cstackCOMRAM                   000001  000056  000057         1       1  COMRAM  
                intcode                        000008  000010  000018         4       0  CODE    
                intcodelo                      000018  000140  000158         C       0  CODE    
                cstackBANK0                    000080  00001E  00009E        80       1  BANK0   
                bssBANK1                       000100  0000F0  0001F0       100       1  BANK1   
                bssBANK2                       000200  0000F0  0002F0       200       1  BANK2   
                smallconst                     000400  0000A8  0004A8       200       0  SMALLCON
                text47                         0004A8  000FE3  00148B       254       0  CODE    
                text27                         00148C  000008  001494       A46       0  CODE    
                config                         003FF8  000006  003FFE      3FF8       0  CONFIG  


UNUSED ADDRESS RANGES

        Name                Unused          Largest block    Delta
        BANK0            0009E-000FF              62
        BANK1            001F0-001FF              10
        BANK2            002F0-002FF              10
        BANK3            00300-003FF             100
        BIGRAM           00057-0007F              29
                         0009E-000FF              62
                         001F0-001FF              10
                         002F0-003FF             110
        CODE             00004-00007               4
                         00158-003FF             2A8
                         0148B-0148B               1
                         01494-03FF7            2B64
        COMRAM           00057-0007F              29
        CONST            00004-00007               4
                         00158-003FF             2A8
                         0148B-0148B               1
                         01494-03FF7            2B64
        MEDIUMCONST      0148B-0148B               1
                         01494-03FF7            2B64
        RAM              0009E-000FF              62
                         001F0-001FF              10
                         002F0-003FF              10
        SFR              00F80-00FFF              80
        SMALLCONST       0148B-0148B               1
                         01494-03FF7             100
        STACK            002F0-003FF             110

                                  Symbol Table

?___ftmul                         cstackCOMRAM  00022
?___ftpack                        cstackCOMRAM  00017
?___fttol                         cstackBANK0   00080
?___lwtoft                        cstackCOMRAM  0001F
BUT_IR_PinChangeInt@state         cstackBANK0   00080
BUT_ReadButton@value              cstackBANK0   00080
IR_ReadReceiver@value             cstackCOMRAM  00001
MSC_BlinkLED@blink                cstackBANK0   0008D
MSC_BlinkLED@i                    cstackBANK0   00091
MSC_BufferCopyInt@count           cstackCOMRAM  00021
MSC_BufferCopyInt@from            cstackCOMRAM  0001D
MSC_BufferCopyInt@i               cstackCOMRAM  00027
MSC_BufferCopyInt@shift           cstackCOMRAM  00023
MSC_BufferCopyInt@to              cstackCOMRAM  0001F
MSC_BufferCopyIntConst@count      cstackBANK0   0008A
MSC_BufferCopyIntConst@from       cstackBANK0   00086
MSC_BufferCopyIntConst@i          cstackBANK0   0008E
MSC_BufferCopyIntConst@shift      cstackBANK0   0008C
MSC_BufferCopyIntConst@to         cstackBANK0   00088
MSC_CleanBufferInt@count          cstackBANK0   00082
MSC_CleanBufferInt@data           cstackBANK0   00080
MSC_CleanBufferInt@i              cstackBANK0   00084
MSC_DelayMS@US                    cstackBANK0   00084
MSC_DelayMS@i                     cstackBANK0   00089
MSC_DelayNOP@NOPs                 cstackBANK0   00080
MSC_DelayNOP@i                    cstackBANK0   00082
MTR_IN1@state                     cstackBANK0   00080
MTR_IN2@state                     cstackBANK0   00080
RF_CheckCode@High                 cstackCOMRAM  00034
RF_CheckCode@Low                  cstackCOMRAM  00031
RF_CheckCode@i                    cstackCOMRAM  00037
RF_DataInt@state                  cstackBANK0   00080
RF_Receiver@state                 cstackBANK0   00080
RF_SetBandwidth@band              cstackBANK0   00080
RF_SetSquelch@state               cstackBANK0   00080
TMR_LoadDefaultCode@High          cstackBANK0   00093
TMR_LoadDefaultCode@Low           cstackBANK0   00090
TMR_ResetTimer0@TimerOn           cstackBANK0   00081
TMR_ResetTimer2@TimerOn           cstackCOMRAM  00002
TMR_Timer0@state                  cstackBANK0   00080
TMR_Timer0Int@state               cstackBANK0   00080
TMR_Timer2@state                  cstackBANK0   00080
TMR_Timer2Int@state               cstackBANK0   00080
TMR_Timer2Start@time              cstackCOMRAM  00003
_ADCON1bits                       (abs)         00FC1
_BUT_IR_PinChangeInt              text31        013FE
_BUT_ReadButton                   text33        0115E
_ButtonChange                     bssCOMRAM     00052
_ButtonValue_prev                 dataBANK0     0009B
_Button_Data                      bssBANK0      00096
_CONF1_ChanE_Sync_Timing          smallconst    0040A
_DC_Motor                         bssBANK0      00097
_INTCON2bits                      (abs)         00FF1
_INTCON3bits                      (abs)         00FF0
_INTCONbits                       (abs)         00FF2
_IPR1bits                         (abs)         00F9F
_IR_Data                          bssBANK0      00098
_IR_ReadReceiver                  text40        01478
_InitADC                          text32        01492
_InitButton                       text30        01464
_InitFlash                        text29        01490
_InitIR                           text28        0148E
_InitLDO                          text27        0148C
_InitMOTOR                        text26        01484
_InitRF                           text20        010AC
_InitTimer0                       text16        012C8
_InitTimer2                       text13        012EA
_InitTimers                       text12        0145A
_Init_App                         text34        010E8
_Init_System                      text11        011CC
_LATA                             (abs)         00F89
_LATB                             (abs)         00F8A
_LATC                             (abs)         00F8B
_MSC_BlinkLED                     text8         01018
_MSC_BufferCopyInt                text52        00D64
_MSC_BufferCopyIntConst           text3         00BFA
_MSC_CleanBufferInt               text25        00FC2
_MSC_DelayMS                      text9         00F02
_MSC_DelayNOP                     text10        011FA
_MTR_IN1                          text7         01356
_MTR_IN2                          text6         0133E
_MTR_Rotate                       text5         00E9A
_PCB_Version                      smallconst    00401
_PIE1bits                         (abs)         00F9D
_PIR1bits                         (abs)         00F9E
_PORTB                            (abs)         00F81
_PR2                              (abs)         00FCB
_RCONbits                         (abs)         00FD0
_RFStarted                        bssCOMRAM     00053
_RF_CheckCode                     text47        004A8
_RF_CodeSize                      bssCOMRAM     00054
_RF_Data                          bssBANK0      00099
_RF_DataInt                       text24        01308
_RF_DataPlace                     bssCOMRAM     00055
_RF_DataTiming                    bssBANK1      00100
_RF_Receiver                      text23        013E6
_RF_ResetRFData                   text46        0146E
_RF_Saved                         dataBANK0     0009C
_RF_SavedTiming                   bssBANK2      00200
_RF_SetBandwidth                  text22        01124
_RF_SetSquelch                    text21        013CE
_RF_SyncHigh                      bssCOMRAM     00048
_RF_SyncLow                       bssCOMRAM     0004A
_SYS_ConfigureOscillator          text4         01480
_System_State                     dataBANK0     0009D
_System_State_Change              bssBANK0      0009A
_T0CONbits                        (abs)         00FD5
_T2CONbits                        (abs)         00FCA
_TMR0H                            (abs)         00FD7
_TMR0L                            (abs)         00FD6
_TMR2                             (abs)         00FCC
_TMR_LoadDefaultCode              text1         00CB6
_TMR_ResetTimer0                  text18        01226
_TMR_ResetTimer2                  text38        01252
_TMR_Timer0                       text19        013B6
_TMR_Timer0Int                    text17        0139E
_TMR_Timer0Start                  text43        01428
_TMR_Timer0Status                 text42        0144C
_TMR_Timer2                       text15        01386
_TMR_Timer2Int                    text14        0136E
_TMR_Timer2Start                  text37        01324
_TRISAbits                        (abs)         00F92
_TRISBbits                        (abs)         00F93
_TRISCbits                        (abs)         00F94
_Timer2Post                       bssCOMRAM     0004C
_Timer2PostCount                  bssCOMRAM     0004E
_Timer2Use                        bssCOMRAM     00056
__CFG_CCP2MX$DEFAULT              (abs)         00000
__CFG_CP0$ON                      (abs)         00000
__CFG_FCMEN$OFF                   (abs)         00000
__CFG_FOSC$HSPLL                  (abs)         00000
__CFG_FOSC2$ON                    (abs)         00000
__CFG_IESO$OFF                    (abs)         00000
__CFG_STVREN$ON                   (abs)         00000
__CFG_WDTEN$OFF                   (abs)         00000
__CFG_WDTPS$32768                 (abs)         00000
__CFG_XINST$OFF                   (abs)         00000
__HRAM                            (abs)         00000
__Habs1                           abs1          00000
__Hbank0                          bank0         00000
__Hbank1                          bank1         00000
__Hbank2                          bank2         00000
__Hbank3                          bank3         00000
__Hbigbss                         bigbss        00000
__Hbigdata                        bigdata       00000
__Hbigram                         bigram        00000
__Hbss                            bss           00000
__HbssBANK0                       bssBANK0      00000
__HbssBANK1                       bssBANK1      00000
__HbssBANK2                       bssBANK2      00000
__HbssCOMRAM                      bssCOMRAM     00000
__Hcinit                          cinit         00000
__Hclrtext                        clrtext       00000
__Hcomram                         comram        00000
__Hconfig                         config        03FFE
__Hconst                          const         00000
__HcstackBANK0                    cstackBANK0   00000
__HcstackCOMRAM                   cstackCOMRAM  00000
__Hdata                           data          00000
__HdataBANK0                      dataBANK0     00000
__Hend_init                       end_init      00158
__Hfarbss                         farbss        00000
__Hfardata                        fardata       00000
__Hibigdata                       ibigdata      00000
__Hidata                          idata         00000
__HidataBANK0                     idataBANK0    00000
__Hidloc                          idloc         00000
__Hifardata                       ifardata      00000
__Hinit                           init          00154
__Hintcode                        intcode       00018
__Hintcode_body                   intcode_body  00000
__Hintcodelo                      intcodelo     00154
__Hintentry                       intentry      00000
__Hintret                         intret        00000
__Hintsave_regs                   intsave_regs  00000
__Hirdata                         irdata        00000
__Hjflash_buffer                  jflash_buffer 03800
__Hmediumconst                    mediumconst   00000
__HnvFARRAM                       nvFARRAM      00000
__Hnvbit                          nvbit         00000
__Hnvrram                         nvrram        00000
__Hparam                          rparam        00000
__Hpowerup                        powerup       00154
__Hram                            ram           00000
__Hramtop                         ramtop        00400
__Hrbit                           rbit          00000
__Hrbss                           rbss          00000
__Hrdata                          rdata         00000
__Hreset_vec                      reset_vec     00004
__Hrparam                         rparam        00000
__Hsfr                            sfr           00000
__Hsmallconst                     smallconst    004A8
__Hspace_0                        (abs)         03FFE
__Hspace_1                        (abs)         002F0
__Hspace_2                        (abs)         00000
__Hstack                          stack         00000
__Hstruct                         struct        00000
__Htemp                           temp          00000
__Htext                           text          00000
__Htext0                          text0         00000
__Htext1                          text1         00000
__Htext10                         text10        00000
__Htext11                         text11        00000
__Htext12                         text12        00000
__Htext13                         text13        00000
__Htext14                         text14        00000
__Htext15                         text15        00000
__Htext16                         text16        00000
__Htext17                         text17        00000
__Htext18                         text18        00000
__Htext19                         text19        00000
__Htext2                          text2         00000
__Htext20                         text20        00000
__Htext21                         text21        00000
__Htext22                         text22        00000
__Htext23                         text23        00000
__Htext24                         text24        00000
__Htext25                         text25        00000
__Htext26                         text26        00000
__Htext27                         text27        00000
__Htext28                         text28        00000
__Htext29                         text29        00000
__Htext3                          text3         00000
__Htext30                         text30        00000
__Htext31                         text31        00000
__Htext32                         text32        00000
__Htext33                         text33        00000
__Htext34                         text34        00000
__Htext36                         text36        00000
__Htext37                         text37        00000
__Htext38                         text38        00000
__Htext39                         text39        00000
__Htext4                          text4         00000
__Htext40                         text40        00000
__Htext42                         text42        00000
__Htext43                         text43        00000
__Htext44                         text44        00000
__Htext45                         text45        00000
__Htext46                         text46        00000
__Htext47                         text47        00000
__Htext48                         text48        00000
__Htext49                         text49        00000
__Htext5                          text5         00000
__Htext50                         text50        00000
__Htext51                         text51        00000
__Htext52                         text52        00000
__Htext53                         text53        00000
__Htext6                          text6         00000
__Htext7                          text7         00000
__Htext8                          text8         00000
__Htext9                          text9         00000
__LRAM                            (abs)         00001
__Labs1                           abs1          00000
__Lbank0                          bank0         00000
__Lbank1                          bank1         00000
__Lbank2                          bank2         00000
__Lbank3                          bank3         00000
__Lbigbss                         bigbss        00000
__Lbigdata                        bigdata       00000
__Lbigram                         bigram        00000
__Lbss                            bss           00000
__LbssBANK0                       bssBANK0      00000
__LbssBANK1                       bssBANK1      00000
__LbssBANK2                       bssBANK2      00000
__LbssCOMRAM                      bssCOMRAM     00000
__Lcinit                          cinit         00000
__Lclrtext                        clrtext       00000
__Lcomram                         comram        00000
__Lconfig                         config        03FF8
__Lconst                          const         00000
__LcstackBANK0                    cstackBANK0   00000
__LcstackCOMRAM                   cstackCOMRAM  00000
__Ldata                           data          00000
__LdataBANK0                      dataBANK0     00000
__Lend_init                       end_init      00154
__Lfarbss                         farbss        00000
__Lfardata                        fardata       00000
__Libigdata                       ibigdata      00000
__Lidata                          idata         00000
__LidataBANK0                     idataBANK0    00000
__Lidloc                          idloc         00000
__Lifardata                       ifardata      00000
__Linit                           init          00154
__Lintcode                        intcode       00008
__Lintcode_body                   intcode_body  00000
__Lintcodelo                      intcodelo     00018
__Lintentry                       intentry      00000
__Lintret                         intret        00000
__Lintsave_regs                   intsave_regs  00000
__Lirdata                         irdata        00000
__Ljflash_buffer                  jflash_buffer 03800
__Lmediumconst                    mediumconst   00000
__LnvFARRAM                       nvFARRAM      00000
__Lnvbit                          nvbit         00000
__Lnvrram                         nvrram        00000
__Lparam                          rparam        00000
__Lpowerup                        powerup       00154
__Lram                            ram           00000
__Lramtop                         ramtop        00400
__Lrbit                           rbit          00000
__Lrbss                           rbss          00000
__Lrdata                          rdata         00000
__Lreset_vec                      reset_vec     00000
__Lrparam                         rparam        00000
__Lsfr                            sfr           00000
__Lsmallconst                     smallconst    00400
__Lspace_0                        (abs)         00000
__Lspace_1                        (abs)         00000
__Lspace_2                        (abs)         00000
__Lstack                          stack         00000
__Lstruct                         struct        00000
__Ltemp                           temp          00000
__Ltext                           text          00000
__Ltext0                          text0         00000
__Ltext1                          text1         00000
__Ltext10                         text10        00000
__Ltext11                         text11        00000
__Ltext12                         text12        00000
__Ltext13                         text13        00000
__Ltext14                         text14        00000
__Ltext15                         text15        00000
__Ltext16                         text16        00000
__Ltext17                         text17        00000
__Ltext18                         text18        00000
__Ltext19                         text19        00000
__Ltext2                          text2         00000
__Ltext20                         text20        00000
__Ltext21                         text21        00000
__Ltext22                         text22        00000
__Ltext23                         text23        00000
__Ltext24                         text24        00000
__Ltext25                         text25        00000
__Ltext26                         text26        00000
__Ltext27                         text27        00000
__Ltext28                         text28        00000
__Ltext29                         text29        00000
__Ltext3                          text3         00000
__Ltext30                         text30        00000
__Ltext31                         text31        00000
__Ltext32                         text32        00000
__Ltext33                         text33        00000
__Ltext34                         text34        00000
__Ltext36                         text36        00000
__Ltext37                         text37        00000
__Ltext38                         text38        00000
__Ltext39                         text39        00000
__Ltext4                          text4         00000
__Ltext40                         text40        00000
__Ltext42                         text42        00000
__Ltext43                         text43        00000
__Ltext44                         text44        00000
__Ltext45                         text45        00000
__Ltext46                         text46        00000
__Ltext47                         text47        00000
__Ltext48                         text48        00000
__Ltext49                         text49        00000
__Ltext5                          text5         00000
__Ltext50                         text50        00000
__Ltext51                         text51        00000
__Ltext52                         text52        00000
__Ltext53                         text53        00000
__Ltext6                          text6         00000
__Ltext7                          text7         00000
__Ltext8                          text8         00000
__Ltext9                          text9         00000
__S0                              (abs)         03FFE
__S1                              (abs)         002F0
__S2                              (abs)         00000
___extmem_base                    (abs)         20000
___ftge                           text51        00E04
___ftge@ff1                       cstackCOMRAM  00022
___ftge@ff2                       cstackCOMRAM  00025
___ftmul                          text49        00942
___ftmul@cntr                     cstackCOMRAM  0002F
___ftmul@exp                      cstackCOMRAM  0002B
___ftmul@f1                       cstackCOMRAM  00022
___ftmul@f2                       cstackCOMRAM  00025
___ftmul@f3_as_product            cstackCOMRAM  0002C
___ftmul@sign                     cstackCOMRAM  00030
___ftpack                         text50        00B34
___ftpack@arg                     cstackCOMRAM  00017
___ftpack@exp                     cstackCOMRAM  0001A
___ftpack@sign                    cstackCOMRAM  0001B
___fttol                          text2         006A0
___fttol@exp1                     cstackBANK0   0008E
___fttol@f1                       cstackBANK0   00080
___fttol@lval                     cstackBANK0   0008A
___fttol@sign1                    cstackBANK0   00089
___inthi_sp                       stack         00000
___intlo_sp                       stack         00000
___lwtoft                         text48        012A2
___lwtoft@c                       cstackCOMRAM  0001F
___param_bank                     (abs)         00010
___rparam_used                    (abs)         00001
___sp                             stack         00000
__accesstop                       (abs)         00080
__activetblptr                    (abs)         00001
__end_of_BUT_IR_PinChangeInt      text31        01416
__end_of_BUT_ReadButton           text33        01196
__end_of_CONF1_ChanE_Sync_Timing  smallconst    0046E
__end_of_IR_ReadReceiver          text40        01480
__end_of_InitADC                  text32        01494
__end_of_InitButton               text30        0146E
__end_of_InitFlash                text29        01492
__end_of_InitIR                   text28        01490
__end_of_InitLDO                  text27        0148E
__end_of_InitMOTOR                text26        01488
__end_of_InitRF                   text20        010E8
__end_of_InitTimer0               text16        012EA
__end_of_InitTimer2               text13        01308
__end_of_InitTimers               text12        01464
__end_of_Init_App                 text34        01124
__end_of_Init_System              text11        011FA
__end_of_MSC_BlinkLED             text8         0106C
__end_of_MSC_BufferCopyInt        text52        00E04
__end_of_MSC_BufferCopyIntConst   text3         00CB6
__end_of_MSC_CleanBufferInt       text25        01018
__end_of_MSC_DelayMS              text9         00F66
__end_of_MSC_DelayNOP             text10        01226
__end_of_MTR_IN1                  text7         0136E
__end_of_MTR_IN2                  text6         01356
__end_of_MTR_Rotate               text5         00F02
__end_of_PCB_Version              smallconst    0040A
__end_of_RF_CheckCode             text47        006A0
__end_of_RF_DataInt               text24        01324
__end_of_RF_Receiver              text23        013FE
__end_of_RF_ResetRFData           text46        01478
__end_of_RF_SetBandwidth          text22        0115E
__end_of_RF_SetSquelch            text21        013E6
__end_of_SYS_ConfigureOscillator  text4         01484
__end_of_TMR_LoadDefaultCode      text1         00D64
__end_of_TMR_ResetTimer0          text18        01252
__end_of_TMR_ResetTimer2          text38        0127C
__end_of_TMR_Timer0               text19        013CE
__end_of_TMR_Timer0Int            text17        013B6
__end_of_TMR_Timer0Start          text43        0143A
__end_of_TMR_Timer0Status         text42        0145A
__end_of_TMR_Timer2               text15        0139E
__end_of_TMR_Timer2Int            text14        01386
__end_of_TMR_Timer2Start          text37        0133E
__end_of___ftge                   text51        00E9A
__end_of___ftmul                  text49        00A44
__end_of___ftpack                 text50        00BFA
__end_of___fttol                  text2         007F2
__end_of___lwtoft                 text48        012C8
__end_of__initialization          cinit         00FB4
__end_of_high_isr                 intcode_body  00942
__end_of_low_isr                  intcodelo     00154
__end_of_main                     text0         00B34
__end_ofexp@coeff                 smallconst    0048C
__end_ofi1_BUT_ReadButton         text36        011CC
__end_ofi1_TMR_Timer2             text39        01428
__end_ofi2_MSC_CleanBufferInt     text53        010AC
__end_ofi2_TMR_ResetTimer0        text44        012A2
__end_ofi2_TMR_Timer0             text45        0144C
__end_oflog@coeff                 smallconst    004A7
__initialization                  cinit         00F66
__mediumconst                     mediumconst   00000
__pbssBANK0                       bssBANK0      00096
__pbssBANK1                       bssBANK1      00100
__pbssBANK2                       bssBANK2      00200
__pbssCOMRAM                      bssCOMRAM     00048
__pcinit                          cinit         00F66
__pcstackBANK0                    cstackBANK0   00080
__pcstackCOMRAM                   cstackCOMRAM  00001
__pdataBANK0                      dataBANK0     0009B
__pidataBANK0                     idataBANK0    01488
__pintcode                        intcode       00008
__pintcode_body                   intcode_body  007F2
__pintcodelo                      intcodelo     00018
__psmallconst                     smallconst    00400
__ptext0                          text0         00A44
__ptext1                          text1         00CB6
__ptext10                         text10        011FA
__ptext11                         text11        011CC
__ptext12                         text12        0145A
__ptext13                         text13        012EA
__ptext14                         text14        0136E
__ptext15                         text15        01386
__ptext16                         text16        012C8
__ptext17                         text17        0139E
__ptext18                         text18        01226
__ptext19                         text19        013B6
__ptext2                          text2         006A0
__ptext20                         text20        010AC
__ptext21                         text21        013CE
__ptext22                         text22        01124
__ptext23                         text23        013E6
__ptext24                         text24        01308
__ptext25                         text25        00FC2
__ptext26                         text26        01484
__ptext27                         text27        0148C
__ptext28                         text28        0148E
__ptext29                         text29        01490
__ptext3                          text3         00BFA
__ptext30                         text30        01464
__ptext31                         text31        013FE
__ptext32                         text32        01492
__ptext33                         text33        0115E
__ptext34                         text34        010E8
__ptext36                         text36        01196
__ptext37                         text37        01324
__ptext38                         text38        01252
__ptext39                         text39        01416
__ptext4                          text4         01480
__ptext40                         text40        01478
__ptext42                         text42        0144C
__ptext43                         text43        01428
__ptext44                         text44        0127C
__ptext45                         text45        0143A
__ptext46                         text46        0146E
__ptext47                         text47        004A8
__ptext48                         text48        012A2
__ptext49                         text49        00942
__ptext5                          text5         00E9A
__ptext50                         text50        00B34
__ptext51                         text51        00E04
__ptext52                         text52        00D64
__ptext53                         text53        0106C
__ptext6                          text6         0133E
__ptext7                          text7         01356
__ptext8                          text8         01018
__ptext9                          text9         00F02
__ramtop                          ramtop        00400
__size_of_BUT_IR_PinChangeInt     (abs)         00000
__size_of_BUT_ReadButton          (abs)         00000
__size_of_IR_ReadReceiver         (abs)         00000
__size_of_InitADC                 (abs)         00000
__size_of_InitButton              (abs)         00000
__size_of_InitFlash               (abs)         00000
__size_of_InitIR                  (abs)         00000
__size_of_InitLDO                 (abs)         00000
__size_of_InitMOTOR               (abs)         00000
__size_of_InitRF                  (abs)         00000
__size_of_InitTimer0              (abs)         00000
__size_of_InitTimer2              (abs)         00000
__size_of_InitTimers              (abs)         00000
__size_of_Init_App                (abs)         00000
__size_of_Init_System             (abs)         00000
__size_of_MSC_BlinkLED            (abs)         00000
__size_of_MSC_BufferCopyInt       (abs)         00000
__size_of_MSC_BufferCopyIntConst  (abs)         00000
__size_of_MSC_CleanBufferInt      (abs)         00000
__size_of_MSC_DelayMS             (abs)         00000
__size_of_MSC_DelayNOP            (abs)         00000
__size_of_MTR_IN1                 (abs)         00000
__size_of_MTR_IN2                 (abs)         00000
__size_of_MTR_Rotate              (abs)         00000
__size_of_RF_CheckCode            (abs)         00000
__size_of_RF_DataInt              (abs)         00000
__size_of_RF_Receiver             (abs)         00000
__size_of_RF_ResetRFData          (abs)         00000
__size_of_RF_SetBandwidth         (abs)         00000
__size_of_RF_SetSquelch           (abs)         00000
__size_of_SYS_ConfigureOscillator (abs)         00000
__size_of_TMR_LoadDefaultCode     (abs)         00000
__size_of_TMR_ResetTimer0         (abs)         00000
__size_of_TMR_ResetTimer2         (abs)         00000
__size_of_TMR_Timer0              (abs)         00000
__size_of_TMR_Timer0Int           (abs)         00000
__size_of_TMR_Timer0Start         (abs)         00000
__size_of_TMR_Timer0Status        (abs)         00000
__size_of_TMR_Timer2              (abs)         00000
__size_of_TMR_Timer2Int           (abs)         00000
__size_of_TMR_Timer2Start         (abs)         00000
__size_of___ftge                  (abs)         00000
__size_of___ftmul                 (abs)         00000
__size_of___ftpack                (abs)         00000
__size_of___fttol                 (abs)         00000
__size_of___lwtoft                (abs)         00000
__size_of_high_isr                (abs)         00000
__size_of_low_isr                 (abs)         00000
__size_of_main                    (abs)         00000
__size_ofi1_BUT_ReadButton        (abs)         00000
__size_ofi1_TMR_Timer2            (abs)         00000
__size_ofi2_MSC_CleanBufferInt    (abs)         00000
__size_ofi2_TMR_ResetTimer0       (abs)         00000
__size_ofi2_TMR_Timer0            (abs)         00000
__smallconst                      smallconst    00400
_errno                            bssCOMRAM     00050
_high_isr                         intcode       00008
_low_isr                          intcodelo     00018
_main                             text0         00A44
end_of_initialization             cinit         00FB4
high_isr@RFtemp                   cstackCOMRAM  00046
i1BUT_ReadButton@value            cstackCOMRAM  00001
i1TMR_Timer2@state                cstackCOMRAM  00001
i1_BUT_ReadButton                 text36        01196
i1_TMR_Timer2                     text39        01416
i2MSC_CleanBufferInt@count        cstackCOMRAM  00019
i2MSC_CleanBufferInt@data         cstackCOMRAM  00017
i2MSC_CleanBufferInt@i            cstackCOMRAM  0001B
i2TMR_ResetTimer0@TimerOn         cstackCOMRAM  00018
i2TMR_Timer0@state                cstackCOMRAM  00017
i2_MSC_CleanBufferInt             text53        0106C
i2_TMR_ResetTimer0                text44        0127C
i2_TMR_Timer0                     text45        0143A
int_func                          intcode_body  007F2
intlevel0                         text          00000
intlevel1                         text          00000
intlevel2                         text          00000
intlevel3                         text          00000
low_isr@button_state              cstackCOMRAM  00016
stackhi                           (abs)         003FF
stacklo                           (abs)         002F0
start                             init          00154
start_initialization              cinit         00F66


FUNCTION INFORMATION:

 *************** function _main *****************
 Defined at:
		line 65 in file "main.c"
 Parameters:    Size  Location     Type
		None
 Auto vars:     Size  Location     Type
		None
 Return value:  Size  Location     Type
                  2   34[None  ] int 
 Registers used:
		wreg, fsr2l, fsr2h, status,2, status,0, tblptrl, tblptrh, tblptru, cstack
 Tracked objects:
		On entry : 
		On exit  : 
		Unchanged: 
 Data sizes:     COMRAM   BANK0   BANK1   BANK2   BANK3
      Params:         0       0       0       0       0
      Locals:         0       0       0       0       0
      Temps:          0       0       0       0       0
      Totals:         0       0       0       0       0
Total ram usage:        0 bytes
 Hardware stack levels required when called:   13
 This function calls:
		_Init_App
		_Init_System
		_MSC_BlinkLED
		_MSC_DelayMS
		_MTR_Rotate
		_SYS_ConfigureOscillator
		_TMR_LoadDefaultCode
 This function is called by:
		Startup code after reset
 This function uses a non-reentrant model


 *************** function _TMR_LoadDefaultCode *****************
 Defined at:
		line 219 in file "RF.c"
 Parameters:    Size  Location     Type
		None
 Auto vars:     Size  Location     Type
  High            3   19[BANK0 ] int 
  Low             3   16[BANK0 ] int 
 Return value:  Size  Location     Type
		None               void
 Registers used:
		wreg, fsr2l, fsr2h, status,2, status,0, tblptrl, tblptrh, tblptru, cstack
 Tracked objects:
		On entry : 
		On exit  : 
		Unchanged: 
 Data sizes:     COMRAM   BANK0   BANK1   BANK2   BANK3
      Params:         0       0       0       0       0
      Locals:         0       6       0       0       0
      Temps:          0       0       0       0       0
      Totals:         0       6       0       0       0
Total ram usage:        6 bytes
 Hardware stack levels used:    1
 Hardware stack levels required when called:   10
 This function calls:
		_MSC_BufferCopyIntConst
		___fttol
 This function is called by:
		_main
 This function uses a non-reentrant model


 *************** function ___fttol *****************
 Defined at:
		line 44 in file "C:\Program Files (x86)\Microchip\xc8\v1.34\sources\common\fttol.c"
 Parameters:    Size  Location     Type
  f1              3    0[BANK0 ] float 
 Auto vars:     Size  Location     Type
  lval            4   10[BANK0 ] unsigned long 
  exp1            1   14[BANK0 ] unsigned char 
  sign1           1    9[BANK0 ] unsigned char 
 Return value:  Size  Location     Type
                  4    0[BANK0 ] long 
 Registers used:
		wreg, status,2, status,0
 Tracked objects:
		On entry : 
		On exit  : 
		Unchanged: 
 Data sizes:     COMRAM   BANK0   BANK1   BANK2   BANK3
      Params:         0       4       0       0       0
      Locals:         0       6       0       0       0
      Temps:          0       5       0       0       0
      Totals:         0      15       0       0       0
Total ram usage:       15 bytes
 Hardware stack levels used:    1
 Hardware stack levels required when called:    8
 This function calls:
		Nothing
 This function is called by:
		_TMR_LoadDefaultCode
		_RF_CalculateNewCode
		_MSC_Round
		_MSC_DB_Round
		_MSC_LG_Round
		_MSC_Scale
 This function uses a non-reentrant model


 *************** function _MSC_BufferCopyIntConst *****************
 Defined at:
		line 238 in file "MISC.c"
 Parameters:    Size  Location     Type
  from            2    6[BANK0 ] PTR const unsigned int 
		 -> CONF1_ChanE_Sync_Timing(100), 
  to              2    8[BANK0 ] PTR unsigned int 
		 -> RF_SavedTiming(240), 
  count           2   10[BANK0 ] unsigned int 
  shift           2   12[BANK0 ] unsigned int 
 Auto vars:     Size  Location     Type
  i               2   14[BANK0 ] unsigned int 
 Return value:  Size  Location     Type
		None               void
 Registers used:
		wreg, fsr2l, fsr2h, status,2, status,0, tblptrl, tblptrh, tblptru, cstack
 Tracked objects:
		On entry : 
		On exit  : 
		Unchanged: 
 Data sizes:     COMRAM   BANK0   BANK1   BANK2   BANK3
      Params:         0       8       0       0       0
      Locals:         0       2       0       0       0
      Temps:          0       0       0       0       0
      Totals:         0      10       0       0       0
Total ram usage:       10 bytes
 Hardware stack levels used:    1
 Hardware stack levels required when called:    9
 This function calls:
		_MSC_CleanBufferInt
 This function is called by:
		_TMR_LoadDefaultCode
 This function uses a non-reentrant model


 *************** function _SYS_ConfigureOscillator *****************
 Defined at:
		line 54 in file "SYSTEM.c"
 Parameters:    Size  Location     Type
		None
 Auto vars:     Size  Location     Type
		None
 Return value:  Size  Location     Type
		None               void
 Registers used:
		None
 Tracked objects:
		On entry : 
		On exit  : 
		Unchanged: 
 Data sizes:     COMRAM   BANK0   BANK1   BANK2   BANK3
      Params:         0       0       0       0       0
      Locals:         0       0       0       0       0
      Temps:          0       0       0       0       0
      Totals:         0       0       0       0       0
Total ram usage:        0 bytes
 Hardware stack levels used:    1
 Hardware stack levels required when called:    8
 This function calls:
		Nothing
 This function is called by:
		_main
 This function uses a non-reentrant model


 *************** function _MTR_Rotate *****************
 Defined at:
		line 104 in file "MOTOR.c"
 Parameters:    Size  Location     Type
		None
 Auto vars:     Size  Location     Type
		None
 Return value:  Size  Location     Type
		None               void
 Registers used:
		wreg, status,2, status,0, cstack
 Tracked objects:
		On entry : 
		On exit  : 
		Unchanged: 
 Data sizes:     COMRAM   BANK0   BANK1   BANK2   BANK3
      Params:         0       0       0       0       0
      Locals:         0       0       0       0       0
      Temps:          0       0       0       0       0
      Totals:         0       0       0       0       0
Total ram usage:        0 bytes
 Hardware stack levels used:    1
 Hardware stack levels required when called:   10
 This function calls:
		_MSC_DelayMS
		_MTR_IN1
		_MTR_IN2
 This function is called by:
		_main
 This function uses a non-reentrant model


 *************** function _MTR_IN2 *****************
 Defined at:
		line 71 in file "MOTOR.c"
 Parameters:    Size  Location     Type
  state           1    wreg     unsigned char 
 Auto vars:     Size  Location     Type
  state           1    0[BANK0 ] unsigned char 
 Return value:  Size  Location     Type
		None               void
 Registers used:
		wreg, status,2, status,0
 Tracked objects:
		On entry : 
		On exit  : 
		Unchanged: 
 Data sizes:     COMRAM   BANK0   BANK1   BANK2   BANK3
      Params:         0       0       0       0       0
      Locals:         0       1       0       0       0
      Temps:          0       0       0       0       0
      Totals:         0       1       0       0       0
Total ram usage:        1 bytes
 Hardware stack levels used:    1
 Hardware stack levels required when called:    8
 This function calls:
		Nothing
 This function is called by:
		_MTR_Rotate
 This function uses a non-reentrant model


 *************** function _MTR_IN1 *****************
 Defined at:
		line 54 in file "MOTOR.c"
 Parameters:    Size  Location     Type
  state           1    wreg     unsigned char 
 Auto vars:     Size  Location     Type
  state           1    0[BANK0 ] unsigned char 
 Return value:  Size  Location     Type
		None               void
 Registers used:
		wreg, status,2, status,0
 Tracked objects:
		On entry : 
		On exit  : 
		Unchanged: 
 Data sizes:     COMRAM   BANK0   BANK1   BANK2   BANK3
      Params:         0       0       0       0       0
      Locals:         0       1       0       0       0
      Temps:          0       0       0       0       0
      Totals:         0       1       0       0       0
Total ram usage:        1 bytes
 Hardware stack levels used:    1
 Hardware stack levels required when called:    8
 This function calls:
		Nothing
 This function is called by:
		_MTR_Rotate
 This function uses a non-reentrant model


 *************** function _MSC_BlinkLED *****************
 Defined at:
		line 1158 in file "MISC.c"
 Parameters:    Size  Location     Type
  blink           2   13[BANK0 ] unsigned int 
 Auto vars:     Size  Location     Type
  i               2   17[BANK0 ] unsigned int 
 Return value:  Size  Location     Type
		None               void
 Registers used:
		wreg, status,2, status,0, cstack
 Tracked objects:
		On entry : 
		On exit  : 
		Unchanged: 
 Data sizes:     COMRAM   BANK0   BANK1   BANK2   BANK3
      Params:         0       2       0       0       0
      Locals:         0       2       0       0       0
      Temps:          0       2       0       0       0
      Totals:         0       6       0       0       0
Total ram usage:        6 bytes
 Hardware stack levels used:    1
 Hardware stack levels required when called:   10
 This function calls:
		_MSC_DelayMS
 This function is called by:
		_main
 This function uses a non-reentrant model


 *************** function _MSC_DelayMS *****************
 Defined at:
		line 47 in file "MISC.c"
 Parameters:    Size  Location     Type
  US              4    4[BANK0 ] long 
 Auto vars:     Size  Location     Type
  i               4    9[BANK0 ] long 
 Return value:  Size  Location     Type
		None               void
 Registers used:
		wreg, status,2, status,0, cstack
 Tracked objects:
		On entry : 
		On exit  : 
		Unchanged: 
 Data sizes:     COMRAM   BANK0   BANK1   BANK2   BANK3
      Params:         0       4       0       0       0
      Locals:         0       4       0       0       0
      Temps:          0       1       0       0       0
      Totals:         0       9       0       0       0
Total ram usage:        9 bytes
 Hardware stack levels used:    1
 Hardware stack levels required when called:    9
 This function calls:
		_MSC_DelayNOP
 This function is called by:
		_main
		_MTR_Rotate
		_MSC_BlinkLED
 This function uses a non-reentrant model


 *************** function _MSC_DelayNOP *****************
 Defined at:
		line 62 in file "MISC.c"
 Parameters:    Size  Location     Type
  NOPs            2    0[BANK0 ] unsigned int 
 Auto vars:     Size  Location     Type
  i               2    2[BANK0 ] unsigned int 
 Return value:  Size  Location     Type
		None               void
 Registers used:
		wreg, status,2, status,0
 Tracked objects:
		On entry : 
		On exit  : 
		Unchanged: 
 Data sizes:     COMRAM   BANK0   BANK1   BANK2   BANK3
      Params:         0       2       0       0       0
      Locals:         0       2       0       0       0
      Temps:          0       0       0       0       0
      Totals:         0       4       0       0       0
Total ram usage:        4 bytes
 Hardware stack levels used:    1
 Hardware stack levels required when called:    8
 This function calls:
		Nothing
 This function is called by:
		_MSC_DelayMS
 This function uses a non-reentrant model


 *************** function _Init_System *****************
 Defined at:
		line 153 in file "USER.c"
 Parameters:    Size  Location     Type
		None
 Auto vars:     Size  Location     Type
		None
 Return value:  Size  Location     Type
		None               void
 Registers used:
		wreg, fsr2l, fsr2h, status,2, status,0, cstack
 Tracked objects:
		On entry : 
		On exit  : 
		Unchanged: 
 Data sizes:     COMRAM   BANK0   BANK1   BANK2   BANK3
      Params:         0       0       0       0       0
      Locals:         0       0       0       0       0
      Temps:          0       0       0       0       0
      Totals:         0       0       0       0       0
Total ram usage:        0 bytes
 Hardware stack levels used:    1
 Hardware stack levels required when called:   12
 This function calls:
		_BUT_ReadButton
		_InitADC
		_InitButton
		_InitFlash
		_InitIR
		_InitLDO
		_InitMOTOR
		_InitRF
		_InitTimers
 This function is called by:
		_main
 This function uses a non-reentrant model


 *************** function _InitTimers *****************
 Defined at:
		line 211 in file "TIMERS.c"
 Parameters:    Size  Location     Type
		None
 Auto vars:     Size  Location     Type
		None
 Return value:  Size  Location     Type
		None               void
 Registers used:
		wreg, status,2, cstack
 Tracked objects:
		On entry : 
		On exit  : 
		Unchanged: 
 Data sizes:     COMRAM   BANK0   BANK1   BANK2   BANK3
      Params:         0       0       0       0       0
      Locals:         0       0       0       0       0
      Temps:          0       0       0       0       0
      Totals:         0       0       0       0       0
Total ram usage:        0 bytes
 Hardware stack levels used:    1
 Hardware stack levels required when called:   11
 This function calls:
		_InitTimer0
		_InitTimer2
 This function is called by:
		_Init_System
 This function uses a non-reentrant model


 *************** function _InitTimer2 *****************
 Defined at:
		line 239 in file "TIMERS.c"
 Parameters:    Size  Location     Type
		None
 Auto vars:     Size  Location     Type
		None
 Return value:  Size  Location     Type
		None               void
 Registers used:
		wreg, status,2, cstack
 Tracked objects:
		On entry : 
		On exit  : 
		Unchanged: 
 Data sizes:     COMRAM   BANK0   BANK1   BANK2   BANK3
      Params:         0       0       0       0       0
      Locals:         0       0       0       0       0
      Temps:          0       0       0       0       0
      Totals:         0       0       0       0       0
Total ram usage:        0 bytes
 Hardware stack levels used:    1
 Hardware stack levels required when called:    9
 This function calls:
		_TMR_Timer2
		_TMR_Timer2Int
 This function is called by:
		_InitTimers
 This function uses a non-reentrant model


 *************** function _TMR_Timer2Int *****************
 Defined at:
		line 174 in file "TIMERS.c"
 Parameters:    Size  Location     Type
  state           1    wreg     unsigned char 
 Auto vars:     Size  Location     Type
  state           1    0[BANK0 ] unsigned char 
 Return value:  Size  Location     Type
		None               void
 Registers used:
		wreg, status,2
 Tracked objects:
		On entry : 
		On exit  : 
		Unchanged: 
 Data sizes:     COMRAM   BANK0   BANK1   BANK2   BANK3
      Params:         0       0       0       0       0
      Locals:         0       1       0       0       0
      Temps:          0       0       0       0       0
      Totals:         0       1       0       0       0
Total ram usage:        1 bytes
 Hardware stack levels used:    1
 Hardware stack levels required when called:    8
 This function calls:
		Nothing
 This function is called by:
		_InitTimer2
 This function uses a non-reentrant model


 *************** function _TMR_Timer2 *****************
 Defined at:
		line 90 in file "TIMERS.c"
 Parameters:    Size  Location     Type
  state           1    wreg     unsigned char 
 Auto vars:     Size  Location     Type
  state           1    0[BANK0 ] unsigned char 
 Return value:  Size  Location     Type
		None               void
 Registers used:
		wreg, status,2
 Tracked objects:
		On entry : 
		On exit  : 
		Unchanged: 
 Data sizes:     COMRAM   BANK0   BANK1   BANK2   BANK3
      Params:         0       0       0       0       0
      Locals:         0       1       0       0       0
      Temps:          0       0       0       0       0
      Totals:         0       1       0       0       0
Total ram usage:        1 bytes
 Hardware stack levels used:    1
 Hardware stack levels required when called:    8
 This function calls:
		Nothing
 This function is called by:
		_InitTimer2
 This function uses a non-reentrant model


 *************** function _InitTimer0 *****************
 Defined at:
		line 222 in file "TIMERS.c"
 Parameters:    Size  Location     Type
		None
 Auto vars:     Size  Location     Type
		None
 Return value:  Size  Location     Type
		None               void
 Registers used:
		wreg, status,2, cstack
 Tracked objects:
		On entry : 
		On exit  : 
		Unchanged: 
 Data sizes:     COMRAM   BANK0   BANK1   BANK2   BANK3
      Params:         0       0       0       0       0
      Locals:         0       0       0       0       0
      Temps:          0       0       0       0       0
      Totals:         0       0       0       0       0
Total ram usage:        0 bytes
 Hardware stack levels used:    1
 Hardware stack levels required when called:   10
 This function calls:
		_TMR_ResetTimer0
		_TMR_Timer0
		_TMR_Timer0Int
 This function is called by:
		_InitTimers
 This function uses a non-reentrant model


 *************** function _TMR_Timer0Int *****************
 Defined at:
		line 155 in file "TIMERS.c"
 Parameters:    Size  Location     Type
  state           1    wreg     unsigned char 
 Auto vars:     Size  Location     Type
  state           1    0[BANK0 ] unsigned char 
 Return value:  Size  Location     Type
		None               void
 Registers used:
		wreg, status,2
 Tracked objects:
		On entry : 
		On exit  : 
		Unchanged: 
 Data sizes:     COMRAM   BANK0   BANK1   BANK2   BANK3
      Params:         0       0       0       0       0
      Locals:         0       1       0       0       0
      Temps:          0       0       0       0       0
      Totals:         0       1       0       0       0
Total ram usage:        1 bytes
 Hardware stack levels used:    1
 Hardware stack levels required when called:    8
 This function calls:
		Nothing
 This function is called by:
		_InitTimer0
 This function uses a non-reentrant model


 *************** function _TMR_ResetTimer0 *****************
 Defined at:
		line 109 in file "TIMERS.c"
 Parameters:    Size  Location     Type
		None
 Auto vars:     Size  Location     Type
  TimerOn         1    1[BANK0 ] unsigned char 
 Return value:  Size  Location     Type
		None               void
 Registers used:
		wreg, status,2, cstack
 Tracked objects:
		On entry : 
		On exit  : 
		Unchanged: 
 Data sizes:     COMRAM   BANK0   BANK1   BANK2   BANK3
      Params:         0       0       0       0       0
      Locals:         0       1       0       0       0
      Temps:          0       0       0       0       0
      Totals:         0       1       0       0       0
Total ram usage:        1 bytes
 Hardware stack levels used:    1
 Hardware stack levels required when called:    9
 This function calls:
		_TMR_Timer0
 This function is called by:
		_InitTimer0
 This function uses a non-reentrant model


 *************** function _TMR_Timer0 *****************
 Defined at:
		line 71 in file "TIMERS.c"
 Parameters:    Size  Location     Type
  state           1    wreg     unsigned char 
 Auto vars:     Size  Location     Type
  state           1    0[BANK0 ] unsigned char 
 Return value:  Size  Location     Type
		None               void
 Registers used:
		wreg, status,2
 Tracked objects:
		On entry : 
		On exit  : 
		Unchanged: 
 Data sizes:     COMRAM   BANK0   BANK1   BANK2   BANK3
      Params:         0       0       0       0       0
      Locals:         0       1       0       0       0
      Temps:          0       0       0       0       0
      Totals:         0       1       0       0       0
Total ram usage:        1 bytes
 Hardware stack levels used:    1
 Hardware stack levels required when called:    8
 This function calls:
		Nothing
 This function is called by:
		_TMR_ResetTimer0
		_InitTimer0
 This function uses a non-reentrant model


 *************** function _InitRF *****************
 Defined at:
		line 173 in file "RF.c"
 Parameters:    Size  Location     Type
		None
 Auto vars:     Size  Location     Type
		None
 Return value:  Size  Location     Type
		None               void
 Registers used:
		wreg, fsr2l, fsr2h, status,2, status,0, cstack
 Tracked objects:
		On entry : 
		On exit  : 
		Unchanged: 
 Data sizes:     COMRAM   BANK0   BANK1   BANK2   BANK3
      Params:         0       0       0       0       0
      Locals:         0       0       0       0       0
      Temps:          0       0       0       0       0
      Totals:         0       0       0       0       0
Total ram usage:        0 bytes
 Hardware stack levels used:    1
 Hardware stack levels required when called:    9
 This function calls:
		_MSC_CleanBufferInt
		_RF_DataInt
		_RF_Receiver
		_RF_SetBandwidth
		_RF_SetSquelch
 This function is called by:
		_Init_System
 This function uses a non-reentrant model


 *************** function _RF_SetSquelch *****************
 Defined at:
		line 155 in file "RF.c"
 Parameters:    Size  Location     Type
  state           1    wreg     unsigned char 
 Auto vars:     Size  Location     Type
  state           1    0[BANK0 ] unsigned char 
 Return value:  Size  Location     Type
		None               void
 Registers used:
		wreg, status,2, status,0
 Tracked objects:
		On entry : 
		On exit  : 
		Unchanged: 
 Data sizes:     COMRAM   BANK0   BANK1   BANK2   BANK3
      Params:         0       0       0       0       0
      Locals:         0       1       0       0       0
      Temps:          0       0       0       0       0
      Totals:         0       1       0       0       0
Total ram usage:        1 bytes
 Hardware stack levels used:    1
 Hardware stack levels required when called:    8
 This function calls:
		Nothing
 This function is called by:
		_InitRF
 This function uses a non-reentrant model


 *************** function _RF_SetBandwidth *****************
 Defined at:
		line 121 in file "RF.c"
 Parameters:    Size  Location     Type
  band            1    wreg     unsigned char 
 Auto vars:     Size  Location     Type
  band            1    0[BANK0 ] unsigned char 
 Return value:  Size  Location     Type
		None               void
 Registers used:
		wreg, status,2, status,0
 Tracked objects:
		On entry : 
		On exit  : 
		Unchanged: 
 Data sizes:     COMRAM   BANK0   BANK1   BANK2   BANK3
      Params:         0       0       0       0       0
      Locals:         0       1       0       0       0
      Temps:          0       0       0       0       0
      Totals:         0       1       0       0       0
Total ram usage:        1 bytes
 Hardware stack levels used:    1
 Hardware stack levels required when called:    8
 This function calls:
		Nothing
 This function is called by:
		_InitRF
 This function uses a non-reentrant model


 *************** function _RF_Receiver *****************
 Defined at:
		line 102 in file "RF.c"
 Parameters:    Size  Location     Type
  state           1    wreg     unsigned char 
 Auto vars:     Size  Location     Type
  state           1    0[BANK0 ] unsigned char 
 Return value:  Size  Location     Type
		None               void
 Registers used:
		wreg, status,2, status,0
 Tracked objects:
		On entry : 
		On exit  : 
		Unchanged: 
 Data sizes:     COMRAM   BANK0   BANK1   BANK2   BANK3
      Params:         0       0       0       0       0
      Locals:         0       1       0       0       0
      Temps:          0       0       0       0       0
      Totals:         0       1       0       0       0
Total ram usage:        1 bytes
 Hardware stack levels used:    1
 Hardware stack levels required when called:    8
 This function calls:
		Nothing
 This function is called by:
		_InitRF
 This function uses a non-reentrant model


 *************** function _RF_DataInt *****************
 Defined at:
		line 80 in file "RF.c"
 Parameters:    Size  Location     Type
  state           1    wreg     unsigned char 
 Auto vars:     Size  Location     Type
  state           1    0[BANK0 ] unsigned char 
 Return value:  Size  Location     Type
		None               void
 Registers used:
		wreg, status,2
 Tracked objects:
		On entry : 
		On exit  : 
		Unchanged: 
 Data sizes:     COMRAM   BANK0   BANK1   BANK2   BANK3
      Params:         0       0       0       0       0
      Locals:         0       1       0       0       0
      Temps:          0       0       0       0       0
      Totals:         0       1       0       0       0
Total ram usage:        1 bytes
 Hardware stack levels used:    1
 Hardware stack levels required when called:    8
 This function calls:
		Nothing
 This function is called by:
		_InitRF
 This function uses a non-reentrant model


 *************** function _MSC_CleanBufferInt *****************
 Defined at:
		line 166 in file "MISC.c"
 Parameters:    Size  Location     Type
  data            2    0[BANK0 ] PTR unsigned int 
		 -> RF_SavedTiming(240), RF_DataTiming(240), 
  count           2    2[BANK0 ] unsigned int 
 Auto vars:     Size  Location     Type
  i               2    4[BANK0 ] unsigned int 
 Return value:  Size  Location     Type
		None               void
 Registers used:
		wreg, fsr2l, fsr2h, status,2, status,0
 Tracked objects:
		On entry : 
		On exit  : 
		Unchanged: 
 Data sizes:     COMRAM   BANK0   BANK1   BANK2   BANK3
      Params:         0       4       0       0       0
      Locals:         0       2       0       0       0
      Temps:          0       0       0       0       0
      Totals:         0       6       0       0       0
Total ram usage:        6 bytes
 Hardware stack levels used:    1
 Hardware stack levels required when called:    8
 This function calls:
		Nothing
 This function is called by:
		_InitRF
		_MSC_BufferCopyIntConst
 This function uses a non-reentrant model


 *************** function _InitMOTOR *****************
 Defined at:
		line 92 in file "MOTOR.c"
 Parameters:    Size  Location     Type
		None
 Auto vars:     Size  Location     Type
		None
 Return value:  Size  Location     Type
		None               void
 Registers used:
		None
 Tracked objects:
		On entry : 
		On exit  : 
		Unchanged: 
 Data sizes:     COMRAM   BANK0   BANK1   BANK2   BANK3
      Params:         0       0       0       0       0
      Locals:         0       0       0       0       0
      Temps:          0       0       0       0       0
      Totals:         0       0       0       0       0
Total ram usage:        0 bytes
 Hardware stack levels used:    1
 Hardware stack levels required when called:    8
 This function calls:
		Nothing
 This function is called by:
		_Init_System
 This function uses a non-reentrant model


 *************** function _InitLDO *****************
 Defined at:
		line 55 in file "LDO.c"
 Parameters:    Size  Location     Type
		None
 Auto vars:     Size  Location     Type
		None
 Return value:  Size  Location     Type
		None               void
 Registers used:
		None
 Tracked objects:
		On entry : 
		On exit  : 
		Unchanged: 
 Data sizes:     COMRAM   BANK0   BANK1   BANK2   BANK3
      Params:         0       0       0       0       0
      Locals:         0       0       0       0       0
      Temps:          0       0       0       0       0
      Totals:         0       0       0       0       0
Total ram usage:        0 bytes
 Hardware stack levels used:    1
 Hardware stack levels required when called:    8
 This function calls:
		Nothing
 This function is called by:
		_Init_System
 This function uses a non-reentrant model


 *************** function _InitIR *****************
 Defined at:
		line 56 in file "IR.c"
 Parameters:    Size  Location     Type
		None
 Auto vars:     Size  Location     Type
		None
 Return value:  Size  Location     Type
		None               void
 Registers used:
		None
 Tracked objects:
		On entry : 
		On exit  : 
		Unchanged: 
 Data sizes:     COMRAM   BANK0   BANK1   BANK2   BANK3
      Params:         0       0       0       0       0
      Locals:         0       0       0       0       0
      Temps:          0       0       0       0       0
      Totals:         0       0       0       0       0
Total ram usage:        0 bytes
 Hardware stack levels used:    1
 Hardware stack levels required when called:    8
 This function calls:
		Nothing
 This function is called by:
		_Init_System
 This function uses a non-reentrant model


 *************** function _InitFlash *****************
 Defined at:
		line 55 in file "FLASH.c"
 Parameters:    Size  Location     Type
		None
 Auto vars:     Size  Location     Type
		None
 Return value:  Size  Location     Type
		None               void
 Registers used:
		None
 Tracked objects:
		On entry : 
		On exit  : 
		Unchanged: 
 Data sizes:     COMRAM   BANK0   BANK1   BANK2   BANK3
      Params:         0       0       0       0       0
      Locals:         0       0       0       0       0
      Temps:          0       0       0       0       0
      Totals:         0       0       0       0       0
Total ram usage:        0 bytes
 Hardware stack levels used:    1
 Hardware stack levels required when called:    8
 This function calls:
		Nothing
 This function is called by:
		_Init_System
 This function uses a non-reentrant model


 *************** function _InitButton *****************
 Defined at:
		line 77 in file "BUTTON.c"
 Parameters:    Size  Location     Type
		None
 Auto vars:     Size  Location     Type
		None
 Return value:  Size  Location     Type
		None               void
 Registers used:
		wreg, status,2, cstack
 Tracked objects:
		On entry : 
		On exit  : 
		Unchanged: 
 Data sizes:     COMRAM   BANK0   BANK1   BANK2   BANK3
      Params:         0       0       0       0       0
      Locals:         0       0       0       0       0
      Temps:          0       0       0       0       0
      Totals:         0       0       0       0       0
Total ram usage:        0 bytes
 Hardware stack levels used:    1
 Hardware stack levels required when called:    9
 This function calls:
		_BUT_IR_PinChangeInt
 This function is called by:
		_Init_System
 This function uses a non-reentrant model


 *************** function _BUT_IR_PinChangeInt *****************
 Defined at:
		line 54 in file "BUTTON.c"
 Parameters:    Size  Location     Type
  state           1    wreg     unsigned char 
 Auto vars:     Size  Location     Type
  state           1    0[BANK0 ] unsigned char 
 Return value:  Size  Location     Type
		None               void
 Registers used:
		wreg, status,2
 Tracked objects:
		On entry : 
		On exit  : 
		Unchanged: 
 Data sizes:     COMRAM   BANK0   BANK1   BANK2   BANK3
[...]
  TimerOn         1    1[COMRAM] unsigned char 
 Return value:  Size  Location     Type
		None               void
 Registers used:
		wreg, status,2, cstack
 Tracked objects:
		On entry : 
		On exit  : 
		Unchanged: 
 Data sizes:     COMRAM   BANK0   BANK1   BANK2   BANK3
      Params:         0       0       0       0       0
      Locals:         1       0       0       0       0
      Temps:          0       0       0       0       0
      Totals:         1       0       0       0       0
Total ram usage:        1 bytes
 Hardware stack levels used:    1
 Hardware stack levels required when called:    5
 This function calls:
		i1_TMR_Timer2
 This function is called by:
		_TMR_Timer2Start
 This function uses a non-reentrant model


 *************** function i1_TMR_Timer2 *****************
 Defined at:
		line 90 in file "TIMERS.c"
 Parameters:    Size  Location     Type
  state           1    wreg     unsigned char 
 Auto vars:     Size  Location     Type
  state           1    0[COMRAM] unsigned char 
 Return value:  Size  Location     Type
		None               void
 Registers used:
		wreg, status,2
 Tracked objects:
		On entry : 
		On exit  : 
		Unchanged: 
 Data sizes:     COMRAM   BANK0   BANK1   BANK2   BANK3
      Params:         0       0       0       0       0
      Locals:         1       0       0       0       0
      Temps:          0       0       0       0       0
      Totals:         1       0       0       0       0
Total ram usage:        1 bytes
 Hardware stack levels used:    1
 Hardware stack levels required when called:    4
 This function calls:
		Nothing
 This function is called by:
		_low_isr
		_TMR_ResetTimer2
		_TMR_Timer2Start
 This function uses a non-reentrant model


 *************** function _IR_ReadReceiver *****************
 Defined at:
		line 66 in file "IR.c"
 Parameters:    Size  Location     Type
		None
 Auto vars:     Size  Location     Type
  value           1    0[COMRAM] unsigned char 
 Return value:  Size  Location     Type
                  1    wreg      unsigned char 
 Registers used:
		None
 Tracked objects:
		On entry : 
		On exit  : 
		Unchanged: 
 Data sizes:     COMRAM   BANK0   BANK1   BANK2   BANK3
      Params:         0       0       0       0       0
      Locals:         1       0       0       0       0
      Temps:          0       0       0       0       0
      Totals:         1       0       0       0       0
Total ram usage:        1 bytes
 Hardware stack levels used:    1
 Hardware stack levels required when called:    4
 This function calls:
		Nothing
 This function is called by:
		_low_isr
 This function uses a non-reentrant model


 *************** function _high_isr *****************
 Defined at:
		line 47 in file "INTERRUPTS.c"
 Parameters:    Size  Location     Type
		None
 Auto vars:     Size  Location     Type
  RFtemp          2   69[COMRAM] unsigned int 
 Return value:  Size  Location     Type
		None               void
 Registers used:
		wreg, fsr1l, fsr1h, fsr2l, fsr2h, status,2, status,0, prodl, prodh, cstack
 Tracked objects:
		On entry : 
		On exit  : 
		Unchanged: 
 Data sizes:     COMRAM   BANK0   BANK1   BANK2   BANK3
      Params:         0       0       0       0       0
      Locals:         2       0       0       0       0
      Temps:         14       0       0       0       0
      Totals:        16       0       0       0       0
Total ram usage:       16 bytes
 Hardware stack levels used:    1
 Hardware stack levels required when called:    3
 This function calls:
		_RF_CheckCode
		_RF_ResetRFData
		_TMR_Timer0Start
		_TMR_Timer0Status
		i2_TMR_ResetTimer0
		i2_TMR_Timer0
 This function is called by:
		Interrupt level 2
 This function uses a non-reentrant model


 *************** function _TMR_Timer0Status *****************
 Defined at:
		line 56 in file "TIMERS.c"
 Parameters:    Size  Location     Type
		None
 Auto vars:     Size  Location     Type
		None
 Return value:  Size  Location     Type
                  1    wreg      unsigned char 
 Registers used:
		wreg
 Tracked objects:
		On entry : 
		On exit  : 
		Unchanged: 
 Data sizes:     COMRAM   BANK0   BANK1   BANK2   BANK3
      Params:         0       0       0       0       0
      Locals:         0       0       0       0       0
      Temps:          0       0       0       0       0
      Totals:         0       0       0       0       0
Total ram usage:        0 bytes
 Hardware stack levels used:    1
 This function calls:
		Nothing
 This function is called by:
		_high_isr
 This function uses a non-reentrant model


 *************** function _TMR_Timer0Start *****************
 Defined at:
		line 254 in file "TIMERS.c"
 Parameters:    Size  Location     Type
		None
 Auto vars:     Size  Location     Type
		None
 Return value:  Size  Location     Type
		None               void
 Registers used:
		wreg, status,2, cstack
 Tracked objects:
		On entry : 
		On exit  : 
		Unchanged: 
 Data sizes:     COMRAM   BANK0   BANK1   BANK2   BANK3
      Params:         0       0       0       0       0
      Locals:         0       0       0       0       0
      Temps:          0       0       0       0       0
      Totals:         0       0       0       0       0
Total ram usage:        0 bytes
 Hardware stack levels used:    1
 Hardware stack levels required when called:    2
 This function calls:
		i2_TMR_ResetTimer0
		i2_TMR_Timer0
 This function is called by:
		_high_isr
 This function uses a non-reentrant model


 *************** function i2_TMR_ResetTimer0 *****************
 Defined at:
		line 109 in file "TIMERS.c"
 Parameters:    Size  Location     Type
		None
 Auto vars:     Size  Location     Type
  TMR_ResetTim    1   23[COMRAM] unsigned char 
 Return value:  Size  Location     Type
		None               void
 Registers used:
		wreg, status,2, cstack
 Tracked objects:
		On entry : 
		On exit  : 
		Unchanged: 
 Data sizes:     COMRAM   BANK0   BANK1   BANK2   BANK3
      Params:         0       0       0       0       0
      Locals:         1       0       0       0       0
      Temps:          0       0       0       0       0
      Totals:         1       0       0       0       0
Total ram usage:        1 bytes
 Hardware stack levels used:    1
 Hardware stack levels required when called:    1
 This function calls:
		i2_TMR_Timer0
 This function is called by:
		_high_isr
		_TMR_Timer0Start
 This function uses a non-reentrant model


 *************** function i2_TMR_Timer0 *****************
 Defined at:
		line 71 in file "TIMERS.c"
 Parameters:    Size  Location     Type
  state           1    wreg     unsigned char 
 Auto vars:     Size  Location     Type
  state           1   22[COMRAM] unsigned char 
 Return value:  Size  Location     Type
		None               void
 Registers used:
		wreg, status,2
 Tracked objects:
		On entry : 
		On exit  : 
		Unchanged: 
 Data sizes:     COMRAM   BANK0   BANK1   BANK2   BANK3
      Params:         0       0       0       0       0
      Locals:         1       0       0       0       0
      Temps:          0       0       0       0       0
      Totals:         1       0       0       0       0
Total ram usage:        1 bytes
 Hardware stack levels used:    1
 This function calls:
		Nothing
 This function is called by:
		_high_isr
		_TMR_Timer0Start
		i2_TMR_ResetTimer0
 This function uses a non-reentrant model


 *************** function _RF_ResetRFData *****************
 Defined at:
		line 191 in file "RF.c"
 Parameters:    Size  Location     Type
		None
 Auto vars:     Size  Location     Type
		None
 Return value:  Size  Location     Type
		None               void
 Registers used:
		wreg, status,2
 Tracked objects:
		On entry : 
		On exit  : 
		Unchanged: 
 Data sizes:     COMRAM   BANK0   BANK1   BANK2   BANK3
      Params:         0       0       0       0       0
      Locals:         0       0       0       0       0
      Temps:          0       0       0       0       0
      Totals:         0       0       0       0       0
Total ram usage:        0 bytes
 Hardware stack levels used:    1
 This function calls:
		Nothing
 This function is called by:
		_high_isr
 This function uses a non-reentrant model


 *************** function _RF_CheckCode *****************
 Defined at:
		line 240 in file "RF.c"
 Parameters:    Size  Location     Type
		None
 Auto vars:     Size  Location     Type
  High            3   51[COMRAM] unsigned char 
  Low             3   48[COMRAM] unsigned char 
  i               1   54[COMRAM] unsigned char 
 Return value:  Size  Location     Type
                  1    wreg      unsigned char 
 Registers used:
		wreg, fsr1l, fsr1h, fsr2l, fsr2h, status,2, status,0, prodl, prodh, cstack
 Tracked objects:
		On entry : 
		On exit  : 
		Unchanged: 
 Data sizes:     COMRAM   BANK0   BANK1   BANK2   BANK3
      Params:         0       0       0       0       0
      Locals:         7       0       0       0       0
      Temps:          0       0       0       0       0
      Totals:         7       0       0       0       0
Total ram usage:        7 bytes
 Hardware stack levels used:    1
 Hardware stack levels required when called:    2
 This function calls:
		_MSC_BufferCopyInt
		___ftge
		___ftmul
		___lwtoft
 This function is called by:
		_high_isr
 This function uses a non-reentrant model


 *************** function ___lwtoft *****************
 Defined at:
		line 28 in file "C:\Program Files (x86)\Microchip\xc8\v1.34\sources\common\lwtoft.c"
 Parameters:    Size  Location     Type
  c               2   30[COMRAM] unsigned int 
 Auto vars:     Size  Location     Type
		None
 Return value:  Size  Location     Type
                  3   30[COMRAM] float 
 Registers used:
		wreg, status,2, status,0, cstack
 Tracked objects:
		On entry : 
		On exit  : 
		Unchanged: 
 Data sizes:     COMRAM   BANK0   BANK1   BANK2   BANK3
      Params:         3       0       0       0       0
      Locals:         0       0       0       0       0
      Temps:          0       0       0       0       0
      Totals:         3       0       0       0       0
Total ram usage:        3 bytes
 Hardware stack levels used:    1
 Hardware stack levels required when called:    1
 This function calls:
		___ftpack
 This function is called by:
		_RF_CheckCode
		_RF_CalculateNewCode
 This function uses a non-reentrant model


 *************** function ___ftmul *****************
 Defined at:
		line 62 in file "C:\Program Files (x86)\Microchip\xc8\v1.34\sources\common\ftmul.c"
 Parameters:    Size  Location     Type
  f1              3   33[COMRAM] float 
  f2              3   36[COMRAM] float 
 Auto vars:     Size  Location     Type
  f3_as_produc    3   43[COMRAM] unsigned um
  sign            1   47[COMRAM] unsigned char 
  cntr            1   46[COMRAM] unsigned char 
  exp             1   42[COMRAM] unsigned char 
 Return value:  Size  Location     Type
                  3   33[COMRAM] float 
 Registers used:
		wreg, status,2, status,0, cstack
 Tracked objects:
		On entry : 
		On exit  : 
		Unchanged: 
 Data sizes:     COMRAM   BANK0   BANK1   BANK2   BANK3
      Params:         6       0       0       0       0
      Locals:         6       0       0       0       0
      Temps:          3       0       0       0       0
      Totals:        15       0       0       0       0
Total ram usage:       15 bytes
 Hardware stack levels used:    1
 Hardware stack levels required when called:    1
 This function calls:
		___ftpack
 This function is called by:
		_RF_CheckCode
		_RF_CalculateNewCode
		_MSC_Scale
 This function uses a non-reentrant model


 *************** function ___ftpack *****************
 Defined at:
		line 62 in file "C:\Program Files (x86)\Microchip\xc8\v1.34\sources\common\float.c"
 Parameters:    Size  Location     Type
  arg             3   22[COMRAM] unsigned um
  exp             1   25[COMRAM] unsigned char 
  sign            1   26[COMRAM] unsigned char 
 Auto vars:     Size  Location     Type
		None
 Return value:  Size  Location     Type
                  3   22[COMRAM] float 
 Registers used:
		wreg, status,2, status,0
 Tracked objects:
		On entry : 
		On exit  : 
		Unchanged: 
 Data sizes:     COMRAM   BANK0   BANK1   BANK2   BANK3
      Params:         5       0       0       0       0
      Locals:         0       0       0       0       0
      Temps:          3       0       0       0       0
      Totals:         8       0       0       0       0
Total ram usage:        8 bytes
 Hardware stack levels used:    1
 This function calls:
		Nothing
 This function is called by:
		___ftmul
		___lwtoft
 This function uses a non-reentrant model


 *************** function ___ftge *****************
 Defined at:
		line 4 in file "C:\Program Files (x86)\Microchip\xc8\v1.34\sources\common\ftge.c"
 Parameters:    Size  Location     Type
  ff1             3   33[COMRAM] float 
  ff2             3   36[COMRAM] float 
 Auto vars:     Size  Location     Type
		None
 Return value:  Size  Location     Type
		None               void
 Registers used:
		wreg, status,2, status,0
 Tracked objects:
		On entry : 
		On exit  : 
		Unchanged: 
 Data sizes:     COMRAM   BANK0   BANK1   BANK2   BANK3
      Params:         6       0       0       0       0
      Locals:         0       0       0       0       0
      Temps:          3       0       0       0       0
      Totals:         9       0       0       0       0
Total ram usage:        9 bytes
 Hardware stack levels used:    1
 This function calls:
		Nothing
 This function is called by:
		_RF_CheckCode
 This function uses a non-reentrant model


 *************** function _MSC_BufferCopyInt *****************
 Defined at:
		line 215 in file "MISC.c"
 Parameters:    Size  Location     Type
  from            2   28[COMRAM] PTR unsigned int 
		 -> RF_DataTiming(240), 
  to              2   30[COMRAM] PTR unsigned int 
		 -> RF_SavedTiming(240), 
  count           2   32[COMRAM] unsigned int 
  shift           2   34[COMRAM] unsigned int 
 Auto vars:     Size  Location     Type
  i               2   38[COMRAM] unsigned int 
 Return value:  Size  Location     Type
		None               void
 Registers used:
		wreg, fsr1l, fsr1h, fsr2l, fsr2h, status,2, status,0, cstack
 Tracked objects:
		On entry : 
		On exit  : 
		Unchanged: 
 Data sizes:     COMRAM   BANK0   BANK1   BANK2   BANK3
      Params:         8       0       0       0       0
      Locals:         2       0       0       0       0
      Temps:          2       0       0       0       0
      Totals:        12       0       0       0       0
Total ram usage:       12 bytes
 Hardware stack levels used:    1
 Hardware stack levels required when called:    1
 This function calls:
		i2_MSC_CleanBufferInt
 This function is called by:
		_RF_CheckCode
 This function uses a non-reentrant model


 *************** function i2_MSC_CleanBufferInt *****************
 Defined at:
		line 166 in file "MISC.c"
 Parameters:    Size  Location     Type
  data            2   22[COMRAM] PTR unsigned int 
		 -> RF_SavedTiming(240), RF_DataTiming(240), 
  count           2   24[COMRAM] unsigned int 
 Auto vars:     Size  Location     Type
  MSC_CleanBuf    2   26[COMRAM] unsigned int 
 Return value:  Size  Location     Type
		None               void
 Registers used:
		wreg, fsr2l, fsr2h, status,2, status,0
 Tracked objects:
		On entry : 
		On exit  : 
		Unchanged: 
 Data sizes:     COMRAM   BANK0   BANK1   BANK2   BANK3
      Params:         4       0       0       0       0
      Locals:         2       0       0       0       0
      Temps:          0       0       0       0       0
      Totals:         6       0       0       0       0
Total ram usage:        6 bytes
 Hardware stack levels used:    1
 This function calls:
		Nothing
 This function is called by:
		_MSC_BufferCopyInt
 This function uses a non-reentrant model



MODULE INFORMATION

Module		Function		Class		Link	Load	Size
C:\Program Files (x86)\Microchip\xc8\v1.34\sources\common\ftge.c
		___ftge        		CODE           	0E04	0000	151

C:\Program Files (x86)\Microchip\xc8\v1.34\sources\common\ftge.c estimated size: 151

SYSTEM.c
		_SYS_ConfigureO		CODE           	1480	0000	5

SYSTEM.c estimated size: 5

TIMERS.c
		_TMR_Timer0Int 		CODE           	139E	0000	25
		_TMR_Timer2Int 		CODE           	136E	0000	25
		_TMR_Timer0Stat		CODE           	144C	0000	15
		_InitTimer0    		CODE           	12C8	0000	35
		_InitTimer2    		CODE           	12EA	0000	31
		_InitTimers    		CODE           	145A	0000	11
		_TMR_Timer0Star		CODE           	1428	0000	19
		_TMR_Timer2Star		CODE           	1324	0000	27
		_TMR_ResetTimer		CODE           	1226	0000	45
		_TMR_ResetTimer		CODE           	1252	0000	43
		_TMR_Timer0    		CODE           	13B6	0000	25
		_TMR_Timer2    		CODE           	1386	0000	25

TIMERS.c estimated size: 326

BUTTON.c
		_InitButton    		CODE           	1464	0000	11
		_BUT_ReadButton		CODE           	115E	0000	57
		_BUT_IR_PinChan		CODE           	13FE	0000	25

BUTTON.c estimated size: 93

MOTOR.c
		_MTR_IN2       		CODE           	133E	0000	25
		_MTR_IN1       		CODE           	1356	0000	25
		_MTR_Rotate    		CODE           	0E9A	0000	105
		_InitMOTOR     		CODE           	1484	0000	5

MOTOR.c estimated size: 160

C:\Program Files (x86)\Microchip\xc8\v1.34\sources\common\float.c
		___ftpack      		CODE           	0B34	0000	199

C:\Program Files (x86)\Microchip\xc8\v1.34\sources\common\float.c estimated size: 199

RF.c
		_RF_CheckCode  		CODE           	04A8	0000	505
		_RF_SetSquelch 		CODE           	13CE	0000	25
		_RF_ResetRFData		CODE           	146E	0000	11
		_RF_Receiver   		CODE           	13E6	0000	25
		_RF_DataInt    		CODE           	1308	0000	29
		_InitRF        		CODE           	10AC	0000	61
		_RF_SetBandwidt		CODE           	1124	0000	59
		_TMR_LoadDefaul		CODE           	0CB6	0000	175

RF.c estimated size: 890

FLASH.c
		_InitFlash     		CODE           	1490	0000	3

FLASH.c estimated size: 3

C:\Program Files (x86)\Microchip\xc8\v1.34\sources\common\ftmul.c
		___ftmul       		CODE           	0942	0000	259

C:\Program Files (x86)\Microchip\xc8\v1.34\sources\common\ftmul.c estimated size: 259

C:\Program Files (x86)\Microchip\xc8\v1.34\sources\common\lwtoft.c
		___lwtoft      		CODE           	12A2	0000	39

C:\Program Files (x86)\Microchip\xc8\v1.34\sources\common\lwtoft.c estimated size: 39

shared
		i2_MSC_CleanBuf		CODE           	106C	0000	65
		exp@coeff      		SMALLCONST     	0000	0000	0
		_PCB_Version   		SMALLCONST     	0401	0000	10
		__initializatio		CODE           	0F66	0000	79
		i1_TMR_Timer2  		CODE           	1416	0000	19
		i2_TMR_Timer0  		CODE           	143A	0000	19
		i1_BUT_ReadButt		CODE           	1196	0000	55
		_CONF1_ChanE_Sy		SMALLCONST     	040A	0000	101
		i2_TMR_ResetTim		CODE           	127C	0000	39
		log@coeff      		SMALLCONST     	0000	0000	0

shared estimated size: 387

ADC.c
		_InitADC       		CODE           	1492	0000	3

ADC.c estimated size: 3

MISC.c
		_MSC_BufferCopy		CODE           	0BFA	0000	189
		_MSC_DelayMS   		CODE           	0F02	0000	101
		_MSC_BlinkLED  		CODE           	1018	0000	85
		_MSC_DelayNOP  		CODE           	11FA	0000	45
		_MSC_CleanBuffe		CODE           	0FC2	0000	87
		_MSC_BufferCopy		CODE           	0D64	0000	161

MISC.c estimated size: 668

USER.c
		_Init_App      		CODE           	10E8	0000	61
		_Init_System   		CODE           	11CC	0000	47

USER.c estimated size: 108

IR.c
		_InitIR        		CODE           	148E	0000	3
		_IR_ReadReceive		CODE           	1478	0000	9

IR.c estimated size: 12

LDO.c
		_InitLDO       		CODE           	148C	0000	3

LDO.c estimated size: 3

INTERRUPTS.c
		_high_isr      		CODE           	0008	0000	353
		_low_isr       		CODE           	0018	0000	317

INTERRUPTS.c estimated size: 670

C:\Program Files (x86)\Microchip\xc8\v1.34\sources\common\fttol.c
		___fttol       		CODE           	06A0	0000	339

C:\Program Files (x86)\Microchip\xc8\v1.34\sources\common\fttol.c estimated size: 339

main.c
		_main          		CODE           	0A44	0000	241

main.c estimated size: 241

