Microchip MPLAB XC8 Compiler V1.35 ()

Linker command line:

--edf=C:\Program Files (x86)\Microchip\xc8\v1.35\dat\en_msgs.txt -cs \
  -h+dist/LazySwitch_PIC18f24J10/production\PIC_LazySwitch.production.sym \
  --cmf=dist/LazySwitch_PIC18f24J10/production\PIC_LazySwitch.production.cmf \
  -z -Q18F24J10 -oC:\Users\David\AppData\Local\Temp\s6d0.2 \
  -Mdist/LazySwitch_PIC18f24J10/production/PIC_LazySwitch.production.map \
  -E1 -ver=XC8 -ASTACK=01A0h-01ffh -pstack=STACK \
  -p_RF_SavedTiming_const=2500h -p_FlashWaste_const=2600h \
  -p_IR_SavedTiming_const=2400h -ACODE=00h-03FF7h -ACONST=00h-03FF7h \
  -ASMALLCONST=0400h-04FFhx59,03F00h-03FF7h -AMEDIUMCONST=0400h-03FF7h \
  -ACOMRAM=01h-07Fh -AABS1=00h-03FFh -ABIGRAM=01h-03FFh \
  -ARAM=080h-0FFh,0100h-01FFhx3 -ABANK0=080h-0FFh -ABANK1=0100h-01FFh \
  -ABANK2=0200h-02FFh -ABANK3=0300h-03FFh -ASFR=0F80h-0FFFh \
  -preset_vec=00h,intcode=08h,intcodelo=018h,powerup,init,end_init \
  -pramtop=0400h -psmallconst=SMALLCONST -pmediumconst=MEDIUMCONST \
  -pconst=CONST -AFARRAM=00h-00h -ACONFIG=03FF8h-03FFDh -pconfig=CONFIG \
  -pjflash_buffer=03800h \
  -prdata=COMRAM,nvrram=COMRAM,nvbit=COMRAM,rbss=COMRAM,rbit=COMRAM \
  -pfarbss=FARRAM,fardata=FARRAM,nvFARRAM=FARRAM \
  -pintsave_regs=BIGRAM,bigbss=BIGRAM,bigdata=BIGRAM -pbss=RAM \
  -pidata=CODE,irdata=CODE,ibigdata=CODE,ifardata=CODE -pparam0=BANK0 \
  C:\Users\David\AppData\Local\Temp\s6d0.obj \
  dist/LazySwitch_PIC18f24J10/production\PIC_LazySwitch.production.obj 

Object code version is 3.11

Machine type is 18F24J10

Call graph: (short form)




                Name                               Link     Load   Length Selector   Space Scale
C:\Users\David\AppData\Local\Temp\s6d0.obj
                end_init                            28E      28E        4        C       0
                reset_vec                             0        0        4        0       0
                config                             3FF8     3FF8        6     3FF8       0
dist/LazySwitch_PIC18f24J10/production\PIC_LazySwitch.production.obj
                intcodelo                            18       18      276        C       0
                intcode                               8        8        E        4       0
                temp                                 60       60        1        1       1
                mediumconst                        2800     2800       44     1400       0
                text112                            12C4     12C4       3C        C       0
                text111                             EA6      EA6       6C        C       0
                text110                             E30      E30       76        C       0
                text109                             74A      74A       CC        C       0
                text108                            176E     176E       1A        C       0
                text107                            18EA     18EA       16        C       0
                text106                            193C     193C       14        C       0
                text105                            1A30     1A30        E        C       0
                text104                            10E4     10E4       54        C       0
                text103                             A6A      A6A       BC        C       0
                text102                            1A22     1A22        E        C       0
                text101                            2844     2844      4EA     1422       0
                text100                             8DE      8DE       C8        C       0
                text99                              292      292      10C        C       0
                text98                             3C42     3C42      15E     1422       0
                text97                             159A     159A       2A        C       0
                text96                             34AE     34AE      2BC     1422       0
                text95                             18D4     18D4       16        C       0
                text94                             1570     1570       2A        C       0
                text93                             1998     1998       12        C       0
                text92                             1A4A     1A4A        C        C       0
                text91                             1986     1986       12        C       0
                intcode_body                       3966     3966      17E     1422       0
                text89                              B26      B26       AE        C       0
                text88                              664      664       E6        C       0
                text87                             1680     1680       24        C       0
                text86                              39E      39E       F4        C       0
                text85                             165C     165C       24        C       0
                text84                              9A6      9A6       C4        C       0
                text83                             146E     146E       30        C       0
                text82                             1036     1036       5A        C       0
                text81                              FDA      FDA       5C        C       0
                text80                              C7C      C7C       98        C       0
                text79                             1928     1928       14        C       0
                text78                             19DA     19DA       10        C       0
                text77                             1914     1914       14        C       0
                text76                             1A14     1A14        E        C       0
                text75                             120E     120E       3E        C       0
                text74                              BD4      BD4       A8        C       0
                text73                             1A06     1A06        E        C       0
                text72                             3100     3100      3AE     1422       0
                text71                              D14      D14       90        C       0
                text70                             2D2E     2D2E      3D2     1422       0
                text69                             18BE     18BE       16        C       0
                text68                             19CA     19CA       10        C       0
                text67                             1900     1900       14        C       0
                text66                             19BA     19BA       10        C       0
                text65                             1638     1638       24        C       0
                text64                             1974     1974       12        C       0
                text63                             1A3E     1A3E        C        C       0
                text62                             19AA     19AA       10        C       0
                text61                             15EC     15EC       28        C       0
                text60                             1754     1754       1A        C       0
                text59                             13D8     13D8       34        C       0
                text58                             13A4     13A4       34        C       0
                text57                             1962     1962       12        C       0
                text55                             1A72     1A72        4        C       0
                text54                             11CA     11CA       44        C       0
                text53                             3EE4     3EE4      10C     1422       0
                text52                             3AE4     3AE4      15E     1422       0
                text51                             3DA0     3DA0      144     1422       0
                text50                             1546     1546       2A        C       0
                text49                              57C      57C       E8        C       0
                text48                             1288     1288       3C        C       0
                text47                             136E     136E       36        C       0
                text46                             1614     1614       24        C       0
                text45                             18A8     18A8       16        C       0
                text44                             1892     1892       16        C       0
                text43                             15C4     15C4       28        C       0
                text42                             187C     187C       16        C       0
                text41                             1338     1338       36        C       0
                text40                             19F8     19F8        E        C       0
                text39                             1A6E     1A6E        4        C       0
                text38                             1090     1090       54        C       0
                text37                             171E     171E       1C        C       0
                text36                             1788     1788       18        C       0
                text35                             1A56     1A56        8        C       0
                text34                             1A6A     1A6A        4        C       0
                text33                             173A     173A       1A        C       0
                text32                             1866     1866       16        C       0
                text31                             1300     1300       38        C       0
                text30                             1850     1850       16        C       0
                text29                             124C     124C       3C        C       0
                text28                             183A     183A       16        C       0
                text27                             151C     151C       2A        C       0
                text26                             1824     1824       16        C       0
                text25                             16A4     16A4       22        C       0
                text24                             180E     180E       16        C       0
                text23                             14F2     14F2       2A        C       0
                text22                             16E4     16E4       1E        C       0
                text21                             143E     143E       30        C       0
                text20                             17F8     17F8       16        C       0
                text19                             1702     1702       1C        C       0
                text18                             17E2     17E2       16        C       0
                text17                             17CC     17CC       16        C       0
                text16                             16C6     16C6       1E        C       0
                text15                             19EA     19EA        E        C       0
                text14                             140C     140C       32        C       0
                text13                             14C8     14C8       2A        C       0
                text12                              F78      F78       62        C       0
                text11                             1138     1138       4E        C       0
                text10                             17B6     17B6       16        C       0
                text9                              17A0     17A0       16        C       0
                text8                               F12      F12       66        C       0
                text7                              1186     1186       44        C       0
                text6                               492      492       EA        C       0
                text5                              1950     1950       12        C       0
                text4                              1A64     1A64        6        C       0
                text3                              149E     149E       2A        C       0
                text2                              3FF0     3FF0        8     1422       0
                text1                               816      816       C8        C       0
                text0                              376A     376A      1FC     1422       0
                cstackCOMRAM                          1        1       47        1       1
                cstackBANK0                          80       80       39       80       1
                cstackBANK1                         180      180       20      100       1
                bssBANK3                            300      300      100      300       1
                bssBANK2                            200      200      100      200       1
                bssBANK1                            100      100       80      100       1
                dataBANK0                            CA       CA        6       80       1
                bssBANK0                             B9       B9       11       80       1
                dataCOMRAM                           5F       5F        1        1       1
                bssCOMRAM                            48       48       17        1       1
                cinit                               DA4      DA4       8C        C       0
                _RF_SavedTiming_const              2500     2500      100     1280       0
                _IR_SavedTiming_const              2400     2400      100     1200       0
                _FlashWaste_const                  2600     2600      200     1300       0
                idataBANK0                         1A5E     1A5E        6        C       0
                idataCOMRAM                        1A76     1A76        1        C       0

TOTAL           Name                               Link     Load   Length     Space
        CLASS   STACK          

        CLASS   CODE           
                end_init                            28E      28E        4         0
                intcodelo                            18       18      276         0
                intcode                               8        8        E         0
                reset_vec                             0        0        4         0
                text112                            12C4     12C4       3C         0
                text111                             EA6      EA6       6C         0
                text110                             E30      E30       76         0
                text109                             74A      74A       CC         0
                text108                            176E     176E       1A         0
                text107                            18EA     18EA       16         0
                text106                            193C     193C       14         0
                text105                            1A30     1A30        E         0
                text104                            10E4     10E4       54         0
                text103                             A6A      A6A       BC         0
                text102                            1A22     1A22        E         0
                text101                            2844     2844      4EA         0
                text100                             8DE      8DE       C8         0
                text99                              292      292      10C         0
                text98                             3C42     3C42      15E         0
                text97                             159A     159A       2A         0
                text96                             34AE     34AE      2BC         0
                text95                             18D4     18D4       16         0
                text94                             1570     1570       2A         0
                text93                             1998     1998       12         0
                text92                             1A4A     1A4A        C         0
                text91                             1986     1986       12         0
                intcode_body                       3966     3966      17E         0
                text89                              B26      B26       AE         0
                text88                              664      664       E6         0
                text87                             1680     1680       24         0
                text86                              39E      39E       F4         0
                text85                             165C     165C       24         0
                text84                              9A6      9A6       C4         0
                text83                             146E     146E       30         0
                text82                             1036     1036       5A         0
                text81                              FDA      FDA       5C         0
                text80                              C7C      C7C       98         0
                text79                             1928     1928       14         0
                text78                             19DA     19DA       10         0
                text77                             1914     1914       14         0
                text76                             1A14     1A14        E         0
                text75                             120E     120E       3E         0
                text74                              BD4      BD4       A8         0
                text73                             1A06     1A06        E         0
                text72                             3100     3100      3AE         0
                text71                              D14      D14       90         0
                text70                             2D2E     2D2E      3D2         0
                text69                             18BE     18BE       16         0
                text68                             19CA     19CA       10         0
                text67                             1900     1900       14         0
                text66                             19BA     19BA       10         0
                text65                             1638     1638       24         0
                text64                             1974     1974       12         0
                text63                             1A3E     1A3E        C         0
                text62                             19AA     19AA       10         0
                text61                             15EC     15EC       28         0
                text60                             1754     1754       1A         0
                text59                             13D8     13D8       34         0
                text58                             13A4     13A4       34         0
                text57                             1962     1962       12         0
                text55                             1A72     1A72        4         0
                text54                             11CA     11CA       44         0
                text53                             3EE4     3EE4      10C         0
                text52                             3AE4     3AE4      15E         0
                text51                             3DA0     3DA0      144         0
                text50                             1546     1546       2A         0
                text49                              57C      57C       E8         0
                text48                             1288     1288       3C         0
                text47                             136E     136E       36         0
                text46                             1614     1614       24         0
                text45                             18A8     18A8       16         0
                text44                             1892     1892       16         0
                text43                             15C4     15C4       28         0
                text42                             187C     187C       16         0
                text41                             1338     1338       36         0
                text40                             19F8     19F8        E         0
                text39                             1A6E     1A6E        4         0
                text38                             1090     1090       54         0
                text37                             171E     171E       1C         0
                text36                             1788     1788       18         0
                text35                             1A56     1A56        8         0
                text34                             1A6A     1A6A        4         0
                text33                             173A     173A       1A         0
                text32                             1866     1866       16         0
                text31                             1300     1300       38         0
                text30                             1850     1850       16         0
                text29                             124C     124C       3C         0
                text28                             183A     183A       16         0
                text27                             151C     151C       2A         0
                text26                             1824     1824       16         0
                text25                             16A4     16A4       22         0
                text24                             180E     180E       16         0
                text23                             14F2     14F2       2A         0
                text22                             16E4     16E4       1E         0
                text21                             143E     143E       30         0
                text20                             17F8     17F8       16         0
                text19                             1702     1702       1C         0
                text18                             17E2     17E2       16         0
                text17                             17CC     17CC       16         0
                text16                             16C6     16C6       1E         0
                text15                             19EA     19EA        E         0
                text14                             140C     140C       32         0
                text13                             14C8     14C8       2A         0
                text12                              F78      F78       62         0
                text11                             1138     1138       4E         0
                text10                             17B6     17B6       16         0
                text9                              17A0     17A0       16         0
                text8                               F12      F12       66         0
                text7                              1186     1186       44         0
                text6                               492      492       EA         0
                text5                              1950     1950       12         0
                text4                              1A64     1A64        6         0
                text3                              149E     149E       2A         0
                text2                              3FF0     3FF0        8         0
                text1                               816      816       C8         0
                text0                              376A     376A      1FC         0
                cinit                               DA4      DA4       8C         0
                _RF_SavedTiming_const              2500     2500      100         0
                _IR_SavedTiming_const              2400     2400      100         0
                _FlashWaste_const                  2600     2600      200         0
                idataBANK0                         1A5E     1A5E        6         0
                idataCOMRAM                        1A76     1A76        1         0

        CLASS   CONST          

        CLASS   SMALLCONST     

        CLASS   MEDIUMCONST    
                mediumconst                        2800     2800       44         0

        CLASS   COMRAM         
                temp                                 60       60        1         1
                cstackCOMRAM                          1        1       47         1
                dataCOMRAM                           5F       5F        1         1
                bssCOMRAM                            48       48       17         1

        CLASS   ABS1           

        CLASS   BIGRAM         

        CLASS   RAM            

        CLASS   BANK0          
                cstackBANK0                          80       80       39         1
                dataBANK0                            CA       CA        6         1
                bssBANK0                             B9       B9       11         1

        CLASS   BANK1          
                cstackBANK1                         180      180       20         1
                bssBANK1                            100      100       80         1

        CLASS   BANK2          
                bssBANK2                            200      200      100         1

        CLASS   BANK3          
                bssBANK3                            300      300      100         1

        CLASS   SFR            

        CLASS   FARRAM         

        CLASS   CONFIG         
                config                             3FF8     3FF8        6         0

        CLASS   IDLOC          



SEGMENTS        Name                           Load    Length   Top    Selector   Space  Class

                reset_vec                      000000  000004  000004         0       0  CODE    
                cstackCOMRAM                   000001  000060  000061         1       1  COMRAM  
                intcode                        000008  00000E  000016         4       0  CODE    
                intcodelo                      000018  001A5F  001A77         C       0  CODE    
                cstackBANK0                    000080  000050  0000D0        80       1  BANK0   
                bssBANK1                       000100  0000A0  0001A0       100       1  BANK1   
                bssBANK2                       000200  000100  000300       200       1  BANK2   
                bssBANK3                       000300  000100  000400       300       1  BANK3   
                _IR_SavedTiming_const          002400  000100  002500      1200       0  CODE    
                _RF_SavedTiming_const          002500  000100  002600      1280       0  CODE    
                _FlashWaste_const              002600  000200  002800      1300       0  CODE    
                mediumconst                    002800  000044  002844      1400       0  MEDIUMCO
                text101                        002844  0017B4  003FF8      1422       0  CODE    
                config                         003FF8  000006  003FFE      3FF8       0  CONFIG  


UNUSED ADDRESS RANGES

        Name                Unused          Largest block    Delta
        BANK0            000D0-000FF              30
        BANK1            001A0-001FF              60
        BIGRAM           00061-0007F              1F
                         000D0-000FF              30
                         001A0-001FF              60
        CODE             00004-00007               4
                         00016-00017               2
                         01A77-023FF             989
        COMRAM           00061-0007F              1F
        CONST            00004-00007               4
                         00016-00017               2
                         01A77-023FF             989
        MEDIUMCONST      01A77-023FF             989
        RAM              000D0-000FF              30
                         001A0-001FF              60
        SFR              00F80-00FFF              80
        SMALLCONST       01A77-023FF             100
        STACK            001A0-001FF              60

                                  Symbol Table

?___ftdiv                            cstackCOMRAM          0000C
?___ftmul                            cstackBANK1           0018B
?___ftpack                           cstackBANK1           00180
?___fttol                            cstackBANK1           00180
?___lwtoft                           cstackBANK1           00188
?i1___ftmul                          cstackCOMRAM          0001B
?i1___ftpack                         cstackCOMRAM          00001
?i1___lwtoft                         cstackCOMRAM          00009
?i2___ftmul                          cstackBANK0           0008B
?i2___ftpack                         cstackBANK0           00080
?i2___lwtoft                         cstackBANK0           00088
ADC_CalculateVoltage@ADCcounts       cstackCOMRAM          0002A
ADC_CalculateVoltage@Voltage         cstackCOMRAM          0002C
ADC_ConversionInt@state              cstackBANK1           00180
ADC_Module@state                     cstackBANK1           00180
BUT_IR_PinChangeInt@state            cstackBANK1           00180
BUT_ReadButton@value                 cstackBANK1           00180
FSH_AddressToBlock@Address           cstackCOMRAM          00001
FSH_EraseBlock@Address               cstackCOMRAM          00005
FSH_EraseBlock@WriteTries            cstackCOMRAM          0000B
FSH_EraseBlock@highint               cstackCOMRAM          00009
FSH_EraseBlock@lowint                cstackCOMRAM          0000A
FSH_VerifyWriteIntArray@Array        cstackCOMRAM          00004
FSH_VerifyWriteIntArray@ConstArray   cstackCOMRAM          00001
FSH_VerifyWriteIntArray@i            cstackCOMRAM          0000B
FSH_WriteIntArray@Array              cstackCOMRAM          00005
FSH_WriteIntArray@i                  cstackCOMRAM          0000D
FSH_Write_IR_RF@FlashWasteindex      cstackCOMRAM          0001A
FSH_Write_IR_RF@WriteTries           cstackCOMRAM          00020
FSH_Write_IR_RF@highint              cstackCOMRAM          00018
FSH_Write_IR_RF@i                    cstackCOMRAM          0001E
FSH_Write_IR_RF@j                    cstackCOMRAM          0001C
FSH_Write_IR_RF@lowint               cstackCOMRAM          00019
FSH_Write_IR_RF@status               cstackCOMRAM          0001D
IR_CalculateCodesize@i               cstackBANK1           00180
IR_CheckCode@High                    cstackCOMRAM          0002F
IR_CheckCode@Low                     cstackCOMRAM          0002C
IR_CheckCode@i                       cstackCOMRAM          00032
IR_LoadCode@High                     cstackBANK1           0019D
IR_LoadCode@Low                      cstackBANK1           0019A
IR_ReadReceiver@value                cstackBANK1           00180
LDO_Pass@state                       cstackBANK1           00180
MSC_BlinkLED@blink                   cstackBANK1           0018D
MSC_BlinkLED@i                       cstackBANK1           00193
MSC_BlinkLED@speed                   cstackBANK1           0018F
MSC_BufferCopyIntConst@count         cstackCOMRAM          0000C
MSC_BufferCopyIntConst@from          cstackCOMRAM          00007
MSC_BufferCopyIntConst@i             cstackCOMRAM          00010
MSC_BufferCopyIntConst@shift         cstackCOMRAM          0000E
MSC_BufferCopyIntConst@to            cstackCOMRAM          0000A
MSC_CleanBufferInt@count             cstackBANK1           00182
MSC_CleanBufferInt@data              cstackBANK1           00180
MSC_CleanBufferInt@i                 cstackBANK1           00184
MSC_DelayMS@US                       cstackBANK1           00184
MSC_DelayMS@i                        cstackBANK1           00189
MSC_DelayNOP@NOPs                    cstackBANK1           00180
MSC_DelayNOP@i                       cstackBANK1           00182
MTR_IN1@state                        cstackBANK1           00180
MTR_IN2@state                        cstackBANK1           00180
RF_CalculateCodesize@i               cstackBANK1           00180
RF_CheckCode@High                    cstackBANK0           000A5
RF_CheckCode@Low                     cstackBANK0           000A2
RF_CheckCode@i                       cstackBANK0           000A8
RF_DataInt@state                     cstackBANK1           00180
RF_LoadCode@High                     cstackBANK1           0019D
RF_LoadCode@Low                      cstackBANK1           0019A
RF_Receiver@state                    cstackBANK1           00180
RF_SetBandwidth@band                 cstackBANK1           00180
RF_SetSquelch@state                  cstackBANK1           00180
TMR_ResetTimer0@TimerOn              cstackBANK1           00181
TMR_ResetTimer1@TimerOn              cstackBANK1           00181
TMR_ResetTimer2@TimerOn              cstackCOMRAM          00002
TMR_Timer0@state                     cstackBANK1           00180
TMR_Timer0Int@state                  cstackBANK1           00180
TMR_Timer1@state                     cstackBANK1           00180
TMR_Timer1Function@mode              cstackBANK1           00182
TMR_Timer1Int@state                  cstackBANK1           00180
TMR_Timer1Osc@state                  cstackBANK1           00180
TMR_Timer2@state                     cstackBANK1           00180
TMR_Timer2Int@state                  cstackBANK1           00180
TMR_Timer2Start@time                 cstackCOMRAM          00003
_ADCON0bits                          (abs)                 00FC2
_ADCON1bits                          (abs)                 00FC1
_ADCON2bits                          (abs)                 00FC0
_ADC_CalculateVoltage                text84                009A6
_ADC_ChangeChannel                   text46                01614
_ADC_ConversionInt                   text45                018A8
_ADC_CurrentSource                   dataCOMRAM            0005F
_ADC_Module                          text44                01892
_ADC_SampleCount                     bssBANK0              000B9
_ADC_Start                           text55                01A72
_ADRESH                              (abs)                 00FC4
_ADRESL                              (abs)                 00FC3
_Activity_Timer                      bssCOMRAM             00048
_BUT_IR_PinChangeInt                 text42                0187C
_BUT_ReadButton                      text41                01338
_ButtonChange                        bssCOMRAM             00059
_ButtonValue_prev                    bssBANK0              000BF
_Button_Data                         bssBANK0              000C0
_DC_Motor                            bssBANK0              000C1
_EECON1bits                          (abs)                 00FA6
_FSH_AddressToBlock                  text83                0146E
_FSH_EraseBlock                      text82                01036
_FSH_VerifyWriteIntArray             text81                00FDA
_FSH_WriteIntArray                   text80                00C7C
_FSH_Write_IR_RF                     text72                03100
_FlashBuffer                         bssBANK1              00100
_FlashWaste                          _FlashWaste_const     02600
_FlashWaste_absconstaddr             (abs)                 02600
_Flash_Status                        bssBANK0              000C2
_INTCON2bits                         (abs)                 00FF1
_INTCON3bits                         (abs)                 00FF0
_INTCONbits                          (abs)                 00FF2
_IPR1bits                            (abs)                 00F9F
_IRChange                            bssCOMRAM             0005A
_IRStarted                           bssCOMRAM             0005B
_IRValue_prev                        bssBANK0              000C3
_IR_CalculateCodesize                text54                011CA
_IR_CheckCode                        text70                02D2E
_IR_CleanBuffer                      text69                018BE
_IR_CodeSize                         bssCOMRAM             0005C
_IR_Data                             bssBANK0              000C4
_IR_DataPlace                        bssCOMRAM             0005D
_IR_DataTiming                       bssBANK2              00200
_IR_LoadCode                         text49                0057C
_IR_ReadReceiver                     text47                0136E
_IR_ResetData                        text76                01A14
_IR_Saved                            dataBANK0             000CD
_IR_SavedTiming                      _IR_SavedTiming_const 02400
_IR_SavedTiming_absconstaddr         (abs)                 02400
_IR_SyncHigh                         bssCOMRAM             0004F
_IR_SyncLow                          bssCOMRAM             00051
_InitADC                             text43                015C4
_InitButton                          text40                019F8
_InitFlash                           text39                01A6E
_InitIR                              text37                0171E
_InitLDO                             text35                01A56
_InitMOTOR                           text34                01A6A
_InitRF                              text29                0124C
_InitTimer0                          text25                016A4
_InitTimer1                          text19                01702
_InitTimer2                          text16                016C6
_InitTimers                          text15                019EA
_Init_App                            text48                01288
_Init_System                         text14                0140C
_LATA                                (abs)                 00F89
_LATB                                (abs)                 00F8A
_LATC                                (abs)                 00F8B
_LDO_Pass                            text36                01788
_MSC_BlinkLED                        text11                01138
_MSC_BufferCopyIntConst              text74                00BD4
_MSC_CleanBufferInt                  text38                01090
_MSC_DelayMS                         text12                00F78
_MSC_DelayNOP                        text13                014C8
_MTR_IN1                             text10                017B6
_MTR_IN2                             text9                 017A0
_MTR_Rotate                          text8                 00F12
_OSCCON                              (abs)                 00FD3
_OSCCONbits                          (abs)                 00FD3
_OSCTUNEbits                         (abs)                 00F9B
_PCB_Version                         mediumconst           02801
_PIE1bits                            (abs)                 00F9D
_PIR1bits                            (abs)                 00F9E
_PORTB                               (abs)                 00F81
_PR2                                 (abs)                 00FCB
_RCONbits                            (abs)                 00FD0
_RFStarted                           bssBANK0              000C5
_RF_CalculateCodesize                text7                 01186
_RF_CheckCode                        text96                034AE
_RF_CodeSize                         bssBANK0              000C6
_RF_Data                             bssBANK0              000C7
_RF_DataInt                          text33                0173A
_RF_DataPlace                        bssBANK0              000C8
_RF_DataTiming                       bssBANK3              00300
_RF_Disable                          text67                01900
_RF_Enable                           text77                01914
_RF_LoadCode                         text6                 00492
_RF_Receiver                         text32                01866
_RF_ResetData                        text73                01A06
_RF_Saved                            dataBANK0             000CE
_RF_SavedTiming                      _RF_SavedTiming_const 02500
_RF_SavedTiming_absconstaddr         (abs)                 02500
_RF_SetBandwidth                     text31                01300
_RF_SetSquelch                       text30                01850
_RF_SyncHigh                         bssBANK0              000BB
_RF_SyncLow                          bssBANK0              000BD
_Rail_RSSI                           bssCOMRAM             0004C
_Rail_VIN                            dataBANK0             000CA
_SYS_ActivityTimer                   text3                 0149E
_SYS_ActivityTimerReset              text5                 01950
_SYS_ConfigureOscillator             text2                 03FF0
_SYS_Sleep                           text4                 01A64
_System_State                        dataBANK0             000CF
_System_State_Change                 bssBANK0              000C9
_T0CONbits                           (abs)                 00FD5
_T1CONbits                           (abs)                 00FCD
_T2CONbits                           (abs)                 00FCA
_TABLAT                              (abs)                 00FF5
_TBLPTRH                             (abs)                 00FF7
_TBLPTRL                             (abs)                 00FF6
_TBLPTRU                             (abs)                 00FF8
_TMR0H                               (abs)                 00FD7
_TMR0L                               (abs)                 00FD6
_TMR1H                               (abs)                 00FCF
_TMR1L                               (abs)                 00FCE
_TMR2                                (abs)                 00FCC
_TMR_ResetTimer0                     text27                0151C
_TMR_ResetTimer1                     text23                014F2
_TMR_ResetTimer2                     text61                015EC
_TMR_Timer0                          text28                0183A
_TMR_Timer0Int                       text26                01824
_TMR_Timer0Start                     text93                01998
_TMR_Timer0Status                    text92                01A4A
_TMR_Timer1                          text24                0180E
_TMR_Timer1Function                  text21                0143E
_TMR_Timer1Int                       text20                017F8
_TMR_Timer1Osc                       text22                016E4
_TMR_Timer1Start                     text64                01974
_TMR_Timer1Status                    text63                01A3E
_TMR_Timer2                          text18                017E2
_TMR_Timer2Int                       text17                017CC
_TMR_Timer2Start                     text60                01754
_TRISAbits                           (abs)                 00F92
_TRISBbits                           (abs)                 00F93
_TRISCbits                           (abs)                 00F94
_Timer2Post                          bssCOMRAM             00053
_Timer2PostCount                     bssCOMRAM             00055
_Timer2Use                           bssCOMRAM             0005E
__CFG_CCP2MX$DEFAULT                 (abs)                 00000
__CFG_CP0$OFF                        (abs)                 00000
__CFG_FCMEN$OFF                      (abs)                 00000
__CFG_FOSC$HSPLL                     (abs)                 00000
__CFG_FOSC2$ON                       (abs)                 00000
__CFG_IESO$OFF                       (abs)                 00000
__CFG_STVREN$ON                      (abs)                 00000
__CFG_WDTEN$OFF                      (abs)                 00000
__CFG_WDTPS$32768                    (abs)                 00000
__CFG_XINST$OFF                      (abs)                 00000
__HRAM                               (abs)                 00000
__H_FlashWaste_const                 _FlashWaste_const     02800
__H_IR_SavedTiming_const             _IR_SavedTiming_const 02500
__H_RF_SavedTiming_const             _RF_SavedTiming_const 02600
__Habs1                              abs1                  00000
__Hbank0                             bank0                 00000
__Hbank1                             bank1                 00000
__Hbank2                             bank2                 00000
__Hbank3                             bank3                 00000
__Hbigbss                            bigbss                00000
__Hbigdata                           bigdata               00000
__Hbigram                            bigram                00000
__Hbss                               bss                   00000
__HbssBANK0                          bssBANK0              00000
__HbssBANK1                          bssBANK1              00000
__HbssBANK2                          bssBANK2              00000
__HbssBANK3                          bssBANK3              00000
__HbssCOMRAM                         bssCOMRAM             00000
__Hcinit                             cinit                 00000
__Hclrtext                           clrtext               00000
__Hcomram                            comram                00000
__Hconfig                            config                03FFE
__Hconst                             const                 00000
__HcstackBANK0                       cstackBANK0           00000
__HcstackBANK1                       cstackBANK1           00000
__HcstackCOMRAM                      cstackCOMRAM          00000
__Hdata                              data                  00000
__HdataBANK0                         dataBANK0             00000
__HdataCOMRAM                        dataCOMRAM            00000
__Hend_init                          end_init              00292
__Hfarbss                            farbss                00000
__Hfardata                           fardata               00000
__Hibigdata                          ibigdata              00000
__Hidata                             idata                 00000
__HidataBANK0                        idataBANK0            00000
__HidataCOMRAM                       idataCOMRAM           00000
__Hidloc                             idloc                 00000
__Hifardata                          ifardata              00000
__Hinit                              init                  0028E
__Hintcode                           intcode               00016
__Hintcode_body                      intcode_body          00000
__Hintcodelo                         intcodelo             0028E
__Hintentry                          intentry              00000
__Hintret                            intret                00000
__Hintsave_regs                      intsave_regs          00000
__Hirdata                            irdata                00000
__Hjflash_buffer                     jflash_buffer         03800
__Hmediumconst                       mediumconst           02844
__HnvFARRAM                          nvFARRAM              00000
__Hnvbit                             nvbit                 00000
__Hnvrram                            nvrram                00000
__Hparam                             param0                00000
__Hparam0                            param0                00000
__Hpowerup                           powerup               0028E
__Hram                               ram                   00000
__Hramtop                            ramtop                00400
__Hrbit                              rbit                  00000
__Hrbss                              rbss                  00000
__Hrdata                             rdata                 00000
__Hreset_vec                         reset_vec             00004
__Hsfr                               sfr                   00000
__Hsmallconst                        smallconst            00000
__Hspace_0                           (abs)                 03FFE
__Hspace_1                           (abs)                 00400
__Hspace_2                           (abs)                 00000
__Hstack                             stack                 00000
__Hstruct                            struct                00000
__Htemp                              temp                  00061
__Htext                              text                  00000
__Htext0                             text0                 00000
__Htext1                             text1                 00000
__Htext10                            text10                00000
__Htext100                           text100               00000
__Htext101                           text101               00000
__Htext102                           text102               00000
__Htext103                           text103               00000
__Htext104                           text104               00000
__Htext105                           text105               00000
__Htext106                           text106               00000
__Htext107                           text107               00000
__Htext108                           text108               00000
__Htext109                           text109               00000
__Htext11                            text11                00000
__Htext110                           text110               00000
__Htext111                           text111               00000
__Htext112                           text112               00000
__Htext12                            text12                00000
__Htext13                            text13                00000
__Htext14                            text14                00000
__Htext15                            text15                00000
__Htext16                            text16                00000
__Htext17                            text17                00000
__Htext18                            text18                00000
__Htext19                            text19                00000
__Htext2                             text2                 00000
__Htext20                            text20                00000
__Htext21                            text21                00000
__Htext22                            text22                00000
__Htext23                            text23                00000
__Htext24                            text24                00000
__Htext25                            text25                00000
__Htext26                            text26                00000
__Htext27                            text27                00000
__Htext28                            text28                00000
__Htext29                            text29                00000
__Htext3                             text3                 00000
__Htext30                            text30                00000
__Htext31                            text31                00000
__Htext32                            text32                00000
__Htext33                            text33                00000
__Htext34                            text34                00000
__Htext35                            text35                00000
__Htext36                            text36                00000
__Htext37                            text37                00000
__Htext38                            text38                00000
__Htext39                            text39                00000
__Htext4                             text4                 00000
__Htext40                            text40                00000
__Htext41                            text41                00000
__Htext42                            text42                00000
__Htext43                            text43                00000
__Htext44                            text44                00000
__Htext45                            text45                00000
__Htext46                            text46                00000
__Htext47                            text47                00000
__Htext48                            text48                00000
__Htext49                            text49                00000
__Htext5                             text5                 00000
__Htext50                            text50                00000
__Htext51                            text51                00000
__Htext52                            text52                00000
__Htext53                            text53                00000
__Htext54                            text54                00000
__Htext55                            text55                00000
__Htext57                            text57                00000
__Htext58                            text58                00000
__Htext59                            text59                00000
__Htext6                             text6                 00000
__Htext60                            text60                00000
__Htext61                            text61                00000
__Htext62                            text62                00000
__Htext63                            text63                00000
__Htext64                            text64                00000
__Htext65                            text65                00000
__Htext66                            text66                00000
__Htext67                            text67                00000
__Htext68                            text68                00000
__Htext69                            text69                00000
__Htext7                             text7                 00000
__Htext70                            text70                00000
__Htext71                            text71                00000
__Htext72                            text72                00000
__Htext73                            text73                00000
__Htext74                            text74                00000
__Htext75                            text75                00000
__Htext76                            text76                00000
__Htext77                            text77                00000
__Htext78                            text78                00000
__Htext79                            text79                00000
__Htext8                             text8                 00000
__Htext80                            text80                00000
__Htext81                            text81                00000
__Htext82                            text82                00000
__Htext83                            text83                00000
__Htext84                            text84                00000
__Htext85                            text85                00000
__Htext86                            text86                00000
__Htext87                            text87                00000
__Htext88                            text88                00000
__Htext89                            text89                00000
__Htext9                             text9                 00000
__Htext91                            text91                00000
__Htext92                            text92                00000
__Htext93                            text93                00000
__Htext94                            text94                00000
__Htext95                            text95                00000
__Htext96                            text96                00000
__Htext97                            text97                00000
__Htext98                            text98                00000
__Htext99                            text99                00000
__LRAM                               (abs)                 00001
__L_FlashWaste_const                 _FlashWaste_const     02600
__L_IR_SavedTiming_const             _IR_SavedTiming_const 02400
__L_RF_SavedTiming_const             _RF_SavedTiming_const 02500
__Labs1                              abs1                  00000
__Lbank0                             bank0                 00000
__Lbank1                             bank1                 00000
__Lbank2                             bank2                 00000
__Lbank3                             bank3                 00000
__Lbigbss                            bigbss                00000
__Lbigdata                           bigdata               00000
__Lbigram                            bigram                00000
__Lbss                               bss                   00000
__LbssBANK0                          bssBANK0              00000
__LbssBANK1                          bssBANK1              00000
__LbssBANK2                          bssBANK2              00000
__LbssBANK3                          bssBANK3              00000
__LbssCOMRAM                         bssCOMRAM             00000
__Lcinit                             cinit                 00000
__Lclrtext                           clrtext               00000
__Lcomram                            comram                00000
__Lconfig                            config                03FF8
__Lconst                             const                 00000
__LcstackBANK0                       cstackBANK0           00000
__LcstackBANK1                       cstackBANK1           00000
__LcstackCOMRAM                      cstackCOMRAM          00000
__Ldata                              data                  00000
__LdataBANK0                         dataBANK0             00000
__LdataCOMRAM                        dataCOMRAM            00000
__Lend_init                          end_init              0028E
__Lfarbss                            farbss                00000
__Lfardata                           fardata               00000
__Libigdata                          ibigdata              00000
__Lidata                             idata                 00000
__LidataBANK0                        idataBANK0            00000
__LidataCOMRAM                       idataCOMRAM           00000
__Lidloc                             idloc                 00000
__Lifardata                          ifardata              00000
__Linit                              init                  0028E
__Lintcode                           intcode               00008
__Lintcode_body                      intcode_body          00000
__Lintcodelo                         intcodelo             00018
__Lintentry                          intentry              00000
__Lintret                            intret                00000
__Lintsave_regs                      intsave_regs          00000
__Lirdata                            irdata                00000
__Ljflash_buffer                     jflash_buffer         03800
__Lmediumconst                       mediumconst           02800
__LnvFARRAM                          nvFARRAM              00000
__Lnvbit                             nvbit                 00000
__Lnvrram                            nvrram                00000
__Lparam                             param0                00000
__Lparam0                            param0                00000
__Lpowerup                           powerup               0028E
__Lram                               ram                   00000
__Lramtop                            ramtop                00400
__Lrbit                              rbit                  00000
__Lrbss                              rbss                  00000
__Lrdata                             rdata                 00000
__Lreset_vec                         reset_vec             00000
__Lsfr                               sfr                   00000
__Lsmallconst                        smallconst            00000
__Lspace_0                           (abs)                 00000
__Lspace_1                           (abs)                 00000
__Lspace_2                           (abs)                 00000
__Lstack                             stack                 00000
__Lstruct                            struct                00000
__Ltemp                              temp                  00060
__Ltext                              text                  00000
__Ltext0                             text0                 00000
__Ltext1                             text1                 00000
__Ltext10                            text10                00000
__Ltext100                           text100               00000
__Ltext101                           text101               00000
__Ltext102                           text102               00000
__Ltext103                           text103               00000
__Ltext104                           text104               00000
__Ltext105                           text105               00000
__Ltext106                           text106               00000
__Ltext107                           text107               00000
__Ltext108                           text108               00000
__Ltext109                           text109               00000
__Ltext11                            text11                00000
__Ltext110                           text110               00000
__Ltext111                           text111               00000
__Ltext112                           text112               00000
__Ltext12                            text12                00000
__Ltext13                            text13                00000
__Ltext14                            text14                00000
__Ltext15                            text15                00000
__Ltext16                            text16                00000
__Ltext17                            text17                00000
__Ltext18                            text18                00000
__Ltext19                            text19                00000
__Ltext2                             text2                 00000
__Ltext20                            text20                00000
__Ltext21                            text21                00000
__Ltext22                            text22                00000
__Ltext23                            text23                00000
__Ltext24                            text24                00000
__Ltext25                            text25                00000
__Ltext26                            text26                00000
__Ltext27                            text27                00000
__Ltext28                            text28                00000
__Ltext29                            text29                00000
__Ltext3                             text3                 00000
__Ltext30                            text30                00000
__Ltext31                            text31                00000
__Ltext32                            text32                00000
__Ltext33                            text33                00000
__Ltext34                            text34                00000
__Ltext35                            text35                00000
__Ltext36                            text36                00000
__Ltext37                            text37                00000
__Ltext38                            text38                00000
__Ltext39                            text39                00000
__Ltext4                             text4                 00000
__Ltext40                            text40                00000
__Ltext41                            text41                00000
__Ltext42                            text42                00000
__Ltext43                            text43                00000
__Ltext44                            text44                00000
__Ltext45                            text45                00000
__Ltext46                            text46                00000
__Ltext47                            text47                00000
__Ltext48                            text48                00000
__Ltext49                            text49                00000
__Ltext5                             text5                 00000
__Ltext50                            text50                00000
__Ltext51                            text51                00000
__Ltext52                            text52                00000
__Ltext53                            text53                00000
__Ltext54                            text54                00000
__Ltext55                            text55                00000
__Ltext57                            text57                00000
__Ltext58                            text58                00000
__Ltext59                            text59                00000
__Ltext6                             text6                 00000
__Ltext60                            text60                00000
__Ltext61                            text61                00000
__Ltext62                            text62                00000
__Ltext63                            text63                00000
__Ltext64                            text64                00000
__Ltext65                            text65                00000
__Ltext66                            text66                00000
__Ltext67                            text67                00000
__Ltext68                            text68                00000
__Ltext69                            text69                00000
__Ltext7                             text7                 00000
__Ltext70                            text70                00000
__Ltext71                            text71                00000
__Ltext72                            text72                00000
__Ltext73                            text73                00000
__Ltext74                            text74                00000
__Ltext75                            text75                00000
__Ltext76                            text76                00000
__Ltext77                            text77                00000
__Ltext78                            text78                00000
__Ltext79                            text79                00000
__Ltext8                             text8                 00000
__Ltext80                            text80                00000
__Ltext81                            text81                00000
__Ltext82                            text82                00000
__Ltext83                            text83                00000
__Ltext84                            text84                00000
__Ltext85                            text85                00000
__Ltext86                            text86                00000
__Ltext87                            text87                00000
__Ltext88                            text88                00000
__Ltext89                            text89                00000
__Ltext9                             text9                 00000
__Ltext91                            text91                00000
__Ltext92                            text92                00000
__Ltext93                            text93                00000
__Ltext94                            text94                00000
__Ltext95                            text95                00000
__Ltext96                            text96                00000
__Ltext97                            text97                00000
__Ltext98                            text98                00000
__Ltext99                            text99                00000
__S0                                 (abs)                 03FFE
__S1                                 (abs)                 00400
__S2                                 (abs)                 00000
___extmem_base                       (abs)                 20000
___ftdiv                             text88                00664
___ftdiv@cntr                        cstackCOMRAM          00015
___ftdiv@exp                         cstackCOMRAM          00019
___ftdiv@f1                          cstackCOMRAM          0000C
___ftdiv@f2                          cstackCOMRAM          0000F
___ftdiv@f3                          cstackCOMRAM          00016
___ftdiv@sign                        cstackCOMRAM          0001A
___ftge                              text1                 00816
___ftge@ff1                          cstackBANK1           00180
___ftge@ff2                          cstackBANK1           00183
___ftmul                             text52                03AE4
___ftmul@cntr                        cstackBANK1           00198
___ftmul@exp                         cstackBANK1           00194
___ftmul@f1                          cstackBANK1           0018B
___ftmul@f2                          cstackBANK1           0018E
___ftmul@f3_as_product               cstackBANK1           00195
___ftmul@sign                        cstackBANK1           00199
___ftpack                            text53                03EE4
___ftpack@arg                        cstackBANK1           00180
___ftpack@exp                        cstackBANK1           00183
___ftpack@sign                       cstackBANK1           00184
___fttol                             text51                03DA0
___fttol@exp1                        cstackBANK1           0018E
___fttol@f1                          cstackBANK1           00180
___fttol@lval                        cstackBANK1           0018A
___fttol@sign1                       cstackBANK1           00189
___inthi_sp                          stack                 00000
___intlo_sp                          stack                 00000
___lwtoft                            text50                01546
___lwtoft@c                          cstackBANK1           00188
___param_bank                        (abs)                 00000
___rparam_used                       (abs)                 00000
___sp                                stack                 00000
__accesstop                          (abs)                 00080
__activetblptr                       (abs)                 00002
__end_of_ADC_CalculateVoltage        text84                00A6A
__end_of_ADC_ChangeChannel           text46                01638
__end_of_ADC_ConversionInt           text45                018BE
__end_of_ADC_Module                  text44                018A8
__end_of_ADC_Start                   text55                01A76
__end_of_BUT_IR_PinChangeInt         text42                01892
__end_of_BUT_ReadButton              text41                0136E
__end_of_FSH_AddressToBlock          text83                0149E
__end_of_FSH_EraseBlock              text82                01090
__end_of_FSH_VerifyWriteIntArray     text81                01036
__end_of_FSH_WriteIntArray           text80                00D14
__end_of_FSH_Write_IR_RF             text72                034AE
__end_of_FlashWaste                  _FlashWaste_const     02800
__end_of_IR_CalculateCodesize        text54                0120E
__end_of_IR_CheckCode                text70                03100
__end_of_IR_CleanBuffer              text69                018D4
__end_of_IR_LoadCode                 text49                00664
__end_of_IR_ReadReceiver             text47                013A4
__end_of_IR_ResetData                text76                01A22
__end_of_IR_SavedTiming              _IR_SavedTiming_const 02500
__end_of_InitADC                     text43                015EC
__end_of_InitButton                  text40                01A06
__end_of_InitFlash                   text39                01A72
__end_of_InitIR                      text37                0173A
__end_of_InitLDO                     text35                01A5E
__end_of_InitMOTOR                   text34                01A6E
__end_of_InitRF                      text29                01288
__end_of_InitTimer0                  text25                016C6
__end_of_InitTimer1                  text19                0171E
__end_of_InitTimer2                  text16                016E4
__end_of_InitTimers                  text15                019F8
__end_of_Init_App                    text48                012C4
__end_of_Init_System                 text14                0143E
__end_of_LDO_Pass                    text36                017A0
__end_of_MSC_BlinkLED                text11                01186
__end_of_MSC_BufferCopyIntConst      text74                00C7C
__end_of_MSC_CleanBufferInt          text38                010E4
__end_of_MSC_DelayMS                 text12                00FDA
__end_of_MSC_DelayNOP                text13                014F2
__end_of_MTR_IN1                     text10                017CC
__end_of_MTR_IN2                     text9                 017B6
__end_of_MTR_Rotate                  text8                 00F78
__end_of_PCB_Version                 mediumconst           0280A
__end_of_RF_CalculateCodesize        text7                 011CA
__end_of_RF_CheckCode                text96                0376A
__end_of_RF_DataInt                  text33                01754
__end_of_RF_Disable                  text67                01914
__end_of_RF_Enable                   text77                01928
__end_of_RF_LoadCode                 text6                 0057C
__end_of_RF_Receiver                 text32                0187C
__end_of_RF_ResetData                text73                01A14
__end_of_RF_SavedTiming              _RF_SavedTiming_const 02600
__end_of_RF_SetBandwidth             text31                01338
__end_of_RF_SetSquelch               text30                01866
__end_of_SYS_ActivityTimer           text3                 014C8
__end_of_SYS_ActivityTimerReset      text5                 01962
__end_of_SYS_ConfigureOscillator     text2                 03FF8
__end_of_SYS_Sleep                   text4                 01A6A
__end_of_TMR_ResetTimer0             text27                01546
__end_of_TMR_ResetTimer1             text23                0151C
__end_of_TMR_ResetTimer2             text61                01614
__end_of_TMR_Timer0                  text28                01850
__end_of_TMR_Timer0Int               text26                0183A
__end_of_TMR_Timer0Start             text93                019AA
__end_of_TMR_Timer0Status            text92                01A56
__end_of_TMR_Timer1                  text24                01824
__end_of_TMR_Timer1Function          text21                0146E
__end_of_TMR_Timer1Int               text20                0180E
__end_of_TMR_Timer1Osc               text22                01702
__end_of_TMR_Timer1Start             text64                01986
__end_of_TMR_Timer1Status            text63                01A4A
__end_of_TMR_Timer2                  text18                017F8
__end_of_TMR_Timer2Int               text17                017E2
__end_of_TMR_Timer2Start             text60                0176E
__end_of___ftdiv                     text88                0074A
__end_of___ftge                      text1                 008DE
__end_of___ftmul                     text52                03C42
__end_of___ftpack                    text53                03FF0
__end_of___fttol                     text51                03EE4
__end_of___lwtoft                    text50                01570
__end_of__initialization             cinit                 00E22
__end_of_high_isr                    intcode_body          03AE4
__end_of_low_isr                     intcodelo             0028E
__end_of_main                        text0                 03966
__end_ofexp@coeff                    mediumconst           02828
__end_ofi1_ADC_ChangeChannel         text87                016A4
__end_ofi1_BUT_ReadButton            text59                0140C
__end_ofi1_IR_ReadReceiver           text58                013D8
__end_ofi1_MSC_CleanBufferInt        text75                0124C
__end_ofi1_RF_DataInt                text79                0193C
__end_ofi1_SYS_ActivityTimerReset    text57                01974
__end_ofi1_TMR_ResetTimer1           text65                0165C
__end_ofi1_TMR_Timer0                text68                019DA
__end_ofi1_TMR_Timer0Int             text78                019EA
__end_ofi1_TMR_Timer1                text66                019CA
__end_ofi1_TMR_Timer2                text62                019BA
__end_ofi1___ftge                    text71                00DA4
__end_ofi1___ftmul                   text86                00492
__end_ofi1___ftpack                  text89                00BD4
__end_ofi1___lwtoft                  text85                01680
__end_ofi2_FSH_AddressToBlock        text112               01300
__end_ofi2_FSH_EraseBlock            text111               00F12
__end_ofi2_FSH_VerifyWriteIntArray   text110               00EA6
__end_ofi2_FSH_WriteIntArray         text109               00816
__end_ofi2_FSH_Write_IR_RF           text101               02D2E
__end_ofi2_IR_ResetData              text105               01A3E
__end_ofi2_MSC_BufferCopyIntConst    text103               00B26
__end_ofi2_MSC_CleanBufferInt        text104               01138
__end_ofi2_RF_DataInt                text108               01788
__end_ofi2_RF_Enable                 text106               01950
__end_ofi2_RF_ResetData              text102               01A30
__end_ofi2_SYS_ActivityTimerReset    text91                01998
__end_ofi2_TMR_ResetTimer0           text94                0159A
__end_ofi2_TMR_Timer0                text95                018EA
__end_ofi2_TMR_Timer0Int             text107               01900
__end_ofi2___ftge                    text100               009A6
__end_ofi2___ftmul                   text98                03DA0
__end_ofi2___ftpack                  text99                0039E
__end_ofi2___lwtoft                  text97                015C4
__end_oflog@coeff                    mediumconst           02843
__initialization                     cinit                 00DA4
__mediumconst                        mediumconst           02800
__p_FlashWaste_const                 _FlashWaste_const     02600
__p_IR_SavedTiming_const             _IR_SavedTiming_const 02400
__p_RF_SavedTiming_const             _RF_SavedTiming_const 02500
__pbssBANK0                          bssBANK0              000B9
__pbssBANK1                          bssBANK1              00100
__pbssBANK2                          bssBANK2              00200
__pbssBANK3                          bssBANK3              00300
__pbssCOMRAM                         bssCOMRAM             00048
__pcinit                             cinit                 00DA4
__pcstackBANK0                       cstackBANK0           00080
__pcstackBANK1                       cstackBANK1           00180
__pcstackCOMRAM                      cstackCOMRAM          00001
__pdataBANK0                         dataBANK0             000CA
__pdataCOMRAM                        dataCOMRAM            0005F
__pidataBANK0                        idataBANK0            01A5E
__pidataCOMRAM                       idataCOMRAM           01A76
__pintcode                           intcode               00008
__pintcode_body                      intcode_body          03966
__pintcodelo                         intcodelo             00018
__pmediumconst                       mediumconst           02800
__ptext0                             text0                 0376A
__ptext1                             text1                 00816
__ptext10                            text10                017B6
__ptext100                           text100               008DE
__ptext101                           text101               02844
__ptext102                           text102               01A22
__ptext103                           text103               00A6A
__ptext104                           text104               010E4
__ptext105                           text105               01A30
__ptext106                           text106               0193C
__ptext107                           text107               018EA
[...]
 Defined at:
		line 196 in file "FLASH.c"
 Parameters:    Size  Location     Type
		None
 Auto vars:     Size  Location     Type
  FSH_Write_IR    2   29[BANK0 ] unsigned int 
  FSH_Write_IR    2   25[BANK0 ] unsigned int 
  FSH_Write_IR    1   31[BANK0 ] unsigned char 
  FSH_Write_IR    1   28[BANK0 ] unsigned char 
  FSH_Write_IR    1   27[BANK0 ] unsigned char 
  FSH_Write_IR    1   24[BANK0 ] unsigned char 
  FSH_Write_IR    1   23[BANK0 ] unsigned char 
 Return value:  Size  Location     Type
                  1    wreg      unsigned char 
 Registers used:
		wreg, fsr2l, fsr2h, status,2, status,0, tblptrl, tblptrh, tblptru, prodl, prodh, cstack
 Tracked objects:
		On entry : 
		On exit  : 
		Unchanged: 
 Data sizes:     COMRAM   BANK0   BANK1   BANK2   BANK3
      Params:         0       0       0       0       0
      Locals:         0       9       0       0       0
      Temps:          0       6       0       0       0
      Totals:         0      15       0       0       0
Total ram usage:       15 bytes
 Hardware stack levels used:    1
 Hardware stack levels required when called:    3
 This function calls:
		i2_FSH_AddressToBlock
		i2_FSH_EraseBlock
		i2_FSH_VerifyWriteIntArray
		i2_FSH_WriteIntArray
		i2_IR_ResetData
		i2_MSC_BufferCopyIntConst
		i2_RF_ResetData
 This function is called by:
		_RF_CheckCode
 This function uses a non-reentrant model


 *************** function i2_RF_ResetData *****************
 Defined at:
		line 221 in file "RF.c"
 Parameters:    Size  Location     Type
		None
 Auto vars:     Size  Location     Type
		None
 Return value:  Size  Location     Type
		None               void
 Registers used:
		wreg, status,2
 Tracked objects:
		On entry : 
		On exit  : 
		Unchanged: 
 Data sizes:     COMRAM   BANK0   BANK1   BANK2   BANK3
      Params:         0       0       0       0       0
      Locals:         0       0       0       0       0
      Temps:          0       0       0       0       0
      Totals:         0       0       0       0       0
Total ram usage:        0 bytes
 Hardware stack levels used:    1
 This function calls:
		Nothing
 This function is called by:
		_high_isr
		i2_FSH_Write_IR_RF
 This function uses a non-reentrant model


 *************** function i2_MSC_BufferCopyIntConst *****************
 Defined at:
		line 238 in file "MISC.c"
 Parameters:    Size  Location     Type
  from            3    6[BANK0 ] PTR const unsigned int 
		 -> IR_SavedTiming(256), RF_SavedTiming(256), 
  to              2    9[BANK0 ] PTR unsigned int 
		 -> IR_DataTiming(256), RF_DataTiming(256), 
  count           2   11[BANK0 ] unsigned int 
  shift           2   13[BANK0 ] unsigned int 
 Auto vars:     Size  Location     Type
  MSC_BufferCo    2   15[BANK0 ] unsigned int 
 Return value:  Size  Location     Type
		None               void
 Registers used:
		wreg, fsr2l, fsr2h, status,2, status,0, tblptrl, tblptrh, tblptru, cstack
 Tracked objects:
		On entry : 
		On exit  : 
		Unchanged: 
 Data sizes:     COMRAM   BANK0   BANK1   BANK2   BANK3
      Params:         0       9       0       0       0
      Locals:         0       2       0       0       0
      Temps:          0       0       0       0       0
      Totals:         0      11       0       0       0
Total ram usage:       11 bytes
 Hardware stack levels used:    1
 Hardware stack levels required when called:    1
 This function calls:
		i2_MSC_CleanBufferInt
 This function is called by:
		i2_FSH_Write_IR_RF
 This function uses a non-reentrant model


 *************** function i2_MSC_CleanBufferInt *****************
 Defined at:
		line 166 in file "MISC.c"
 Parameters:    Size  Location     Type
  data            2    0[BANK0 ] PTR unsigned int 
		 -> IR_DataTiming(256), RF_DataTiming(256), 
  count           2    2[BANK0 ] unsigned int 
 Auto vars:     Size  Location     Type
  MSC_CleanBuf    2    4[BANK0 ] unsigned int 
 Return value:  Size  Location     Type
		None               void
 Registers used:
		wreg, fsr2l, fsr2h, status,2, status,0
 Tracked objects:
		On entry : 
		On exit  : 
		Unchanged: 
 Data sizes:     COMRAM   BANK0   BANK1   BANK2   BANK3
      Params:         0       4       0       0       0
      Locals:         0       2       0       0       0
      Temps:          0       0       0       0       0
      Totals:         0       6       0       0       0
Total ram usage:        6 bytes
 Hardware stack levels used:    1
 This function calls:
		Nothing
 This function is called by:
		i2_MSC_BufferCopyIntConst
 This function uses a non-reentrant model


 *************** function i2_IR_ResetData *****************
 Defined at:
		line 107 in file "IR.c"
 Parameters:    Size  Location     Type
		None
 Auto vars:     Size  Location     Type
		None
 Return value:  Size  Location     Type
		None               void
 Registers used:
		wreg, status,2, cstack
 Tracked objects:
		On entry : 
		On exit  : 
		Unchanged: 
 Data sizes:     COMRAM   BANK0   BANK1   BANK2   BANK3
      Params:         0       0       0       0       0
      Locals:         0       0       0       0       0
      Temps:          0       0       0       0       0
      Totals:         0       0       0       0       0
Total ram usage:        0 bytes
 Hardware stack levels used:    1
 Hardware stack levels required when called:    2
 This function calls:
		i2_RF_Enable
 This function is called by:
		i2_FSH_Write_IR_RF
 This function uses a non-reentrant model


 *************** function i2_RF_Enable *****************
 Defined at:
		line 206 in file "RF.c"
 Parameters:    Size  Location     Type
		None
 Auto vars:     Size  Location     Type
		None
 Return value:  Size  Location     Type
		None               void
 Registers used:
		wreg, status,2, cstack
 Tracked objects:
		On entry : 
		On exit  : 
		Unchanged: 
 Data sizes:     COMRAM   BANK0   BANK1   BANK2   BANK3
      Params:         0       0       0       0       0
      Locals:         0       0       0       0       0
      Temps:          0       0       0       0       0
      Totals:         0       0       0       0       0
Total ram usage:        0 bytes
 Hardware stack levels used:    1
 Hardware stack levels required when called:    1
 This function calls:
		i2_RF_DataInt
		i2_TMR_Timer0Int
 This function is called by:
		i2_IR_ResetData
 This function uses a non-reentrant model


 *************** function i2_TMR_Timer0Int *****************
 Defined at:
		line 208 in file "TIMERS.c"
 Parameters:    Size  Location     Type
  state           1    wreg     unsigned char 
 Auto vars:     Size  Location     Type
  state           1    0[BANK0 ] unsigned char 
 Return value:  Size  Location     Type
		None               void
 Registers used:
		wreg, status,2
 Tracked objects:
		On entry : 
		On exit  : 
		Unchanged: 
 Data sizes:     COMRAM   BANK0   BANK1   BANK2   BANK3
      Params:         0       0       0       0       0
      Locals:         0       1       0       0       0
      Temps:          0       0       0       0       0
      Totals:         0       1       0       0       0
Total ram usage:        1 bytes
 Hardware stack levels used:    1
 This function calls:
		Nothing
 This function is called by:
		i2_RF_Enable
 This function uses a non-reentrant model


 *************** function i2_RF_DataInt *****************
 Defined at:
		line 78 in file "RF.c"
 Parameters:    Size  Location     Type
  state           1    wreg     unsigned char 
 Auto vars:     Size  Location     Type
  state           1    0[BANK0 ] unsigned char 
 Return value:  Size  Location     Type
		None               void
 Registers used:
		wreg, status,2
 Tracked objects:
		On entry : 
		On exit  : 
		Unchanged: 
 Data sizes:     COMRAM   BANK0   BANK1   BANK2   BANK3
      Params:         0       0       0       0       0
      Locals:         0       1       0       0       0
      Temps:          0       0       0       0       0
      Totals:         0       1       0       0       0
Total ram usage:        1 bytes
 Hardware stack levels used:    1
 This function calls:
		Nothing
 This function is called by:
		i2_RF_Enable
 This function uses a non-reentrant model


 *************** function i2_FSH_WriteIntArray *****************
 Defined at:
		line 146 in file "FLASH.c"
 Parameters:    Size  Location     Type
  Array           3    4[BANK0 ] PTR unsigned int 
		 -> IR_SavedTiming(256), RF_SavedTiming(256), 
 Auto vars:     Size  Location     Type
  FSH_WriteInt    1   12[BANK0 ] unsigned char 
 Return value:  Size  Location     Type
		None               void
 Registers used:
		wreg, status,2, status,0, tblptrl, tblptrh, tblptru, prodl, prodh, cstack
 Tracked objects:
		On entry : 
		On exit  : 
		Unchanged: 
 Data sizes:     COMRAM   BANK0   BANK1   BANK2   BANK3
      Params:         0       3       0       0       0
      Locals:         0       1       0       0       0
      Temps:          0       5       0       0       0
      Totals:         0       9       0       0       0
Total ram usage:        9 bytes
 Hardware stack levels used:    1
 Hardware stack levels required when called:    1
 This function calls:
		i2_FSH_AddressToBlock
 This function is called by:
		i2_FSH_Write_IR_RF
 This function uses a non-reentrant model


 *************** function i2_FSH_VerifyWriteIntArray *****************
 Defined at:
		line 176 in file "FLASH.c"
 Parameters:    Size  Location     Type
  ConstArray      3    0[BANK0 ] PTR const unsigned int 
		 -> IR_SavedTiming(256), RF_SavedTiming(256), 
  Array           2    3[BANK0 ] PTR unsigned int 
		 -> IR_DataTiming(256), RF_DataTiming(256), 
 Auto vars:     Size  Location     Type
  FSH_VerifyWr    1   10[BANK0 ] unsigned char 
 Return value:  Size  Location     Type
                  1    wreg      unsigned char 
 Registers used:
		wreg, fsr2l, fsr2h, status,2, status,0, tblptrl, tblptrh, tblptru, prodl, prodh
 Tracked objects:
		On entry : 
		On exit  : 
		Unchanged: 
 Data sizes:     COMRAM   BANK0   BANK1   BANK2   BANK3
      Params:         0       5       0       0       0
      Locals:         0       1       0       0       0
      Temps:          0       5       0       0       0
      Totals:         0      11       0       0       0
Total ram usage:       11 bytes
 Hardware stack levels used:    1
 This function calls:
		Nothing
 This function is called by:
		i2_FSH_Write_IR_RF
 This function uses a non-reentrant model


 *************** function i2_FSH_EraseBlock *****************
 Defined at:
		line 98 in file "FLASH.c"
 Parameters:    Size  Location     Type
  Address         4    4[BANK0 ] unsigned long 
 Auto vars:     Size  Location     Type
  FSH_EraseBlo    4    0        unsigned long 
  FSH_EraseBlo    1   10[BANK0 ] unsigned char 
  FSH_EraseBlo    1    9[BANK0 ] unsigned char 
  FSH_EraseBlo    1    8[BANK0 ] unsigned char 
 Return value:  Size  Location     Type
		None               void
 Registers used:
		wreg, status,2, status,0, cstack
 Tracked objects:
		On entry : 
		On exit  : 
		Unchanged: 
 Data sizes:     COMRAM   BANK0   BANK1   BANK2   BANK3
      Params:         0       4       0       0       0
      Locals:         0       3       0       0       0
      Temps:          0       0       0       0       0
      Totals:         0       7       0       0       0
Total ram usage:        7 bytes
 Hardware stack levels used:    1
 Hardware stack levels required when called:    1
 This function calls:
		i2_FSH_AddressToBlock
 This function is called by:
		i2_FSH_Write_IR_RF
 This function uses a non-reentrant model


 *************** function i2_FSH_AddressToBlock *****************
 Defined at:
		line 481 in file "FLASH.c"
 Parameters:    Size  Location     Type
  Address         4    0[BANK0 ] unsigned long 
 Auto vars:     Size  Location     Type
		None
 Return value:  Size  Location     Type
		None               void
 Registers used:
		wreg, status,2, status,0
 Tracked objects:
		On entry : 
		On exit  : 
		Unchanged: 
 Data sizes:     COMRAM   BANK0   BANK1   BANK2   BANK3
      Params:         0       4       0       0       0
      Locals:         0       0       0       0       0
      Temps:          0       0       0       0       0
      Totals:         0       4       0       0       0
Total ram usage:        4 bytes
 Hardware stack levels used:    1
 This function calls:
		Nothing
 This function is called by:
		i2_FSH_EraseBlock
		i2_FSH_WriteIntArray
		i2_FSH_Write_IR_RF
 This function uses a non-reentrant model



MODULE INFORMATION

Module		Function		Class		Link	Load	Size
SYSTEM.c
		_SYS_ConfigureOscillator		CODE           	3FF0	0000	9
		_SYS_ActivityTimerReset		CODE           	1950	0000	19
		_SYS_Sleep     		CODE           	1A64	0000	7
		_SYS_ActivityTimer		CODE           	149E	0000	43

SYSTEM.c estimated size: 78

TIMERS.c
		_TMR_Timer1Osc 		CODE           	16E4	0000	31
		_TMR_Timer0Int 		CODE           	1824	0000	23
		_TMR_Timer1Int 		CODE           	17F8	0000	23
		_TMR_Timer2Int 		CODE           	17CC	0000	23
		_TMR_Timer0Status		CODE           	1A4A	0000	13
		_TMR_Timer1Status		CODE           	1A3E	0000	13
		_InitTimer0    		CODE           	16A4	0000	35
		_InitTimer1    		CODE           	1702	0000	29
		_InitTimer2    		CODE           	16C6	0000	31
		_InitTimers    		CODE           	19EA	0000	15
		_TMR_Timer0Start		CODE           	1998	0000	19
		_TMR_Timer1Start		CODE           	1974	0000	19
		_TMR_Timer2Start		CODE           	1754	0000	27
		_TMR_Timer1Function		CODE           	143E	0000	49
		_TMR_ResetTimer0		CODE           	151C	0000	43
		_TMR_ResetTimer1		CODE           	14F2	0000	43
		_TMR_ResetTimer2		CODE           	15EC	0000	41
		_TMR_Timer0    		CODE           	183A	0000	23
		_TMR_Timer1    		CODE           	180E	0000	23
		_TMR_Timer2    		CODE           	17E2	0000	23

TIMERS.c estimated size: 546

C:\Program Files (x86)\Microchip\xc8\v1.35\sources\common\ftge.c
		___ftge        		CODE           	0816	0000	201

C:\Program Files (x86)\Microchip\xc8\v1.35\sources\common\ftge.c estimated size: 201

BUTTON.c
		_InitButton    		CODE           	19F8	0000	15
		_BUT_ReadButton		CODE           	1338	0000	55
		_BUT_IR_PinChangeInt		CODE           	187C	0000	23

BUTTON.c estimated size: 93

MOTOR.c
		_MTR_IN2       		CODE           	17A0	0000	23
		_MTR_IN1       		CODE           	17B6	0000	23
		_MTR_Rotate    		CODE           	0F12	0000	103
		_InitMOTOR     		CODE           	1A6A	0000	5

MOTOR.c estimated size: 154

C:\Program Files (x86)\Microchip\xc8\v1.35\sources\common\lwtoft.c
		___lwtoft      		CODE           	1546	0000	43

C:\Program Files (x86)\Microchip\xc8\v1.35\sources\common\lwtoft.c estimated size: 43

RF.c
		_RF_ResetData  		CODE           	1A06	0000	15
		_RF_CheckCode  		CODE           	34AE	0000	701
		_RF_Enable     		CODE           	1914	0000	21
		_RF_SetSquelch 		CODE           	1850	0000	23
		_RF_LoadCode   		CODE           	0492	0000	235
		_RF_Receiver   		CODE           	1866	0000	23
		_RF_DataInt    		CODE           	173A	0000	27
		_RF_CalculateCodesize		CODE           	1186	0000	69
		_RF_Disable    		CODE           	1900	0000	21
		_InitRF        		CODE           	124C	0000	61
		_RF_SetBandwidth		CODE           	1300	0000	57

RF.c estimated size: 1253

FLASH.c
		_FSH_VerifyWriteIntArray		CODE           	0FDA	0000	93
		_InitFlash     		CODE           	1A6E	0000	5
		_FSH_WriteIntArray		CODE           	0C7C	0000	153
		_FSH_Write_IR_RF		CODE           	3100	0000	943
		_FSH_AddressToBlock		CODE           	146E	0000	49
		_FSH_EraseBlock		CODE           	1036	0000	91

FLASH.c estimated size: 1334

C:\Program Files (x86)\Microchip\xc8\v1.35\sources\common\float.c
		___ftpack      		CODE           	3EE4	0000	269

C:\Program Files (x86)\Microchip\xc8\v1.35\sources\common\float.c estimated size: 269

shared
		i1_MSC_CleanBufferInt		CODE           	120E	0000	63
		i2_RF_Enable   		CODE           	193C	0000	21
		i2_MSC_CleanBufferInt		CODE           	10E4	0000	85
		i1_TMR_Timer0Int		CODE           	19DA	0000	17
		i2_TMR_Timer0Int		CODE           	18EA	0000	23
		exp@coeff      		MEDIUMCONST    	0000	0000	0
		i2_IR_ResetData		CODE           	1A30	0000	15
		i1___ftge      		CODE           	0D14	0000	145
		i2___ftge      		CODE           	08DE	0000	201
		i1_IR_ReadReceiver		CODE           	13A4	0000	53
		i1___lwtoft    		CODE           	165C	0000	37
		i2___lwtoft    		CODE           	159A	0000	43
		i2_FSH_WriteIntArray		CODE           	074A	0000	205
		_PCB_Version   		MEDIUMCONST    	2801	0000	10
		i1___ftmul     		CODE           	039E	0000	245
		i2___ftmul     		CODE           	3C42	0000	351
		i1_SYS_ActivityTimerReset		CODE           	1962	0000	19
		i2_SYS_ActivityTimerReset		CODE           	1986	0000	19
		i2_FSH_Write_IR_RF		CODE           	2844	0000	1259
		i1___ftpack    		CODE           	0B26	0000	175
		i2_FSH_VerifyWriteIntArray		CODE           	0E30	0000	119
		i2___ftpack    		CODE           	0292	0000	269
		__initialization		CODE           	0DA4	0000	127
		i2_FSH_EraseBlock		CODE           	0EA6	0000	109
		i1_TMR_Timer0  		CODE           	19CA	0000	17
		i1_TMR_Timer1  		CODE           	19BA	0000	17
		i1_TMR_Timer2  		CODE           	19AA	0000	17
		i2_RF_ResetData		CODE           	1A22	0000	15
		i2_FSH_AddressToBlock		CODE           	12C4	0000	61
		i2_TMR_Timer0  		CODE           	18D4	0000	23
		i1_BUT_ReadButton		CODE           	13D8	0000	53
		_RF_SavedTiming		CODE           	2500	0000	257
		i1_ADC_ChangeChannel		CODE           	1680	0000	37
		_FlashWaste    		CODE           	2600	0000	513
		i1_RF_DataInt  		CODE           	1928	0000	21
		i2_RF_DataInt  		CODE           	176E	0000	27
		i1_TMR_ResetTimer1		CODE           	1638	0000	37
		i2_TMR_ResetTimer0		CODE           	1570	0000	43
		log@coeff      		MEDIUMCONST    	0000	0000	0
		_IR_SavedTiming		CODE           	2400	0000	257
		i2_MSC_BufferCopyIntConst		CODE           	0A6A	0000	189

shared estimated size: 5194

ADC.c
		_ADC_CalculateVoltage		CODE           	09A6	0000	197
		_ADC_Start     		CODE           	1A72	0000	5
		_InitADC       		CODE           	15C4	0000	41
		_ADC_Module    		CODE           	1892	0000	23
		_ADC_ChangeChannel		CODE           	1614	0000	37
		_ADC_ConversionInt		CODE           	18A8	0000	23

ADC.c estimated size: 326

C:\Program Files (x86)\Microchip\xc8\v1.35\sources\common\ftmul.c
		___ftmul       		CODE           	3AE4	0000	351

C:\Program Files (x86)\Microchip\xc8\v1.35\sources\common\ftmul.c estimated size: 351

MISC.c
		_MSC_BufferCopyIntConst		CODE           	0BD4	0000	169
		_MSC_DelayMS   		CODE           	0F78	0000	99
		_MSC_BlinkLED  		CODE           	1138	0000	79
		_MSC_DelayNOP  		CODE           	14C8	0000	43
		_MSC_CleanBufferInt		CODE           	1090	0000	85

MISC.c estimated size: 475

USER.c
		_Init_App      		CODE           	1288	0000	61
		_Init_System   		CODE           	140C	0000	51

USER.c estimated size: 112

C:\Program Files (x86)\Microchip\xc8\v1.35\sources\common\ftdiv.c
		___ftdiv       		CODE           	0664	0000	231

C:\Program Files (x86)\Microchip\xc8\v1.35\sources\common\ftdiv.c estimated size: 231

IR.c
		_IR_ResetData  		CODE           	1A14	0000	15
		_IR_CheckCode  		CODE           	2D2E	0000	979
		_InitIR        		CODE           	171E	0000	29
		_IR_LoadCode   		CODE           	057C	0000	233
		_IR_CleanBuffer		CODE           	18BE	0000	23
		_IR_ReadReceiver		CODE           	136E	0000	55
		_IR_CalculateCodesize		CODE           	11CA	0000	69

IR.c estimated size: 1403

LDO.c
		_LDO_Pass      		CODE           	1788	0000	25
		_InitLDO       		CODE           	1A56	0000	9

LDO.c estimated size: 34

INTERRUPTS.c
		_high_isr      		CODE           	0008	0000	397
		_low_isr       		CODE           	0018	0000	631

INTERRUPTS.c estimated size: 1028

main.c
		_main          		CODE           	376A	0000	509

main.c estimated size: 509

C:\Program Files (x86)\Microchip\xc8\v1.35\sources\common\fttol.c
		___fttol       		CODE           	3DA0	0000	325

C:\Program Files (x86)\Microchip\xc8\v1.35\sources\common\fttol.c estimated size: 325

