Microchip MPLAB XC8 Compiler V1.34 ()

Linker command line:

--edf=C:\Program Files (x86)\Microchip\xc8\v1.34\dat\en_msgs.txt -cs \
  -h+dist/LazySwitch_PIC18f24J10/production\PIC_LazySwitch.production.sym \
  --cmf=dist/LazySwitch_PIC18f24J10/production\PIC_LazySwitch.production.cmf \
  -z -Q18F24J10 -oC:\Users\DWHITF~1\AppData\Local\Temp\sar8.6 \
  -Mdist/LazySwitch_PIC18f24J10/production/PIC_LazySwitch.production.map \
  -E1 -ver=XC8 -ASTACK=01A0h-01ffh -pstack=STACK \
  -p_RF_SavedTiming_const=2500h -p_FlashWaste_const=2600h \
  -p_IR_SavedTiming_const=2400h -ACODE=00h-03FF7h -ACONST=00h-03FF7h \
  -ASMALLCONST=0400h-04FFhx59,03F00h-03FF7h -AMEDIUMCONST=0400h-03FF7h \
  -ACOMRAM=01h-07Fh -AABS1=00h-03FFh -ABIGRAM=01h-03FFh \
  -ARAM=080h-0FFh,0100h-01FFhx3 -ABANK0=080h-0FFh -ABANK1=0100h-01FFh \
  -ABANK2=0200h-02FFh -ABANK3=0300h-03FFh -ASFR=0F80h-0FFFh \
  -preset_vec=00h,intcode=08h,intcodelo=018h,powerup,init,end_init \
  -pramtop=0400h -psmallconst=SMALLCONST -pmediumconst=MEDIUMCONST \
  -pconst=CONST -AFARRAM=00h-00h -ACONFIG=03FF8h-03FFDh -pconfig=CONFIG \
  -pjflash_buffer=03800h \
  -prdata=COMRAM,nvrram=COMRAM,nvbit=COMRAM,rbss=COMRAM,rbit=COMRAM \
  -pfarbss=FARRAM,fardata=FARRAM,nvFARRAM=FARRAM \
  -pintsave_regs=BIGRAM,bigbss=BIGRAM,bigdata=BIGRAM -pbss=RAM \
  -pidata=CODE,irdata=CODE,ibigdata=CODE,ifardata=CODE -pparam0=BANK0 \
  C:\Users\DWHITF~1\AppData\Local\Temp\sar8.obj \
  dist/LazySwitch_PIC18f24J10/production\PIC_LazySwitch.production.obj 

Object code version is 3.11

Machine type is 18F24J10

Call graph: (short form)




                Name                               Link     Load   Length Selector   Space Scale
C:\Users\DWHITF~1\AppData\Local\Temp\sar8.obj
                end_init                            296      296        4        C       0
                reset_vec                             0        0        4        0       0
                config                             3FF8     3FF8        6     3FF8       0
dist/LazySwitch_PIC18f24J10/production\PIC_LazySwitch.production.obj
                intcodelo                            18       18      27E        C       0
                intcode                               8        8       10        4       0
                mediumconst                        2800     2800       44     1400       0
                text118                            1CA0     1CA0       12        C       0
                text117                            1D46     1D46        A        C       0
                text116                            180E     180E       2C        C       0
                text115                            1214     1214       64        C       0
                text114                             F40      F40       8E        C       0
                text113                            10D0     10D0       78        C       0
                text112                             89A      89A       D0        C       0
                text111                            19F8     19F8       1C        C       0
                text110                            1B7E     1B7E       18        C       0
                text109                            1BEA     1BEA       14        C       0
                text108                            1D24     1D24        E        C       0
                text107                            132C     132C       56        C       0
                text106                             B06      B06       C8        C       0
                text105                            1D16     1D16        E        C       0
                text104                            2844     2844      548     1422       0
                text103                             A38      A38       CE        C       0
                text102                             3BA      3BA      120        C       0
                text101                            3D20     3D20      16C     1422       0
                text100                            17E2     17E2       2C        C       0
                text99                             356A     356A      2B8     1422       0
                text98                             1B66     1B66       18        C       0
                text97                             17B6     17B6       2C        C       0
                text96                             1C8E     1C8E       12        C       0
                text95                             1D08     1D08        E        C       0
                text94                             1C7C     1C7C       12        C       0
                intcode_body                       3A34     3A34      180     1422       0
                text92                              C94      C94       C6        C       0
                text91                              5DC      5DC       EC        C       0
                text90                             18FE     18FE       26        C       0
                text89                              4DA      4DA      102        C       0
                text88                             18D8     18D8       26        C       0
                text87                              BCE      BCE       C6        C       0
                text86                             1CB2     1CB2       10        C       0
                text85                             1D3C     1D3C        A        C       0
                text84                             1966     1966       20        C       0
                text83                             13D2     13D2       4A        C       0
                text82                             1056     1056       7A        C       0
                text81                             1278     1278       5E        C       0
                text80                              E0E      E0E       9C        C       0
                text79                             1BAC     1BAC       16        C       0
                text78                             1C6A     1C6A       12        C       0
                text77                             1BD6     1BD6       14        C       0
                text76                             1CFA     1CFA        E        C       0
                text75                             14A8     14A8       40        C       0
                text74                              D5A      D5A       B4        C       0
                text73                             1CEC     1CEC        E        C       0
                text72                             2D8C     2D8C      40C     1422       0
                text71                              EAA      EAA       96        C       0
                text70                             3198     3198      3D2     1422       0
                text69                             1B96     1B96       16        C       0
                text68                             1C58     1C58       12        C       0
                text67                             1BC2     1BC2       14        C       0
                text66                             1C46     1C46       12        C       0
                text65                             18B2     18B2       26        C       0
                text64                             1C34     1C34       12        C       0
                text63                             1CDE     1CDE        E        C       0
                text62                             1C22     1C22       12        C       0
                text61                             183A     183A       2A        C       0
                text60                             1A14     1A14       1A        C       0
                text59                             1640     1640       36        C       0
                text58                             160A     160A       36        C       0
                text57                             1C10     1C10       12        C       0
                text55                             1D6C     1D6C        4        C       0
                text54                             1462     1462       46        C       0
                text53                              29A      29A      120        C       0
                text52                             3BB4     3BB4      16C     1422       0
                text51                             3E8C     3E8C      152     1422       0
                text50                             178A     178A       2C        C       0
                text49                              7B2      7B2       E8        C       0
                text48                             1524     1524       3C        C       0
                text47                             15D2     15D2       38        C       0
                text46                             188C     188C       26        C       0
                text45                             1B4E     1B4E       18        C       0
                text44                             1B36     1B36       18        C       0
                text43                             1864     1864       28        C       0
                text42                             1B1E     1B1E       18        C       0
                text41                             159A     159A       38        C       0
                text40                             1CD0     1CD0        E        C       0
                text39                             1D68     1D68        4        C       0
                text38                             12D6     12D6       56        C       0
                text37                             19DC     19DC       1C        C       0
                text36                             3FDE     3FDE       1A     1422       0
                text35                             1D50     1D50        8        C       0
                text34                             1D64     1D64        4        C       0
                text33                             19C0     19C0       1C        C       0
                text32                             1B06     1B06       18        C       0
                text31                             1560     1560       3A        C       0
                text30                             1AEE     1AEE       18        C       0
                text29                             14E8     14E8       3C        C       0
                text28                             1AD6     1AD6       18        C       0
                text27                             175E     175E       2C        C       0
                text26                             1ABE     1ABE       18        C       0
                text25                             1924     1924       22        C       0
                text24                             1AA6     1AA6       18        C       0
                text23                             1732     1732       2C        C       0
                text22                             1946     1946       20        C       0
                text21                             16A8     16A8       32        C       0
                text20                             1A8E     1A8E       18        C       0
                text19                             19A4     19A4       1C        C       0
                text18                             1A76     1A76       18        C       0
                text17                             1A5E     1A5E       18        C       0
                text16                             1986     1986       1E        C       0
                text15                             1CC2     1CC2        E        C       0
                text14                             1676     1676       32        C       0
                text13                             1706     1706       2C        C       0
                text12                             11B0     11B0       64        C       0
                text11                             1382     1382       50        C       0
                text10                             1A46     1A46       18        C       0
                text9                              1A2E     1A2E       18        C       0
                text8                              1148     1148       68        C       0
                text7                              141C     141C       46        C       0
                text6                               6C8      6C8       EA        C       0
                text5                              1BFE     1BFE       12        C       0
                text4                              1D5E     1D5E        6        C       0
                text3                              16DA     16DA       2C        C       0
                text2                              1D32     1D32        A        C       0
                text1                               96A      96A       CE        C       0
                text0                              3822     3822      212     1422       0
                cstackCOMRAM                          1        1       47        1       1
                cstackBANK0                          80       80       3C       80       1
                cstackBANK1                         180      180       20      100       1
                bssBANK3                            300      300      100      300       1
                bssBANK2                            200      200      100      200       1
                bssBANK1                            100      100       80      100       1
                dataBANK0                            CD       CD        6       80       1
                bssBANK0                             BC       BC       11       80       1
                dataCOMRAM                           5F       5F        1        1       1
                bssCOMRAM                            48       48       17        1       1
                cinit                               FCE      FCE       88        C       0
                _RF_SavedTiming_const              2500     2500      100     1280       0
                _IR_SavedTiming_const              2400     2400      100     1200       0
                _FlashWaste_const                  2600     2600      200     1300       0
                idataBANK0                         1D58     1D58        6        C       0
                idataCOMRAM                        1D70     1D70        1        C       0

TOTAL           Name                               Link     Load   Length     Space
        CLASS   STACK          

        CLASS   CODE           
                end_init                            296      296        4         0
                intcodelo                            18       18      27E         0
                intcode                               8        8       10         0
                reset_vec                             0        0        4         0
                text118                            1CA0     1CA0       12         0
                text117                            1D46     1D46        A         0
                text116                            180E     180E       2C         0
                text115                            1214     1214       64         0
                text114                             F40      F40       8E         0
                text113                            10D0     10D0       78         0
                text112                             89A      89A       D0         0
                text111                            19F8     19F8       1C         0
                text110                            1B7E     1B7E       18         0
                text109                            1BEA     1BEA       14         0
                text108                            1D24     1D24        E         0
                text107                            132C     132C       56         0
                text106                             B06      B06       C8         0
                text105                            1D16     1D16        E         0
                text104                            2844     2844      548         0
                text103                             A38      A38       CE         0
                text102                             3BA      3BA      120         0
                text101                            3D20     3D20      16C         0
                text100                            17E2     17E2       2C         0
                text99                             356A     356A      2B8         0
                text98                             1B66     1B66       18         0
                text97                             17B6     17B6       2C         0
                text96                             1C8E     1C8E       12         0
                text95                             1D08     1D08        E         0
                text94                             1C7C     1C7C       12         0
                intcode_body                       3A34     3A34      180         0
                text92                              C94      C94       C6         0
                text91                              5DC      5DC       EC         0
                text90                             18FE     18FE       26         0
                text89                              4DA      4DA      102         0
                text88                             18D8     18D8       26         0
                text87                              BCE      BCE       C6         0
                text86                             1CB2     1CB2       10         0
                text85                             1D3C     1D3C        A         0
                text84                             1966     1966       20         0
                text83                             13D2     13D2       4A         0
                text82                             1056     1056       7A         0
                text81                             1278     1278       5E         0
                text80                              E0E      E0E       9C         0
                text79                             1BAC     1BAC       16         0
                text78                             1C6A     1C6A       12         0
                text77                             1BD6     1BD6       14         0
                text76                             1CFA     1CFA        E         0
                text75                             14A8     14A8       40         0
                text74                              D5A      D5A       B4         0
                text73                             1CEC     1CEC        E         0
                text72                             2D8C     2D8C      40C         0
                text71                              EAA      EAA       96         0
                text70                             3198     3198      3D2         0
                text69                             1B96     1B96       16         0
                text68                             1C58     1C58       12         0
                text67                             1BC2     1BC2       14         0
                text66                             1C46     1C46       12         0
                text65                             18B2     18B2       26         0
                text64                             1C34     1C34       12         0
                text63                             1CDE     1CDE        E         0
                text62                             1C22     1C22       12         0
                text61                             183A     183A       2A         0
                text60                             1A14     1A14       1A         0
                text59                             1640     1640       36         0
                text58                             160A     160A       36         0
                text57                             1C10     1C10       12         0
                text55                             1D6C     1D6C        4         0
                text54                             1462     1462       46         0
                text53                              29A      29A      120         0
                text52                             3BB4     3BB4      16C         0
                text51                             3E8C     3E8C      152         0
                text50                             178A     178A       2C         0
                text49                              7B2      7B2       E8         0
                text48                             1524     1524       3C         0
                text47                             15D2     15D2       38         0
                text46                             188C     188C       26         0
                text45                             1B4E     1B4E       18         0
                text44                             1B36     1B36       18         0
                text43                             1864     1864       28         0
                text42                             1B1E     1B1E       18         0
                text41                             159A     159A       38         0
                text40                             1CD0     1CD0        E         0
                text39                             1D68     1D68        4         0
                text38                             12D6     12D6       56         0
                text37                             19DC     19DC       1C         0
                text36                             3FDE     3FDE       1A         0
                text35                             1D50     1D50        8         0
                text34                             1D64     1D64        4         0
                text33                             19C0     19C0       1C         0
                text32                             1B06     1B06       18         0
                text31                             1560     1560       3A         0
                text30                             1AEE     1AEE       18         0
                text29                             14E8     14E8       3C         0
                text28                             1AD6     1AD6       18         0
                text27                             175E     175E       2C         0
                text26                             1ABE     1ABE       18         0
                text25                             1924     1924       22         0
                text24                             1AA6     1AA6       18         0
                text23                             1732     1732       2C         0
                text22                             1946     1946       20         0
                text21                             16A8     16A8       32         0
                text20                             1A8E     1A8E       18         0
                text19                             19A4     19A4       1C         0
                text18                             1A76     1A76       18         0
                text17                             1A5E     1A5E       18         0
                text16                             1986     1986       1E         0
                text15                             1CC2     1CC2        E         0
                text14                             1676     1676       32         0
                text13                             1706     1706       2C         0
                text12                             11B0     11B0       64         0
                text11                             1382     1382       50         0
                text10                             1A46     1A46       18         0
                text9                              1A2E     1A2E       18         0
                text8                              1148     1148       68         0
                text7                              141C     141C       46         0
                text6                               6C8      6C8       EA         0
                text5                              1BFE     1BFE       12         0
                text4                              1D5E     1D5E        6         0
                text3                              16DA     16DA       2C         0
                text2                              1D32     1D32        A         0
                text1                               96A      96A       CE         0
                text0                              3822     3822      212         0
                cinit                               FCE      FCE       88         0
                _RF_SavedTiming_const              2500     2500      100         0
                _IR_SavedTiming_const              2400     2400      100         0
                _FlashWaste_const                  2600     2600      200         0
                idataBANK0                         1D58     1D58        6         0
                idataCOMRAM                        1D70     1D70        1         0

        CLASS   CONST          

        CLASS   SMALLCONST     

        CLASS   MEDIUMCONST    
                mediumconst                        2800     2800       44         0

        CLASS   COMRAM         
                cstackCOMRAM                          1        1       47         1
                dataCOMRAM                           5F       5F        1         1
                bssCOMRAM                            48       48       17         1

        CLASS   ABS1           

        CLASS   BIGRAM         

        CLASS   RAM            

        CLASS   BANK0          
                cstackBANK0                          80       80       3C         1
                dataBANK0                            CD       CD        6         1
                bssBANK0                             BC       BC       11         1

        CLASS   BANK1          
                cstackBANK1                         180      180       20         1
                bssBANK1                            100      100       80         1

        CLASS   BANK2          
                bssBANK2                            200      200      100         1

        CLASS   BANK3          
                bssBANK3                            300      300      100         1

        CLASS   SFR            

        CLASS   FARRAM         

        CLASS   CONFIG         
                config                             3FF8     3FF8        6         0

        CLASS   IDLOC          



SEGMENTS        Name                           Load    Length   Top    Selector   Space  Class

                reset_vec                      000000  000004  000004         0       0  CODE    
                cstackCOMRAM                   000001  00005F  000060         1       1  COMRAM  
                intcode                        000008  000010  000018         4       0  CODE    
                intcodelo                      000018  001D59  001D71         C       0  CODE    
                cstackBANK0                    000080  000053  0000D3        80       1  BANK0   
                bssBANK1                       000100  0000A0  0001A0       100       1  BANK1   
                bssBANK2                       000200  000100  000300       200       1  BANK2   
                bssBANK3                       000300  000100  000400       300       1  BANK3   
                _IR_SavedTiming_const          002400  000100  002500      1200       0  CODE    
                _RF_SavedTiming_const          002500  000100  002600      1280       0  CODE    
                _FlashWaste_const              002600  000200  002800      1300       0  CODE    
                mediumconst                    002800  000044  002844      1400       0  MEDIUMCO
                text104                        002844  0017B4  003FF8      1422       0  CODE    
                config                         003FF8  000006  003FFE      3FF8       0  CONFIG  


UNUSED ADDRESS RANGES

        Name                Unused          Largest block    Delta
        BANK0            000D3-000FF              2D
        BANK1            001A0-001FF              60
        BIGRAM           00060-0007F              20
                         000D3-000FF              2D
                         001A0-001FF              60
        CODE             00004-00007               4
                         01D71-023FF             68F
        COMRAM           00060-0007F              20
        CONST            00004-00007               4
                         01D71-023FF             68F
        MEDIUMCONST      01D71-023FF             68F
        RAM              000D3-000FF              2D
                         001A0-001FF              60
        SFR              00F80-00FFF              80
        SMALLCONST       01D71-023FF             100
        STACK            001A0-001FF              60

                                  Symbol Table

?___ftdiv                            cstackCOMRAM          0000C
?___ftmul                            cstackBANK1           0018B
?___ftpack                           cstackBANK1           00180
?___fttol                            cstackBANK1           00180
?___lwtoft                           cstackBANK1           00188
?i1___ftmul                          cstackCOMRAM          0001B
?i1___ftpack                         cstackCOMRAM          00001
?i1___lwtoft                         cstackCOMRAM          00009
?i2___ftmul                          cstackBANK0           0008B
?i2___ftpack                         cstackBANK0           00080
?i2___lwtoft                         cstackBANK0           00088
ADC_CalculateVoltage@ADCcounts       cstackCOMRAM          0002A
ADC_CalculateVoltage@Voltage         cstackCOMRAM          0002C
ADC_ConversionInt@state              cstackBANK1           00180
ADC_Module@state                     cstackBANK1           00180
BUT_IR_PinChangeInt@state            cstackBANK1           00180
BUT_ReadButton@value                 cstackBANK1           00180
FSH_AddressToBlock@Address           cstackCOMRAM          00001
FSH_EraseBlock@Address               cstackCOMRAM          0000E
FSH_EraseBlock@WriteTries            cstackCOMRAM          00014
FSH_EraseBlock@highint               cstackCOMRAM          00012
FSH_EraseBlock@lowint                cstackCOMRAM          00013
FSH_VerifyWriteIntArray@Array        cstackCOMRAM          00004
FSH_VerifyWriteIntArray@ConstArray   cstackCOMRAM          00001
FSH_VerifyWriteIntArray@i            cstackCOMRAM          0000B
FSH_WriteIntArray@Array              cstackCOMRAM          00005
FSH_WriteIntArray@i                  cstackCOMRAM          0000D
FSH_Write_IR_RF@FlashWasteindex      cstackCOMRAM          0001D
FSH_Write_IR_RF@WriteTries           cstackCOMRAM          00023
FSH_Write_IR_RF@highint              cstackCOMRAM          0001B
FSH_Write_IR_RF@i                    cstackCOMRAM          00021
FSH_Write_IR_RF@j                    cstackCOMRAM          0001F
FSH_Write_IR_RF@lowint               cstackCOMRAM          0001C
FSH_Write_IR_RF@status               cstackCOMRAM          00020
IR_CalculateCodesize@i               cstackBANK1           00180
IR_CheckCode@High                    cstackCOMRAM          0002F
IR_CheckCode@Low                     cstackCOMRAM          0002C
IR_CheckCode@i                       cstackCOMRAM          00032
IR_LoadCode@High                     cstackBANK1           0019D
IR_LoadCode@Low                      cstackBANK1           0019A
IR_ReadReceiver@value                cstackBANK1           00180
LDO_Pass@state                       cstackBANK1           00180
MSC_BlinkLED@blink                   cstackBANK1           0018D
MSC_BlinkLED@i                       cstackBANK1           00193
MSC_BlinkLED@speed                   cstackBANK1           0018F
MSC_BufferCopyIntConst@count         cstackCOMRAM          0000C
MSC_BufferCopyIntConst@from          cstackCOMRAM          00007
MSC_BufferCopyIntConst@i             cstackCOMRAM          00010
MSC_BufferCopyIntConst@shift         cstackCOMRAM          0000E
MSC_BufferCopyIntConst@to            cstackCOMRAM          0000A
MSC_CleanBufferInt@count             cstackBANK1           00182
MSC_CleanBufferInt@data              cstackBANK1           00180
MSC_CleanBufferInt@i                 cstackBANK1           00184
MSC_DelayMS@US                       cstackBANK1           00184
MSC_DelayMS@i                        cstackBANK1           00189
MSC_DelayNOP@NOPs                    cstackBANK1           00180
MSC_DelayNOP@i                       cstackBANK1           00182
MTR_IN1@state                        cstackBANK1           00180
MTR_IN2@state                        cstackBANK1           00180
RF_CalculateCodesize@i               cstackBANK1           00180
RF_CheckCode@High                    cstackBANK0           000A8
RF_CheckCode@Low                     cstackBANK0           000A5
RF_CheckCode@i                       cstackBANK0           000AB
RF_DataInt@state                     cstackBANK1           00180
RF_LoadCode@High                     cstackBANK1           0019D
RF_LoadCode@Low                      cstackBANK1           0019A
RF_Receiver@state                    cstackBANK1           00180
RF_SetBandwidth@band                 cstackBANK1           00180
RF_SetSquelch@state                  cstackBANK1           00180
TMR_ResetTimer0@TimerOn              cstackBANK1           00181
TMR_ResetTimer1@TimerOn              cstackBANK1           00181
TMR_ResetTimer2@TimerOn              cstackCOMRAM          00002
TMR_Timer0@state                     cstackBANK1           00180
TMR_Timer0Int@state                  cstackBANK1           00180
TMR_Timer1@state                     cstackBANK1           00180
TMR_Timer1Function@mode              cstackBANK1           00182
TMR_Timer1Int@state                  cstackBANK1           00180
TMR_Timer1Osc@state                  cstackBANK1           00180
TMR_Timer2@state                     cstackBANK1           00180
TMR_Timer2Int@state                  cstackBANK1           00180
TMR_Timer2Start@time                 cstackCOMRAM          00003
_ADCON0bits                          (abs)                 00FC2
_ADCON1bits                          (abs)                 00FC1
_ADCON2bits                          (abs)                 00FC0
_ADC_CalculateVoltage                text87                00BCE
_ADC_ChangeChannel                   text46                0188C
_ADC_ConversionInt                   text45                01B4E
_ADC_CurrentSource                   dataCOMRAM            0005F
_ADC_Module                          text44                01B36
_ADC_SampleCount                     bssBANK0              000BC
_ADC_Start                           text55                01D6C
_ADRESH                              (abs)                 00FC4
_ADRESL                              (abs)                 00FC3
_Activity_Timer                      bssCOMRAM             00048
_BUT_IR_PinChangeInt                 text42                01B1E
_BUT_ReadButton                      text41                0159A
_ButtonChange                        bssCOMRAM             00059
_ButtonValue_prev                    bssBANK0              000C2
_Button_Data                         bssBANK0              000C3
_DC_Motor                            bssBANK0              000C4
_EECON1bits                          (abs)                 00FA6
_FSH_AddressToBlock                  text86                01CB2
_FSH_EraseBlock                      text82                01056
_FSH_Sequence                        text85                01D3C
_FSH_VerifyWriteIntArray             text81                01278
_FSH_WriteIntArray                   text80                00E0E
_FSH_Write_IR_RF                     text72                02D8C
_FlashBuffer                         bssBANK1              00100
_FlashWaste                          _FlashWaste_const     02600
_FlashWaste_absconstaddr             (abs)                 02600
_Flash_Status                        bssBANK0              000C5
_INTCON2bits                         (abs)                 00FF1
_INTCON3bits                         (abs)                 00FF0
_INTCONbits                          (abs)                 00FF2
_IPR1bits                            (abs)                 00F9F
_IRChange                            bssCOMRAM             0005A
_IRStarted                           bssCOMRAM             0005B
_IRValue_prev                        bssBANK0              000C6
_IR_CalculateCodesize                text54                01462
_IR_CheckCode                        text70                03198
_IR_CleanBuffer                      text69                01B96
_IR_CodeSize                         bssCOMRAM             0005C
_IR_Data                             bssBANK0              000C7
_IR_DataPlace                        bssCOMRAM             0005D
_IR_DataTiming                       bssBANK2              00200
_IR_LoadCode                         text49                007B2
_IR_ReadReceiver                     text47                015D2
_IR_ResetData                        text76                01CFA
_IR_Saved                            dataBANK0             000D0
_IR_SavedTiming                      _IR_SavedTiming_const 02400
_IR_SavedTiming_absconstaddr         (abs)                 02400
_IR_SyncHigh                         bssCOMRAM             0004F
_IR_SyncLow                          bssCOMRAM             00051
_InitADC                             text43                01864
_InitButton                          text40                01CD0
_InitFlash                           text39                01D68
_InitIR                              text37                019DC
_InitLDO                             text35                01D50
_InitMOTOR                           text34                01D64
_InitRF                              text29                014E8
_InitTimer0                          text25                01924
_InitTimer1                          text19                019A4
_InitTimer2                          text16                01986
_InitTimers                          text15                01CC2
_Init_App                            text48                01524
_Init_System                         text14                01676
_LATA                                (abs)                 00F89
_LATB                                (abs)                 00F8A
_LATC                                (abs)                 00F8B
_LDO_Pass                            text36                03FDE
_MSC_BlinkLED                        text11                01382
_MSC_BufferCopyIntConst              text74                00D5A
_MSC_CleanBufferInt                  text38                012D6
_MSC_DelayMS                         text12                011B0
_MSC_DelayNOP                        text13                01706
_MTR_IN1                             text10                01A46
_MTR_IN2                             text9                 01A2E
_MTR_Rotate                          text8                 01148
_OSCCON                              (abs)                 00FD3
_OSCCONbits                          (abs)                 00FD3
_OSCTUNEbits                         (abs)                 00F9B
_PCB_Version                         mediumconst           02801
_PIE1bits                            (abs)                 00F9D
_PIR1bits                            (abs)                 00F9E
_PORTB                               (abs)                 00F81
_PR2                                 (abs)                 00FCB
_RCONbits                            (abs)                 00FD0
_RFStarted                           bssBANK0              000C8
_RF_CalculateCodesize                text7                 0141C
_RF_CheckCode                        text99                0356A
_RF_CodeSize                         bssBANK0              000C9
_RF_Data                             bssBANK0              000CA
_RF_DataInt                          text33                019C0
_RF_DataPlace                        bssBANK0              000CB
_RF_DataTiming                       bssBANK3              00300
_RF_Disable                          text67                01BC2
_RF_Enable                           text77                01BD6
_RF_LoadCode                         text6                 006C8
_RF_Receiver                         text32                01B06
_RF_ResetData                        text73                01CEC
_RF_Saved                            dataBANK0             000D1
_RF_SavedTiming                      _RF_SavedTiming_const 02500
_RF_SavedTiming_absconstaddr         (abs)                 02500
_RF_SetBandwidth                     text31                01560
_RF_SetSquelch                       text30                01AEE
_RF_SyncHigh                         bssBANK0              000BE
_RF_SyncLow                          bssBANK0              000C0
_Rail_RSSI                           bssCOMRAM             0004C
_Rail_VIN                            dataBANK0             000CD
_SYS_ActivityTimer                   text3                 016DA
_SYS_ActivityTimerReset              text5                 01BFE
_SYS_ConfigureOscillator             text2                 01D32
_SYS_Sleep                           text4                 01D5E
_System_State                        dataBANK0             000D2
_System_State_Change                 bssBANK0              000CC
_T0CONbits                           (abs)                 00FD5
_T1CONbits                           (abs)                 00FCD
_T2CONbits                           (abs)                 00FCA
_TABLAT                              (abs)                 00FF5
_TBLPTRH                             (abs)                 00FF7
_TBLPTRL                             (abs)                 00FF6
_TBLPTRU                             (abs)                 00FF8
_TMR0H                               (abs)                 00FD7
_TMR0L                               (abs)                 00FD6
_TMR1H                               (abs)                 00FCF
_TMR1L                               (abs)                 00FCE
_TMR2                                (abs)                 00FCC
_TMR_ResetTimer0                     text27                0175E
_TMR_ResetTimer1                     text23                01732
_TMR_ResetTimer2                     text61                0183A
_TMR_Timer0                          text28                01AD6
_TMR_Timer0Int                       text26                01ABE
_TMR_Timer0Start                     text96                01C8E
_TMR_Timer0Status                    text95                01D08
_TMR_Timer1                          text24                01AA6
_TMR_Timer1Function                  text21                016A8
_TMR_Timer1Int                       text20                01A8E
_TMR_Timer1Osc                       text22                01946
_TMR_Timer1Start                     text64                01C34
_TMR_Timer1Status                    text63                01CDE
_TMR_Timer2                          text18                01A76
_TMR_Timer2Int                       text17                01A5E
_TMR_Timer2Start                     text60                01A14
_TRISAbits                           (abs)                 00F92
_TRISBbits                           (abs)                 00F93
_TRISCbits                           (abs)                 00F94
_Timer2Post                          bssCOMRAM             00053
_Timer2PostCount                     bssCOMRAM             00055
_Timer2Use                           bssCOMRAM             0005E
__CFG_CCP2MX$DEFAULT                 (abs)                 00000
__CFG_CP0$OFF                        (abs)                 00000
__CFG_FCMEN$OFF                      (abs)                 00000
__CFG_FOSC$HSPLL                     (abs)                 00000
__CFG_FOSC2$ON                       (abs)                 00000
__CFG_IESO$OFF                       (abs)                 00000
__CFG_STVREN$ON                      (abs)                 00000
__CFG_WDTEN$OFF                      (abs)                 00000
__CFG_WDTPS$32768                    (abs)                 00000
__CFG_XINST$OFF                      (abs)                 00000
__HRAM                               (abs)                 00000
__H_FlashWaste_const                 _FlashWaste_const     02800
__H_IR_SavedTiming_const             _IR_SavedTiming_const 02500
__H_RF_SavedTiming_const             _RF_SavedTiming_const 02600
__Habs1                              abs1                  00000
__Hbank0                             bank0                 00000
__Hbank1                             bank1                 00000
__Hbank2                             bank2                 00000
__Hbank3                             bank3                 00000
__Hbigbss                            bigbss                00000
__Hbigdata                           bigdata               00000
__Hbigram                            bigram                00000
__Hbss                               bss                   00000
__HbssBANK0                          bssBANK0              00000
__HbssBANK1                          bssBANK1              00000
__HbssBANK2                          bssBANK2              00000
__HbssBANK3                          bssBANK3              00000
__HbssCOMRAM                         bssCOMRAM             00000
__Hcinit                             cinit                 00000
__Hclrtext                           clrtext               00000
__Hcomram                            comram                00000
__Hconfig                            config                03FFE
__Hconst                             const                 00000
__HcstackBANK0                       cstackBANK0           00000
__HcstackBANK1                       cstackBANK1           00000
__HcstackCOMRAM                      cstackCOMRAM          00000
__Hdata                              data                  00000
__HdataBANK0                         dataBANK0             00000
__HdataCOMRAM                        dataCOMRAM            00000
__Hend_init                          end_init              0029A
__Hfarbss                            farbss                00000
__Hfardata                           fardata               00000
__Hibigdata                          ibigdata              00000
__Hidata                             idata                 00000
__HidataBANK0                        idataBANK0            00000
__HidataCOMRAM                       idataCOMRAM           00000
__Hidloc                             idloc                 00000
__Hifardata                          ifardata              00000
__Hinit                              init                  00296
__Hintcode                           intcode               00018
__Hintcode_body                      intcode_body          00000
__Hintcodelo                         intcodelo             00296
__Hintentry                          intentry              00000
__Hintret                            intret                00000
__Hintsave_regs                      intsave_regs          00000
__Hirdata                            irdata                00000
__Hjflash_buffer                     jflash_buffer         03800
__Hmediumconst                       mediumconst           02844
__HnvFARRAM                          nvFARRAM              00000
__Hnvbit                             nvbit                 00000
__Hnvrram                            nvrram                00000
__Hparam                             param0                00000
__Hparam0                            param0                00000
__Hpowerup                           powerup               00296
__Hram                               ram                   00000
__Hramtop                            ramtop                00400
__Hrbit                              rbit                  00000
__Hrbss                              rbss                  00000
__Hrdata                             rdata                 00000
__Hreset_vec                         reset_vec             00004
__Hsfr                               sfr                   00000
__Hsmallconst                        smallconst            00000
__Hspace_0                           (abs)                 03FFE
__Hspace_1                           (abs)                 00400
__Hspace_2                           (abs)                 00000
__Hstack                             stack                 00000
__Hstruct                            struct                00000
__Htemp                              temp                  00000
__Htext                              text                  00000
__Htext0                             text0                 00000
__Htext1                             text1                 00000
__Htext10                            text10                00000
__Htext100                           text100               00000
__Htext101                           text101               00000
__Htext102                           text102               00000
__Htext103                           text103               00000
__Htext104                           text104               00000
__Htext105                           text105               00000
__Htext106                           text106               00000
__Htext107                           text107               00000
__Htext108                           text108               00000
__Htext109                           text109               00000
__Htext11                            text11                00000
__Htext110                           text110               00000
__Htext111                           text111               00000
__Htext112                           text112               00000
__Htext113                           text113               00000
__Htext114                           text114               00000
__Htext115                           text115               00000
__Htext116                           text116               00000
__Htext117                           text117               00000
__Htext118                           text118               00000
__Htext12                            text12                00000
__Htext13                            text13                00000
__Htext14                            text14                00000
__Htext15                            text15                00000
__Htext16                            text16                00000
__Htext17                            text17                00000
__Htext18                            text18                00000
__Htext19                            text19                00000
__Htext2                             text2                 00000
__Htext20                            text20                00000
__Htext21                            text21                00000
__Htext22                            text22                00000
__Htext23                            text23                00000
__Htext24                            text24                00000
__Htext25                            text25                00000
__Htext26                            text26                00000
__Htext27                            text27                00000
__Htext28                            text28                00000
__Htext29                            text29                00000
__Htext3                             text3                 00000
__Htext30                            text30                00000
__Htext31                            text31                00000
__Htext32                            text32                00000
__Htext33                            text33                00000
__Htext34                            text34                00000
__Htext35                            text35                00000
__Htext36                            text36                00000
__Htext37                            text37                00000
__Htext38                            text38                00000
__Htext39                            text39                00000
__Htext4                             text4                 00000
__Htext40                            text40                00000
__Htext41                            text41                00000
__Htext42                            text42                00000
__Htext43                            text43                00000
__Htext44                            text44                00000
__Htext45                            text45                00000
__Htext46                            text46                00000
__Htext47                            text47                00000
__Htext48                            text48                00000
__Htext49                            text49                00000
__Htext5                             text5                 00000
__Htext50                            text50                00000
__Htext51                            text51                00000
__Htext52                            text52                00000
__Htext53                            text53                00000
__Htext54                            text54                00000
__Htext55                            text55                00000
__Htext57                            text57                00000
__Htext58                            text58                00000
__Htext59                            text59                00000
__Htext6                             text6                 00000
__Htext60                            text60                00000
__Htext61                            text61                00000
__Htext62                            text62                00000
__Htext63                            text63                00000
__Htext64                            text64                00000
__Htext65                            text65                00000
__Htext66                            text66                00000
__Htext67                            text67                00000
__Htext68                            text68                00000
__Htext69                            text69                00000
__Htext7                             text7                 00000
__Htext70                            text70                00000
__Htext71                            text71                00000
__Htext72                            text72                00000
__Htext73                            text73                00000
__Htext74                            text74                00000
__Htext75                            text75                00000
__Htext76                            text76                00000
__Htext77                            text77                00000
__Htext78                            text78                00000
__Htext79                            text79                00000
__Htext8                             text8                 00000
__Htext80                            text80                00000
__Htext81                            text81                00000
__Htext82                            text82                00000
__Htext83                            text83                00000
__Htext84                            text84                00000
__Htext85                            text85                00000
__Htext86                            text86                00000
__Htext87                            text87                00000
__Htext88                            text88                00000
__Htext89                            text89                00000
__Htext9                             text9                 00000
__Htext90                            text90                00000
__Htext91                            text91                00000
__Htext92                            text92                00000
__Htext94                            text94                00000
__Htext95                            text95                00000
__Htext96                            text96                00000
__Htext97                            text97                00000
__Htext98                            text98                00000
__Htext99                            text99                00000
__LRAM                               (abs)                 00001
__L_FlashWaste_const                 _FlashWaste_const     02600
__L_IR_SavedTiming_const             _IR_SavedTiming_const 02400
__L_RF_SavedTiming_const             _RF_SavedTiming_const 02500
__Labs1                              abs1                  00000
__Lbank0                             bank0                 00000
__Lbank1                             bank1                 00000
__Lbank2                             bank2                 00000
__Lbank3                             bank3                 00000
__Lbigbss                            bigbss                00000
__Lbigdata                           bigdata               00000
__Lbigram                            bigram                00000
__Lbss                               bss                   00000
__LbssBANK0                          bssBANK0              00000
__LbssBANK1                          bssBANK1              00000
__LbssBANK2                          bssBANK2              00000
__LbssBANK3                          bssBANK3              00000
__LbssCOMRAM                         bssCOMRAM             00000
__Lcinit                             cinit                 00000
__Lclrtext                           clrtext               00000
__Lcomram                            comram                00000
__Lconfig                            config                03FF8
__Lconst                             const                 00000
__LcstackBANK0                       cstackBANK0           00000
__LcstackBANK1                       cstackBANK1           00000
__LcstackCOMRAM                      cstackCOMRAM          00000
__Ldata                              data                  00000
__LdataBANK0                         dataBANK0             00000
__LdataCOMRAM                        dataCOMRAM            00000
__Lend_init                          end_init              00296
__Lfarbss                            farbss                00000
__Lfardata                           fardata               00000
__Libigdata                          ibigdata              00000
__Lidata                             idata                 00000
__LidataBANK0                        idataBANK0            00000
__LidataCOMRAM                       idataCOMRAM           00000
__Lidloc                             idloc                 00000
__Lifardata                          ifardata              00000
__Linit                              init                  00296
__Lintcode                           intcode               00008
__Lintcode_body                      intcode_body          00000
__Lintcodelo                         intcodelo             00018
__Lintentry                          intentry              00000
__Lintret                            intret                00000
__Lintsave_regs                      intsave_regs          00000
__Lirdata                            irdata                00000
__Ljflash_buffer                     jflash_buffer         03800
__Lmediumconst                       mediumconst           02800
__LnvFARRAM                          nvFARRAM              00000
__Lnvbit                             nvbit                 00000
__Lnvrram                            nvrram                00000
__Lparam                             param0                00000
__Lparam0                            param0                00000
__Lpowerup                           powerup               00296
__Lram                               ram                   00000
__Lramtop                            ramtop                00400
__Lrbit                              rbit                  00000
__Lrbss                              rbss                  00000
__Lrdata                             rdata                 00000
__Lreset_vec                         reset_vec             00000
__Lsfr                               sfr                   00000
__Lsmallconst                        smallconst            00000
__Lspace_0                           (abs)                 00000
__Lspace_1                           (abs)                 00000
__Lspace_2                           (abs)                 00000
__Lstack                             stack                 00000
__Lstruct                            struct                00000
__Ltemp                              temp                  00000
__Ltext                              text                  00000
__Ltext0                             text0                 00000
__Ltext1                             text1                 00000
__Ltext10                            text10                00000
__Ltext100                           text100               00000
__Ltext101                           text101               00000
__Ltext102                           text102               00000
__Ltext103                           text103               00000
__Ltext104                           text104               00000
__Ltext105                           text105               00000
__Ltext106                           text106               00000
__Ltext107                           text107               00000
__Ltext108                           text108               00000
__Ltext109                           text109               00000
__Ltext11                            text11                00000
__Ltext110                           text110               00000
__Ltext111                           text111               00000
__Ltext112                           text112               00000
__Ltext113                           text113               00000
__Ltext114                           text114               00000
__Ltext115                           text115               00000
__Ltext116                           text116               00000
__Ltext117                           text117               00000
__Ltext118                           text118               00000
__Ltext12                            text12                00000
__Ltext13                            text13                00000
__Ltext14                            text14                00000
__Ltext15                            text15                00000
__Ltext16                            text16                00000
__Ltext17                            text17                00000
__Ltext18                            text18                00000
__Ltext19                            text19                00000
__Ltext2                             text2                 00000
__Ltext20                            text20                00000
__Ltext21                            text21                00000
__Ltext22                            text22                00000
__Ltext23                            text23                00000
__Ltext24                            text24                00000
__Ltext25                            text25                00000
__Ltext26                            text26                00000
__Ltext27                            text27                00000
__Ltext28                            text28                00000
__Ltext29                            text29                00000
__Ltext3                             text3                 00000
__Ltext30                            text30                00000
__Ltext31                            text31                00000
__Ltext32                            text32                00000
__Ltext33                            text33                00000
__Ltext34                            text34                00000
__Ltext35                            text35                00000
__Ltext36                            text36                00000
__Ltext37                            text37                00000
__Ltext38                            text38                00000
__Ltext39                            text39                00000
__Ltext4                             text4                 00000
__Ltext40                            text40                00000
__Ltext41                            text41                00000
__Ltext42                            text42                00000
__Ltext43                            text43                00000
__Ltext44                            text44                00000
__Ltext45                            text45                00000
__Ltext46                            text46                00000
__Ltext47                            text47                00000
__Ltext48                            text48                00000
__Ltext49                            text49                00000
__Ltext5                             text5                 00000
__Ltext50                            text50                00000
__Ltext51                            text51                00000
__Ltext52                            text52                00000
__Ltext53                            text53                00000
__Ltext54                            text54                00000
__Ltext55                            text55                00000
__Ltext57                            text57                00000
__Ltext58                            text58                00000
__Ltext59                            text59                00000
__Ltext6                             text6                 00000
__Ltext60                            text60                00000
__Ltext61                            text61                00000
__Ltext62                            text62                00000
__Ltext63                            text63                00000
__Ltext64                            text64                00000
__Ltext65                            text65                00000
__Ltext66                            text66                00000
__Ltext67                            text67                00000
__Ltext68                            text68                00000
__Ltext69                            text69                00000
__Ltext7                             text7                 00000
__Ltext70                            text70                00000
__Ltext71                            text71                00000
__Ltext72                            text72                00000
__Ltext73                            text73                00000
__Ltext74                            text74                00000
__Ltext75                            text75                00000
__Ltext76                            text76                00000
__Ltext77                            text77                00000
__Ltext78                            text78                00000
__Ltext79                            text79                00000
__Ltext8                             text8                 00000
__Ltext80                            text80                00000
__Ltext81                            text81                00000
__Ltext82                            text82                00000
__Ltext83                            text83                00000
__Ltext84                            text84                00000
__Ltext85                            text85                00000
__Ltext86                            text86                00000
__Ltext87                            text87                00000
__Ltext88                            text88                00000
__Ltext89                            text89                00000
__Ltext9                             text9                 00000
__Ltext90                            text90                00000
__Ltext91                            text91                00000
__Ltext92                            text92                00000
__Ltext94                            text94                00000
__Ltext95                            text95                00000
__Ltext96                            text96                00000
__Ltext97                            text97                00000
__Ltext98                            text98                00000
__Ltext99                            text99                00000
__S0                                 (abs)                 03FFE
__S1                                 (abs)                 00400
__S2                                 (abs)                 00000
___extmem_base                       (abs)                 20000
___ftdiv                             text91                005DC
___ftdiv@cntr                        cstackCOMRAM          00015
___ftdiv@exp                         cstackCOMRAM          00019
___ftdiv@f1                          cstackCOMRAM          0000C
___ftdiv@f2                          cstackCOMRAM          0000F
___ftdiv@f3                          cstackCOMRAM          00016
___ftdiv@sign                        cstackCOMRAM          0001A
___ftge                              text1                 0096A
___ftge@ff1                          cstackBANK1           00180
___ftge@ff2                          cstackBANK1           00183
___ftmul                             text52                03BB4
___ftmul@cntr                        cstackBANK1           00198
___ftmul@exp                         cstackBANK1           00194
___ftmul@f1                          cstackBANK1           0018B
___ftmul@f2                          cstackBANK1           0018E
___ftmul@f3_as_product               cstackBANK1           00195
___ftmul@sign                        cstackBANK1           00199
___ftpack                            text53                0029A
___ftpack@arg                        cstackBANK1           00180
___ftpack@exp                        cstackBANK1           00183
___ftpack@sign                       cstackBANK1           00184
___fttol                             text51                03E8C
___fttol@exp1                        cstackBANK1           0018E
___fttol@f1                          cstackBANK1           00180
___fttol@lval                        cstackBANK1           0018A
___fttol@sign1                       cstackBANK1           00189
___inthi_sp                          stack                 00000
___intlo_sp                          stack                 00000
___lwtoft                            text50                0178A
___lwtoft@c                          cstackBANK1           00188
___param_bank                        (abs)                 00000
___rparam_used                       (abs)                 00000
___sp                                stack                 00000
__accesstop                          (abs)                 00080
__activetblptr                       (abs)                 00002
__end_of_ADC_CalculateVoltage        text87                00C94
__end_of_ADC_ChangeChannel           text46                018B2
__end_of_ADC_ConversionInt           text45                01B66
__end_of_ADC_Module                  text44                01B4E
__end_of_ADC_Start                   text55                01D70
__end_of_BUT_IR_PinChangeInt         text42                01B36
__end_of_BUT_ReadButton              text41                015D2
__end_of_FSH_AddressToBlock          text86                01CC2
__end_of_FSH_EraseBlock              text82                010D0
__end_of_FSH_Sequence                text85                01D46
__end_of_FSH_VerifyWriteIntArray     text81                012D6
__end_of_FSH_WriteIntArray           text80                00EAA
__end_of_FSH_Write_IR_RF             text72                03198
__end_of_FlashWaste                  _FlashWaste_const     02800
__end_of_IR_CalculateCodesize        text54                014A8
__end_of_IR_CheckCode                text70                0356A
__end_of_IR_CleanBuffer              text69                01BAC
__end_of_IR_LoadCode                 text49                0089A
__end_of_IR_ReadReceiver             text47                0160A
__end_of_IR_ResetData                text76                01D08
__end_of_IR_SavedTiming              _IR_SavedTiming_const 02500
__end_of_InitADC                     text43                0188C
__end_of_InitButton                  text40                01CDE
__end_of_InitFlash                   text39                01D6C
__end_of_InitIR                      text37                019F8
__end_of_InitLDO                     text35                01D58
__end_of_InitMOTOR                   text34                01D68
__end_of_InitRF                      text29                01524
__end_of_InitTimer0                  text25                01946
__end_of_InitTimer1                  text19                019C0
__end_of_InitTimer2                  text16                019A4
__end_of_InitTimers                  text15                01CD0
__end_of_Init_App                    text48                01560
__end_of_Init_System                 text14                016A8
__end_of_LDO_Pass                    text36                03FF8
__end_of_MSC_BlinkLED                text11                013D2
__end_of_MSC_BufferCopyIntConst      text74                00E0E
__end_of_MSC_CleanBufferInt          text38                0132C
__end_of_MSC_DelayMS                 text12                01214
__end_of_MSC_DelayNOP                text13                01732
__end_of_MTR_IN1                     text10                01A5E
__end_of_MTR_IN2                     text9                 01A46
__end_of_MTR_Rotate                  text8                 011B0
__end_of_PCB_Version                 mediumconst           0280A
__end_of_RF_CalculateCodesize        text7                 01462
__end_of_RF_CheckCode                text99                03822
__end_of_RF_DataInt                  text33                019DC
__end_of_RF_Disable                  text67                01BD6
__end_of_RF_Enable                   text77                01BEA
__end_of_RF_LoadCode                 text6                 007B2
__end_of_RF_Receiver                 text32                01B1E
__end_of_RF_ResetData                text73                01CFA
__end_of_RF_SavedTiming              _RF_SavedTiming_const 02600
__end_of_RF_SetBandwidth             text31                0159A
__end_of_RF_SetSquelch               text30                01B06
__end_of_SYS_ActivityTimer           text3                 01706
__end_of_SYS_ActivityTimerReset      text5                 01C10
__end_of_SYS_ConfigureOscillator     text2                 01D3C
__end_of_SYS_Sleep                   text4                 01D64
__end_of_TMR_ResetTimer0             text27                0178A
__end_of_TMR_ResetTimer1             text23                0175E
__end_of_TMR_ResetTimer2             text61                01864
__end_of_TMR_Timer0                  text28                01AEE
__end_of_TMR_Timer0Int               text26                01AD6
__end_of_TMR_Timer0Start             text96                01CA0
__end_of_TMR_Timer0Status            text95                01D16
__end_of_TMR_Timer1                  text24                01ABE
__end_of_TMR_Timer1Function          text21                016DA
__end_of_TMR_Timer1Int               text20                01AA6
__end_of_TMR_Timer1Osc               text22                01966
__end_of_TMR_Timer1Start             text64                01C46
__end_of_TMR_Timer1Status            text63                01CEC
__end_of_TMR_Timer2                  text18                01A8E
__end_of_TMR_Timer2Int               text17                01A76
__end_of_TMR_Timer2Start             text60                01A2E
__end_of___ftdiv                     text91                006C8
__end_of___ftge                      text1                 00A38
__end_of___ftmul                     text52                03D20
__end_of___ftpack                    text53                003BA
__end_of___fttol                     text51                03FDE
__end_of___lwtoft                    text50                017B6
__end_of__initialization             cinit                 0104C
__end_of_high_isr                    intcode_body          03BB4
__end_of_low_isr                     intcodelo             00296
__end_of_main                        text0                 03A34
__end_ofexp@coeff                    mediumconst           02828
__end_ofi1_ADC_ChangeChannel         text90                01924
__end_ofi1_BUT_ReadButton            text59                01676
__end_ofi1_IR_ReadReceiver           text58                01640
__end_ofi1_MSC_CleanBufferInt        text75                014E8
__end_ofi1_MSC_DelayMS               text83                0141C
__end_ofi1_MSC_DelayNOP              text84                01986
__end_ofi1_RF_DataInt                text79                01BC2
__end_ofi1_SYS_ActivityTimerReset    text57                01C22
__end_ofi1_TMR_ResetTimer1           text65                018D8
__end_ofi1_TMR_Timer0                text68                01C6A
__end_ofi1_TMR_Timer0Int             text78                01C7C
__end_ofi1_TMR_Timer1                text66                01C58
__end_ofi1_TMR_Timer2                text62                01C34
__end_ofi1___ftge                    text71                00F40
__end_ofi1___ftmul                   text89                005DC
__end_ofi1___ftpack                  text92                00D5A
__end_ofi1___lwtoft                  text88                018FE
__end_ofi2_FSH_AddressToBlock        text118               01CB2
__end_ofi2_FSH_EraseBlock            text114               00FCE
__end_ofi2_FSH_Sequence              text117               01D50
__end_ofi2_FSH_VerifyWriteIntArray   text113               01148
__end_ofi2_FSH_WriteIntArray         text112               0096A
__end_ofi2_FSH_Write_IR_RF           text104               02D8C
__end_ofi2_IR_ResetData              text108               01D32
__end_ofi2_MSC_BufferCopyIntConst    text106               00BCE
__end_ofi2_MSC_CleanBufferInt        text107               01382
__end_ofi2_MSC_DelayMS               text115               01278
__end_ofi2_MSC_DelayNOP              text116               0183A
__end_ofi2_RF_DataInt                text111               01A14
__end_ofi2_RF_Enable                 text109               01BFE
__end_ofi2_RF_ResetData              text105               01D24
__end_ofi2_SYS_ActivityTimerReset    text94                01C8E
__end_ofi2_TMR_ResetTimer0           text97                017E2
__end_ofi2_TMR_Timer0                text98                01B7E
__end_ofi2_TMR_Timer0Int             text110               01B96
__end_ofi2___ftge                    text103               00B06
__end_ofi2___ftmul                   text101               03E8C
__end_ofi2___ftpack                  text102               004DA
__end_ofi2___lwtoft                  text100               0180E
__end_oflog@coeff                    mediumconst           02843
__initialization                     cinit                 00FCE
__mediumconst                        mediumconst           02800
[...]
		wreg, fsr2l, fsr2h, status,2, status,0, tblptrl, tblptrh, tblptru, cstack
 Tracked objects:
		On entry : 
		On exit  : 
		Unchanged: 
 Data sizes:     COMRAM   BANK0   BANK1   BANK2   BANK3
      Params:         0       9       0       0       0
      Locals:         0       2       0       0       0
      Temps:          0       0       0       0       0
      Totals:         0      11       0       0       0
Total ram usage:       11 bytes
 Hardware stack levels used:    1
 Hardware stack levels required when called:    1
 This function calls:
		i2_MSC_CleanBufferInt
 This function is called by:
		i2_FSH_Write_IR_RF
 This function uses a non-reentrant model


 *************** function i2_MSC_CleanBufferInt *****************
 Defined at:
		line 166 in file "MISC.c"
 Parameters:    Size  Location     Type
  data            2    0[BANK0 ] PTR unsigned int 
		 -> IR_DataTiming(256), RF_DataTiming(256), 
  count           2    2[BANK0 ] unsigned int 
 Auto vars:     Size  Location     Type
  MSC_CleanBuf    2    4[BANK0 ] unsigned int 
 Return value:  Size  Location     Type
		None               void
 Registers used:
		wreg, fsr2l, fsr2h, status,2, status,0
 Tracked objects:
		On entry : 
		On exit  : 
		Unchanged: 
 Data sizes:     COMRAM   BANK0   BANK1   BANK2   BANK3
      Params:         0       4       0       0       0
      Locals:         0       2       0       0       0
      Temps:          0       0       0       0       0
      Totals:         0       6       0       0       0
Total ram usage:        6 bytes
 Hardware stack levels used:    1
 This function calls:
		Nothing
 This function is called by:
		i2_MSC_BufferCopyIntConst
 This function uses a non-reentrant model


 *************** function i2_IR_ResetData *****************
 Defined at:
		line 107 in file "IR.c"
 Parameters:    Size  Location     Type
		None
 Auto vars:     Size  Location     Type
		None
 Return value:  Size  Location     Type
		None               void
 Registers used:
		wreg, status,2, cstack
 Tracked objects:
		On entry : 
		On exit  : 
		Unchanged: 
 Data sizes:     COMRAM   BANK0   BANK1   BANK2   BANK3
      Params:         0       0       0       0       0
      Locals:         0       0       0       0       0
      Temps:          0       0       0       0       0
      Totals:         0       0       0       0       0
Total ram usage:        0 bytes
 Hardware stack levels used:    1
 Hardware stack levels required when called:    2
 This function calls:
		i2_RF_Enable
 This function is called by:
		i2_FSH_Write_IR_RF
 This function uses a non-reentrant model


 *************** function i2_RF_Enable *****************
 Defined at:
		line 206 in file "RF.c"
 Parameters:    Size  Location     Type
		None
 Auto vars:     Size  Location     Type
		None
 Return value:  Size  Location     Type
		None               void
 Registers used:
		wreg, status,2, cstack
 Tracked objects:
		On entry : 
		On exit  : 
		Unchanged: 
 Data sizes:     COMRAM   BANK0   BANK1   BANK2   BANK3
      Params:         0       0       0       0       0
      Locals:         0       0       0       0       0
      Temps:          0       0       0       0       0
      Totals:         0       0       0       0       0
Total ram usage:        0 bytes
 Hardware stack levels used:    1
 Hardware stack levels required when called:    1
 This function calls:
		i2_RF_DataInt
		i2_TMR_Timer0Int
 This function is called by:
		i2_IR_ResetData
 This function uses a non-reentrant model


 *************** function i2_TMR_Timer0Int *****************
 Defined at:
		line 208 in file "TIMERS.c"
 Parameters:    Size  Location     Type
  state           1    wreg     unsigned char 
 Auto vars:     Size  Location     Type
  state           1    0[BANK0 ] unsigned char 
 Return value:  Size  Location     Type
		None               void
 Registers used:
		wreg, status,2
 Tracked objects:
		On entry : 
		On exit  : 
		Unchanged: 
 Data sizes:     COMRAM   BANK0   BANK1   BANK2   BANK3
      Params:         0       0       0       0       0
      Locals:         0       1       0       0       0
      Temps:          0       0       0       0       0
      Totals:         0       1       0       0       0
Total ram usage:        1 bytes
 Hardware stack levels used:    1
 This function calls:
		Nothing
 This function is called by:
		i2_RF_Enable
 This function uses a non-reentrant model


 *************** function i2_RF_DataInt *****************
 Defined at:
		line 78 in file "RF.c"
 Parameters:    Size  Location     Type
  state           1    wreg     unsigned char 
 Auto vars:     Size  Location     Type
  state           1    0[BANK0 ] unsigned char 
 Return value:  Size  Location     Type
		None               void
 Registers used:
		wreg, status,2
 Tracked objects:
		On entry : 
		On exit  : 
		Unchanged: 
 Data sizes:     COMRAM   BANK0   BANK1   BANK2   BANK3
      Params:         0       0       0       0       0
      Locals:         0       1       0       0       0
      Temps:          0       0       0       0       0
      Totals:         0       1       0       0       0
Total ram usage:        1 bytes
 Hardware stack levels used:    1
 This function calls:
		Nothing
 This function is called by:
		i2_RF_Enable
 This function uses a non-reentrant model


 *************** function i2_FSH_WriteIntArray *****************
 Defined at:
		line 135 in file "FLASH.c"
 Parameters:    Size  Location     Type
  Array           3    4[BANK0 ] PTR unsigned int 
		 -> IR_SavedTiming(256), RF_SavedTiming(256), 
 Auto vars:     Size  Location     Type
  FSH_WriteInt    1   12[BANK0 ] unsigned char 
 Return value:  Size  Location     Type
		None               void
 Registers used:
		wreg, status,2, status,0, tblptrl, tblptrh, tblptru, prodl, prodh, cstack
 Tracked objects:
		On entry : 
		On exit  : 
		Unchanged: 
 Data sizes:     COMRAM   BANK0   BANK1   BANK2   BANK3
      Params:         0       3       0       0       0
      Locals:         0       1       0       0       0
      Temps:          0       5       0       0       0
      Totals:         0       9       0       0       0
Total ram usage:        9 bytes
 Hardware stack levels used:    1
 Hardware stack levels required when called:    1
 This function calls:
		i2_FSH_AddressToBlock
		i2_FSH_Sequence
 This function is called by:
		i2_FSH_Write_IR_RF
 This function uses a non-reentrant model


 *************** function i2_FSH_VerifyWriteIntArray *****************
 Defined at:
		line 163 in file "FLASH.c"
 Parameters:    Size  Location     Type
  ConstArray      3    0[BANK0 ] PTR const unsigned int 
		 -> IR_SavedTiming(256), RF_SavedTiming(256), 
  Array           2    3[BANK0 ] PTR unsigned int 
		 -> IR_DataTiming(256), RF_DataTiming(256), 
 Auto vars:     Size  Location     Type
  FSH_VerifyWr    1   10[BANK0 ] unsigned char 
 Return value:  Size  Location     Type
                  1    wreg      unsigned char 
 Registers used:
		wreg, fsr2l, fsr2h, status,2, status,0, tblptrl, tblptrh, tblptru, prodl, prodh
 Tracked objects:
		On entry : 
		On exit  : 
		Unchanged: 
 Data sizes:     COMRAM   BANK0   BANK1   BANK2   BANK3
      Params:         0       5       0       0       0
      Locals:         0       1       0       0       0
      Temps:          0       5       0       0       0
      Totals:         0      11       0       0       0
Total ram usage:       11 bytes
 Hardware stack levels used:    1
 This function calls:
		Nothing
 This function is called by:
		i2_FSH_Write_IR_RF
 This function uses a non-reentrant model


 *************** function i2_FSH_EraseBlock *****************
 Defined at:
		line 86 in file "FLASH.c"
 Parameters:    Size  Location     Type
  Address         4   13[BANK0 ] unsigned long 
 Auto vars:     Size  Location     Type
  FSH_EraseBlo    4    0        unsigned long 
  FSH_EraseBlo    1   19[BANK0 ] unsigned char 
  FSH_EraseBlo    1   18[BANK0 ] unsigned char 
  FSH_EraseBlo    1   17[BANK0 ] unsigned char 
 Return value:  Size  Location     Type
		None               void
 Registers used:
		wreg, status,2, status,0, cstack
 Tracked objects:
		On entry : 
		On exit  : 
		Unchanged: 
 Data sizes:     COMRAM   BANK0   BANK1   BANK2   BANK3
      Params:         0       4       0       0       0
      Locals:         0       3       0       0       0
      Temps:          0       0       0       0       0
      Totals:         0       7       0       0       0
Total ram usage:        7 bytes
 Hardware stack levels used:    1
 Hardware stack levels required when called:    2
 This function calls:
		i2_FSH_AddressToBlock
		i2_FSH_Sequence
		i2_MSC_DelayMS
 This function is called by:
		i2_FSH_Write_IR_RF
 This function uses a non-reentrant model


 *************** function i2_MSC_DelayMS *****************
 Defined at:
		line 47 in file "MISC.c"
 Parameters:    Size  Location     Type
  US              4    4[BANK0 ] long 
 Auto vars:     Size  Location     Type
  MSC_DelayMS     4    9[BANK0 ] long 
 Return value:  Size  Location     Type
		None               void
 Registers used:
		wreg, status,2, status,0, cstack
 Tracked objects:
		On entry : 
		On exit  : 
		Unchanged: 
 Data sizes:     COMRAM   BANK0   BANK1   BANK2   BANK3
      Params:         0       4       0       0       0
      Locals:         0       4       0       0       0
      Temps:          0       1       0       0       0
      Totals:         0       9       0       0       0
Total ram usage:        9 bytes
 Hardware stack levels used:    1
 Hardware stack levels required when called:    1
 This function calls:
		i2_MSC_DelayNOP
 This function is called by:
		i2_FSH_EraseBlock
 This function uses a non-reentrant model


 *************** function i2_MSC_DelayNOP *****************
 Defined at:
		line 62 in file "MISC.c"
 Parameters:    Size  Location     Type
  NOPs            2    0[BANK0 ] unsigned int 
 Auto vars:     Size  Location     Type
  MSC_DelayNOP    2    2[BANK0 ] unsigned int 
 Return value:  Size  Location     Type
		None               void
 Registers used:
		wreg, status,2, status,0
 Tracked objects:
		On entry : 
		On exit  : 
		Unchanged: 
 Data sizes:     COMRAM   BANK0   BANK1   BANK2   BANK3
      Params:         0       2       0       0       0
      Locals:         0       2       0       0       0
      Temps:          0       0       0       0       0
      Totals:         0       4       0       0       0
Total ram usage:        4 bytes
 Hardware stack levels used:    1
 This function calls:
		Nothing
 This function is called by:
		i2_MSC_DelayMS
 This function uses a non-reentrant model


 *************** function i2_FSH_Sequence *****************
 Defined at:
		line 57 in file "FLASH.c"
 Parameters:    Size  Location     Type
		None
 Auto vars:     Size  Location     Type
		None
 Return value:  Size  Location     Type
		None               void
 Registers used:
		None
 Tracked objects:
		On entry : 
		On exit  : 
		Unchanged: 
 Data sizes:     COMRAM   BANK0   BANK1   BANK2   BANK3
      Params:         0       0       0       0       0
      Locals:         0       0       0       0       0
      Temps:          0       0       0       0       0
      Totals:         0       0       0       0       0
Total ram usage:        0 bytes
 Hardware stack levels used:    1
 This function calls:
		Nothing
 This function is called by:
		i2_FSH_EraseBlock
		i2_FSH_WriteIntArray
		i2_FSH_Write_IR_RF
 This function uses a non-reentrant model


 *************** function i2_FSH_AddressToBlock *****************
 Defined at:
		line 464 in file "FLASH.c"
 Parameters:    Size  Location     Type
  Address         4    0[BANK0 ] unsigned long 
 Auto vars:     Size  Location     Type
		None
 Return value:  Size  Location     Type
		None               void
 Registers used:
		wreg, status,2, status,0
 Tracked objects:
		On entry : 
		On exit  : 
		Unchanged: 
 Data sizes:     COMRAM   BANK0   BANK1   BANK2   BANK3
      Params:         0       4       0       0       0
      Locals:         0       0       0       0       0
      Temps:          0       0       0       0       0
      Totals:         0       4       0       0       0
Total ram usage:        4 bytes
 Hardware stack levels used:    1
 This function calls:
		Nothing
 This function is called by:
		i2_FSH_EraseBlock
		i2_FSH_WriteIntArray
		i2_FSH_Write_IR_RF
 This function uses a non-reentrant model



MODULE INFORMATION

Module		Function		Class		Link	Load	Size
C:\Program Files (x86)\Microchip\xc8\v1.34\sources\common\ftge.c
		___ftge        		CODE           	096A	0000	207

C:\Program Files (x86)\Microchip\xc8\v1.34\sources\common\ftge.c estimated size: 207

SYSTEM.c
		_SYS_ConfigureO		CODE           	1D32	0000	11
		_SYS_ActivityTi		CODE           	1BFE	0000	19
		_SYS_Sleep     		CODE           	1D5E	0000	7
		_SYS_ActivityTi		CODE           	16DA	0000	45

SYSTEM.c estimated size: 82

TIMERS.c
		_TMR_Timer1Osc 		CODE           	1946	0000	33
		_TMR_Timer0Int 		CODE           	1ABE	0000	25
		_TMR_Timer1Int 		CODE           	1A8E	0000	25
		_TMR_Timer2Int 		CODE           	1A5E	0000	25
		_TMR_Timer0Stat		CODE           	1D08	0000	15
		_TMR_Timer1Stat		CODE           	1CDE	0000	15
		_InitTimer0    		CODE           	1924	0000	35
		_InitTimer1    		CODE           	19A4	0000	29
		_InitTimer2    		CODE           	1986	0000	31
		_InitTimers    		CODE           	1CC2	0000	15
		_TMR_Timer0Star		CODE           	1C8E	0000	19
		_TMR_Timer1Star		CODE           	1C34	0000	19
		_TMR_Timer2Star		CODE           	1A14	0000	27
		_TMR_Timer1Func		CODE           	16A8	0000	51
		_TMR_ResetTimer		CODE           	175E	0000	45
		_TMR_ResetTimer		CODE           	1732	0000	45
		_TMR_ResetTimer		CODE           	183A	0000	43
		_TMR_Timer0    		CODE           	1AD6	0000	25
		_TMR_Timer1    		CODE           	1AA6	0000	25
		_TMR_Timer2    		CODE           	1A76	0000	25

TIMERS.c estimated size: 572

BUTTON.c
		_InitButton    		CODE           	1CD0	0000	15
		_BUT_ReadButton		CODE           	159A	0000	57
		_BUT_IR_PinChan		CODE           	1B1E	0000	25

BUTTON.c estimated size: 97

MOTOR.c
		_MTR_IN2       		CODE           	1A2E	0000	25
		_MTR_IN1       		CODE           	1A46	0000	25
		_MTR_Rotate    		CODE           	1148	0000	105
		_InitMOTOR     		CODE           	1D64	0000	5

MOTOR.c estimated size: 160

C:\Program Files (x86)\Microchip\xc8\v1.34\sources\common\float.c
		___ftpack      		CODE           	029A	0000	289

C:\Program Files (x86)\Microchip\xc8\v1.34\sources\common\float.c estimated size: 289

RF.c
		_RF_ResetData  		CODE           	1CEC	0000	15
		_RF_CheckCode  		CODE           	356A	0000	697
		_RF_Enable     		CODE           	1BD6	0000	21
		_RF_SetSquelch 		CODE           	1AEE	0000	25
		_RF_LoadCode   		CODE           	06C8	0000	235
		_RF_Receiver   		CODE           	1B06	0000	25
		_RF_DataInt    		CODE           	19C0	0000	29
		_RF_CalculateCo		CODE           	141C	0000	71
		_RF_Disable    		CODE           	1BC2	0000	21
		_InitRF        		CODE           	14E8	0000	61
		_RF_SetBandwidt		CODE           	1560	0000	59

RF.c estimated size: 1259

FLASH.c
		_FSH_VerifyWrit		CODE           	1278	0000	95
		_InitFlash     		CODE           	1D68	0000	5
		_FSH_WriteIntAr		CODE           	0E0E	0000	157
		_FSH_Sequence  		CODE           	1D3C	0000	11
		_FSH_Write_IR_R		CODE           	2D8C	0000	1037
		_FSH_AddressToB		CODE           	1CB2	0000	17
		_FSH_EraseBlock		CODE           	1056	0000	123

FLASH.c estimated size: 1445

C:\Program Files (x86)\Microchip\xc8\v1.34\sources\common\ftmul.c
		___ftmul       		CODE           	3BB4	0000	365

C:\Program Files (x86)\Microchip\xc8\v1.34\sources\common\ftmul.c estimated size: 365

C:\Program Files (x86)\Microchip\xc8\v1.34\sources\common\lwtoft.c
		___lwtoft      		CODE           	178A	0000	45

C:\Program Files (x86)\Microchip\xc8\v1.34\sources\common\lwtoft.c estimated size: 45

C:\Program Files (x86)\Microchip\xc8\v1.34\sources\common\ftdiv.c
		___ftdiv       		CODE           	05DC	0000	237

C:\Program Files (x86)\Microchip\xc8\v1.34\sources\common\ftdiv.c estimated size: 237

shared
		i1_MSC_CleanBuf		CODE           	14A8	0000	65
		i2_RF_Enable   		CODE           	1BEA	0000	21
		i2_MSC_CleanBuf		CODE           	132C	0000	87
		i1_TMR_Timer0In		CODE           	1C6A	0000	19
		i2_TMR_Timer0In		CODE           	1B7E	0000	25
		exp@coeff      		MEDIUMCONST    	0000	0000	0
		i2_IR_ResetData		CODE           	1D24	0000	15
		i1_MSC_DelayMS 		CODE           	13D2	0000	75
		i2_MSC_DelayMS 		CODE           	1214	0000	101
		i1___ftge      		CODE           	0EAA	0000	151
		i2___ftge      		CODE           	0A38	0000	207
		i1_IR_ReadRecei		CODE           	160A	0000	55
		i1___lwtoft    		CODE           	18D8	0000	39
		i2_FSH_Sequence		CODE           	1D46	0000	11
		i2___lwtoft    		CODE           	17E2	0000	45
		i1_MSC_DelayNOP		CODE           	1966	0000	33
		i2_FSH_WriteInt		CODE           	089A	0000	209
		i2_MSC_DelayNOP		CODE           	180E	0000	45
		_PCB_Version   		MEDIUMCONST    	2801	0000	10
		i1___ftmul     		CODE           	04DA	0000	259
		i2___ftmul     		CODE           	3D20	0000	365
		i1_SYS_Activity		CODE           	1C10	0000	19
		i2_SYS_Activity		CODE           	1C7C	0000	19
		i2_FSH_Write_IR		CODE           	2844	0000	1353
		i1___ftpack    		CODE           	0C94	0000	199
		i2_FSH_VerifyWr		CODE           	10D0	0000	121
		i2___ftpack    		CODE           	03BA	0000	289
		__initializatio		CODE           	0FCE	0000	127
		i2_FSH_EraseBlo		CODE           	0F40	0000	143
		i1_TMR_Timer0  		CODE           	1C58	0000	19
		i1_TMR_Timer1  		CODE           	1C46	0000	19
		i1_TMR_Timer2  		CODE           	1C22	0000	19
		i2_RF_ResetData		CODE           	1D16	0000	15
		i2_FSH_AddressT		CODE           	1CA0	0000	19
		i2_TMR_Timer0  		CODE           	1B66	0000	25
		i1_BUT_ReadButt		CODE           	1640	0000	55
		_RF_SavedTiming		CODE           	2500	0000	257
		i1_ADC_ChangeCh		CODE           	18FE	0000	39
		_FlashWaste    		CODE           	2600	0000	513
		i1_RF_DataInt  		CODE           	1BAC	0000	23
		i2_RF_DataInt  		CODE           	19F8	0000	29
		i1_TMR_ResetTim		CODE           	18B2	0000	39
		i2_TMR_ResetTim		CODE           	17B6	0000	45
		log@coeff      		MEDIUMCONST    	0000	0000	0
		_IR_SavedTiming		CODE           	2400	0000	257
		i2_MSC_BufferCo		CODE           	0B06	0000	201

shared estimated size: 5681

ADC.c
		_ADC_CalculateV		CODE           	0BCE	0000	199
		_ADC_Start     		CODE           	1D6C	0000	5
		_InitADC       		CODE           	1864	0000	41
		_ADC_Module    		CODE           	1B36	0000	25
		_ADC_ChangeChan		CODE           	188C	0000	39
		_ADC_Conversion		CODE           	1B4E	0000	25

ADC.c estimated size: 334

MISC.c
		_MSC_BufferCopy		CODE           	0D5A	0000	181
		_MSC_DelayMS   		CODE           	11B0	0000	101
		_MSC_BlinkLED  		CODE           	1382	0000	81
		_MSC_DelayNOP  		CODE           	1706	0000	45
		_MSC_CleanBuffe		CODE           	12D6	0000	87

MISC.c estimated size: 495

USER.c
		_Init_App      		CODE           	1524	0000	61
		_Init_System   		CODE           	1676	0000	51

USER.c estimated size: 112

IR.c
		_IR_ResetData  		CODE           	1CFA	0000	15
		_IR_CheckCode  		CODE           	3198	0000	979
		_InitIR        		CODE           	19DC	0000	29
		_IR_LoadCode   		CODE           	07B2	0000	233
		_IR_CleanBuffer		CODE           	1B96	0000	23
		_IR_ReadReceive		CODE           	15D2	0000	57
		_IR_CalculateCo		CODE           	1462	0000	71

IR.c estimated size: 1407

LDO.c
		_LDO_Pass      		CODE           	3FDE	0000	27
		_InitLDO       		CODE           	1D50	0000	9

LDO.c estimated size: 36

INTERRUPTS.c
		_high_isr      		CODE           	0008	0000	401
		_low_isr       		CODE           	0018	0000	639

INTERRUPTS.c estimated size: 1040

C:\Program Files (x86)\Microchip\xc8\v1.34\sources\common\fttol.c
		___fttol       		CODE           	3E8C	0000	339

C:\Program Files (x86)\Microchip\xc8\v1.34\sources\common\fttol.c estimated size: 339

main.c
		_main          		CODE           	3822	0000	531

main.c estimated size: 531

