Microchip MPLAB XC8 Compiler V1.34 ()

Linker command line:

--edf=C:\Program Files (x86)\Microchip\xc8\v1.34\dat\en_msgs.txt -cs \
  -h+dist/LazySwitch_PIC18f24J10/production\PIC_LazySwitch.production.sym \
  --cmf=dist/LazySwitch_PIC18f24J10/production\PIC_LazySwitch.production.cmf \
  -z -Q18F24J10 -oC:\Users\DWHITF~1\AppData\Local\Temp\s6ss.6 \
  -Mdist/LazySwitch_PIC18f24J10/production/PIC_LazySwitch.production.map \
  -E1 -ver=XC8 -ASTACK=080h-03ffh -pstack=STACK -ACODE=00h-03FF7h \
  -ACONST=00h-03FF7h -ASMALLCONST=0400h-04FFhx59,03F00h-03FF7h \
  -AMEDIUMCONST=0400h-03FF7h -ACOMRAM=01h-07Fh -AABS1=00h-03FFh \
  -ABIGRAM=01h-03FFh -ARAM=080h-0FFh,0100h-01FFhx3 -ABANK0=080h-0FFh \
  -ABANK1=0100h-01FFh -ABANK2=0200h-02FFh -ABANK3=0300h-03FFh \
  -ASFR=0F80h-0FFFh \
  -preset_vec=00h,intcode=08h,intcodelo=018h,powerup,init,end_init \
  -pramtop=0400h -psmallconst=SMALLCONST -pmediumconst=MEDIUMCONST \
  -pconst=CONST -AFARRAM=00h-00h -ACONFIG=03FF8h-03FFDh -pconfig=CONFIG \
  -pjflash_buffer=03800h \
  -prdata=COMRAM,nvrram=COMRAM,nvbit=COMRAM,rbss=COMRAM,rbit=COMRAM \
  -pfarbss=FARRAM,fardata=FARRAM,nvFARRAM=FARRAM \
  -pintsave_regs=BIGRAM,bigbss=BIGRAM,bigdata=BIGRAM -pbss=RAM \
  -pidata=CODE,irdata=CODE,ibigdata=CODE,ifardata=CODE -prparam=COMRAM \
  C:\Users\DWHITF~1\AppData\Local\Temp\s6ss.obj \
  dist/LazySwitch_PIC18f24J10/production\PIC_LazySwitch.production.obj 

Object code version is 3.11

Machine type is 18F24J10

Call graph: (short form)




                Name                               Link     Load   Length Selector   Space Scale
C:\Users\DWHITF~1\AppData\Local\Temp\s6ss.obj
                end_init                             A2       A2        4        C       0
                reset_vec                             0        0        4        0       0
                config                             3FF8     3FF8        6     3FF8       0
dist/LazySwitch_PIC18f24J10/production\PIC_LazySwitch.production.obj
                intcodelo                            18       18       8A        C       0
                intcode                               8        8       10        4       0
                smallconst                          400      400        C      200       0
                intcode_body                        40C      40C       66      206       0
                text3                               472      472       34      206       0
                text2                               4CA      4CA        2      206       0
                text1                               4C6      4C6        4      206       0
                text0                               4A6      4A6       12      206       0
                cstackCOMRAM                          1        1       1F        1       1
                cinit                               4B8      4B8        E      206       0

TOTAL           Name                               Link     Load   Length     Space
        CLASS   STACK          

        CLASS   CODE           
                end_init                             A2       A2        4         0
                intcodelo                            18       18       8A         0
                intcode                               8        8       10         0
                reset_vec                             0        0        4         0
                intcode_body                        40C      40C       66         0
                text3                               472      472       34         0
                text2                               4CA      4CA        2         0
                text1                               4C6      4C6        4         0
                text0                               4A6      4A6       12         0
                cinit                               4B8      4B8        E         0

        CLASS   CONST          

        CLASS   SMALLCONST     
                smallconst                          400      400        C         0

        CLASS   MEDIUMCONST    

        CLASS   COMRAM         
                cstackCOMRAM                          1        1       1F         1

        CLASS   ABS1           

        CLASS   BIGRAM         

        CLASS   RAM            

        CLASS   BANK0          

        CLASS   BANK1          

        CLASS   BANK2          

        CLASS   BANK3          

        CLASS   SFR            

        CLASS   FARRAM         

        CLASS   CONFIG         
                config                             3FF8     3FF8        6         0

        CLASS   IDLOC          



SEGMENTS        Name                           Load    Length   Top    Selector   Space  Class

                reset_vec                      000000  000004  000004         0       0  CODE    
                cstackCOMRAM                   000001  00001F  000020         1       1  COMRAM  
                intcode                        000008  000010  000018         4       0  CODE    
                intcodelo                      000018  00008E  0000A6         C       0  CODE    
                smallconst                     000400  00000C  00040C       200       0  SMALLCON
                intcode_body                   00040C  0000C0  0004CC       206       0  CODE    
                config                         003FF8  000006  003FFE      3FF8       0  CONFIG  


UNUSED ADDRESS RANGES

        Name                Unused          Largest block    Delta
        BANK0            00080-000FF              80
        BANK1            00100-001FF             100
        BANK2            00200-002FF             100
        BANK3            00300-003FF             100
        BIGRAM           00020-003FF             3E0
        CODE             00004-00007               4
                         000A6-003FF             35A
                         004CC-03FF7            3B2C
        COMRAM           00020-0007F              60
        CONST            00004-00007               4
                         000A6-003FF             35A
                         004CC-03FF7            3B2C
        MEDIUMCONST      004CC-03FF7            3B2C
        RAM              00080-003FF             100
        SFR              00F80-00FFF              80
        SMALLCONST       004CC-03FF7             100
        STACK            00080-003FF             380

                                  Symbol Table

_Init_App                         text3         00472
_Init_System                      text2         004CA
_LATA                             (abs)         00F89
_LATB                             (abs)         00F8A
_LATC                             (abs)         00F8B
_PCB_Version                      smallconst    00401
_SYS_ConfigureOscillator          text1         004C6
_TRISAbits                        (abs)         00F92
_TRISBbits                        (abs)         00F93
_TRISCbits                        (abs)         00F94
__CFG_CCP2MX$DEFAULT              (abs)         00000
__CFG_CP0$ON                      (abs)         00000
__CFG_FCMEN$OFF                   (abs)         00000
__CFG_FOSC$HSPLL                  (abs)         00000
__CFG_FOSC2$ON                    (abs)         00000
__CFG_IESO$OFF                    (abs)         00000
__CFG_STVREN$ON                   (abs)         00000
__CFG_WDTEN$OFF                   (abs)         00000
__CFG_WDTPS$32768                 (abs)         00000
__CFG_XINST$ON                    (abs)         00000
__HRAM                            (abs)         00000
__Habs1                           abs1          00000
__Hbank0                          bank0         00000
__Hbank1                          bank1         00000
__Hbank2                          bank2         00000
__Hbank3                          bank3         00000
__Hbigbss                         bigbss        00000
__Hbigdata                        bigdata       00000
__Hbigram                         bigram        00000
__Hbss                            bss           00000
__Hcinit                          cinit         00000
__Hclrtext                        clrtext       00000
__Hcomram                         comram        00000
__Hconfig                         config        03FFE
__Hconst                          const         00000
__HcstackCOMRAM                   cstackCOMRAM  00000
__Hdata                           data          00000
__Hend_init                       end_init      000A6
__Hfarbss                         farbss        00000
__Hfardata                        fardata       00000
__Hibigdata                       ibigdata      00000
__Hidata                          idata         00000
__Hidloc                          idloc         00000
__Hifardata                       ifardata      00000
__Hinit                           init          000A2
__Hintcode                        intcode       00018
__Hintcode_body                   intcode_body  00000
__Hintcodelo                      intcodelo     000A2
__Hintentry                       intentry      00000
__Hintret                         intret        00000
__Hintsave_regs                   intsave_regs  00000
__Hirdata                         irdata        00000
__Hjflash_buffer                  jflash_buffer 03800
__Hmediumconst                    mediumconst   00000
__HnvFARRAM                       nvFARRAM      00000
__Hnvbit                          nvbit         00000
__Hnvrram                         nvrram        00000
__Hparam                          rparam        00000
__Hpowerup                        powerup       000A2
__Hram                            ram           00000
__Hramtop                         ramtop        00400
__Hrbit                           rbit          00000
__Hrbss                           rbss          00000
__Hrdata                          rdata         00000
__Hreset_vec                      reset_vec     00004
__Hrparam                         rparam        00000
__Hsfr                            sfr           00000
__Hsmallconst                     smallconst    0040C
__Hspace_0                        (abs)         03FFE
__Hspace_1                        (abs)         00020
__Hspace_2                        (abs)         00000
__Hstack                          stack         00000
__Hstruct                         struct        00000
__Htemp                           temp          00000
__Htext                           text          00000
__Htext0                          text0         00000
__Htext1                          text1         00000
__Htext2                          text2         00000
__Htext3                          text3         00000
__LRAM                            (abs)         00001
__Labs1                           abs1          00000
__Lbank0                          bank0         00000
__Lbank1                          bank1         00000
__Lbank2                          bank2         00000
__Lbank3                          bank3         00000
__Lbigbss                         bigbss        00000
__Lbigdata                        bigdata       00000
__Lbigram                         bigram        00000
__Lbss                            bss           00000
__Lcinit                          cinit         00000
__Lclrtext                        clrtext       00000
__Lcomram                         comram        00000
__Lconfig                         config        03FF8
__Lconst                          const         00000
__LcstackCOMRAM                   cstackCOMRAM  00000
__Ldata                           data          00000
__Lend_init                       end_init      000A2
__Lfarbss                         farbss        00000
__Lfardata                        fardata       00000
__Libigdata                       ibigdata      00000
__Lidata                          idata         00000
__Lidloc                          idloc         00000
__Lifardata                       ifardata      00000
__Linit                           init          000A2
__Lintcode                        intcode       00008
__Lintcode_body                   intcode_body  00000
__Lintcodelo                      intcodelo     00018
__Lintentry                       intentry      00000
__Lintret                         intret        00000
__Lintsave_regs                   intsave_regs  00000
__Lirdata                         irdata        00000
__Ljflash_buffer                  jflash_buffer 03800
__Lmediumconst                    mediumconst   00000
__LnvFARRAM                       nvFARRAM      00000
__Lnvbit                          nvbit         00000
__Lnvrram                         nvrram        00000
__Lparam                          rparam        00000
__Lpowerup                        powerup       000A2
__Lram                            ram           00000
__Lramtop                         ramtop        00400
__Lrbit                           rbit          00000
__Lrbss                           rbss          00000
__Lrdata                          rdata         00000
__Lreset_vec                      reset_vec     00000
__Lrparam                         rparam        00000
__Lsfr                            sfr           00000
__Lsmallconst                     smallconst    00400
__Lspace_0                        (abs)         00000
__Lspace_1                        (abs)         00000
__Lspace_2                        (abs)         00000
__Lstack                          stack         00000
__Lstruct                         struct        00000
__Ltemp                           temp          00000
__Ltext                           text          00000
__Ltext0                          text0         00000
__Ltext1                          text1         00000
__Ltext2                          text2         00000
__Ltext3                          text3         00000
__S0                              (abs)         03FFE
__S1                              (abs)         00020
__S2                              (abs)         00000
___extmem_base                    (abs)         20000
___inthi_sp                       stack         00000
___intlo_sp                       stack         00000
___param_bank                     (abs)         00010
___rparam_used                    (abs)         00001
___sp                             stack         00000
__accesstop                       (abs)         00080
__activetblptr                    (abs)         00001
__end_of_Init_App                 text3         004A6
__end_of_Init_System              text2         004CC
__end_of_PCB_Version              smallconst    0040A
__end_of_SYS_ConfigureOscillator  text1         004CA
__end_of__initialization          cinit         004B8
__end_of_high_isr                 intcode_body  00472
__end_of_low_isr                  intcodelo     000A2
__end_of_main                     text0         004B8
__initialization                  cinit         004B8
__mediumconst                     mediumconst   00000
__pcinit                          cinit         004B8
__pcstackCOMRAM                   cstackCOMRAM  00001
__pintcode                        intcode       00008
__pintcode_body                   intcode_body  0040C
__pintcodelo                      intcodelo     00018
__psmallconst                     smallconst    00400
__ptext0                          text0         004A6
__ptext1                          text1         004C6
__ptext2                          text2         004CA
__ptext3                          text3         00472
__ramtop                          ramtop        00400
__size_of_Init_App                (abs)         00000
__size_of_Init_System             (abs)         00000
__size_of_SYS_ConfigureOscillator (abs)         00000
__size_of_high_isr                (abs)         00000
__size_of_low_isr                 (abs)         00000
__size_of_main                    (abs)         00000
__smallconst                      smallconst    00400
_high_isr                         intcode       00008
_low_isr                          intcodelo     00018
_main                             text0         004A6
end_of_initialization             cinit         004B8
int_func                          intcode_body  0040C
intlevel0                         text          00000
intlevel1                         text          00000
intlevel2                         text          00000
intlevel3                         text          00000
stackhi                           (abs)         003FF
stacklo                           (abs)         00080
start                             init          000A2
start_initialization              cinit         004B8


FUNCTION INFORMATION:

 *************** function _main *****************
 Defined at:
		line 54 in file "main.c"
 Parameters:    Size  Location     Type
		None
 Auto vars:     Size  Location     Type
		None
 Return value:  Size  Location     Type
                  2    8[None  ] int 
 Registers used:
		wreg, status,2, cstack
 Tracked objects:
		On entry : 
		On exit  : 
		Unchanged: 
 Data sizes:     COMRAM   BANK0   BANK1   BANK2   BANK3
      Params:         0       0       0       0       0
      Locals:         0       0       0       0       0
      Temps:          0       0       0       0       0
      Totals:         0       0       0       0       0
Total ram usage:        0 bytes
 Hardware stack levels required when called:    3
 This function calls:
		_Init_App
		_Init_System
		_SYS_ConfigureOscillator
 This function is called by:
		Startup code after reset
 This function uses a non-reentrant model


 *************** function _SYS_ConfigureOscillator *****************
 Defined at:
		line 48 in file "SYSTEM.c"
 Parameters:    Size  Location     Type
		None
 Auto vars:     Size  Location     Type
		None
 Return value:  Size  Location     Type
		None               void
 Registers used:
		None
 Tracked objects:
		On entry : 
		On exit  : 
		Unchanged: 
 Data sizes:     COMRAM   BANK0   BANK1   BANK2   BANK3
      Params:         0       0       0       0       0
      Locals:         0       0       0       0       0
      Temps:          0       0       0       0       0
      Totals:         0       0       0       0       0
Total ram usage:        0 bytes
 Hardware stack levels used:    1
 Hardware stack levels required when called:    2
 This function calls:
		Nothing
 This function is called by:
		_main
 This function uses a non-reentrant model


 *************** function _Init_System *****************
 Defined at:
		line 102 in file "USER.c"
 Parameters:    Size  Location     Type
		None
 Auto vars:     Size  Location     Type
		None
 Return value:  Size  Location     Type
		None               void
 Registers used:
		None
 Tracked objects:
		On entry : 
		On exit  : 
		Unchanged: 
 Data sizes:     COMRAM   BANK0   BANK1   BANK2   BANK3
      Params:         0       0       0       0       0
      Locals:         0       0       0       0       0
      Temps:          0       0       0       0       0
      Totals:         0       0       0       0       0
Total ram usage:        0 bytes
 Hardware stack levels used:    1
 Hardware stack levels required when called:    2
 This function calls:
		Nothing
 This function is called by:
		_main
 This function uses a non-reentrant model


 *************** function _Init_App *****************
 Defined at:
		line 63 in file "USER.c"
 Parameters:    Size  Location     Type
		None
 Auto vars:     Size  Location     Type
		None
 Return value:  Size  Location     Type
		None               void
 Registers used:
		wreg, status,2
 Tracked objects:
		On entry : 
		On exit  : 
		Unchanged: 
 Data sizes:     COMRAM   BANK0   BANK1   BANK2   BANK3
      Params:         0       0       0       0       0
      Locals:         0       0       0       0       0
      Temps:          0       0       0       0       0
      Totals:         0       0       0       0       0
Total ram usage:        0 bytes
 Hardware stack levels used:    1
 Hardware stack levels required when called:    2
 This function calls:
		Nothing
 This function is called by:
		_main
 This function uses a non-reentrant model


 *************** function _low_isr *****************
 Defined at:
		line 47 in file "INTERRUPTS.c"
 Parameters:    Size  Location     Type
		None
 Auto vars:     Size  Location     Type
		None
 Return value:  Size  Location     Type
		None               void
 Registers used:
		None
 Tracked objects:
		On entry : 
		On exit  : 
		Unchanged: 
 Data sizes:     COMRAM   BANK0   BANK1   BANK2   BANK3
      Params:         0       0       0       0       0
      Locals:         0       0       0       0       0
      Temps:         17       0       0       0       0
      Totals:        17       0       0       0       0
Total ram usage:       17 bytes
 Hardware stack levels used:    1
 Hardware stack levels required when called:    1
 This function calls:
		Nothing
 This function is called by:
		Interrupt level 1
 This function uses a non-reentrant model


 *************** function _high_isr *****************
 Defined at:
		line 39 in file "INTERRUPTS.c"
 Parameters:    Size  Location     Type
		None
 Auto vars:     Size  Location     Type
		None
 Return value:  Size  Location     Type
		None               void
 Registers used:
		None
 Tracked objects:
		On entry : 
		On exit  : 
		Unchanged: 
 Data sizes:     COMRAM   BANK0   BANK1   BANK2   BANK3
      Params:         0       0       0       0       0
      Locals:         0       0       0       0       0
      Temps:         14       0       0       0       0
      Totals:        14       0       0       0       0
Total ram usage:       14 bytes
 Hardware stack levels used:    1
 This function calls:
		Nothing
 This function is called by:
		Interrupt level 2
 This function uses a non-reentrant model



MODULE INFORMATION

Module		Function		Class		Link	Load	Size
SYSTEM.c
		_SYS_ConfigureO		CODE           	04C6	0000	5

SYSTEM.c estimated size: 5

shared
		_PCB_Version   		SMALLCONST     	0401	0000	10
		__initializatio		CODE           	04B8	0000	1

shared estimated size: 11

USER.c
		_Init_App      		CODE           	0472	0000	53
		_Init_System   		CODE           	04CA	0000	3

USER.c estimated size: 56

INTERRUPTS.c
		_high_isr      		CODE           	0008	0000	119
		_low_isr       		CODE           	0018	0000	139

INTERRUPTS.c estimated size: 258

main.c
		_main          		CODE           	04A6	0000	19

main.c estimated size: 19

