Microchip MPLAB XC8 Compiler V1.35 ()

Linker command line:

--edf=C:\Program Files (x86)\Microchip\xc8\v1.35\dat\en_msgs.txt -cs \
  -h+dist/LazySwitch_PIC18f24J10/production\PIC_LazySwitch.production.sym \
  --cmf=dist/LazySwitch_PIC18f24J10/production\PIC_LazySwitch.production.cmf \
  -z -Q18F24J10 -oC:\Users\David\AppData\Local\Temp\s49c.2 \
  -Mdist/LazySwitch_PIC18f24J10/production/PIC_LazySwitch.production.map \
  -E1 -ver=XC8 -ASTACK=01A0h-01ffh -pstack=STACK \
  -p_RF_SavedTiming_const=2500h -p_FlashWaste_const=2600h \
  -p_IR_SavedTiming_const=2400h -ACODE=00h-03FF7h -ACONST=00h-03FF7h \
  -ASMALLCONST=0400h-04FFhx59,03F00h-03FF7h -AMEDIUMCONST=0400h-03FF7h \
  -ACOMRAM=01h-07Fh -AABS1=00h-03FFh -ABIGRAM=01h-03FFh \
  -ARAM=080h-0FFh,0100h-01FFhx3 -ABANK0=080h-0FFh -ABANK1=0100h-01FFh \
  -ABANK2=0200h-02FFh -ABANK3=0300h-03FFh -ASFR=0F80h-0FFFh \
  -preset_vec=00h,intcode=08h,intcodelo=018h,powerup,init,end_init \
  -pramtop=0400h -psmallconst=SMALLCONST -pmediumconst=MEDIUMCONST \
  -pconst=CONST -AFARRAM=00h-00h -ACONFIG=03FF8h-03FFDh -pconfig=CONFIG \
  -pjflash_buffer=03800h \
  -prdata=COMRAM,nvrram=COMRAM,nvbit=COMRAM,rbss=COMRAM,rbit=COMRAM \
  -pfarbss=FARRAM,fardata=FARRAM,nvFARRAM=FARRAM \
  -pintsave_regs=BIGRAM,bigbss=BIGRAM,bigdata=BIGRAM -pbss=RAM \
  -pidata=CODE,irdata=CODE,ibigdata=CODE,ifardata=CODE -pparam0=BANK0 \
  C:\Users\David\AppData\Local\Temp\s49c.obj \
  dist/LazySwitch_PIC18f24J10/production\PIC_LazySwitch.production.obj 

Object code version is 3.11

Machine type is 18F24J10

Call graph: (short form)




                Name                               Link     Load   Length Selector   Space Scale
C:\Users\David\AppData\Local\Temp\s49c.obj
                end_init                            28E      28E        4        C       0
                reset_vec                             0        0        4        0       0
                config                             3FF8     3FF8        6     3FF8       0
dist/LazySwitch_PIC18f24J10/production\PIC_LazySwitch.production.obj
                intcodelo                            18       18      276        C       0
                intcode                               8        8        E        4       0
                temp                                 66       66        1        1       1
                mediumconst                        2800     2800       44     1400       0
                text120                            179C     179C       3C        C       0
                text119                            13EA     13EA       6C        C       0
                text118                            1150     1150       96        C       0
                text117                            10AE     10AE       A2        C       0
                text116                            1C9C     1C9C       1A        C       0
                text115                            1E18     1E18       16        C       0
                text114                            1E6A     1E6A       14        C       0
                text113                            1F5E     1F5E        E        C       0
                text112                            1578     1578       54        C       0
                text111                             E9C      E9C       BC        C       0
                text110                            1F50     1F50        E        C       0
                text109                            2844     2844      54A     1422       0
                text108                            16A2     16A2       44        C       0
                text107                             4E2      4E2      10C        C       0
                text106                            3D00     3D00      15E     1422       0
                text105                             292      292      144        C       0
                text104                            1AAC     1AAC       2A        C       0
                text103                             8C0      8C0       EA        C       0
                text102                             D10      D10       C8        C       0
                text101                            354C     354C      2BA     1422       0
                text100                            1E02     1E02       16        C       0
                text99                             1A82     1A82       2A        C       0
                text98                             1EC6     1EC6       12        C       0
                text97                             1F78     1F78        C        C       0
                text96                             1EB4     1EB4       12        C       0
                intcode_body                       3A24     3A24      17E     1422       0
                text94                              F58      F58       AE        C       0
                text93                              A92      A92       E6        C       0
                text92                             1B92     1B92       24        C       0
                text91                              6E2      6E2       F4        C       0
                text90                             1B6E     1B6E       24        C       0
                text89                              DD8      DD8       C4        C       0
                text88                             1980     1980       30        C       0
                text87                             151E     151E       5A        C       0
                text86                             137C     137C       6E        C       0
                text85                             1302     1302       7A        C       0
                text84                             1E56     1E56       14        C       0
                text83                             1F08     1F08       10        C       0
                text82                             1E42     1E42       14        C       0
                text81                             1F42     1F42        E        C       0
                text80                             16E6     16E6       3E        C       0
                text79                             1006     1006       A8        C       0
                text78                             1F34     1F34        E        C       0
                text77                             2D8E     2D8E      3EE     1422       0
                text76                             17D8     17D8       3A        C       0
                text75                              5EE      5EE       F4        C       0
                text74                              B78      B78       D0        C       0
                text73                             11E6     11E6       90        C       0
                text72                             317C     317C      3D0     1422       0
                text71                             1DEC     1DEC       16        C       0
                text70                             1EF8     1EF8       10        C       0
                text69                             1E2E     1E2E       14        C       0
                text68                             1EE8     1EE8       10        C       0
                text67                             1B4A     1B4A       24        C       0
                text66                             1EA2     1EA2       12        C       0
                text65                             1F6C     1F6C        C        C       0
                text64                             1ED8     1ED8       10        C       0
                text63                             1AFE     1AFE       28        C       0
                text62                             1C82     1C82       1A        C       0
                text61                             18EA     18EA       34        C       0
                text60                             18B6     18B6       34        C       0
                text59                             1E90     1E90       12        C       0
                text57                             1FAE     1FAE        4        C       0
                text56                             165E     165E       44        C       0
                text55                              3D6      3D6      10C        C       0
                text54                             3BA2     3BA2      15E     1422       0
                text53                             3E5E     3E5E      144     1422       0
                text52                             1A58     1A58       2A        C       0
                text51                              9AA      9AA       E8        C       0
                text50                             1760     1760       3C        C       0
                text49                             1880     1880       36        C       0
                text48                             1B26     1B26       24        C       0
                text47                             1DD6     1DD6       16        C       0
                text46                             1DC0     1DC0       16        C       0
                text45                             1AD6     1AD6       28        C       0
                text44                             1DAA     1DAA       16        C       0
                text43                             184A     184A       36        C       0
                text42                             1F26     1F26        E        C       0
                text41                             1FAA     1FAA        4        C       0
                text40                             3FA2     3FA2       54     1422       0
                text39                             1C4C     1C4C       1C        C       0
                text38                             1CB6     1CB6       18        C       0
                text37                             1F8C     1F8C        8        C       0
                text36                             1FA6     1FA6        4        C       0
                text35                             1C68     1C68       1A        C       0
                text34                             1D94     1D94       16        C       0
                text33                             1812     1812       38        C       0
                text32                             1D7E     1D7E       16        C       0
                text31                             1724     1724       3C        C       0
                text30                             1D68     1D68       16        C       0
                text29                             1A2E     1A2E       2A        C       0
                text28                             1D52     1D52       16        C       0
                text27                             1BB6     1BB6       22        C       0
                text26                             1D3C     1D3C       16        C       0
                text25                             1A04     1A04       2A        C       0
                text24                             1BF6     1BF6       1E        C       0
                text23                             1950     1950       30        C       0
                text22                             1D26     1D26       16        C       0
                text21                             1C30     1C30       1C        C       0
                text20                             1D10     1D10       16        C       0
                text19                             1CFA     1CFA       16        C       0
                text18                             1BD8     1BD8       1E        C       0
                text17                             1F18     1F18        E        C       0
                text16                             191E     191E       32        C       0
                text15                             19DA     19DA       2A        C       0
                text14                             14BC     14BC       62        C       0
                text13                             15CC     15CC       4E        C       0
                text12                             1CE4     1CE4       16        C       0
                text11                             1CCE     1CCE       16        C       0
                text10                             1456     1456       66        C       0
                text9                              161A     161A       44        C       0
                text8                               7D6      7D6       EA        C       0
                text7                              1E7E     1E7E       12        C       0
                text6                              1FA0     1FA0        6        C       0
                text5                              19B0     19B0       2A        C       0
                text4                              1F84     1F84        8        C       0
                text3                              1F9A     1F9A        6        C       0
                text2                              1C14     1C14       1C        C       0
                text1                               C48      C48       C8        C       0
                text0                              3806     3806      21E     1422       0
                cstackCOMRAM                          1        1       4D        1       1
                cstackBANK0                          80       80       39       80       1
                cstackBANK1                         180      180       20      100       1
                bssBANK3                            300      300      100      300       1
                bssBANK2                            200      200      100      200       1
                bssBANK1                            100      100       80      100       1
                dataBANK0                            CA       CA        6       80       1
                bssBANK0                             B9       B9       11       80       1
                dataCOMRAM                           65       65        1        1       1
                bssCOMRAM                            4E       4E       17        1       1
                cinit                              1276     1276       8C        C       0
                _RF_SavedTiming_const              2500     2500      100     1280       0
                _IR_SavedTiming_const              2400     2400      100     1200       0
                _FlashWaste_const                  2600     2600      200     1300       0
                idataBANK0                         1F94     1F94        6        C       0
                idataCOMRAM                        3FF6     3FF6        1     1422       0

TOTAL           Name                               Link     Load   Length     Space
        CLASS   STACK          

        CLASS   CODE           
                end_init                            28E      28E        4         0
                intcodelo                            18       18      276         0
                intcode                               8        8        E         0
                reset_vec                             0        0        4         0
                text120                            179C     179C       3C         0
                text119                            13EA     13EA       6C         0
                text118                            1150     1150       96         0
                text117                            10AE     10AE       A2         0
                text116                            1C9C     1C9C       1A         0
                text115                            1E18     1E18       16         0
                text114                            1E6A     1E6A       14         0
                text113                            1F5E     1F5E        E         0
                text112                            1578     1578       54         0
                text111                             E9C      E9C       BC         0
                text110                            1F50     1F50        E         0
                text109                            2844     2844      54A         0
                text108                            16A2     16A2       44         0
                text107                             4E2      4E2      10C         0
                text106                            3D00     3D00      15E         0
                text105                             292      292      144         0
                text104                            1AAC     1AAC       2A         0
                text103                             8C0      8C0       EA         0
                text102                             D10      D10       C8         0
                text101                            354C     354C      2BA         0
                text100                            1E02     1E02       16         0
                text99                             1A82     1A82       2A         0
                text98                             1EC6     1EC6       12         0
                text97                             1F78     1F78        C         0
                text96                             1EB4     1EB4       12         0
                intcode_body                       3A24     3A24      17E         0
                text94                              F58      F58       AE         0
                text93                              A92      A92       E6         0
                text92                             1B92     1B92       24         0
                text91                              6E2      6E2       F4         0
                text90                             1B6E     1B6E       24         0
                text89                              DD8      DD8       C4         0
                text88                             1980     1980       30         0
                text87                             151E     151E       5A         0
                text86                             137C     137C       6E         0
                text85                             1302     1302       7A         0
                text84                             1E56     1E56       14         0
                text83                             1F08     1F08       10         0
                text82                             1E42     1E42       14         0
                text81                             1F42     1F42        E         0
                text80                             16E6     16E6       3E         0
                text79                             1006     1006       A8         0
                text78                             1F34     1F34        E         0
                text77                             2D8E     2D8E      3EE         0
                text76                             17D8     17D8       3A         0
                text75                              5EE      5EE       F4         0
                text74                              B78      B78       D0         0
                text73                             11E6     11E6       90         0
                text72                             317C     317C      3D0         0
                text71                             1DEC     1DEC       16         0
                text70                             1EF8     1EF8       10         0
                text69                             1E2E     1E2E       14         0
                text68                             1EE8     1EE8       10         0
                text67                             1B4A     1B4A       24         0
                text66                             1EA2     1EA2       12         0
                text65                             1F6C     1F6C        C         0
                text64                             1ED8     1ED8       10         0
                text63                             1AFE     1AFE       28         0
                text62                             1C82     1C82       1A         0
                text61                             18EA     18EA       34         0
                text60                             18B6     18B6       34         0
                text59                             1E90     1E90       12         0
                text57                             1FAE     1FAE        4         0
                text56                             165E     165E       44         0
                text55                              3D6      3D6      10C         0
                text54                             3BA2     3BA2      15E         0
                text53                             3E5E     3E5E      144         0
                text52                             1A58     1A58       2A         0
                text51                              9AA      9AA       E8         0
                text50                             1760     1760       3C         0
                text49                             1880     1880       36         0
                text48                             1B26     1B26       24         0
                text47                             1DD6     1DD6       16         0
                text46                             1DC0     1DC0       16         0
                text45                             1AD6     1AD6       28         0
                text44                             1DAA     1DAA       16         0
                text43                             184A     184A       36         0
                text42                             1F26     1F26        E         0
                text41                             1FAA     1FAA        4         0
                text40                             3FA2     3FA2       54         0
                text39                             1C4C     1C4C       1C         0
                text38                             1CB6     1CB6       18         0
                text37                             1F8C     1F8C        8         0
                text36                             1FA6     1FA6        4         0
                text35                             1C68     1C68       1A         0
                text34                             1D94     1D94       16         0
                text33                             1812     1812       38         0
                text32                             1D7E     1D7E       16         0
                text31                             1724     1724       3C         0
                text30                             1D68     1D68       16         0
                text29                             1A2E     1A2E       2A         0
                text28                             1D52     1D52       16         0
                text27                             1BB6     1BB6       22         0
                text26                             1D3C     1D3C       16         0
                text25                             1A04     1A04       2A         0
                text24                             1BF6     1BF6       1E         0
                text23                             1950     1950       30         0
                text22                             1D26     1D26       16         0
                text21                             1C30     1C30       1C         0
                text20                             1D10     1D10       16         0
                text19                             1CFA     1CFA       16         0
                text18                             1BD8     1BD8       1E         0
                text17                             1F18     1F18        E         0
                text16                             191E     191E       32         0
                text15                             19DA     19DA       2A         0
                text14                             14BC     14BC       62         0
                text13                             15CC     15CC       4E         0
                text12                             1CE4     1CE4       16         0
                text11                             1CCE     1CCE       16         0
                text10                             1456     1456       66         0
                text9                              161A     161A       44         0
                text8                               7D6      7D6       EA         0
                text7                              1E7E     1E7E       12         0
                text6                              1FA0     1FA0        6         0
                text5                              19B0     19B0       2A         0
                text4                              1F84     1F84        8         0
                text3                              1F9A     1F9A        6         0
                text2                              1C14     1C14       1C         0
                text1                               C48      C48       C8         0
                text0                              3806     3806      21E         0
                cinit                              1276     1276       8C         0
                _RF_SavedTiming_const              2500     2500      100         0
                _IR_SavedTiming_const              2400     2400      100         0
                _FlashWaste_const                  2600     2600      200         0
                idataBANK0                         1F94     1F94        6         0
                idataCOMRAM                        3FF6     3FF6        1         0

        CLASS   CONST          

        CLASS   SMALLCONST     

        CLASS   MEDIUMCONST    
                mediumconst                        2800     2800       44         0

        CLASS   COMRAM         
                temp                                 66       66        1         1
                cstackCOMRAM                          1        1       4D         1
                dataCOMRAM                           65       65        1         1
                bssCOMRAM                            4E       4E       17         1

        CLASS   ABS1           

        CLASS   BIGRAM         

        CLASS   RAM            

        CLASS   BANK0          
                cstackBANK0                          80       80       39         1
                dataBANK0                            CA       CA        6         1
                bssBANK0                             B9       B9       11         1

        CLASS   BANK1          
                cstackBANK1                         180      180       20         1
                bssBANK1                            100      100       80         1

        CLASS   BANK2          
                bssBANK2                            200      200      100         1

        CLASS   BANK3          
                bssBANK3                            300      300      100         1

        CLASS   SFR            

        CLASS   FARRAM         

        CLASS   CONFIG         
                config                             3FF8     3FF8        6         0

        CLASS   IDLOC          



SEGMENTS        Name                           Load    Length   Top    Selector   Space  Class

                reset_vec                      000000  000004  000004         0       0  CODE    
                cstackCOMRAM                   000001  000066  000067         1       1  COMRAM  
                intcode                        000008  00000E  000016         4       0  CODE    
                intcodelo                      000018  001F9A  001FB2         C       0  CODE    
                cstackBANK0                    000080  000050  0000D0        80       1  BANK0   
                bssBANK1                       000100  0000A0  0001A0       100       1  BANK1   
                bssBANK2                       000200  000100  000300       200       1  BANK2   
                bssBANK3                       000300  000100  000400       300       1  BANK3   
                _IR_SavedTiming_const          002400  000100  002500      1200       0  CODE    
                _RF_SavedTiming_const          002500  000100  002600      1280       0  CODE    
                _FlashWaste_const              002600  000200  002800      1300       0  CODE    
                mediumconst                    002800  000044  002844      1400       0  MEDIUMCO
                text109                        002844  0017B3  003FF7      1422       0  CODE    
                config                         003FF8  000006  003FFE      3FF8       0  CONFIG  


UNUSED ADDRESS RANGES

        Name                Unused          Largest block    Delta
        BANK0            000D0-000FF              30
        BANK1            001A0-001FF              60
        BIGRAM           00067-0007F              19
                         000D0-000FF              30
                         001A0-001FF              60
        CODE             00004-00007               4
                         00016-00017               2
                         01FB2-023FF             44E
                         03FF7-03FF7               1
        COMRAM           00067-0007F              19
        CONST            00004-00007               4
                         00016-00017               2
                         01FB2-023FF             44E
                         03FF7-03FF7               1
        MEDIUMCONST      01FB2-023FF             44E
                         03FF7-03FF7               1
        RAM              000D0-000FF              30
                         001A0-001FF              60
        SFR              00F80-00FFF              80
        SMALLCONST       01FB2-023FF             100
                         03FF7-03FF7               1
        STACK            001A0-001FF              60

                                  Symbol Table

?___ftdiv                            cstackCOMRAM          0000C
?___ftmul                            cstackBANK1           0018B
?___ftpack                           cstackBANK1           00180
?___fttol                            cstackBANK1           00180
?___lwtoft                           cstackBANK1           00188
?i1___ftmul                          cstackCOMRAM          0001B
?i1___ftpack                         cstackCOMRAM          00001
?i1___fttol                          cstackCOMRAM          00001
?i1___lwtoft                         cstackCOMRAM          00009
?i2___ftmul                          cstackBANK0           0008B
?i2___ftpack                         cstackBANK0           00080
?i2___fttol                          cstackBANK0           00080
?i2___lwtoft                         cstackBANK0           00088
ADC_CalculateVoltage@ADCcounts       cstackCOMRAM          0002A
ADC_CalculateVoltage@Voltage         cstackCOMRAM          0002C
ADC_ConversionInt@state              cstackBANK1           00180
ADC_Module@state                     cstackBANK1           00180
BUT_IR_PinChangeInt@state            cstackBANK1           00180
BUT_ReadButton@value                 cstackBANK1           00180
FSH_AddressToBlock@Address           cstackCOMRAM          00001
FSH_EraseBlock@Address               cstackCOMRAM          00005
FSH_EraseBlock@WriteTries            cstackCOMRAM          0000B
FSH_EraseBlock@highint               cstackCOMRAM          00009
FSH_EraseBlock@lowint                cstackCOMRAM          0000A
FSH_VerifyWriteIntArray@Array        cstackCOMRAM          00004
FSH_VerifyWriteIntArray@ConstArray   cstackCOMRAM          00001
FSH_VerifyWriteIntArray@data         cstackCOMRAM          00009
FSH_VerifyWriteIntArray@failcount    cstackCOMRAM          0000B
FSH_VerifyWriteIntArray@i            cstackCOMRAM          0000C
FSH_WriteIntArray@Array              cstackCOMRAM          00008
FSH_WriteIntArray@ConstArray         cstackCOMRAM          00005
FSH_WriteIntArray@i                  cstackCOMRAM          0000C
FSH_Write_IR_RF@FlashWasteindex      cstackCOMRAM          0001A
FSH_Write_IR_RF@WriteTries           cstackCOMRAM          00020
FSH_Write_IR_RF@highint              cstackCOMRAM          00018
FSH_Write_IR_RF@i                    cstackCOMRAM          0001E
FSH_Write_IR_RF@j                    cstackCOMRAM          0001C
FSH_Write_IR_RF@lowint               cstackCOMRAM          00019
FSH_Write_IR_RF@status               cstackCOMRAM          0001D
IR_CalculateCodesize@i               cstackBANK1           00180
IR_CheckCode@High                    cstackCOMRAM          00035
IR_CheckCode@Low                     cstackCOMRAM          00032
IR_CheckCode@i                       cstackCOMRAM          00038
IR_LoadCode@High                     cstackBANK1           0019D
IR_LoadCode@Low                      cstackBANK1           0019A
IR_ReadReceiver@value                cstackBANK1           00180
LDO_Pass@state                       cstackBANK1           00180
MSC_BlinkLED@blink                   cstackBANK1           0018D
MSC_BlinkLED@i                       cstackBANK1           00193
MSC_BlinkLED@speed                   cstackBANK1           0018F
MSC_BufferCopyIntConst@count         cstackCOMRAM          0000C
MSC_BufferCopyIntConst@from          cstackCOMRAM          00007
MSC_BufferCopyIntConst@i             cstackCOMRAM          00010
MSC_BufferCopyIntConst@shift         cstackCOMRAM          0000E
MSC_BufferCopyIntConst@to            cstackCOMRAM          0000A
MSC_CleanBufferInt@count             cstackBANK1           00182
MSC_CleanBufferInt@data              cstackBANK1           00180
MSC_CleanBufferInt@i                 cstackBANK1           00184
MSC_DelayMS@US                       cstackBANK1           00184
MSC_DelayMS@i                        cstackBANK1           00189
MSC_DelayNOP@NOPs                    cstackBANK1           00180
MSC_DelayNOP@i                       cstackBANK1           00182
MTR_IN1@state                        cstackBANK1           00180
MTR_IN2@state                        cstackBANK1           00180
RF_CalculateCodesize@i               cstackBANK1           00180
RF_CheckCode@High                    cstackBANK0           000A5
RF_CheckCode@Low                     cstackBANK0           000A2
RF_CheckCode@i                       cstackBANK0           000A8
RF_DataInt@state                     cstackBANK1           00180
RF_LoadCode@High                     cstackBANK1           0019D
RF_LoadCode@Low                      cstackBANK1           0019A
RF_Receiver@state                    cstackBANK1           00180
RF_SetBandwidth@band                 cstackBANK1           00180
RF_SetSquelch@state                  cstackBANK1           00180
TMR_ResetTimer0@TimerOn              cstackBANK1           00181
TMR_ResetTimer1@TimerOn              cstackBANK1           00181
TMR_ResetTimer2@TimerOn              cstackCOMRAM          00002
TMR_Timer0@state                     cstackBANK1           00180
TMR_Timer0Int@state                  cstackBANK1           00180
TMR_Timer1@state                     cstackBANK1           00180
TMR_Timer1Function@mode              cstackBANK1           00182
TMR_Timer1Int@state                  cstackBANK1           00180
TMR_Timer1Osc@state                  cstackBANK1           00180
TMR_Timer2@state                     cstackBANK1           00180
TMR_Timer2Int@state                  cstackBANK1           00180
TMR_Timer2Start@time                 cstackCOMRAM          00003
_ADCON0bits                          (abs)                 00FC2
_ADCON1bits                          (abs)                 00FC1
_ADCON2bits                          (abs)                 00FC0
_ADC_CalculateVoltage                text89                00DD8
_ADC_ChangeChannel                   text48                01B26
_ADC_ConversionInt                   text47                01DD6
_ADC_CurrentSource                   dataCOMRAM            00065
_ADC_Module                          text46                01DC0
_ADC_SampleCount                     bssBANK0              000B9
_ADC_Start                           text57                01FAE
_ADRESH                              (abs)                 00FC4
_ADRESL                              (abs)                 00FC3
_Activity_Timer                      bssCOMRAM             0004E
_BUT_IR_PinChangeInt                 text44                01DAA
_BUT_ReadButton                      text43                0184A
_ButtonChange                        bssCOMRAM             0005F
_ButtonValue_prev                    bssBANK0              000BF
_Button_Data                         bssBANK0              000C0
_DC_Motor                            bssBANK0              000C1
_EECON1bits                          (abs)                 00FA6
_FSH_AddressToBlock                  text88                01980
_FSH_EraseBlock                      text87                0151E
_FSH_VerifyWriteIntArray             text86                0137C
_FSH_WriteIntArray                   text85                01302
_FSH_Write_IR_RF                     text77                02D8E
_FlashBuffer                         bssBANK1              00100
_FlashWaste                          _FlashWaste_const     02600
_FlashWaste_absconstaddr             (abs)                 02600
_Flash_Status                        bssBANK0              000C2
_INTCON2bits                         (abs)                 00FF1
_INTCON3bits                         (abs)                 00FF0
_INTCONbits                          (abs)                 00FF2
_IPR1bits                            (abs)                 00F9F
_IRChange                            bssCOMRAM             00060
_IRStarted                           bssCOMRAM             00061
_IRValue_prev                        bssBANK0              000C3
_IR_CalculateCodesize                text56                0165E
_IR_CheckCode                        text72                0317C
_IR_CleanBuffer                      text71                01DEC
_IR_CodeSize                         bssCOMRAM             00062
_IR_Data                             bssBANK0              000C4
_IR_DataPlace                        bssCOMRAM             00063
_IR_DataTiming                       bssBANK2              00200
_IR_LoadCode                         text51                009AA
_IR_ReadReceiver                     text49                01880
_IR_ResetData                        text81                01F42
_IR_Saved                            dataBANK0             000CD
_IR_SavedTiming                      _IR_SavedTiming_const 02400
_IR_SavedTiming_absconstaddr         (abs)                 02400
_IR_SyncHigh                         bssCOMRAM             00055
_IR_SyncLow                          bssCOMRAM             00057
_InitADC                             text45                01AD6
_InitButton                          text42                01F26
_InitFlash                           text41                01FAA
_InitIR                              text39                01C4C
_InitLDO                             text37                01F8C
_InitMOTOR                           text36                01FA6
_InitRF                              text31                01724
_InitTimer0                          text27                01BB6
_InitTimer1                          text21                01C30
_InitTimer2                          text18                01BD8
_InitTimers                          text17                01F18
_Init_App                            text50                01760
_Init_System                         text16                0191E
_LATA                                (abs)                 00F89
_LATB                                (abs)                 00F8A
_LATC                                (abs)                 00F8B
_LDO_Pass                            text38                01CB6
_MSC_BlinkLED                        text13                015CC
_MSC_BufferCopyIntConst              text79                01006
_MSC_CleanBufferInt                  text40                03FA2
_MSC_DelayMS                         text14                014BC
_MSC_DelayNOP                        text15                019DA
_MTR_IN1                             text12                01CE4
_MTR_IN2                             text11                01CCE
_MTR_Rotate                          text10                01456
_OSCCON                              (abs)                 00FD3
_OSCCONbits                          (abs)                 00FD3
_OSCTUNEbits                         (abs)                 00F9B
_PCB_Version                         mediumconst           02801
_PIE1bits                            (abs)                 00F9D
_PIR1bits                            (abs)                 00F9E
_PORTB                               (abs)                 00F81
_PR2                                 (abs)                 00FCB
_RCONbits                            (abs)                 00FD0
_RFStarted                           bssBANK0              000C5
_RF_CalculateCodesize                text9                 0161A
_RF_CheckCode                        text101               0354C
_RF_CodeSize                         bssBANK0              000C6
_RF_Data                             bssBANK0              000C7
_RF_DataInt                          text35                01C68
_RF_DataPlace                        bssBANK0              000C8
_RF_DataTiming                       bssBANK3              00300
_RF_Disable                          text69                01E2E
_RF_Enable                           text82                01E42
_RF_LoadCode                         text8                 007D6
_RF_Receiver                         text34                01D94
_RF_ResetData                        text78                01F34
_RF_Saved                            dataBANK0             000CE
_RF_SavedTiming                      _RF_SavedTiming_const 02500
_RF_SavedTiming_absconstaddr         (abs)                 02500
_RF_SetBandwidth                     text33                01812
_RF_SetSquelch                       text32                01D7E
_RF_SyncHigh                         bssBANK0              000BB
_RF_SyncLow                          bssBANK0              000BD
_Rail_RSSI                           bssCOMRAM             00052
_Rail_VIN                            dataBANK0             000CA
_SYS_ActivityTimer                   text5                 019B0
_SYS_ActivityTimerReset              text7                 01E7E
_SYS_ConfigureOscillator             text4                 01F84
_SYS_DisableInt                      text3                 01F9A
_SYS_EnableInt                       text2                 01C14
_SYS_Sleep                           text6                 01FA0
_System_State                        dataBANK0             000CF
_System_State_Change                 bssBANK0              000C9
_T0CONbits                           (abs)                 00FD5
_T1CONbits                           (abs)                 00FCD
_T2CONbits                           (abs)                 00FCA
_TABLAT                              (abs)                 00FF5
_TBLPTRH                             (abs)                 00FF7
_TBLPTRL                             (abs)                 00FF6
_TBLPTRU                             (abs)                 00FF8
_TMR0H                               (abs)                 00FD7
_TMR0L                               (abs)                 00FD6
_TMR1H                               (abs)                 00FCF
_TMR1L                               (abs)                 00FCE
_TMR2                                (abs)                 00FCC
_TMR_ResetTimer0                     text29                01A2E
_TMR_ResetTimer1                     text25                01A04
_TMR_ResetTimer2                     text63                01AFE
_TMR_Timer0                          text30                01D68
_TMR_Timer0Int                       text28                01D52
_TMR_Timer0Start                     text98                01EC6
_TMR_Timer0Status                    text97                01F78
_TMR_Timer1                          text26                01D3C
_TMR_Timer1Function                  text23                01950
_TMR_Timer1Int                       text22                01D26
_TMR_Timer1Osc                       text24                01BF6
_TMR_Timer1Start                     text66                01EA2
_TMR_Timer1Status                    text65                01F6C
_TMR_Timer2                          text20                01D10
_TMR_Timer2Int                       text19                01CFA
_TMR_Timer2Start                     text62                01C82
_TRISAbits                           (abs)                 00F92
_TRISBbits                           (abs)                 00F93
_TRISCbits                           (abs)                 00F94
_Timer2Post                          bssCOMRAM             00059
_Timer2PostCount                     bssCOMRAM             0005B
_Timer2Use                           bssCOMRAM             00064
__CFG_CCP2MX$DEFAULT                 (abs)                 00000
__CFG_CP0$OFF                        (abs)                 00000
__CFG_FCMEN$OFF                      (abs)                 00000
__CFG_FOSC$HSPLL                     (abs)                 00000
__CFG_FOSC2$ON                       (abs)                 00000
__CFG_IESO$OFF                       (abs)                 00000
__CFG_STVREN$ON                      (abs)                 00000
__CFG_WDTEN$OFF                      (abs)                 00000
__CFG_WDTPS$32768                    (abs)                 00000
__CFG_XINST$OFF                      (abs)                 00000
__HRAM                               (abs)                 00000
__H_FlashWaste_const                 _FlashWaste_const     02800
__H_IR_SavedTiming_const             _IR_SavedTiming_const 02500
__H_RF_SavedTiming_const             _RF_SavedTiming_const 02600
__Habs1                              abs1                  00000
__Hbank0                             bank0                 00000
__Hbank1                             bank1                 00000
__Hbank2                             bank2                 00000
__Hbank3                             bank3                 00000
__Hbigbss                            bigbss                00000
__Hbigdata                           bigdata               00000
__Hbigram                            bigram                00000
__Hbss                               bss                   00000
__HbssBANK0                          bssBANK0              00000
__HbssBANK1                          bssBANK1              00000
__HbssBANK2                          bssBANK2              00000
__HbssBANK3                          bssBANK3              00000
__HbssCOMRAM                         bssCOMRAM             00000
__Hcinit                             cinit                 00000
__Hclrtext                           clrtext               00000
__Hcomram                            comram                00000
__Hconfig                            config                03FFE
__Hconst                             const                 00000
__HcstackBANK0                       cstackBANK0           00000
__HcstackBANK1                       cstackBANK1           00000
__HcstackCOMRAM                      cstackCOMRAM          00000
__Hdata                              data                  00000
__HdataBANK0                         dataBANK0             00000
__HdataCOMRAM                        dataCOMRAM            00000
__Hend_init                          end_init              00292
__Hfarbss                            farbss                00000
__Hfardata                           fardata               00000
__Hibigdata                          ibigdata              00000
__Hidata                             idata                 00000
__HidataBANK0                        idataBANK0            00000
__HidataCOMRAM                       idataCOMRAM           00000
__Hidloc                             idloc                 00000
__Hifardata                          ifardata              00000
__Hinit                              init                  0028E
__Hintcode                           intcode               00016
__Hintcode_body                      intcode_body          00000
__Hintcodelo                         intcodelo             0028E
__Hintentry                          intentry              00000
__Hintret                            intret                00000
__Hintsave_regs                      intsave_regs          00000
__Hirdata                            irdata                00000
__Hjflash_buffer                     jflash_buffer         03800
__Hmediumconst                       mediumconst           02844
__HnvFARRAM                          nvFARRAM              00000
__Hnvbit                             nvbit                 00000
__Hnvrram                            nvrram                00000
__Hparam                             param0                00000
__Hparam0                            param0                00000
__Hpowerup                           powerup               0028E
__Hram                               ram                   00000
__Hramtop                            ramtop                00400
__Hrbit                              rbit                  00000
__Hrbss                              rbss                  00000
__Hrdata                             rdata                 00000
__Hreset_vec                         reset_vec             00004
__Hsfr                               sfr                   00000
__Hsmallconst                        smallconst            00000
__Hspace_0                           (abs)                 03FFE
__Hspace_1                           (abs)                 00400
__Hspace_2                           (abs)                 00000
__Hstack                             stack                 00000
__Hstruct                            struct                00000
__Htemp                              temp                  00067
__Htext                              text                  00000
__Htext0                             text0                 00000
__Htext1                             text1                 00000
__Htext10                            text10                00000
__Htext100                           text100               00000
__Htext101                           text101               00000
__Htext102                           text102               00000
__Htext103                           text103               00000
__Htext104                           text104               00000
__Htext105                           text105               00000
__Htext106                           text106               00000
__Htext107                           text107               00000
__Htext108                           text108               00000
__Htext109                           text109               00000
__Htext11                            text11                00000
__Htext110                           text110               00000
__Htext111                           text111               00000
__Htext112                           text112               00000
__Htext113                           text113               00000
__Htext114                           text114               00000
__Htext115                           text115               00000
__Htext116                           text116               00000
__Htext117                           text117               00000
__Htext118                           text118               00000
__Htext119                           text119               00000
__Htext12                            text12                00000
__Htext120                           text120               00000
__Htext13                            text13                00000
__Htext14                            text14                00000
__Htext15                            text15                00000
__Htext16                            text16                00000
__Htext17                            text17                00000
__Htext18                            text18                00000
__Htext19                            text19                00000
__Htext2                             text2                 00000
__Htext20                            text20                00000
__Htext21                            text21                00000
__Htext22                            text22                00000
__Htext23                            text23                00000
__Htext24                            text24                00000
__Htext25                            text25                00000
__Htext26                            text26                00000
__Htext27                            text27                00000
__Htext28                            text28                00000
__Htext29                            text29                00000
__Htext3                             text3                 00000
__Htext30                            text30                00000
__Htext31                            text31                00000
__Htext32                            text32                00000
__Htext33                            text33                00000
__Htext34                            text34                00000
__Htext35                            text35                00000
__Htext36                            text36                00000
__Htext37                            text37                00000
__Htext38                            text38                00000
__Htext39                            text39                00000
__Htext4                             text4                 00000
__Htext40                            text40                00000
__Htext41                            text41                00000
__Htext42                            text42                00000
__Htext43                            text43                00000
__Htext44                            text44                00000
__Htext45                            text45                00000
__Htext46                            text46                00000
__Htext47                            text47                00000
__Htext48                            text48                00000
__Htext49                            text49                00000
__Htext5                             text5                 00000
__Htext50                            text50                00000
__Htext51                            text51                00000
__Htext52                            text52                00000
__Htext53                            text53                00000
__Htext54                            text54                00000
__Htext55                            text55                00000
__Htext56                            text56                00000
__Htext57                            text57                00000
__Htext59                            text59                00000
__Htext6                             text6                 00000
__Htext60                            text60                00000
__Htext61                            text61                00000
__Htext62                            text62                00000
__Htext63                            text63                00000
__Htext64                            text64                00000
__Htext65                            text65                00000
__Htext66                            text66                00000
__Htext67                            text67                00000
__Htext68                            text68                00000
__Htext69                            text69                00000
__Htext7                             text7                 00000
__Htext70                            text70                00000
__Htext71                            text71                00000
__Htext72                            text72                00000
__Htext73                            text73                00000
__Htext74                            text74                00000
__Htext75                            text75                00000
__Htext76                            text76                00000
__Htext77                            text77                00000
__Htext78                            text78                00000
__Htext79                            text79                00000
__Htext8                             text8                 00000
__Htext80                            text80                00000
__Htext81                            text81                00000
__Htext82                            text82                00000
__Htext83                            text83                00000
__Htext84                            text84                00000
__Htext85                            text85                00000
__Htext86                            text86                00000
__Htext87                            text87                00000
__Htext88                            text88                00000
__Htext89                            text89                00000
__Htext9                             text9                 00000
__Htext90                            text90                00000
__Htext91                            text91                00000
__Htext92                            text92                00000
__Htext93                            text93                00000
__Htext94                            text94                00000
__Htext96                            text96                00000
__Htext97                            text97                00000
__Htext98                            text98                00000
__Htext99                            text99                00000
__LRAM                               (abs)                 00001
__L_FlashWaste_const                 _FlashWaste_const     02600
__L_IR_SavedTiming_const             _IR_SavedTiming_const 02400
__L_RF_SavedTiming_const             _RF_SavedTiming_const 02500
__Labs1                              abs1                  00000
__Lbank0                             bank0                 00000
__Lbank1                             bank1                 00000
__Lbank2                             bank2                 00000
__Lbank3                             bank3                 00000
__Lbigbss                            bigbss                00000
__Lbigdata                           bigdata               00000
__Lbigram                            bigram                00000
__Lbss                               bss                   00000
__LbssBANK0                          bssBANK0              00000
__LbssBANK1                          bssBANK1              00000
__LbssBANK2                          bssBANK2              00000
__LbssBANK3                          bssBANK3              00000
__LbssCOMRAM                         bssCOMRAM             00000
__Lcinit                             cinit                 00000
__Lclrtext                           clrtext               00000
__Lcomram                            comram                00000
__Lconfig                            config                03FF8
__Lconst                             const                 00000
__LcstackBANK0                       cstackBANK0           00000
__LcstackBANK1                       cstackBANK1           00000
__LcstackCOMRAM                      cstackCOMRAM          00000
__Ldata                              data                  00000
__LdataBANK0                         dataBANK0             00000
__LdataCOMRAM                        dataCOMRAM            00000
__Lend_init                          end_init              0028E
__Lfarbss                            farbss                00000
__Lfardata                           fardata               00000
__Libigdata                          ibigdata              00000
__Lidata                             idata                 00000
__LidataBANK0                        idataBANK0            00000
__LidataCOMRAM                       idataCOMRAM           00000
__Lidloc                             idloc                 00000
__Lifardata                          ifardata              00000
__Linit                              init                  0028E
__Lintcode                           intcode               00008
__Lintcode_body                      intcode_body          00000
__Lintcodelo                         intcodelo             00018
__Lintentry                          intentry              00000
__Lintret                            intret                00000
__Lintsave_regs                      intsave_regs          00000
__Lirdata                            irdata                00000
__Ljflash_buffer                     jflash_buffer         03800
__Lmediumconst                       mediumconst           02800
__LnvFARRAM                          nvFARRAM              00000
__Lnvbit                             nvbit                 00000
__Lnvrram                            nvrram                00000
__Lparam                             param0                00000
__Lparam0                            param0                00000
__Lpowerup                           powerup               0028E
__Lram                               ram                   00000
__Lramtop                            ramtop                00400
__Lrbit                              rbit                  00000
__Lrbss                              rbss                  00000
__Lrdata                             rdata                 00000
__Lreset_vec                         reset_vec             00000
__Lsfr                               sfr                   00000
__Lsmallconst                        smallconst            00000
__Lspace_0                           (abs)                 00000
__Lspace_1                           (abs)                 00000
__Lspace_2                           (abs)                 00000
__Lstack                             stack                 00000
__Lstruct                            struct                00000
__Ltemp                              temp                  00066
__Ltext                              text                  00000
__Ltext0                             text0                 00000
__Ltext1                             text1                 00000
__Ltext10                            text10                00000
__Ltext100                           text100               00000
__Ltext101                           text101               00000
__Ltext102                           text102               00000
__Ltext103                           text103               00000
__Ltext104                           text104               00000
__Ltext105                           text105               00000
__Ltext106                           text106               00000
__Ltext107                           text107               00000
__Ltext108                           text108               00000
__Ltext109                           text109               00000
__Ltext11                            text11                00000
__Ltext110                           text110               00000
__Ltext111                           text111               00000
__Ltext112                           text112               00000
__Ltext113                           text113               00000
__Ltext114                           text114               00000
__Ltext115                           text115               00000
__Ltext116                           text116               00000
__Ltext117                           text117               00000
__Ltext118                           text118               00000
__Ltext119                           text119               00000
__Ltext12                            text12                00000
__Ltext120                           text120               00000
__Ltext13                            text13                00000
__Ltext14                            text14                00000
__Ltext15                            text15                00000
__Ltext16                            text16                00000
__Ltext17                            text17                00000
__Ltext18                            text18                00000
__Ltext19                            text19                00000
__Ltext2                             text2                 00000
__Ltext20                            text20                00000
__Ltext21                            text21                00000
__Ltext22                            text22                00000
__Ltext23                            text23                00000
__Ltext24                            text24                00000
__Ltext25                            text25                00000
__Ltext26                            text26                00000
__Ltext27                            text27                00000
__Ltext28                            text28                00000
__Ltext29                            text29                00000
__Ltext3                             text3                 00000
__Ltext30                            text30                00000
__Ltext31                            text31                00000
__Ltext32                            text32                00000
__Ltext33                            text33                00000
__Ltext34                            text34                00000
__Ltext35                            text35                00000
__Ltext36                            text36                00000
__Ltext37                            text37                00000
__Ltext38                            text38                00000
__Ltext39                            text39                00000
__Ltext4                             text4                 00000
__Ltext40                            text40                00000
__Ltext41                            text41                00000
__Ltext42                            text42                00000
__Ltext43                            text43                00000
__Ltext44                            text44                00000
__Ltext45                            text45                00000
__Ltext46                            text46                00000
__Ltext47                            text47                00000
__Ltext48                            text48                00000
__Ltext49                            text49                00000
__Ltext5                             text5                 00000
__Ltext50                            text50                00000
__Ltext51                            text51                00000
__Ltext52                            text52                00000
__Ltext53                            text53                00000
__Ltext54                            text54                00000
__Ltext55                            text55                00000
__Ltext56                            text56                00000
__Ltext57                            text57                00000
__Ltext59                            text59                00000
__Ltext6                             text6                 00000
__Ltext60                            text60                00000
__Ltext61                            text61                00000
__Ltext62                            text62                00000
__Ltext63                            text63                00000
__Ltext64                            text64                00000
__Ltext65                            text65                00000
__Ltext66                            text66                00000
__Ltext67                            text67                00000
__Ltext68                            text68                00000
__Ltext69                            text69                00000
__Ltext7                             text7                 00000
__Ltext70                            text70                00000
__Ltext71                            text71                00000
__Ltext72                            text72                00000
__Ltext73                            text73                00000
__Ltext74                            text74                00000
__Ltext75                            text75                00000
__Ltext76                            text76                00000
__Ltext77                            text77                00000
__Ltext78                            text78                00000
__Ltext79                            text79                00000
__Ltext8                             text8                 00000
__Ltext80                            text80                00000
__Ltext81                            text81                00000
__Ltext82                            text82                00000
__Ltext83                            text83                00000
__Ltext84                            text84                00000
__Ltext85                            text85                00000
__Ltext86                            text86                00000
__Ltext87                            text87                00000
__Ltext88                            text88                00000
__Ltext89                            text89                00000
__Ltext9                             text9                 00000
__Ltext90                            text90                00000
__Ltext91                            text91                00000
__Ltext92                            text92                00000
__Ltext93                            text93                00000
__Ltext94                            text94                00000
__Ltext96                            text96                00000
__Ltext97                            text97                00000
__Ltext98                            text98                00000
__Ltext99                            text99                00000
__S0                                 (abs)                 03FFE
__S1                                 (abs)                 00400
__S2                                 (abs)                 00000
___extmem_base                       (abs)                 20000
___ftdiv                             text93                00A92
___ftdiv@cntr                        cstackCOMRAM          00015
___ftdiv@exp                         cstackCOMRAM          00019
___ftdiv@f1                          cstackCOMRAM          0000C
___ftdiv@f2                          cstackCOMRAM          0000F
___ftdiv@f3                          cstackCOMRAM          00016
___ftdiv@sign                        cstackCOMRAM          0001A
___ftge                              text1                 00C48
___ftge@ff1                          cstackBANK1           00180
___ftge@ff2                          cstackBANK1           00183
___ftmul                             text54                03BA2
___ftmul@cntr                        cstackBANK1           00198
___ftmul@exp                         cstackBANK1           00194
___ftmul@f1                          cstackBANK1           0018B
___ftmul@f2                          cstackBANK1           0018E
___ftmul@f3_as_product               cstackBANK1           00195
___ftmul@sign                        cstackBANK1           00199
___ftpack                            text55                003D6
___ftpack@arg                        cstackBANK1           00180
___ftpack@exp                        cstackBANK1           00183
___ftpack@sign                       cstackBANK1           00184
___fttol                             text53                03E5E
___fttol@exp1                        cstackBANK1           0018E
___fttol@f1                          cstackBANK1           00180
___fttol@lval                        cstackBANK1           0018A
___fttol@sign1                       cstackBANK1           00189
___inthi_sp                          stack                 00000
___intlo_sp                          stack                 00000
___lwtoft                            text52                01A58
___lwtoft@c                          cstackBANK1           00188
___param_bank                        (abs)                 00000
___rparam_used                       (abs)                 00000
___sp                                stack                 00000
__accesstop                          (abs)                 00080
__activetblptr                       (abs)                 00002
__end_of_ADC_CalculateVoltage        text89                00E9C
__end_of_ADC_ChangeChannel           text48                01B4A
__end_of_ADC_ConversionInt           text47                01DEC
__end_of_ADC_Module                  text46                01DD6
__end_of_ADC_Start                   text57                01FB2
__end_of_BUT_IR_PinChangeInt         text44                01DC0
__end_of_BUT_ReadButton              text43                01880
__end_of_FSH_AddressToBlock          text88                019B0
__end_of_FSH_EraseBlock              text87                01578
__end_of_FSH_VerifyWriteIntArray     text86                013EA
__end_of_FSH_WriteIntArray           text85                0137C
__end_of_FSH_Write_IR_RF             text77                0317C
__end_of_FlashWaste                  _FlashWaste_const     02800
__end_of_IR_CalculateCodesize        text56                016A2
__end_of_IR_CheckCode                text72                0354C
__end_of_IR_CleanBuffer              text71                01E02
__end_of_IR_LoadCode                 text51                00A92
__end_of_IR_ReadReceiver             text49                018B6
__end_of_IR_ResetData                text81                01F50
__end_of_IR_SavedTiming              _IR_SavedTiming_const 02500
__end_of_InitADC                     text45                01AFE
__end_of_InitButton                  text42                01F34
__end_of_InitFlash                   text41                01FAE
__end_of_InitIR                      text39                01C68
__end_of_InitLDO                     text37                01F94
__end_of_InitMOTOR                   text36                01FAA
__end_of_InitRF                      text31                01760
__end_of_InitTimer0                  text27                01BD8
__end_of_InitTimer1                  text21                01C4C
__end_of_InitTimer2                  text18                01BF6
__end_of_InitTimers                  text17                01F26
__end_of_Init_App                    text50                0179C
__end_of_Init_System                 text16                01950
__end_of_LDO_Pass                    text38                01CCE
__end_of_MSC_BlinkLED                text13                0161A
__end_of_MSC_BufferCopyIntConst      text79                010AE
__end_of_MSC_CleanBufferInt          text40                03FF6
__end_of_MSC_DelayMS                 text14                0151E
__end_of_MSC_DelayNOP                text15                01A04
__end_of_MTR_IN1                     text12                01CFA
__end_of_MTR_IN2                     text11                01CE4
__end_of_MTR_Rotate                  text10                014BC
__end_of_PCB_Version                 mediumconst           0280A
__end_of_RF_CalculateCodesize        text9                 0165E
__end_of_RF_CheckCode                text101               03806
__end_of_RF_DataInt                  text35                01C82
__end_of_RF_Disable                  text69                01E42
__end_of_RF_Enable                   text82                01E56
__end_of_RF_LoadCode                 text8                 008C0
__end_of_RF_Receiver                 text34                01DAA
__end_of_RF_ResetData                text78                01F42
__end_of_RF_SavedTiming              _RF_SavedTiming_const 02600
__end_of_RF_SetBandwidth             text33                0184A
__end_of_RF_SetSquelch               text32                01D94
__end_of_SYS_ActivityTimer           text5                 019DA
__end_of_SYS_ActivityTimerReset      text7                 01E90
__end_of_SYS_ConfigureOscillator     text4                 01F8C
__end_of_SYS_DisableInt              text3                 01FA0
__end_of_SYS_EnableInt               text2                 01C30
__end_of_SYS_Sleep                   text6                 01FA6
__end_of_TMR_ResetTimer0             text29                01A58
__end_of_TMR_ResetTimer1             text25                01A2E
__end_of_TMR_ResetTimer2             text63                01B26
__end_of_TMR_Timer0                  text30                01D7E
__end_of_TMR_Timer0Int               text28                01D68
__end_of_TMR_Timer0Start             text98                01ED8
__end_of_TMR_Timer0Status            text97                01F84
__end_of_TMR_Timer1                  text26                01D52
__end_of_TMR_Timer1Function          text23                01980
__end_of_TMR_Timer1Int               text22                01D3C
__end_of_TMR_Timer1Osc               text24                01C14
__end_of_TMR_Timer1Start             text66                01EB4
__end_of_TMR_Timer1Status            text65                01F78
__end_of_TMR_Timer2                  text20                01D26
__end_of_TMR_Timer2Int               text19                01D10
__end_of_TMR_Timer2Start             text62                01C9C
__end_of___ftdiv                     text93                00B78
__end_of___ftge                      text1                 00D10
__end_of___ftmul                     text54                03D00
__end_of___ftpack                    text55                004E2
__end_of___fttol                     text53                03FA2
__end_of___lwtoft                    text52                01A82
__end_of__initialization             cinit                 012F4
__end_of_high_isr                    intcode_body          03BA2
__end_of_low_isr                     intcodelo             0028E
__end_of_main                        text0                 03A24
__end_ofexp@coeff                    mediumconst           02828
__end_ofi1_ADC_ChangeChannel         text92                01BB6
__end_ofi1_BUT_ReadButton            text61                0191E
__end_ofi1_IR_CalculateCodesize      text76                01812
__end_ofi1_IR_LoadCode               text74                00C48
__end_ofi1_IR_ReadReceiver           text60                018EA
__end_ofi1_MSC_CleanBufferInt        text80                01724
__end_ofi1_RF_DataInt                text84                01E6A
__end_ofi1_SYS_ActivityTimerReset    text59                01EA2
__end_ofi1_TMR_ResetTimer1           text67                01B6E
__end_ofi1_TMR_Timer0                text70                01F08
__end_ofi1_TMR_Timer0Int             text83                01F18
__end_ofi1_TMR_Timer1                text68                01EF8
__end_ofi1_TMR_Timer2                text64                01EE8
__end_ofi1___ftge                    text73                01276
__end_ofi1___ftmul                   text91                007D6
__end_ofi1___ftpack                  text94                01006
__end_ofi1___fttol                   text75                006E2
__end_ofi1___lwtoft                  text90                01B92
[...]
 Registers used:
		wreg, fsr2l, fsr2h, status,2, status,0, tblptrl, tblptrh, tblptru, prodl, prodh, cstack
 Tracked objects:
		On entry : 
		On exit  : 
		Unchanged: 
 Data sizes:     COMRAM   BANK0   BANK1   BANK2   BANK3
      Params:         0       0       0       0       0
      Locals:         0       9       0       0       0
      Temps:          0       6       0       0       0
      Totals:         0      15       0       0       0
Total ram usage:       15 bytes
 Hardware stack levels used:    1
 Hardware stack levels required when called:    3
 This function calls:
		i2_FSH_AddressToBlock
		i2_FSH_EraseBlock
		i2_FSH_VerifyWriteIntArray
		i2_FSH_WriteIntArray
		i2_IR_ResetData
		i2_MSC_BufferCopyIntConst
		i2_RF_ResetData
 This function is called by:
		_RF_CheckCode
 This function uses a non-reentrant model


 *************** function i2_RF_ResetData *****************
 Defined at:
		line 221 in file "RF.c"
 Parameters:    Size  Location     Type
		None
 Auto vars:     Size  Location     Type
		None
 Return value:  Size  Location     Type
		None               void
 Registers used:
		wreg, status,2
 Tracked objects:
		On entry : 
		On exit  : 
		Unchanged: 
 Data sizes:     COMRAM   BANK0   BANK1   BANK2   BANK3
      Params:         0       0       0       0       0
      Locals:         0       0       0       0       0
      Temps:          0       0       0       0       0
      Totals:         0       0       0       0       0
Total ram usage:        0 bytes
 Hardware stack levels used:    1
 This function calls:
		Nothing
 This function is called by:
		_high_isr
		i2_FSH_Write_IR_RF
 This function uses a non-reentrant model


 *************** function i2_MSC_BufferCopyIntConst *****************
 Defined at:
		line 238 in file "MISC.c"
 Parameters:    Size  Location     Type
  from            3    6[BANK0 ] PTR const unsigned int 
		 -> IR_SavedTiming(256), RF_SavedTiming(256), 
  to              2    9[BANK0 ] PTR unsigned int 
		 -> IR_DataTiming(256), RF_DataTiming(256), 
  count           2   11[BANK0 ] unsigned int 
  shift           2   13[BANK0 ] unsigned int 
 Auto vars:     Size  Location     Type
  MSC_BufferCo    2   15[BANK0 ] unsigned int 
 Return value:  Size  Location     Type
		None               void
 Registers used:
		wreg, fsr2l, fsr2h, status,2, status,0, tblptrl, tblptrh, tblptru, cstack
 Tracked objects:
		On entry : 
		On exit  : 
		Unchanged: 
 Data sizes:     COMRAM   BANK0   BANK1   BANK2   BANK3
      Params:         0       9       0       0       0
      Locals:         0       2       0       0       0
      Temps:          0       0       0       0       0
      Totals:         0      11       0       0       0
Total ram usage:       11 bytes
 Hardware stack levels used:    1
 Hardware stack levels required when called:    1
 This function calls:
		i2_MSC_CleanBufferInt
 This function is called by:
		i2_FSH_Write_IR_RF
 This function uses a non-reentrant model


 *************** function i2_MSC_CleanBufferInt *****************
 Defined at:
		line 166 in file "MISC.c"
 Parameters:    Size  Location     Type
  data            2    0[BANK0 ] PTR unsigned int 
		 -> IR_DataTiming(256), RF_DataTiming(256), 
  count           2    2[BANK0 ] unsigned int 
 Auto vars:     Size  Location     Type
  MSC_CleanBuf    2    4[BANK0 ] unsigned int 
 Return value:  Size  Location     Type
		None               void
 Registers used:
		wreg, fsr2l, fsr2h, status,2, status,0
 Tracked objects:
		On entry : 
		On exit  : 
		Unchanged: 
 Data sizes:     COMRAM   BANK0   BANK1   BANK2   BANK3
      Params:         0       4       0       0       0
      Locals:         0       2       0       0       0
      Temps:          0       0       0       0       0
      Totals:         0       6       0       0       0
Total ram usage:        6 bytes
 Hardware stack levels used:    1
 This function calls:
		Nothing
 This function is called by:
		i2_MSC_BufferCopyIntConst
 This function uses a non-reentrant model


 *************** function i2_IR_ResetData *****************
 Defined at:
		line 107 in file "IR.c"
 Parameters:    Size  Location     Type
		None
 Auto vars:     Size  Location     Type
		None
 Return value:  Size  Location     Type
		None               void
 Registers used:
		wreg, status,2, cstack
 Tracked objects:
		On entry : 
		On exit  : 
		Unchanged: 
 Data sizes:     COMRAM   BANK0   BANK1   BANK2   BANK3
      Params:         0       0       0       0       0
      Locals:         0       0       0       0       0
      Temps:          0       0       0       0       0
      Totals:         0       0       0       0       0
Total ram usage:        0 bytes
 Hardware stack levels used:    1
 Hardware stack levels required when called:    2
 This function calls:
		i2_RF_Enable
 This function is called by:
		i2_FSH_Write_IR_RF
 This function uses a non-reentrant model


 *************** function i2_RF_Enable *****************
 Defined at:
		line 206 in file "RF.c"
 Parameters:    Size  Location     Type
		None
 Auto vars:     Size  Location     Type
		None
 Return value:  Size  Location     Type
		None               void
 Registers used:
		wreg, status,2, cstack
 Tracked objects:
		On entry : 
		On exit  : 
		Unchanged: 
 Data sizes:     COMRAM   BANK0   BANK1   BANK2   BANK3
      Params:         0       0       0       0       0
      Locals:         0       0       0       0       0
      Temps:          0       0       0       0       0
      Totals:         0       0       0       0       0
Total ram usage:        0 bytes
 Hardware stack levels used:    1
 Hardware stack levels required when called:    1
 This function calls:
		i2_RF_DataInt
		i2_TMR_Timer0Int
 This function is called by:
		i2_IR_ResetData
 This function uses a non-reentrant model


 *************** function i2_TMR_Timer0Int *****************
 Defined at:
		line 208 in file "TIMERS.c"
 Parameters:    Size  Location     Type
  state           1    wreg     unsigned char 
 Auto vars:     Size  Location     Type
  state           1    0[BANK0 ] unsigned char 
 Return value:  Size  Location     Type
		None               void
 Registers used:
		wreg, status,2
 Tracked objects:
		On entry : 
		On exit  : 
		Unchanged: 
 Data sizes:     COMRAM   BANK0   BANK1   BANK2   BANK3
      Params:         0       0       0       0       0
      Locals:         0       1       0       0       0
      Temps:          0       0       0       0       0
      Totals:         0       1       0       0       0
Total ram usage:        1 bytes
 Hardware stack levels used:    1
 This function calls:
		Nothing
 This function is called by:
		i2_RF_Enable
 This function uses a non-reentrant model


 *************** function i2_RF_DataInt *****************
 Defined at:
		line 78 in file "RF.c"
 Parameters:    Size  Location     Type
  state           1    wreg     unsigned char 
 Auto vars:     Size  Location     Type
  state           1    0[BANK0 ] unsigned char 
 Return value:  Size  Location     Type
		None               void
 Registers used:
		wreg, status,2
 Tracked objects:
		On entry : 
		On exit  : 
		Unchanged: 
 Data sizes:     COMRAM   BANK0   BANK1   BANK2   BANK3
      Params:         0       0       0       0       0
      Locals:         0       1       0       0       0
      Temps:          0       0       0       0       0
      Totals:         0       1       0       0       0
Total ram usage:        1 bytes
 Hardware stack levels used:    1
 This function calls:
		Nothing
 This function is called by:
		i2_RF_Enable
 This function uses a non-reentrant model


 *************** function i2_FSH_WriteIntArray *****************
 Defined at:
		line 146 in file "FLASH.c"
 Parameters:    Size  Location     Type
  ConstArray      3    4[BANK0 ] PTR const unsigned int 
		 -> IR_SavedTiming(256), RF_SavedTiming(256), 
  Array           2    7[BANK0 ] PTR unsigned int 
		 -> IR_DataTiming(256), RF_DataTiming(256), 
 Auto vars:     Size  Location     Type
  FSH_WriteInt    1   11[BANK0 ] unsigned char 
 Return value:  Size  Location     Type
		None               void
 Registers used:
		wreg, fsr2l, fsr2h, status,2, status,0, cstack
 Tracked objects:
		On entry : 
		On exit  : 
		Unchanged: 
 Data sizes:     COMRAM   BANK0   BANK1   BANK2   BANK3
      Params:         0       5       0       0       0
      Locals:         0       1       0       0       0
      Temps:          0       2       0       0       0
      Totals:         0       8       0       0       0
Total ram usage:        8 bytes
 Hardware stack levels used:    1
 Hardware stack levels required when called:    1
 This function calls:
		i2_FSH_AddressToBlock
 This function is called by:
		i2_FSH_Write_IR_RF
 This function uses a non-reentrant model


 *************** function i2_FSH_VerifyWriteIntArray *****************
 Defined at:
		line 183 in file "FLASH.c"
 Parameters:    Size  Location     Type
  ConstArray      3    0[BANK0 ] PTR const unsigned int 
		 -> IR_SavedTiming(256), RF_SavedTiming(256), 
  Array           2    3[BANK0 ] PTR unsigned int 
		 -> IR_DataTiming(256), RF_DataTiming(256), 
 Auto vars:     Size  Location     Type
  FSH_VerifyWr    2    8[BANK0 ] unsigned int 
  FSH_VerifyWr    1   11[BANK0 ] unsigned char 
  FSH_VerifyWr    1   10[BANK0 ] unsigned char 
 Return value:  Size  Location     Type
                  1    wreg      unsigned char 
 Registers used:
		wreg, fsr2l, fsr2h, status,2, status,0, tblptrl, tblptrh, tblptru, prodl, prodh
 Tracked objects:
		On entry : 
		On exit  : 
		Unchanged: 
 Data sizes:     COMRAM   BANK0   BANK1   BANK2   BANK3
      Params:         0       5       0       0       0
      Locals:         0       4       0       0       0
      Temps:          0       3       0       0       0
      Totals:         0      12       0       0       0
Total ram usage:       12 bytes
 Hardware stack levels used:    1
 This function calls:
		Nothing
 This function is called by:
		i2_FSH_Write_IR_RF
 This function uses a non-reentrant model


 *************** function i2_FSH_EraseBlock *****************
 Defined at:
		line 98 in file "FLASH.c"
 Parameters:    Size  Location     Type
  Address         4    4[BANK0 ] unsigned long 
 Auto vars:     Size  Location     Type
  FSH_EraseBlo    4    0        unsigned long 
  FSH_EraseBlo    1   10[BANK0 ] unsigned char 
  FSH_EraseBlo    1    9[BANK0 ] unsigned char 
  FSH_EraseBlo    1    8[BANK0 ] unsigned char 
 Return value:  Size  Location     Type
		None               void
 Registers used:
		wreg, status,2, status,0, cstack
 Tracked objects:
		On entry : 
		On exit  : 
		Unchanged: 
 Data sizes:     COMRAM   BANK0   BANK1   BANK2   BANK3
      Params:         0       4       0       0       0
      Locals:         0       3       0       0       0
      Temps:          0       0       0       0       0
      Totals:         0       7       0       0       0
Total ram usage:        7 bytes
 Hardware stack levels used:    1
 Hardware stack levels required when called:    1
 This function calls:
		i2_FSH_AddressToBlock
 This function is called by:
		i2_FSH_Write_IR_RF
 This function uses a non-reentrant model


 *************** function i2_FSH_AddressToBlock *****************
 Defined at:
		line 503 in file "FLASH.c"
 Parameters:    Size  Location     Type
  Address         4    0[BANK0 ] unsigned long 
 Auto vars:     Size  Location     Type
		None
 Return value:  Size  Location     Type
		None               void
 Registers used:
		wreg, status,2, status,0
 Tracked objects:
		On entry : 
		On exit  : 
		Unchanged: 
 Data sizes:     COMRAM   BANK0   BANK1   BANK2   BANK3
      Params:         0       4       0       0       0
      Locals:         0       0       0       0       0
      Temps:          0       0       0       0       0
      Totals:         0       4       0       0       0
Total ram usage:        4 bytes
 Hardware stack levels used:    1
 This function calls:
		Nothing
 This function is called by:
		i2_FSH_EraseBlock
		i2_FSH_WriteIntArray
		i2_FSH_Write_IR_RF
 This function uses a non-reentrant model



MODULE INFORMATION

Module		Function		Class		Link	Load	Size
SYSTEM.c
		_SYS_ConfigureOscillator		CODE           	1F84	0000	9
		_SYS_EnableInt 		CODE           	1C14	0000	29
		_SYS_ActivityTimerReset		CODE           	1E7E	0000	19
		_SYS_Sleep     		CODE           	1FA0	0000	7
		_SYS_DisableInt		CODE           	1F9A	0000	7
		_SYS_ActivityTimer		CODE           	19B0	0000	43

SYSTEM.c estimated size: 114

TIMERS.c
		_TMR_Timer1Osc 		CODE           	1BF6	0000	31
		_TMR_Timer0Int 		CODE           	1D52	0000	23
		_TMR_Timer1Int 		CODE           	1D26	0000	23
		_TMR_Timer2Int 		CODE           	1CFA	0000	23
		_TMR_Timer0Status		CODE           	1F78	0000	13
		_TMR_Timer1Status		CODE           	1F6C	0000	13
		_InitTimer0    		CODE           	1BB6	0000	35
		_InitTimer1    		CODE           	1C30	0000	29
		_InitTimer2    		CODE           	1BD8	0000	31
		_InitTimers    		CODE           	1F18	0000	15
		_TMR_Timer0Start		CODE           	1EC6	0000	19
		_TMR_Timer1Start		CODE           	1EA2	0000	19
		_TMR_Timer2Start		CODE           	1C82	0000	27
		_TMR_Timer1Function		CODE           	1950	0000	49
		_TMR_ResetTimer0		CODE           	1A2E	0000	43
		_TMR_ResetTimer1		CODE           	1A04	0000	43
		_TMR_ResetTimer2		CODE           	1AFE	0000	41
		_TMR_Timer0    		CODE           	1D68	0000	23
		_TMR_Timer1    		CODE           	1D3C	0000	23
		_TMR_Timer2    		CODE           	1D10	0000	23

TIMERS.c estimated size: 546

C:\Program Files (x86)\Microchip\xc8\v1.35\sources\common\ftge.c
		___ftge        		CODE           	0C48	0000	201

C:\Program Files (x86)\Microchip\xc8\v1.35\sources\common\ftge.c estimated size: 201

BUTTON.c
		_InitButton    		CODE           	1F26	0000	15
		_BUT_ReadButton		CODE           	184A	0000	55
		_BUT_IR_PinChangeInt		CODE           	1DAA	0000	23

BUTTON.c estimated size: 93

MOTOR.c
		_MTR_IN2       		CODE           	1CCE	0000	23
		_MTR_IN1       		CODE           	1CE4	0000	23
		_MTR_Rotate    		CODE           	1456	0000	103
		_InitMOTOR     		CODE           	1FA6	0000	5

MOTOR.c estimated size: 154

C:\Program Files (x86)\Microchip\xc8\v1.35\sources\common\lwtoft.c
		___lwtoft      		CODE           	1A58	0000	43

C:\Program Files (x86)\Microchip\xc8\v1.35\sources\common\lwtoft.c estimated size: 43

RF.c
		_RF_ResetData  		CODE           	1F34	0000	15
		_RF_CheckCode  		CODE           	354C	0000	699
		_RF_Enable     		CODE           	1E42	0000	21
		_RF_SetSquelch 		CODE           	1D7E	0000	23
		_RF_LoadCode   		CODE           	07D6	0000	235
		_RF_Receiver   		CODE           	1D94	0000	23
		_RF_DataInt    		CODE           	1C68	0000	27
		_RF_CalculateCodesize		CODE           	161A	0000	69
		_RF_Disable    		CODE           	1E2E	0000	21
		_InitRF        		CODE           	1724	0000	61
		_RF_SetBandwidth		CODE           	1812	0000	57

RF.c estimated size: 1251

FLASH.c
		_FSH_VerifyWriteIntArray		CODE           	137C	0000	111
		_InitFlash     		CODE           	1FAA	0000	5
		_FSH_WriteIntArray		CODE           	1302	0000	123
		_FSH_Write_IR_RF		CODE           	2D8E	0000	1007
		_FSH_AddressToBlock		CODE           	1980	0000	49
		_FSH_EraseBlock		CODE           	151E	0000	91

FLASH.c estimated size: 1386

C:\Program Files (x86)\Microchip\xc8\v1.35\sources\common\float.c
		___ftpack      		CODE           	03D6	0000	269

C:\Program Files (x86)\Microchip\xc8\v1.35\sources\common\float.c estimated size: 269

shared
		i1_IR_CalculateCodesize		CODE           	17D8	0000	59
		i1_MSC_CleanBufferInt		CODE           	16E6	0000	63
		i2_RF_Enable   		CODE           	1E6A	0000	21
		i2_MSC_CleanBufferInt		CODE           	1578	0000	85
		i1_TMR_Timer0Int		CODE           	1F08	0000	17
		i2_TMR_Timer0Int		CODE           	1E18	0000	23
		exp@coeff      		MEDIUMCONST    	0000	0000	0
		i2_IR_ResetData		CODE           	1F5E	0000	15
		i1___fttol     		CODE           	05EE	0000	245
		i2___fttol     		CODE           	0292	0000	325
		i2_RF_LoadCode 		CODE           	08C0	0000	235
		i1___ftge      		CODE           	11E6	0000	145
		i2___ftge      		CODE           	0D10	0000	201
		i1_IR_ReadReceiver		CODE           	18B6	0000	53
		i1___lwtoft    		CODE           	1B6E	0000	37
		i2___lwtoft    		CODE           	1AAC	0000	43
		i2_FSH_WriteIntArray		CODE           	10AE	0000	163
		i2_RF_CalculateCodesize		CODE           	16A2	0000	69
		_PCB_Version   		MEDIUMCONST    	2801	0000	10
		i1___ftmul     		CODE           	06E2	0000	245
		i2___ftmul     		CODE           	3D00	0000	351
		i1_SYS_ActivityTimerReset		CODE           	1E90	0000	19
		i2_SYS_ActivityTimerReset		CODE           	1EB4	0000	19
		i2_FSH_Write_IR_RF		CODE           	2844	0000	1355
		i1___ftpack    		CODE           	0F58	0000	175
		i2_FSH_VerifyWriteIntArray		CODE           	1150	0000	151
		i2___ftpack    		CODE           	04E2	0000	269
		__initialization		CODE           	1276	0000	127
		i2_FSH_EraseBlock		CODE           	13EA	0000	109
		i1_TMR_Timer0  		CODE           	1EF8	0000	17
		i1_TMR_Timer1  		CODE           	1EE8	0000	17
		i1_TMR_Timer2  		CODE           	1ED8	0000	17
		i2_RF_ResetData		CODE           	1F50	0000	15
		i2_FSH_AddressToBlock		CODE           	179C	0000	61
		i2_TMR_Timer0  		CODE           	1E02	0000	23
		i1_BUT_ReadButton		CODE           	18EA	0000	53
		_RF_SavedTiming		CODE           	2500	0000	257
		i1_ADC_ChangeChannel		CODE           	1B92	0000	37
		_FlashWaste    		CODE           	2600	0000	513
		i1_RF_DataInt  		CODE           	1E56	0000	21
		i2_RF_DataInt  		CODE           	1C9C	0000	27
		i1_TMR_ResetTimer1		CODE           	1B4A	0000	37
		i2_TMR_ResetTimer0		CODE           	1A82	0000	43
		log@coeff      		MEDIUMCONST    	0000	0000	0
		i1_IR_LoadCode 		CODE           	0B78	0000	209
		_IR_SavedTiming		CODE           	2400	0000	257
		i2_MSC_BufferCopyIntConst		CODE           	0E9C	0000	189

shared estimated size: 6422

ADC.c
		_ADC_CalculateVoltage		CODE           	0DD8	0000	197
		_ADC_Start     		CODE           	1FAE	0000	5
		_InitADC       		CODE           	1AD6	0000	41
		_ADC_Module    		CODE           	1DC0	0000	23
		_ADC_ChangeChannel		CODE           	1B26	0000	37
		_ADC_ConversionInt		CODE           	1DD6	0000	23

ADC.c estimated size: 326

C:\Program Files (x86)\Microchip\xc8\v1.35\sources\common\ftmul.c
		___ftmul       		CODE           	3BA2	0000	351

C:\Program Files (x86)\Microchip\xc8\v1.35\sources\common\ftmul.c estimated size: 351

MISC.c
		_MSC_BufferCopyIntConst		CODE           	1006	0000	169
		_MSC_DelayMS   		CODE           	14BC	0000	99
		_MSC_BlinkLED  		CODE           	15CC	0000	79
		_MSC_DelayNOP  		CODE           	19DA	0000	43
		_MSC_CleanBufferInt		CODE           	3FA2	0000	85

MISC.c estimated size: 475

USER.c
		_Init_App      		CODE           	1760	0000	61
		_Init_System   		CODE           	191E	0000	51

USER.c estimated size: 112

C:\Program Files (x86)\Microchip\xc8\v1.35\sources\common\ftdiv.c
		___ftdiv       		CODE           	0A92	0000	231

C:\Program Files (x86)\Microchip\xc8\v1.35\sources\common\ftdiv.c estimated size: 231

IR.c
		_IR_ResetData  		CODE           	1F42	0000	15
		_IR_CheckCode  		CODE           	317C	0000	977
		_InitIR        		CODE           	1C4C	0000	29
		_IR_LoadCode   		CODE           	09AA	0000	233
		_IR_CleanBuffer		CODE           	1DEC	0000	23
		_IR_ReadReceiver		CODE           	1880	0000	55
		_IR_CalculateCodesize		CODE           	165E	0000	69

IR.c estimated size: 1401

LDO.c
		_LDO_Pass      		CODE           	1CB6	0000	25
		_InitLDO       		CODE           	1F8C	0000	9

LDO.c estimated size: 34

INTERRUPTS.c
		_high_isr      		CODE           	0008	0000	397
		_low_isr       		CODE           	0018	0000	631

INTERRUPTS.c estimated size: 1028

main.c
		_main          		CODE           	3806	0000	543

main.c estimated size: 543

C:\Program Files (x86)\Microchip\xc8\v1.35\sources\common\fttol.c
		___fttol       		CODE           	3E5E	0000	325

C:\Program Files (x86)\Microchip\xc8\v1.35\sources\common\fttol.c estimated size: 325

