Microchip MPLAB XC8 Compiler V1.34 ()

Linker command line:

--edf=C:\Program Files (x86)\Microchip\xc8\v1.34\dat\en_msgs.txt -cs \
  -h+dist/LazySwitch_PIC18f24J10/production\PIC_LazySwitch.production.sym \
  --cmf=dist/LazySwitch_PIC18f24J10/production\PIC_LazySwitch.production.cmf \
  -z -Q18F24J10 -oC:\Users\DWHITF~1\AppData\Local\Temp\savk.6 \
  -Mdist/LazySwitch_PIC18f24J10/production/PIC_LazySwitch.production.map \
  -E1 -ver=XC8 -ASTACK=03A0h-03ffh -pstack=STACK -ACODE=00h-03FF7h \
  -ACONST=00h-03FF7h -ASMALLCONST=0400h-04FFhx59,03F00h-03FF7h \
  -AMEDIUMCONST=0400h-03FF7h -ACOMRAM=01h-07Fh -AABS1=00h-03FFh \
  -ABIGRAM=01h-03FFh -ARAM=080h-0FFh,0100h-01FFhx3 -ABANK0=080h-0FFh \
  -ABANK1=0100h-01FFh -ABANK2=0200h-02FFh -ABANK3=0300h-03FFh \
  -ASFR=0F80h-0FFFh \
  -preset_vec=00h,intcode=08h,intcodelo=018h,powerup,init,end_init \
  -pramtop=0400h -psmallconst=SMALLCONST -pmediumconst=MEDIUMCONST \
  -pconst=CONST -AFARRAM=00h-00h -ACONFIG=03FF8h-03FFDh -pconfig=CONFIG \
  -pjflash_buffer=03800h \
  -prdata=COMRAM,nvrram=COMRAM,nvbit=COMRAM,rbss=COMRAM,rbit=COMRAM \
  -pfarbss=FARRAM,fardata=FARRAM,nvFARRAM=FARRAM \
  -pintsave_regs=BIGRAM,bigbss=BIGRAM,bigdata=BIGRAM -pbss=RAM \
  -pidata=CODE,irdata=CODE,ibigdata=CODE,ifardata=CODE -pparam0=BANK0 \
  C:\Users\DWHITF~1\AppData\Local\Temp\savk.obj \
  dist/LazySwitch_PIC18f24J10/production\PIC_LazySwitch.production.obj 

Object code version is 3.11

Machine type is 18F24J10

Call graph: (short form)




                Name                               Link     Load   Length Selector   Space Scale
C:\Users\DWHITF~1\AppData\Local\Temp\savk.obj
                end_init                            2B4      2B4        4        C       0
                reset_vec                             0        0        4        0       0
                config                             3FF8     3FF8        6     3FF8       0
dist/LazySwitch_PIC18f24J10/production\PIC_LazySwitch.production.obj
                intcodelo                            18       18      29C        C       0
                intcode                               8        8       10        4       0
                mediumconst                        3ECA     3ECA      12E     1F65       0
                text89                             19E2     19E2       56        C       0
                text88                             1500     1500       B4        C       0
                text87                             11EA     11EA       CE        C       0
                text86                              E0E      E0E      120        C       0
                text85                              B50      B50      16C        C       0
                text84                             1D6E     1D6E       2C        C       0
                text83                              57E      57E      246        C       0
                text82                             21D4     21D4        E        C       0
                text81                             20A4     20A4       18        C       0
                text80                             1D42     1D42       2C        C       0
                text79                             217C     217C       12        C       0
                text78                             21C6     21C6        E        C       0
                intcode_body                        9C8      9C8      188        C       0
                text76                             137E     137E       C6        C       0
                text75                             1030     1030       EC        C       0
                text74                              F2E      F2E      102        C       0
                text73                             1E5E     1E5E       26        C       0
                text72                             1E38     1E38       26        C       0
                text71                             12B8     12B8       C6        C       0
                text70                             1A8C     1A8C       40        C       0
                text69                             1712     1712       A0        C       0
                text68                             17B2     17B2       96        C       0
                text67                              2B8      2B8      2C6        C       0
                text66                             20D2     20D2       16        C       0
                text65                             20BC     20BC       16        C       0
                text64                             216A     216A       12        C       0
                text63                             20FC     20FC       14        C       0
                text62                             21B8     21B8        E        C       0
                text61                             2158     2158       12        C       0
                text60                             20E8     20E8       14        C       0
                text59                             2146     2146       12        C       0
                text58                             1E12     1E12       26        C       0
                text57                             2134     2134       12        C       0
                text56                             21AA     21AA        E        C       0
                text55                             2122     2122       12        C       0
                text54                             1D9A     1D9A       2A        C       0
                text53                             1F52     1F52       1A        C       0
                text52                             2110     2110       12        C       0
                text51                             1C24     1C24       36        C       0
                text50                             1BEE     1BEE       36        C       0
                text48                             21FE     21FE        4        C       0
                text47                             198C     198C       56        C       0
                text46                             1444     1444       BC        C       0
                text45                              CBC      CBC      152        C       0
                text44                             1664     1664       AE        C       0
                text43                             1B08     1B08       3C        C       0
                text42                             1BB6     1BB6       38        C       0
                text41                             1DEC     1DEC       26        C       0
                text40                             208C     208C       18        C       0
                text39                             2074     2074       18        C       0
                text38                             1DC4     1DC4       28        C       0
                text37                             205C     205C       18        C       0
                text36                             1B7E     1B7E       38        C       0
                text35                             219C     219C        E        C       0
                text34                             2202     2202        2        C       0
                text33                             1F1C     1F1C       1C        C       0
                text32                             1F38     1F38       1A        C       0
                text31                             21EC     21EC        8        C       0
                text30                             21FA     21FA        4        C       0
                text29                             1F00     1F00       1C        C       0
                text28                             2044     2044       18        C       0
                text27                             1B44     1B44       3A        C       0
                text26                             202C     202C       18        C       0
                text25                             1ACC     1ACC       3C        C       0
                text24                             2014     2014       18        C       0
                text23                             1D16     1D16       2C        C       0
                text22                             1FFC     1FFC       18        C       0
                text21                             1E84     1E84       22        C       0
                text20                             1FE4     1FE4       18        C       0
                text19                             1CEA     1CEA       2C        C       0
                text18                             1EA6     1EA6       20        C       0
                text17                             1C8C     1C8C       32        C       0
                text16                             1FCC     1FCC       18        C       0
                text15                             1EE4     1EE4       1C        C       0
                text14                             1FB4     1FB4       18        C       0
                text13                             1F9C     1F9C       18        C       0
                text12                             1EC6     1EC6       1E        C       0
                text11                             218E     218E        E        C       0
                text10                             1C5A     1C5A       32        C       0
                text9                              1CBE     1CBE       2C        C       0
                text8                              1928     1928       64        C       0
                text7                              1A38     1A38       54        C       0
                text6                              1F84     1F84       18        C       0
                text5                              1F6C     1F6C       18        C       0
                text4                              18C0     18C0       68        C       0
                text3                              15B4     15B4       B0        C       0
                text2                              21E2     21E2        A        C       0
                text1                              111C     111C       CE        C       0
                text0                               7C4      7C4      204        C       0
                cstackCOMRAM                          1        1       47        1       1
                cstackBANK0                          80       80       39       80       1
                cstackBANK1                         1A0      1A0       11      100       1
                bssBANK3                            300      300       A0      300       1
                bssBANK2                            200      200       F0      200       1
                bssBANK1                            100      100       A0      100       1
                dataBANK0                            C9       C9        6       80       1
                bssBANK0                             B9       B9       10       80       1
                dataCOMRAM                           5B       5B        1        1       1
                bssCOMRAM                            48       48       13        1       1
                cinit                              1848     1848       78        C       0
                idataBANK0                         21F4     21F4        6        C       0
                idataCOMRAM                        2204     2204        1        C       0

TOTAL           Name                               Link     Load   Length     Space
        CLASS   STACK          

        CLASS   CODE           
                end_init                            2B4      2B4        4         0
                intcodelo                            18       18      29C         0
                intcode                               8        8       10         0
                reset_vec                             0        0        4         0
                text89                             19E2     19E2       56         0
                text88                             1500     1500       B4         0
                text87                             11EA     11EA       CE         0
                text86                              E0E      E0E      120         0
                text85                              B50      B50      16C         0
                text84                             1D6E     1D6E       2C         0
                text83                              57E      57E      246         0
                text82                             21D4     21D4        E         0
                text81                             20A4     20A4       18         0
                text80                             1D42     1D42       2C         0
                text79                             217C     217C       12         0
                text78                             21C6     21C6        E         0
                intcode_body                        9C8      9C8      188         0
                text76                             137E     137E       C6         0
                text75                             1030     1030       EC         0
                text74                              F2E      F2E      102         0
                text73                             1E5E     1E5E       26         0
                text72                             1E38     1E38       26         0
                text71                             12B8     12B8       C6         0
                text70                             1A8C     1A8C       40         0
                text69                             1712     1712       A0         0
                text68                             17B2     17B2       96         0
                text67                              2B8      2B8      2C6         0
                text66                             20D2     20D2       16         0
                text65                             20BC     20BC       16         0
                text64                             216A     216A       12         0
                text63                             20FC     20FC       14         0
                text62                             21B8     21B8        E         0
                text61                             2158     2158       12         0
                text60                             20E8     20E8       14         0
                text59                             2146     2146       12         0
                text58                             1E12     1E12       26         0
                text57                             2134     2134       12         0
                text56                             21AA     21AA        E         0
                text55                             2122     2122       12         0
                text54                             1D9A     1D9A       2A         0
                text53                             1F52     1F52       1A         0
                text52                             2110     2110       12         0
                text51                             1C24     1C24       36         0
                text50                             1BEE     1BEE       36         0
                text48                             21FE     21FE        4         0
                text47                             198C     198C       56         0
                text46                             1444     1444       BC         0
                text45                              CBC      CBC      152         0
                text44                             1664     1664       AE         0
                text43                             1B08     1B08       3C         0
                text42                             1BB6     1BB6       38         0
                text41                             1DEC     1DEC       26         0
                text40                             208C     208C       18         0
                text39                             2074     2074       18         0
                text38                             1DC4     1DC4       28         0
                text37                             205C     205C       18         0
                text36                             1B7E     1B7E       38         0
                text35                             219C     219C        E         0
                text34                             2202     2202        2         0
                text33                             1F1C     1F1C       1C         0
                text32                             1F38     1F38       1A         0
                text31                             21EC     21EC        8         0
                text30                             21FA     21FA        4         0
                text29                             1F00     1F00       1C         0
                text28                             2044     2044       18         0
                text27                             1B44     1B44       3A         0
                text26                             202C     202C       18         0
                text25                             1ACC     1ACC       3C         0
                text24                             2014     2014       18         0
                text23                             1D16     1D16       2C         0
                text22                             1FFC     1FFC       18         0
                text21                             1E84     1E84       22         0
                text20                             1FE4     1FE4       18         0
                text19                             1CEA     1CEA       2C         0
                text18                             1EA6     1EA6       20         0
                text17                             1C8C     1C8C       32         0
                text16                             1FCC     1FCC       18         0
                text15                             1EE4     1EE4       1C         0
                text14                             1FB4     1FB4       18         0
                text13                             1F9C     1F9C       18         0
                text12                             1EC6     1EC6       1E         0
                text11                             218E     218E        E         0
                text10                             1C5A     1C5A       32         0
                text9                              1CBE     1CBE       2C         0
                text8                              1928     1928       64         0
                text7                              1A38     1A38       54         0
                text6                              1F84     1F84       18         0
                text5                              1F6C     1F6C       18         0
                text4                              18C0     18C0       68         0
                text3                              15B4     15B4       B0         0
                text2                              21E2     21E2        A         0
                text1                              111C     111C       CE         0
                text0                               7C4      7C4      204         0
                cinit                              1848     1848       78         0
                idataBANK0                         21F4     21F4        6         0
                idataCOMRAM                        2204     2204        1         0

        CLASS   CONST          

        CLASS   SMALLCONST     

        CLASS   MEDIUMCONST    
                mediumconst                        3ECA     3ECA      12E         0

        CLASS   COMRAM         
                cstackCOMRAM                          1        1       47         1
                dataCOMRAM                           5B       5B        1         1
                bssCOMRAM                            48       48       13         1

        CLASS   ABS1           

        CLASS   BIGRAM         

        CLASS   RAM            

        CLASS   BANK0          
                cstackBANK0                          80       80       39         1
                dataBANK0                            C9       C9        6         1
                bssBANK0                             B9       B9       10         1

        CLASS   BANK1          
                cstackBANK1                         1A0      1A0       11         1
                bssBANK1                            100      100       A0         1

        CLASS   BANK2          
                bssBANK2                            200      200       F0         1

        CLASS   BANK3          
                bssBANK3                            300      300       A0         1

        CLASS   SFR            

        CLASS   FARRAM         

        CLASS   CONFIG         
                config                             3FF8     3FF8        6         0

        CLASS   IDLOC          



SEGMENTS        Name                           Load    Length   Top    Selector   Space  Class

                reset_vec                      000000  000004  000004         0       0  CODE    
                cstackCOMRAM                   000001  00005B  00005C         1       1  COMRAM  
                intcode                        000008  000010  000018         4       0  CODE    
                intcodelo                      000018  0021ED  002205         C       0  CODE    
                cstackBANK0                    000080  00004F  0000CF        80       1  BANK0   
                bssBANK1                       000100  0000B1  0001B1       100       1  BANK1   
                bssBANK2                       000200  0000F0  0002F0       200       1  BANK2   
                bssBANK3                       000300  0000A0  0003A0       300       1  BANK3   
                mediumconst                    003ECA  00012E  003FF8      1F65       0  MEDIUMCO
                config                         003FF8  000006  003FFE      3FF8       0  CONFIG  


UNUSED ADDRESS RANGES

        Name                Unused          Largest block    Delta
        BANK0            000CF-000FF              31
        BANK1            001B1-001FF              4F
        BANK2            002F0-002FF              10
        BANK3            003A0-003FF              60
        BIGRAM           0005C-0007F              24
                         000CF-000FF              31
                         001B1-001FF              4F
                         002F0-002FF              10
                         003A0-003FF              60
        CODE             00004-00007               4
                         02205-03EC9            1CC5
        COMRAM           0005C-0007F              24
        CONST            00004-00007               4
                         02205-03EC9            1CC5
        MEDIUMCONST      02205-03EC9            1CC5
        RAM              000CF-000FF              31
                         001B1-001FF              4F
                         002F0-002FF              10
                         003A0-003FF              60
        SFR              00F80-00FFF              80
        SMALLCONST       02205-03EC9             100
        STACK            003A0-003FF              60

                                  Symbol Table

?___ftdiv                         cstackCOMRAM  0000C
?___ftmul                         cstackCOMRAM  0001B
?___ftpack                        cstackCOMRAM  00001
?___fttol                         cstackBANK0   000B1
?___lwtoft                        cstackCOMRAM  00009
?i2___ftmul                       cstackBANK0   0008B
?i2___ftpack                      cstackBANK0   00080
?i2___lwtoft                      cstackBANK0   00088
ADC_CalculateVoltage@ADCcounts    cstackCOMRAM  0002A
ADC_CalculateVoltage@Voltage      cstackCOMRAM  0002C
ADC_ConversionInt@state           cstackBANK0   000B1
ADC_Module@state                  cstackBANK0   000B1
BUT_IR_PinChangeInt@state         cstackBANK0   000B1
BUT_ReadButton@value              cstackBANK0   000B1
IR_CheckCode@High                 cstackCOMRAM  0002F
IR_CheckCode@Low                  cstackCOMRAM  0002C
IR_CheckCode@i                    cstackCOMRAM  00032
IR_LoadDefaultCode@High           cstackBANK1   001AE
IR_LoadDefaultCode@Low            cstackBANK1   001AB
IR_ReadReceiver@value             cstackBANK0   000B1
LDO_Pass@state                    cstackBANK0   000B1
MSC_BlinkLED@blink                cstackBANK1   001A5
MSC_BlinkLED@i                    cstackBANK1   001A9
MSC_BufferCopyInt@count           cstackCOMRAM  0000B
MSC_BufferCopyInt@from            cstackCOMRAM  00007
MSC_BufferCopyInt@i               cstackCOMRAM  00011
MSC_BufferCopyInt@shift           cstackCOMRAM  0000D
MSC_BufferCopyInt@to              cstackCOMRAM  00009
MSC_BufferCopyIntConst@count      cstackBANK1   001A4
MSC_BufferCopyIntConst@from       cstackBANK1   001A0
MSC_BufferCopyIntConst@i          cstackBANK0   000B7
MSC_BufferCopyIntConst@shift      cstackBANK1   001A6
MSC_BufferCopyIntConst@to         cstackBANK1   001A2
MSC_CleanBufferInt@count          cstackBANK0   000B3
MSC_CleanBufferInt@data           cstackBANK0   000B1
MSC_CleanBufferInt@i              cstackBANK0   000B5
MSC_DelayMS@US                    cstackBANK0   000B5
MSC_DelayMS@i                     cstackBANK1   001A1
MSC_DelayNOP@NOPs                 cstackBANK0   000B1
MSC_DelayNOP@i                    cstackBANK0   000B3
MTR_IN1@state                     cstackBANK0   000B1
MTR_IN2@state                     cstackBANK0   000B1
RF_CheckCode@High                 cstackBANK0   0009D
RF_CheckCode@Low                  cstackBANK0   0009A
RF_CheckCode@i                    cstackBANK0   000A0
RF_DataInt@state                  cstackBANK0   000B1
RF_LoadDefaultCode@High           cstackBANK1   001AE
RF_LoadDefaultCode@Low            cstackBANK1   001AB
RF_Receiver@state                 cstackBANK0   000B1
RF_SetBandwidth@band              cstackBANK0   000B1
RF_SetSquelch@state               cstackBANK0   000B1
TMR_ResetTimer0@TimerOn           cstackBANK0   000B2
TMR_ResetTimer1@TimerOn           cstackBANK0   000B2
TMR_ResetTimer2@TimerOn           cstackCOMRAM  00002
TMR_Timer0@state                  cstackBANK0   000B1
TMR_Timer0Int@state               cstackBANK0   000B1
TMR_Timer1@state                  cstackBANK0   000B1
TMR_Timer1Function@mode           cstackBANK0   000B3
TMR_Timer1Int@state               cstackBANK0   000B1
TMR_Timer1Osc@state               cstackBANK0   000B1
TMR_Timer2@state                  cstackBANK0   000B1
TMR_Timer2Int@state               cstackBANK0   000B1
TMR_Timer2Start@time              cstackCOMRAM  00003
_ADCON0bits                       (abs)         00FC2
_ADCON1bits                       (abs)         00FC1
_ADCON2bits                       (abs)         00FC0
_ADC_CalculateVoltage             text71        012B8
_ADC_ChangeChannel                text41        01DEC
_ADC_ConversionInt                text40        0208C
_ADC_CurrentSource                dataCOMRAM    0005B
_ADC_Module                       text39        02074
_ADC_SampleCount                  bssBANK0      000B9
_ADC_Start                        text48        021FE
_ADRESH                           (abs)         00FC4
_ADRESL                           (abs)         00FC3
_BUT_IR_PinChangeInt              text37        0205C
_BUT_ReadButton                   text36        01B7E
_ButtonChange                     bssCOMRAM     00055
_ButtonValue_prev                 bssBANK0      000BF
_Button_Data                      bssBANK0      000C0
_CONF1_ChanE_Timing               mediumconst   03F5A
_DC_Motor                         bssBANK0      000C1
_INTCON2bits                      (abs)         00FF1
_INTCON3bits                      (abs)         00FF0
_INTCONbits                       (abs)         00FF2
_IPR1bits                         (abs)         00F9F
_IRChange                         bssCOMRAM     00056
_IRStarted                        bssCOMRAM     00057
_IRValue_prev                     bssBANK0      000C2
_IR_CheckCode                     text67        002B8
_IR_CleanBuffer                   text66        020D2
_IR_CodeSize                      bssCOMRAM     00058
_IR_Data                          bssBANK0      000C3
_IR_DataPlace                     bssCOMRAM     00059
_IR_DataTiming                    bssBANK3      00300
_IR_LoadDefaultCode               text44        01664
_IR_ReadReceiver                  text42        01BB6
_IR_ResetData                     text62        021B8
_IR_Saved                         dataBANK0     000CC
_IR_SavedTiming                   bssBANK1      00100
_IR_SyncHigh                      bssCOMRAM     0004B
_IR_SyncLow                       bssCOMRAM     0004D
_InitADC                          text38        01DC4
_InitButton                       text35        0219C
_InitFlash                        text34        02202
_InitIR                           text33        01F1C
_InitLDO                          text31        021EC
_InitMOTOR                        text30        021FA
_InitRF                           text25        01ACC
_InitTimer0                       text21        01E84
_InitTimer1                       text15        01EE4
_InitTimer2                       text12        01EC6
_InitTimers                       text11        0218E
_Init_App                         text43        01B08
_Init_System                      text10        01C5A
_LATA                             (abs)         00F89
_LATB                             (abs)         00F8A
_LATC                             (abs)         00F8B
_LDO_Pass                         text32        01F38
_MSC_BlinkLED                     text7         01A38
_MSC_BufferCopyInt                text69        01712
_MSC_BufferCopyIntConst           text46        01444
_MSC_CleanBufferInt               text47        0198C
_MSC_DelayMS                      text8         01928
_MSC_DelayNOP                     text9         01CBE
_MTR_IN1                          text6         01F84
_MTR_IN2                          text5         01F6C
_MTR_Rotate                       text4         018C0
_OSCCONbits                       (abs)         00FD3
_OSCTUNEbits                      (abs)         00F9B
_PCB_Version                      mediumconst   03ECB
_PIE1bits                         (abs)         00F9D
_PIONEER_PLUS_Timing              mediumconst   03ED4
_PIR1bits                         (abs)         00F9E
_PORTB                            (abs)         00F81
_PR2                              (abs)         00FCB
_RCONbits                         (abs)         00FD0
_RFStarted                        bssBANK0      000C4
_RF_CheckCode                     text83        0057E
_RF_CodeSize                      bssBANK0      000C5
_RF_Data                          bssBANK0      000C6
_RF_DataInt                       text29        01F00
_RF_DataPlace                     bssBANK0      000C7
_RF_DataTiming                    bssBANK2      00200
_RF_Disable                       text60        020E8
_RF_Enable                        text63        020FC
_RF_LoadDefaultCode               text3         015B4
_RF_Receiver                      text28        02044
_RF_ResetData                     text82        021D4
_RF_Saved                         dataBANK0     000CD
_RF_SavedTiming                   bssBANK2      00278
_RF_SetBandwidth                  text27        01B44
_RF_SetSquelch                    text26        0202C
_RF_SyncHigh                      bssBANK0      000BB
_RF_SyncLow                       bssBANK0      000BD
_Rail_RSSI                        bssCOMRAM     00048
_Rail_VIN                         dataBANK0     000C9
_SYS_ConfigureOscillator          text2         021E2
_System_State                     dataBANK0     000CE
_System_State_Change              bssBANK0      000C8
_T0CONbits                        (abs)         00FD5
_T1CONbits                        (abs)         00FCD
_T2CONbits                        (abs)         00FCA
_TMR0H                            (abs)         00FD7
_TMR0L                            (abs)         00FD6
_TMR1H                            (abs)         00FCF
_TMR1L                            (abs)         00FCE
_TMR2                             (abs)         00FCC
_TMR_ResetTimer0                  text23        01D16
_TMR_ResetTimer1                  text19        01CEA
_TMR_ResetTimer2                  text54        01D9A
_TMR_Timer0                       text24        02014
_TMR_Timer0Int                    text22        01FFC
_TMR_Timer0Start                  text79        0217C
_TMR_Timer0Status                 text78        021C6
_TMR_Timer1                       text20        01FE4
_TMR_Timer1Function               text17        01C8C
_TMR_Timer1Int                    text16        01FCC
_TMR_Timer1Osc                    text18        01EA6
_TMR_Timer1Start                  text57        02134
_TMR_Timer1Status                 text56        021AA
_TMR_Timer2                       text14        01FB4
_TMR_Timer2Int                    text13        01F9C
_TMR_Timer2Start                  text53        01F52
_TRISAbits                        (abs)         00F92
_TRISBbits                        (abs)         00F93
_TRISCbits                        (abs)         00F94
_Timer2Post                       bssCOMRAM     0004F
_Timer2PostCount                  bssCOMRAM     00051
_Timer2Use                        bssCOMRAM     0005A
__CFG_CCP2MX$DEFAULT              (abs)         00000
__CFG_CP0$OFF                     (abs)         00000
__CFG_FCMEN$OFF                   (abs)         00000
__CFG_FOSC$HSPLL                  (abs)         00000
__CFG_FOSC2$ON                    (abs)         00000
__CFG_IESO$OFF                    (abs)         00000
__CFG_STVREN$ON                   (abs)         00000
__CFG_WDTEN$OFF                   (abs)         00000
__CFG_WDTPS$32768                 (abs)         00000
__CFG_XINST$OFF                   (abs)         00000
__HRAM                            (abs)         00000
__Habs1                           abs1          00000
__Hbank0                          bank0         00000
__Hbank1                          bank1         00000
__Hbank2                          bank2         00000
__Hbank3                          bank3         00000
__Hbigbss                         bigbss        00000
__Hbigdata                        bigdata       00000
__Hbigram                         bigram        00000
__Hbss                            bss           00000
__HbssBANK0                       bssBANK0      00000
__HbssBANK1                       bssBANK1      00000
__HbssBANK2                       bssBANK2      00000
__HbssBANK3                       bssBANK3      00000
__HbssCOMRAM                      bssCOMRAM     00000
__Hcinit                          cinit         00000
__Hclrtext                        clrtext       00000
__Hcomram                         comram        00000
__Hconfig                         config        03FFE
__Hconst                          const         00000
__HcstackBANK0                    cstackBANK0   00000
__HcstackBANK1                    cstackBANK1   00000
__HcstackCOMRAM                   cstackCOMRAM  00000
__Hdata                           data          00000
__HdataBANK0                      dataBANK0     00000
__HdataCOMRAM                     dataCOMRAM    00000
__Hend_init                       end_init      002B8
__Hfarbss                         farbss        00000
__Hfardata                        fardata       00000
__Hibigdata                       ibigdata      00000
__Hidata                          idata         00000
__HidataBANK0                     idataBANK0    00000
__HidataCOMRAM                    idataCOMRAM   00000
__Hidloc                          idloc         00000
__Hifardata                       ifardata      00000
__Hinit                           init          002B4
__Hintcode                        intcode       00018
__Hintcode_body                   intcode_body  00000
__Hintcodelo                      intcodelo     002B4
__Hintentry                       intentry      00000
__Hintret                         intret        00000
__Hintsave_regs                   intsave_regs  00000
__Hirdata                         irdata        00000
__Hjflash_buffer                  jflash_buffer 03800
__Hmediumconst                    mediumconst   03FF8
__HnvFARRAM                       nvFARRAM      00000
__Hnvbit                          nvbit         00000
__Hnvrram                         nvrram        00000
__Hparam                          param0        00000
__Hparam0                         param0        00000
__Hpowerup                        powerup       002B4
__Hram                            ram           00000
__Hramtop                         ramtop        00400
__Hrbit                           rbit          00000
__Hrbss                           rbss          00000
__Hrdata                          rdata         00000
__Hreset_vec                      reset_vec     00004
__Hsfr                            sfr           00000
__Hsmallconst                     smallconst    00000
__Hspace_0                        (abs)         03FFE
__Hspace_1                        (abs)         003A0
__Hspace_2                        (abs)         00000
__Hstack                          stack         00000
__Hstruct                         struct        00000
__Htemp                           temp          00000
__Htext                           text          00000
__Htext0                          text0         00000
__Htext1                          text1         00000
__Htext10                         text10        00000
__Htext11                         text11        00000
__Htext12                         text12        00000
__Htext13                         text13        00000
__Htext14                         text14        00000
__Htext15                         text15        00000
__Htext16                         text16        00000
__Htext17                         text17        00000
__Htext18                         text18        00000
__Htext19                         text19        00000
__Htext2                          text2         00000
__Htext20                         text20        00000
__Htext21                         text21        00000
__Htext22                         text22        00000
__Htext23                         text23        00000
__Htext24                         text24        00000
__Htext25                         text25        00000
__Htext26                         text26        00000
__Htext27                         text27        00000
__Htext28                         text28        00000
__Htext29                         text29        00000
__Htext3                          text3         00000
__Htext30                         text30        00000
__Htext31                         text31        00000
__Htext32                         text32        00000
__Htext33                         text33        00000
__Htext34                         text34        00000
__Htext35                         text35        00000
__Htext36                         text36        00000
__Htext37                         text37        00000
__Htext38                         text38        00000
__Htext39                         text39        00000
__Htext4                          text4         00000
__Htext40                         text40        00000
__Htext41                         text41        00000
__Htext42                         text42        00000
__Htext43                         text43        00000
__Htext44                         text44        00000
__Htext45                         text45        00000
__Htext46                         text46        00000
__Htext47                         text47        00000
__Htext48                         text48        00000
__Htext5                          text5         00000
__Htext50                         text50        00000
__Htext51                         text51        00000
__Htext52                         text52        00000
__Htext53                         text53        00000
__Htext54                         text54        00000
__Htext55                         text55        00000
__Htext56                         text56        00000
__Htext57                         text57        00000
__Htext58                         text58        00000
__Htext59                         text59        00000
__Htext6                          text6         00000
__Htext60                         text60        00000
__Htext61                         text61        00000
__Htext62                         text62        00000
__Htext63                         text63        00000
__Htext64                         text64        00000
__Htext65                         text65        00000
__Htext66                         text66        00000
__Htext67                         text67        00000
__Htext68                         text68        00000
__Htext69                         text69        00000
__Htext7                          text7         00000
__Htext70                         text70        00000
__Htext71                         text71        00000
__Htext72                         text72        00000
__Htext73                         text73        00000
__Htext74                         text74        00000
__Htext75                         text75        00000
__Htext76                         text76        00000
__Htext78                         text78        00000
__Htext79                         text79        00000
__Htext8                          text8         00000
__Htext80                         text80        00000
__Htext81                         text81        00000
__Htext82                         text82        00000
__Htext83                         text83        00000
__Htext84                         text84        00000
__Htext85                         text85        00000
__Htext86                         text86        00000
__Htext87                         text87        00000
__Htext88                         text88        00000
__Htext89                         text89        00000
__Htext9                          text9         00000
__LRAM                            (abs)         00001
__Labs1                           abs1          00000
__Lbank0                          bank0         00000
__Lbank1                          bank1         00000
__Lbank2                          bank2         00000
__Lbank3                          bank3         00000
__Lbigbss                         bigbss        00000
__Lbigdata                        bigdata       00000
__Lbigram                         bigram        00000
__Lbss                            bss           00000
__LbssBANK0                       bssBANK0      00000
__LbssBANK1                       bssBANK1      00000
__LbssBANK2                       bssBANK2      00000
__LbssBANK3                       bssBANK3      00000
__LbssCOMRAM                      bssCOMRAM     00000
__Lcinit                          cinit         00000
__Lclrtext                        clrtext       00000
__Lcomram                         comram        00000
__Lconfig                         config        03FF8
__Lconst                          const         00000
__LcstackBANK0                    cstackBANK0   00000
__LcstackBANK1                    cstackBANK1   00000
__LcstackCOMRAM                   cstackCOMRAM  00000
__Ldata                           data          00000
__LdataBANK0                      dataBANK0     00000
__LdataCOMRAM                     dataCOMRAM    00000
__Lend_init                       end_init      002B4
__Lfarbss                         farbss        00000
__Lfardata                        fardata       00000
__Libigdata                       ibigdata      00000
__Lidata                          idata         00000
__LidataBANK0                     idataBANK0    00000
__LidataCOMRAM                    idataCOMRAM   00000
__Lidloc                          idloc         00000
__Lifardata                       ifardata      00000
__Linit                           init          002B4
__Lintcode                        intcode       00008
__Lintcode_body                   intcode_body  00000
__Lintcodelo                      intcodelo     00018
__Lintentry                       intentry      00000
__Lintret                         intret        00000
__Lintsave_regs                   intsave_regs  00000
__Lirdata                         irdata        00000
__Ljflash_buffer                  jflash_buffer 03800
__Lmediumconst                    mediumconst   03ECA
__LnvFARRAM                       nvFARRAM      00000
__Lnvbit                          nvbit         00000
__Lnvrram                         nvrram        00000
__Lparam                          param0        00000
__Lparam0                         param0        00000
__Lpowerup                        powerup       002B4
__Lram                            ram           00000
__Lramtop                         ramtop        00400
__Lrbit                           rbit          00000
__Lrbss                           rbss          00000
__Lrdata                          rdata         00000
__Lreset_vec                      reset_vec     00000
__Lsfr                            sfr           00000
__Lsmallconst                     smallconst    00000
__Lspace_0                        (abs)         00000
__Lspace_1                        (abs)         00000
__Lspace_2                        (abs)         00000
__Lstack                          stack         00000
__Lstruct                         struct        00000
__Ltemp                           temp          00000
__Ltext                           text          00000
__Ltext0                          text0         00000
__Ltext1                          text1         00000
__Ltext10                         text10        00000
__Ltext11                         text11        00000
__Ltext12                         text12        00000
__Ltext13                         text13        00000
__Ltext14                         text14        00000
__Ltext15                         text15        00000
__Ltext16                         text16        00000
__Ltext17                         text17        00000
__Ltext18                         text18        00000
__Ltext19                         text19        00000
__Ltext2                          text2         00000
__Ltext20                         text20        00000
__Ltext21                         text21        00000
__Ltext22                         text22        00000
__Ltext23                         text23        00000
__Ltext24                         text24        00000
__Ltext25                         text25        00000
__Ltext26                         text26        00000
__Ltext27                         text27        00000
__Ltext28                         text28        00000
__Ltext29                         text29        00000
__Ltext3                          text3         00000
__Ltext30                         text30        00000
__Ltext31                         text31        00000
__Ltext32                         text32        00000
__Ltext33                         text33        00000
__Ltext34                         text34        00000
__Ltext35                         text35        00000
__Ltext36                         text36        00000
__Ltext37                         text37        00000
__Ltext38                         text38        00000
__Ltext39                         text39        00000
__Ltext4                          text4         00000
__Ltext40                         text40        00000
__Ltext41                         text41        00000
__Ltext42                         text42        00000
__Ltext43                         text43        00000
__Ltext44                         text44        00000
__Ltext45                         text45        00000
__Ltext46                         text46        00000
__Ltext47                         text47        00000
__Ltext48                         text48        00000
__Ltext5                          text5         00000
__Ltext50                         text50        00000
__Ltext51                         text51        00000
__Ltext52                         text52        00000
__Ltext53                         text53        00000
__Ltext54                         text54        00000
__Ltext55                         text55        00000
__Ltext56                         text56        00000
__Ltext57                         text57        00000
__Ltext58                         text58        00000
__Ltext59                         text59        00000
__Ltext6                          text6         00000
__Ltext60                         text60        00000
__Ltext61                         text61        00000
__Ltext62                         text62        00000
__Ltext63                         text63        00000
__Ltext64                         text64        00000
__Ltext65                         text65        00000
__Ltext66                         text66        00000
__Ltext67                         text67        00000
__Ltext68                         text68        00000
__Ltext69                         text69        00000
__Ltext7                          text7         00000
__Ltext70                         text70        00000
__Ltext71                         text71        00000
__Ltext72                         text72        00000
__Ltext73                         text73        00000
__Ltext74                         text74        00000
__Ltext75                         text75        00000
__Ltext76                         text76        00000
__Ltext78                         text78        00000
__Ltext79                         text79        00000
__Ltext8                          text8         00000
__Ltext80                         text80        00000
__Ltext81                         text81        00000
__Ltext82                         text82        00000
__Ltext83                         text83        00000
__Ltext84                         text84        00000
__Ltext85                         text85        00000
__Ltext86                         text86        00000
__Ltext87                         text87        00000
__Ltext88                         text88        00000
__Ltext89                         text89        00000
__Ltext9                          text9         00000
__S0                              (abs)         03FFE
__S1                              (abs)         003A0
__S2                              (abs)         00000
___extmem_base                    (abs)         20000
___ftdiv                          text75        01030
___ftdiv@cntr                     cstackCOMRAM  00015
___ftdiv@exp                      cstackCOMRAM  00019
___ftdiv@f1                       cstackCOMRAM  0000C
___ftdiv@f2                       cstackCOMRAM  0000F
___ftdiv@f3                       cstackCOMRAM  00016
___ftdiv@sign                     cstackCOMRAM  0001A
___ftge                           text1         0111C
___ftge@ff1                       cstackBANK0   000B1
___ftge@ff2                       cstackBANK0   000B4
___ftmul                          text74        00F2E
___ftmul@cntr                     cstackCOMRAM  00028
___ftmul@exp                      cstackCOMRAM  00024
___ftmul@f1                       cstackCOMRAM  0001B
___ftmul@f2                       cstackCOMRAM  0001E
___ftmul@f3_as_product            cstackCOMRAM  00025
___ftmul@sign                     cstackCOMRAM  00029
___ftpack                         text76        0137E
___ftpack@arg                     cstackCOMRAM  00001
___ftpack@exp                     cstackCOMRAM  00004
___ftpack@sign                    cstackCOMRAM  00005
___fttol                          text45        00CBC
___fttol@exp1                     cstackBANK1   001AA
___fttol@f1                       cstackBANK0   000B1
___fttol@lval                     cstackBANK1   001A6
___fttol@sign1                    cstackBANK1   001A5
___inthi_sp                       stack         00000
___intlo_sp                       stack         00000
___lwtoft                         text73        01E5E
___lwtoft@c                       cstackCOMRAM  00009
___param_bank                     (abs)         00000
___rparam_used                    (abs)         00000
___sp                             stack         00000
__accesstop                       (abs)         00080
__activetblptr                    (abs)         00002
__end_of_ADC_CalculateVoltage     text71        0137E
__end_of_ADC_ChangeChannel        text41        01E12
__end_of_ADC_ConversionInt        text40        020A4
__end_of_ADC_Module               text39        0208C
__end_of_ADC_Start                text48        02202
__end_of_BUT_IR_PinChangeInt      text37        02074
__end_of_BUT_ReadButton           text36        01BB6
__end_of_CONF1_ChanE_Timing       mediumconst   03FBE
__end_of_IR_CheckCode             text67        0057E
__end_of_IR_CleanBuffer           text66        020E8
__end_of_IR_LoadDefaultCode       text44        01712
__end_of_IR_ReadReceiver          text42        01BEE
__end_of_IR_ResetData             text62        021C6
__end_of_InitADC                  text38        01DEC
__end_of_InitButton               text35        021AA
__end_of_InitFlash                text34        02204
__end_of_InitIR                   text33        01F38
__end_of_InitLDO                  text31        021F4
__end_of_InitMOTOR                text30        021FE
__end_of_InitRF                   text25        01B08
__end_of_InitTimer0               text21        01EA6
__end_of_InitTimer1               text15        01F00
__end_of_InitTimer2               text12        01EE4
__end_of_InitTimers               text11        0219C
__end_of_Init_App                 text43        01B44
__end_of_Init_System              text10        01C8C
__end_of_LDO_Pass                 text32        01F52
__end_of_MSC_BlinkLED             text7         01A8C
__end_of_MSC_BufferCopyInt        text69        017B2
__end_of_MSC_BufferCopyIntConst   text46        01500
__end_of_MSC_CleanBufferInt       text47        019E2
__end_of_MSC_DelayMS              text8         0198C
__end_of_MSC_DelayNOP             text9         01CEA
__end_of_MTR_IN1                  text6         01F9C
__end_of_MTR_IN2                  text5         01F84
__end_of_MTR_Rotate               text4         01928
__end_of_PCB_Version              mediumconst   03ED4
__end_of_PIONEER_PLUS_Timing      mediumconst   03F5A
__end_of_RF_CheckCode             text83        007C4
__end_of_RF_DataInt               text29        01F1C
__end_of_RF_Disable               text60        020FC
__end_of_RF_Enable                text63        02110
__end_of_RF_LoadDefaultCode       text3         01664
__end_of_RF_Receiver              text28        0205C
__end_of_RF_ResetData             text82        021E2
__end_of_RF_SetBandwidth          text27        01B7E
__end_of_RF_SetSquelch            text26        02044
__end_of_SYS_ConfigureOscillator  text2         021EC
__end_of_TMR_ResetTimer0          text23        01D42
__end_of_TMR_ResetTimer1          text19        01D16
__end_of_TMR_ResetTimer2          text54        01DC4
__end_of_TMR_Timer0               text24        0202C
__end_of_TMR_Timer0Int            text22        02014
__end_of_TMR_Timer0Start          text79        0218E
__end_of_TMR_Timer0Status         text78        021D4
__end_of_TMR_Timer1               text20        01FFC
__end_of_TMR_Timer1Function       text17        01CBE
__end_of_TMR_Timer1Int            text16        01FE4
__end_of_TMR_Timer1Osc            text18        01EC6
__end_of_TMR_Timer1Start          text57        02146
__end_of_TMR_Timer1Status         text56        021B8
__end_of_TMR_Timer2               text14        01FCC
__end_of_TMR_Timer2Int            text13        01FB4
__end_of_TMR_Timer2Start          text53        01F6C
__end_of___ftdiv                  text75        0111C
__end_of___ftge                   text1         011EA
__end_of___ftmul                  text74        01030
__end_of___ftpack                 text76        01444
__end_of___fttol                  text45        00E0E
__end_of___lwtoft                 text73        01E84
__end_of__initialization          cinit         018B6
__end_of_high_isr                 intcode_body  00B50
__end_of_low_isr                  intcodelo     002B4
__end_of_main                     text0         009C8
__end_ofexp@coeff                 mediumconst   03FDC
__end_ofi1_ADC_ChangeChannel      text72        01E5E
__end_ofi1_BUT_IR_PinChangeInt    text52        02122
__end_ofi1_BUT_ReadButton         text51        01C5A
__end_ofi1_IR_ReadReceiver        text50        01C24
__end_ofi1_MSC_CleanBufferInt     text70        01ACC
__end_ofi1_RF_DataInt             text65        020D2
__end_ofi1_TMR_ResetTimer1        text58        01E38
__end_ofi1_TMR_Timer0             text61        0216A
__end_ofi1_TMR_Timer0Int          text64        0217C
__end_ofi1_TMR_Timer1             text59        02158
__end_ofi1_TMR_Timer2             text55        02134
__end_ofi1___ftge                 text68        01848
__end_ofi2_MSC_BufferCopyInt      text88        015B4
__end_ofi2_MSC_CleanBufferInt     text89        01A38
__end_ofi2_TMR_ResetTimer0        text80        01D6E
__end_ofi2_TMR_Timer0             text81        020BC
__end_ofi2___ftge                 text87        012B8
__end_ofi2___ftmul                text85        00CBC
__end_ofi2___ftpack               text86        00F2E
__end_ofi2___lwtoft               text84        01D9A
__end_oflog@coeff                 mediumconst   03FF7
__initialization                  cinit         01848
__mediumconst                     mediumconst   03ECA
__pbssBANK0                       bssBANK0      000B9
__pbssBANK1                       bssBANK1      00100
__pbssBANK2                       bssBANK2      00200
__pbssBANK3                       bssBANK3      00300
__pbssCOMRAM                      bssCOMRAM     00048
__pcinit                          cinit         01848
__pcstackBANK0                    cstackBANK0   00080
__pcstackBANK1                    cstackBANK1   001A0
__pcstackCOMRAM                   cstackCOMRAM  00001
__pdataBANK0                      dataBANK0     000C9
__pdataCOMRAM                     dataCOMRAM    0005B
__pidataBANK0                     idataBANK0    021F4
__pidataCOMRAM                    idataCOMRAM   02204
__pintcode                        intcode       00008
__pintcode_body                   intcode_body  009C8
__pintcodelo                      intcodelo     00018
__pmediumconst                    mediumconst   03ECA
__ptext0                          text0         007C4
__ptext1                          text1         0111C
__ptext10                         text10        01C5A
__ptext11                         text11        0218E
__ptext12                         text12        01EC6
__ptext13                         text13        01F9C
__ptext14                         text14        01FB4
__ptext15                         text15        01EE4
__ptext16                         text16        01FCC
__ptext17                         text17        01C8C
__ptext18                         text18        01EA6
__ptext19                         text19        01CEA
__ptext2                          text2         021E2
__ptext20                         text20        01FE4
__ptext21                         text21        01E84
__ptext22                         text22        01FFC
__ptext23                         text23        01D16
__ptext24                         text24        02014
__ptext25                         text25        01ACC
__ptext26                         text26        0202C
__ptext27                         text27        01B44
__ptext28                         text28        02044
__ptext29                         text29        01F00
__ptext3                          text3         015B4
__ptext30                         text30        021FA
__ptext31                         text31        021EC
__ptext32                         text32        01F38
__ptext33                         text33        01F1C
__ptext34                         text34        02202
__ptext35                         text35        0219C
__ptext36                         text36        01B7E
__ptext37                         text37        0205C
__ptext38                         text38        01DC4
__ptext39                         text39        02074
__ptext4                          text4         018C0
__ptext40                         text40        0208C
__ptext41                         text41        01DEC
__ptext42                         text42        01BB6
__ptext43                         text43        01B08
__ptext44                         text44        01664
__ptext45                         text45        00CBC
__ptext46                         text46        01444
__ptext47                         text47        0198C
__ptext48                         text48        021FE
__ptext5                          text5         01F6C
__ptext50                         text50        01BEE
__ptext51                         text51        01C24
__ptext52                         text52        02110
__ptext53                         text53        01F52
__ptext54                         text54        01D9A
__ptext55                         text55        02122
__ptext56                         text56        021AA
__ptext57                         text57        02134
__ptext58                         text58        01E12
__ptext59                         text59        02146
__ptext6                          text6         01F84
__ptext60                         text60        020E8
__ptext61                         text61        02158
__ptext62                         text62        021B8
__ptext63                         text63        020FC
__ptext64                         text64        0216A
__ptext65                         text65        020BC
__ptext66                         text66        020D2
__ptext67                         text67        002B8
__ptext68                         text68        017B2
__ptext69                         text69        01712
__ptext7                          text7         01A38
__ptext70                         text70        01A8C
__ptext71                         text71        012B8
__ptext72                         text72        01E38
__ptext73                         text73        01E5E
__ptext74                         text74        00F2E
__ptext75                         text75        01030
__ptext76                         text76        0137E
__ptext78                         text78        021C6
__ptext79                         text79        0217C
__ptext8                          text8         01928
__ptext80                         text80        01D42
__ptext81                         text81        020A4
__ptext82                         text82        021D4
__ptext83                         text83        0057E
__ptext84                         text84        01D6E
__ptext85                         text85        00B50
__ptext86                         text86        00E0E
__ptext87                         text87        011EA
__ptext88                         text88        01500
__ptext89                         text89        019E2
__ptext9                          text9         01CBE
__ramtop                          ramtop        00400
__size_of_ADC_CalculateVoltage    (abs)         00000
__size_of_ADC_ChangeChannel       (abs)         00000
__size_of_ADC_ConversionInt       (abs)         00000
__size_of_ADC_Module              (abs)         00000
__size_of_ADC_Start               (abs)         00000
__size_of_BUT_IR_PinChangeInt     (abs)         00000
__size_of_BUT_ReadButton          (abs)         00000
__size_of_IR_CheckCode            (abs)         00000
__size_of_IR_CleanBuffer          (abs)         00000
__size_of_IR_LoadDefaultCode      (abs)         00000
__size_of_IR_ReadReceiver         (abs)         00000
__size_of_IR_ResetData            (abs)         00000
__size_of_InitADC                 (abs)         00000
__size_of_InitButton              (abs)         00000
__size_of_InitFlash               (abs)         00000
__size_of_InitIR                  (abs)         00000
__size_of_InitLDO                 (abs)         00000
__size_of_InitMOTOR               (abs)         00000
__size_of_InitRF                  (abs)         00000
__size_of_InitTimer0              (abs)         00000
__size_of_InitTimer1              (abs)         00000
__size_of_InitTimer2              (abs)         00000
__size_of_InitTimers              (abs)         00000
__size_of_Init_App                (abs)         00000
__size_of_Init_System             (abs)         00000
__size_of_LDO_Pass                (abs)         00000
__size_of_MSC_BlinkLED            (abs)         00000
__size_of_MSC_BufferCopyInt       (abs)         00000
__size_of_MSC_BufferCopyIntConst  (abs)         00000
__size_of_MSC_CleanBufferInt      (abs)         00000
__size_of_MSC_DelayMS             (abs)         00000
__size_of_MSC_DelayNOP            (abs)         00000
__size_of_MTR_IN1                 (abs)         00000
__size_of_MTR_IN2                 (abs)         00000
__size_of_MTR_Rotate              (abs)         00000
__size_of_RF_CheckCode            (abs)         00000
__size_of_RF_DataInt              (abs)         00000
__size_of_RF_Disable              (abs)         00000
__size_of_RF_Enable               (abs)         00000
__size_of_RF_LoadDefaultCode      (abs)         00000
__size_of_RF_Receiver             (abs)         00000
__size_of_RF_ResetData            (abs)         00000
__size_of_RF_SetBandwidth         (abs)         00000
__size_of_RF_SetSquelch           (abs)         00000
__size_of_SYS_ConfigureOscillator (abs)         00000
__size_of_TMR_ResetTimer0         (abs)         00000
__size_of_TMR_ResetTimer1         (abs)         00000
__size_of_TMR_ResetTimer2         (abs)         00000
__size_of_TMR_Timer0              (abs)         00000
__size_of_TMR_Timer0Int           (abs)         00000
__size_of_TMR_Timer0Start         (abs)         00000
__size_of_TMR_Timer0Status        (abs)         00000
__size_of_TMR_Timer1              (abs)         00000
__size_of_TMR_Timer1Function      (abs)         00000
__size_of_TMR_Timer1Int           (abs)         00000
__size_of_TMR_Timer1Osc           (abs)         00000
__size_of_TMR_Timer1Start         (abs)         00000
__size_of_TMR_Timer1Status        (abs)         00000
__size_of_TMR_Timer2              (abs)         00000
__size_of_TMR_Timer2Int           (abs)         00000
__size_of_TMR_Timer2Start         (abs)         00000
__size_of___ftdiv                 (abs)         00000
__size_of___ftge                  (abs)         00000
__size_of___ftmul                 (abs)         00000
__size_of___ftpack                (abs)         00000
__size_of___fttol                 (abs)         00000
__size_of___lwtoft                (abs)         00000
__size_of_high_isr                (abs)         00000
__size_of_low_isr                 (abs)         00000
__size_of_main                    (abs)         00000
__size_ofi1_ADC_ChangeChannel     (abs)         00000
__size_ofi1_BUT_IR_PinChangeInt   (abs)         00000
__size_ofi1_BUT_ReadButton        (abs)         00000
__size_ofi1_IR_ReadReceiver       (abs)         00000
__size_ofi1_MSC_CleanBufferInt    (abs)         00000
__size_ofi1_RF_DataInt            (abs)         00000
__size_ofi1_TMR_ResetTimer1       (abs)         00000
__size_ofi1_TMR_Timer0            (abs)         00000
__size_ofi1_TMR_Timer0Int         (abs)         00000
__size_ofi1_TMR_Timer1            (abs)         00000
__size_ofi1_TMR_Timer2            (abs)         00000
__size_ofi1___ftge                (abs)         00000
__size_ofi2_MSC_BufferCopyInt     (abs)         00000
__size_ofi2_MSC_CleanBufferInt    (abs)         00000
__size_ofi2_TMR_ResetTimer0       (abs)         00000
__size_ofi2_TMR_Timer0            (abs)         00000
__size_ofi2___ftge                (abs)         00000
__size_ofi2___ftmul               (abs)         00000
__size_ofi2___ftpack              (abs)         00000
__size_ofi2___lwtoft              (abs)         00000
__smallconst                      smallconst    00000
_errno                            bssCOMRAM     00053
_high_isr                         intcode       00008
_low_isr                          intcodelo     00018
_main                             text0         007C4
end_of_initialization             cinit         018B6
high_isr@RFtemp                   cstackBANK0   000AF
i1BUT_IR_PinChangeInt@state       cstackCOMRAM  00001
i1BUT_ReadButton@value            cstackCOMRAM  00001
i1IR_ReadReceiver@value           cstackCOMRAM  00001
i1MSC_CleanBufferInt@count        cstackCOMRAM  00003
i1MSC_CleanBufferInt@data         cstackCOMRAM  00001
i1MSC_CleanBufferInt@i            cstackCOMRAM  00005
i1RF_DataInt@state                cstackCOMRAM  00001
i1TMR_ResetTimer1@TimerOn         cstackCOMRAM  00002
i1TMR_Timer0@state                cstackCOMRAM  00001
i1TMR_Timer0Int@state             cstackCOMRAM  00001
i1TMR_Timer1@state                cstackCOMRAM  00001
i1TMR_Timer2@state                cstackCOMRAM  00001
i1_ADC_ChangeChannel              text72        01E38
i1_BUT_IR_PinChangeInt            text52        02110
i1_BUT_ReadButton                 text51        01C24
i1_IR_ReadReceiver                text50        01BEE
i1_MSC_CleanBufferInt             text70        01A8C
i1_RF_DataInt                     text65        020BC
i1_TMR_ResetTimer1                text58        01E12
i1_TMR_Timer0                     text61        02158
i1_TMR_Timer0Int                  text64        0216A
i1_TMR_Timer1                     text59        02146
i1_TMR_Timer2                     text55        02122
i1___ftge                         text68        017B2
i1___ftge@ff1                     cstackCOMRAM  0000C
i1___ftge@ff2                     cstackCOMRAM  0000F
i2MSC_BufferCopyInt@count         cstackBANK0   0008A
i2MSC_BufferCopyInt@from          cstackBANK0   00086
i2MSC_BufferCopyInt@i             cstackBANK0   00090
i2MSC_BufferCopyInt@shift         cstackBANK0   0008C
i2MSC_BufferCopyInt@to            cstackBANK0   00088
i2MSC_CleanBufferInt@count        cstackBANK0   00082
i2MSC_CleanBufferInt@data         cstackBANK0   00080
i2MSC_CleanBufferInt@i            cstackBANK0   00084
i2TMR_ResetTimer0@TimerOn         cstackBANK0   00081
i2TMR_Timer0@state                cstackBANK0   00080
i2_MSC_BufferCopyInt              text88        01500
i2_MSC_CleanBufferInt             text89        019E2
i2_TMR_ResetTimer0                text80        01D42
i2_TMR_Timer0                     text81        020A4
i2___ftge                         text87        011EA
i2___ftge@ff1                     cstackBANK0   0008B
i2___ftge@ff2                     cstackBANK0   0008E
i2___ftmul                        text85        00B50
i2___ftmul@cntr                   cstackBANK0   00098
i2___ftmul@exp                    cstackBANK0   00094
i2___ftmul@f1                     cstackBANK0   0008B
i2___ftmul@f2                     cstackBANK0   0008E
i2___ftmul@f3_as_product          cstackBANK0   00095
i2___ftmul@sign                   cstackBANK0   00099
i2___ftpack                       text86        00E0E
i2___ftpack@arg                   cstackBANK0   00080
i2___ftpack@exp                   cstackBANK0   00083
i2___ftpack@sign                  cstackBANK0   00084
i2___lwtoft                       text84        01D6E
i2___lwtoft@c                     cstackBANK0   00088
int_func                          intcode_body  009C8
intlevel0                         text          00000
intlevel1                         text          00000
intlevel2                         text          00000
intlevel3                         text          00000
low_isr@IR_state                  cstackCOMRAM  00044
low_isr@IRtemp                    cstackCOMRAM  00046
low_isr@button_state              cstackCOMRAM  00045
stackhi                           (abs)         003FF
stacklo                           (abs)         003A0
start                             init          002B4
start_initialization              cinit         01848


FUNCTION INFORMATION:

 *************** function _main *****************
 Defined at:
		line 73 in file "main.c"
 Parameters:    Size  Location     Type
		None
 Auto vars:     Size  Location     Type
		None
 Return value:  Size  Location     Type
                  2   46[None  ] int 
 Registers used:
		wreg, fsr2l, fsr2h, status,2, status,0, tblptrl, tblptrh, tblptru, cstack
 Tracked objects:
		On entry : 
		On exit  : 
		Unchanged: 
 Data sizes:     COMRAM   BANK0   BANK1   BANK2   BANK3
      Params:         0       0       0       0       0
      Locals:         0       0       0       0       0
      Temps:          0       0       0       0       0
      Totals:         0       0       0       0       0
Total ram usage:        0 bytes
 Hardware stack levels required when called:   14
 This function calls:
		_ADC_Start
		_IR_LoadDefaultCode
		_Init_App
		_Init_System
		_MSC_BlinkLED
		_MSC_DelayMS
		_MTR_Rotate
		_RF_LoadDefaultCode
		_SYS_ConfigureOscillator
		___ftge
 This function is called by:
		Startup code after reset
 This function uses a non-reentrant model


 *************** function ___ftge *****************
 Defined at:
		line 4 in file "C:\Program Files (x86)\Microchip\xc8\v1.34\sources\common\ftge.c"
 Parameters:    Size  Location     Type
  ff1             3   49[BANK0 ] float 
  ff2             3   52[BANK0 ] float 
 Auto vars:     Size  Location     Type
		None
 Return value:  Size  Location     Type
		None               void
 Registers used:
		wreg, status,2, status,0
 Tracked objects:
		On entry : 
		On exit  : 
		Unchanged: 
 Data sizes:     COMRAM   BANK0   BANK1   BANK2   BANK3
      Params:         0       6       0       0       0
      Locals:         0       0       0       0       0
      Temps:          0       0       3       0       0
      Totals:         0       6       3       0       0
Total ram usage:        9 bytes
 Hardware stack levels used:    1
 Hardware stack levels required when called:    8
 This function calls:
		Nothing
 This function is called by:
		_main
 This function uses a non-reentrant model


 *************** function _SYS_ConfigureOscillator *****************
 Defined at:
		line 54 in file "SYSTEM.c"
 Parameters:    Size  Location     Type
		None
 Auto vars:     Size  Location     Type
		None
 Return value:  Size  Location     Type
		None               void
 Registers used:
		None
 Tracked objects:
		On entry : 
		On exit  : 
		Unchanged: 
 Data sizes:     COMRAM   BANK0   BANK1   BANK2   BANK3
      Params:         0       0       0       0       0
      Locals:         0       0       0       0       0
      Temps:          0       0       0       0       0
      Totals:         0       0       0       0       0
Total ram usage:        0 bytes
 Hardware stack levels used:    1
 Hardware stack levels required when called:    8
 This function calls:
		Nothing
 This function is called by:
		_main
 This function uses a non-reentrant model


 *************** function _RF_LoadDefaultCode *****************
 Defined at:
		line 249 in file "RF.c"
 Parameters:    Size  Location     Type
		None
 Auto vars:     Size  Location     Type
  High            3   14[BANK1 ] float 
  Low             3   11[BANK1 ] float 
 Return value:  Size  Location     Type
		None               void
 Registers used:
		wreg, fsr2l, fsr2h, status,2, status,0, tblptrl, tblptrh, tblptru, cstack
 Tracked objects:
		On entry : 
		On exit  : 
		Unchanged: 
 Data sizes:     COMRAM   BANK0   BANK1   BANK2   BANK3
      Params:         0       0       0       0       0
      Locals:         0       0       6       0       0
      Temps:          0       0       0       0       0
      Totals:         0       0       6       0       0
Total ram usage:        6 bytes
 Hardware stack levels used:    1
 Hardware stack levels required when called:   10
 This function calls:
		_MSC_BufferCopyIntConst
		___fttol
 This function is called by:
		_main
 This function uses a non-reentrant model


 *************** function _MTR_Rotate *****************
 Defined at:
		line 104 in file "MOTOR.c"
 Parameters:    Size  Location     Type
		None
 Auto vars:     Size  Location     Type
		None
 Return value:  Size  Location     Type
		None               void
 Registers used:
		wreg, status,2, status,0, cstack
 Tracked objects:
		On entry : 
		On exit  : 
		Unchanged: 
 Data sizes:     COMRAM   BANK0   BANK1   BANK2   BANK3
      Params:         0       0       0       0       0
      Locals:         0       0       0       0       0
      Temps:          0       0       0       0       0
      Totals:         0       0       0       0       0
Total ram usage:        0 bytes
 Hardware stack levels used:    1
 Hardware stack levels required when called:   10
 This function calls:
		_MSC_DelayMS
		_MTR_IN1
		_MTR_IN2
 This function is called by:
		_main
 This function uses a non-reentrant model


 *************** function _MTR_IN2 *****************
 Defined at:
		line 71 in file "MOTOR.c"
 Parameters:    Size  Location     Type
  state           1    wreg     unsigned char 
 Auto vars:     Size  Location     Type
  state           1   49[BANK0 ] unsigned char 
 Return value:  Size  Location     Type
		None               void
 Registers used:
		wreg, status,2, status,0
 Tracked objects:
		On entry : 
		On exit  : 
		Unchanged: 
 Data sizes:     COMRAM   BANK0   BANK1   BANK2   BANK3
      Params:         0       0       0       0       0
      Locals:         0       1       0       0       0
      Temps:          0       0       0       0       0
      Totals:         0       1       0       0       0
Total ram usage:        1 bytes
 Hardware stack levels used:    1
 Hardware stack levels required when called:    8
 This function calls:
		Nothing
 This function is called by:
		_MTR_Rotate
 This function uses a non-reentrant model


 *************** function _MTR_IN1 *****************
 Defined at:
		line 54 in file "MOTOR.c"
 Parameters:    Size  Location     Type
  state           1    wreg     unsigned char 
 Auto vars:     Size  Location     Type
  state           1   49[BANK0 ] unsigned char 
 Return value:  Size  Location     Type
		None               void
 Registers used:
		wreg, status,2, status,0
 Tracked objects:
		On entry : 
		On exit  : 
		Unchanged: 
 Data sizes:     COMRAM   BANK0   BANK1   BANK2   BANK3
      Params:         0       0       0       0       0
      Locals:         0       1       0       0       0
      Temps:          0       0       0       0       0
      Totals:         0       1       0       0       0
Total ram usage:        1 bytes
 Hardware stack levels used:    1
 Hardware stack levels required when called:    8
 This function calls:
		Nothing
 This function is called by:
		_MTR_Rotate
 This function uses a non-reentrant model


 *************** function _MSC_BlinkLED *****************
 Defined at:
		line 1158 in file "MISC.c"
[...]
 Registers used:
		wreg, status,2, status,0
 Tracked objects:
		On entry : 
		On exit  : 
		Unchanged: 
 Data sizes:     COMRAM   BANK0   BANK1   BANK2   BANK3
      Params:         5       0       0       0       0
      Locals:         0       0       0       0       0
      Temps:          3       0       0       0       0
      Totals:         8       0       0       0       0
Total ram usage:        8 bytes
 Hardware stack levels used:    1
 Hardware stack levels required when called:    4
 This function calls:
		Nothing
 This function is called by:
		___ftdiv
		___ftmul
		___lwtoft
 This function uses a non-reentrant model


 *************** function _high_isr *****************
 Defined at:
		line 48 in file "INTERRUPTS.c"
 Parameters:    Size  Location     Type
		None
 Auto vars:     Size  Location     Type
  RFtemp          2   47[BANK0 ] unsigned int 
 Return value:  Size  Location     Type
		None               void
 Registers used:
		wreg, fsr1l, fsr1h, fsr2l, fsr2h, status,2, status,0, prodl, prodh, cstack
 Tracked objects:
		On entry : 
		On exit  : 
		Unchanged: 
 Data sizes:     COMRAM   BANK0   BANK1   BANK2   BANK3
      Params:         0       0       0       0       0
      Locals:         0       2       0       0       0
      Temps:          0      14       0       0       0
      Totals:         0      16       0       0       0
Total ram usage:       16 bytes
 Hardware stack levels used:    1
 Hardware stack levels required when called:    3
 This function calls:
		_RF_CheckCode
		_RF_ResetData
		_TMR_Timer0Start
		_TMR_Timer0Status
		i2_TMR_ResetTimer0
		i2_TMR_Timer0
 This function is called by:
		Interrupt level 2
 This function uses a non-reentrant model


 *************** function _TMR_Timer0Status *****************
 Defined at:
		line 56 in file "TIMERS.c"
 Parameters:    Size  Location     Type
		None
 Auto vars:     Size  Location     Type
		None
 Return value:  Size  Location     Type
                  1    wreg      unsigned char 
 Registers used:
		wreg
 Tracked objects:
		On entry : 
		On exit  : 
		Unchanged: 
 Data sizes:     COMRAM   BANK0   BANK1   BANK2   BANK3
      Params:         0       0       0       0       0
      Locals:         0       0       0       0       0
      Temps:          0       0       0       0       0
      Totals:         0       0       0       0       0
Total ram usage:        0 bytes
 Hardware stack levels used:    1
 This function calls:
		Nothing
 This function is called by:
		_high_isr
 This function uses a non-reentrant model


 *************** function _TMR_Timer0Start *****************
 Defined at:
		line 363 in file "TIMERS.c"
 Parameters:    Size  Location     Type
		None
 Auto vars:     Size  Location     Type
		None
 Return value:  Size  Location     Type
		None               void
 Registers used:
		wreg, status,2, cstack
 Tracked objects:
		On entry : 
		On exit  : 
		Unchanged: 
 Data sizes:     COMRAM   BANK0   BANK1   BANK2   BANK3
      Params:         0       0       0       0       0
      Locals:         0       0       0       0       0
      Temps:          0       0       0       0       0
      Totals:         0       0       0       0       0
Total ram usage:        0 bytes
 Hardware stack levels used:    1
 Hardware stack levels required when called:    2
 This function calls:
		i2_TMR_ResetTimer0
		i2_TMR_Timer0
 This function is called by:
		_high_isr
 This function uses a non-reentrant model


 *************** function i2_TMR_ResetTimer0 *****************
 Defined at:
		line 144 in file "TIMERS.c"
 Parameters:    Size  Location     Type
		None
 Auto vars:     Size  Location     Type
  TMR_ResetTim    1    1[BANK0 ] unsigned char 
 Return value:  Size  Location     Type
		None               void
 Registers used:
		wreg, status,2, cstack
 Tracked objects:
		On entry : 
		On exit  : 
		Unchanged: 
 Data sizes:     COMRAM   BANK0   BANK1   BANK2   BANK3
      Params:         0       0       0       0       0
      Locals:         0       1       0       0       0
      Temps:          0       0       0       0       0
      Totals:         0       1       0       0       0
Total ram usage:        1 bytes
 Hardware stack levels used:    1
 Hardware stack levels required when called:    1
 This function calls:
		i2_TMR_Timer0
 This function is called by:
		_high_isr
		_TMR_Timer0Start
 This function uses a non-reentrant model


 *************** function i2_TMR_Timer0 *****************
 Defined at:
		line 87 in file "TIMERS.c"
 Parameters:    Size  Location     Type
  state           1    wreg     unsigned char 
 Auto vars:     Size  Location     Type
  state           1    0[BANK0 ] unsigned char 
 Return value:  Size  Location     Type
		None               void
 Registers used:
		wreg, status,2
 Tracked objects:
		On entry : 
		On exit  : 
		Unchanged: 
 Data sizes:     COMRAM   BANK0   BANK1   BANK2   BANK3
      Params:         0       0       0       0       0
      Locals:         0       1       0       0       0
      Temps:          0       0       0       0       0
      Totals:         0       1       0       0       0
Total ram usage:        1 bytes
 Hardware stack levels used:    1
 This function calls:
		Nothing
 This function is called by:
		_high_isr
		_TMR_Timer0Start
		i2_TMR_ResetTimer0
 This function uses a non-reentrant model


 *************** function _RF_ResetData *****************
 Defined at:
		line 221 in file "RF.c"
 Parameters:    Size  Location     Type
		None
 Auto vars:     Size  Location     Type
		None
 Return value:  Size  Location     Type
		None               void
 Registers used:
		wreg, status,2
 Tracked objects:
		On entry : 
		On exit  : 
		Unchanged: 
 Data sizes:     COMRAM   BANK0   BANK1   BANK2   BANK3
      Params:         0       0       0       0       0
      Locals:         0       0       0       0       0
      Temps:          0       0       0       0       0
      Totals:         0       0       0       0       0
Total ram usage:        0 bytes
 Hardware stack levels used:    1
 This function calls:
		Nothing
 This function is called by:
		_high_isr
 This function uses a non-reentrant model


 *************** function _RF_CheckCode *****************
 Defined at:
		line 270 in file "RF.c"
 Parameters:    Size  Location     Type
		None
 Auto vars:     Size  Location     Type
  High            3   29[BANK0 ] unsigned char 
  Low             3   26[BANK0 ] unsigned char 
  i               1   32[BANK0 ] unsigned char 
 Return value:  Size  Location     Type
                  1    wreg      unsigned char 
 Registers used:
		wreg, fsr1l, fsr1h, fsr2l, fsr2h, status,2, status,0, prodl, prodh, cstack
 Tracked objects:
		On entry : 
		On exit  : 
		Unchanged: 
 Data sizes:     COMRAM   BANK0   BANK1   BANK2   BANK3
      Params:         0       0       0       0       0
      Locals:         0       7       0       0       0
      Temps:          0       0       0       0       0
      Totals:         0       7       0       0       0
Total ram usage:        7 bytes
 Hardware stack levels used:    1
 Hardware stack levels required when called:    2
 This function calls:
		i2_MSC_BufferCopyInt
		i2___ftge
		i2___ftmul
		i2___lwtoft
 This function is called by:
		_high_isr
 This function uses a non-reentrant model


 *************** function i2___lwtoft *****************
 Defined at:
		line 28 in file "C:\Program Files (x86)\Microchip\xc8\v1.34\sources\common\lwtoft.c"
 Parameters:    Size  Location     Type
  c               2    8[BANK0 ] unsigned int 
 Auto vars:     Size  Location     Type
		None
 Return value:  Size  Location     Type
                  3    8[BANK0 ] float 
 Registers used:
		wreg, status,2, status,0, cstack
 Tracked objects:
		On entry : 
		On exit  : 
		Unchanged: 
 Data sizes:     COMRAM   BANK0   BANK1   BANK2   BANK3
      Params:         0       3       0       0       0
      Locals:         0       0       0       0       0
      Temps:          0       0       0       0       0
      Totals:         0       3       0       0       0
Total ram usage:        3 bytes
 Hardware stack levels used:    1
 Hardware stack levels required when called:    1
 This function calls:
		i2___ftpack
 This function is called by:
		_RF_CheckCode
 This function uses a non-reentrant model


 *************** function i2___ftmul *****************
 Defined at:
		line 62 in file "C:\Program Files (x86)\Microchip\xc8\v1.34\sources\common\ftmul.c"
 Parameters:    Size  Location     Type
  f1              3   11[BANK0 ] float 
  f2              3   14[BANK0 ] float 
 Auto vars:     Size  Location     Type
  __ftmul         3   21[BANK0 ] unsigned um
  __ftmul         1   25[BANK0 ] unsigned char 
  __ftmul         1   24[BANK0 ] unsigned char 
  __ftmul         1   20[BANK0 ] unsigned char 
 Return value:  Size  Location     Type
                  3   11[BANK0 ] float 
 Registers used:
		wreg, status,2, status,0, cstack
 Tracked objects:
		On entry : 
		On exit  : 
		Unchanged: 
 Data sizes:     COMRAM   BANK0   BANK1   BANK2   BANK3
      Params:         0       6       0       0       0
      Locals:         0       6       0       0       0
      Temps:          0       3       0       0       0
      Totals:         0      15       0       0       0
Total ram usage:       15 bytes
 Hardware stack levels used:    1
 Hardware stack levels required when called:    1
 This function calls:
		i2___ftpack
 This function is called by:
		_RF_CheckCode
 This function uses a non-reentrant model


 *************** function i2___ftpack *****************
 Defined at:
		line 62 in file "C:\Program Files (x86)\Microchip\xc8\v1.34\sources\common\float.c"
 Parameters:    Size  Location     Type
  arg             3    0[BANK0 ] unsigned um
  exp             1    3[BANK0 ] unsigned char 
  sign            1    4[BANK0 ] unsigned char 
 Auto vars:     Size  Location     Type
		None
 Return value:  Size  Location     Type
                  3    0[BANK0 ] float 
 Registers used:
		wreg, status,2, status,0
 Tracked objects:
		On entry : 
		On exit  : 
		Unchanged: 
 Data sizes:     COMRAM   BANK0   BANK1   BANK2   BANK3
      Params:         0       5       0       0       0
      Locals:         0       0       0       0       0
      Temps:          0       3       0       0       0
      Totals:         0       8       0       0       0
Total ram usage:        8 bytes
 Hardware stack levels used:    1
 This function calls:
		Nothing
 This function is called by:
		i2___ftmul
		i2___lwtoft
 This function uses a non-reentrant model


 *************** function i2___ftge *****************
 Defined at:
		line 4 in file "C:\Program Files (x86)\Microchip\xc8\v1.34\sources\common\ftge.c"
 Parameters:    Size  Location     Type
  ff1             3   11[BANK0 ] float 
  ff2             3   14[BANK0 ] float 
 Auto vars:     Size  Location     Type
		None
 Return value:  Size  Location     Type
		None               void
 Registers used:
		wreg, status,2, status,0
 Tracked objects:
		On entry : 
		On exit  : 
		Unchanged: 
 Data sizes:     COMRAM   BANK0   BANK1   BANK2   BANK3
      Params:         0       6       0       0       0
      Locals:         0       0       0       0       0
      Temps:          0       3       0       0       0
      Totals:         0       9       0       0       0
Total ram usage:        9 bytes
 Hardware stack levels used:    1
 This function calls:
		Nothing
 This function is called by:
		_RF_CheckCode
 This function uses a non-reentrant model


 *************** function i2_MSC_BufferCopyInt *****************
 Defined at:
		line 215 in file "MISC.c"
 Parameters:    Size  Location     Type
  from            2    6[BANK0 ] PTR unsigned int 
		 -> IR_DataTiming(160), RF_DataTiming(120), 
  to              2    8[BANK0 ] PTR unsigned int 
		 -> IR_SavedTiming(160), RF_SavedTiming(120), 
  count           2   10[BANK0 ] unsigned int 
  shift           2   12[BANK0 ] unsigned int 
 Auto vars:     Size  Location     Type
  MSC_BufferCo    2   16[BANK0 ] unsigned int 
 Return value:  Size  Location     Type
		None               void
 Registers used:
		wreg, fsr1l, fsr1h, fsr2l, fsr2h, status,2, status,0, cstack
 Tracked objects:
		On entry : 
		On exit  : 
		Unchanged: 
 Data sizes:     COMRAM   BANK0   BANK1   BANK2   BANK3
      Params:         0       8       0       0       0
      Locals:         0       2       0       0       0
      Temps:          0       2       0       0       0
      Totals:         0      12       0       0       0
Total ram usage:       12 bytes
 Hardware stack levels used:    1
 Hardware stack levels required when called:    1
 This function calls:
		i2_MSC_CleanBufferInt
 This function is called by:
		_RF_CheckCode
 This function uses a non-reentrant model


 *************** function i2_MSC_CleanBufferInt *****************
 Defined at:
		line 166 in file "MISC.c"
 Parameters:    Size  Location     Type
  data            2    0[BANK0 ] PTR unsigned int 
		 -> IR_SavedTiming(160), RF_SavedTiming(120), IR_DataTiming(160), RF_DataTiming(120), 
  count           2    2[BANK0 ] unsigned int 
 Auto vars:     Size  Location     Type
  MSC_CleanBuf    2    4[BANK0 ] unsigned int 
 Return value:  Size  Location     Type
		None               void
 Registers used:
		wreg, fsr2l, fsr2h, status,2, status,0
 Tracked objects:
		On entry : 
		On exit  : 
		Unchanged: 
 Data sizes:     COMRAM   BANK0   BANK1   BANK2   BANK3
      Params:         0       4       0       0       0
      Locals:         0       2       0       0       0
      Temps:          0       0       0       0       0
      Totals:         0       6       0       0       0
Total ram usage:        6 bytes
 Hardware stack levels used:    1
 This function calls:
		Nothing
 This function is called by:
		i2_MSC_BufferCopyInt
 This function uses a non-reentrant model



MODULE INFORMATION

Module		Function		Class		Link	Load	Size
C:\Program Files (x86)\Microchip\xc8\v1.34\sources\common\ftge.c
		___ftge        		CODE           	111C	0000	207

C:\Program Files (x86)\Microchip\xc8\v1.34\sources\common\ftge.c estimated size: 207

SYSTEM.c
		_SYS_ConfigureO		CODE           	21E2	0000	11

SYSTEM.c estimated size: 11

TIMERS.c
		_TMR_Timer1Osc 		CODE           	1EA6	0000	33
		_TMR_Timer0Int 		CODE           	1FFC	0000	25
		_TMR_Timer1Int 		CODE           	1FCC	0000	25
		_TMR_Timer2Int 		CODE           	1F9C	0000	25
		_TMR_Timer0Stat		CODE           	21C6	0000	15
		_TMR_Timer1Stat		CODE           	21AA	0000	15
		_InitTimer0    		CODE           	1E84	0000	35
		_InitTimer1    		CODE           	1EE4	0000	29
		_InitTimer2    		CODE           	1EC6	0000	31
		_InitTimers    		CODE           	218E	0000	15
		_TMR_Timer0Star		CODE           	217C	0000	19
		_TMR_Timer1Star		CODE           	2134	0000	19
		_TMR_Timer2Star		CODE           	1F52	0000	27
		_TMR_Timer1Func		CODE           	1C8C	0000	51
		_TMR_ResetTimer		CODE           	1D16	0000	45
		_TMR_ResetTimer		CODE           	1CEA	0000	45
		_TMR_ResetTimer		CODE           	1D9A	0000	43
		_TMR_Timer0    		CODE           	2014	0000	25
		_TMR_Timer1    		CODE           	1FE4	0000	25
		_TMR_Timer2    		CODE           	1FB4	0000	25

TIMERS.c estimated size: 572

BUTTON.c
		_InitButton    		CODE           	219C	0000	15
		_BUT_ReadButton		CODE           	1B7E	0000	57
		_BUT_IR_PinChan		CODE           	205C	0000	25

BUTTON.c estimated size: 97

MOTOR.c
		_MTR_IN2       		CODE           	1F6C	0000	25
		_MTR_IN1       		CODE           	1F84	0000	25
		_MTR_Rotate    		CODE           	18C0	0000	105
		_InitMOTOR     		CODE           	21FA	0000	5

MOTOR.c estimated size: 160

C:\Program Files (x86)\Microchip\xc8\v1.34\sources\common\float.c
		___ftpack      		CODE           	137E	0000	199

C:\Program Files (x86)\Microchip\xc8\v1.34\sources\common\float.c estimated size: 199

RF.c
		_RF_ResetData  		CODE           	21D4	0000	15
		_RF_CheckCode  		CODE           	057E	0000	583
		_RF_Enable     		CODE           	20FC	0000	21
		_RF_SetSquelch 		CODE           	202C	0000	25
		_RF_Receiver   		CODE           	2044	0000	25
		_RF_LoadDefault		CODE           	15B4	0000	177
		_RF_DataInt    		CODE           	1F00	0000	29
		_RF_Disable    		CODE           	20E8	0000	21
		_InitRF        		CODE           	1ACC	0000	61
		_RF_SetBandwidt		CODE           	1B44	0000	59

RF.c estimated size: 1016

FLASH.c
		_InitFlash     		CODE           	2202	0000	3

FLASH.c estimated size: 3

C:\Program Files (x86)\Microchip\xc8\v1.34\sources\common\ftmul.c
		___ftmul       		CODE           	0F2E	0000	259

C:\Program Files (x86)\Microchip\xc8\v1.34\sources\common\ftmul.c estimated size: 259

C:\Program Files (x86)\Microchip\xc8\v1.34\sources\common\lwtoft.c
		___lwtoft      		CODE           	1E5E	0000	39

C:\Program Files (x86)\Microchip\xc8\v1.34\sources\common\lwtoft.c estimated size: 39

C:\Program Files (x86)\Microchip\xc8\v1.34\sources\common\ftdiv.c
		___ftdiv       		CODE           	1030	0000	237

C:\Program Files (x86)\Microchip\xc8\v1.34\sources\common\ftdiv.c estimated size: 237

shared
		i1_MSC_CleanBuf		CODE           	1A8C	0000	65
		i2_MSC_CleanBuf		CODE           	19E2	0000	87
		i1_TMR_Timer0In		CODE           	216A	0000	19
		exp@coeff      		MEDIUMCONST    	0000	0000	0
		i2_MSC_BufferCo		CODE           	1500	0000	181
		i1_BUT_IR_PinCh		CODE           	2110	0000	19
		i1___ftge      		CODE           	17B2	0000	151
		i2___ftge      		CODE           	11EA	0000	207
		i1_IR_ReadRecei		CODE           	1BEE	0000	55
		i2___lwtoft    		CODE           	1D6E	0000	45
		_PCB_Version   		MEDIUMCONST    	3ECB	0000	10
		i2___ftmul     		CODE           	0B50	0000	365
		i2___ftpack    		CODE           	0E0E	0000	289
		__initializatio		CODE           	1848	0000	111
		i1_TMR_Timer0  		CODE           	2158	0000	19
		i1_TMR_Timer1  		CODE           	2146	0000	19
		i1_TMR_Timer2  		CODE           	2122	0000	19
		i2_TMR_Timer0  		CODE           	20A4	0000	25
		i1_BUT_ReadButt		CODE           	1C24	0000	55
		_CONF1_ChanE_Ti		MEDIUMCONST    	3F5A	0000	101
		_PIONEER_PLUS_T		MEDIUMCONST    	3ED4	0000	135
		i1_ADC_ChangeCh		CODE           	1E38	0000	39
		i1_RF_DataInt  		CODE           	20BC	0000	23
		i1_TMR_ResetTim		CODE           	1E12	0000	39
		i2_TMR_ResetTim		CODE           	1D42	0000	45
		log@coeff      		MEDIUMCONST    	0000	0000	0

shared estimated size: 2123

ADC.c
		_ADC_CalculateV		CODE           	12B8	0000	199
		_ADC_Start     		CODE           	21FE	0000	5
		_InitADC       		CODE           	1DC4	0000	41
		_ADC_Module    		CODE           	2074	0000	25
		_ADC_ChangeChan		CODE           	1DEC	0000	39
		_ADC_Conversion		CODE           	208C	0000	25

ADC.c estimated size: 334

MISC.c
		_MSC_BufferCopy		CODE           	1444	0000	189
		_MSC_DelayMS   		CODE           	1928	0000	101
		_MSC_BlinkLED  		CODE           	1A38	0000	85
		_MSC_DelayNOP  		CODE           	1CBE	0000	45
		_MSC_CleanBuffe		CODE           	198C	0000	87
		_MSC_BufferCopy		CODE           	1712	0000	161

MISC.c estimated size: 668

USER.c
		_Init_App      		CODE           	1B08	0000	61
		_Init_System   		CODE           	1C5A	0000	51

USER.c estimated size: 112

IR.c
		_IR_ResetData  		CODE           	21B8	0000	15
		_IR_CheckCode  		CODE           	02B8	0000	711
		_InitIR        		CODE           	1F1C	0000	29
		_IR_CleanBuffer		CODE           	20D2	0000	23
		_IR_LoadDefault		CODE           	1664	0000	175
		_IR_ReadReceive		CODE           	1BB6	0000	57

IR.c estimated size: 1010

LDO.c
		_LDO_Pass      		CODE           	1F38	0000	27
		_InitLDO       		CODE           	21EC	0000	9

LDO.c estimated size: 36

INTERRUPTS.c
		_high_isr      		CODE           	0008	0000	409
		_low_isr       		CODE           	0018	0000	669

INTERRUPTS.c estimated size: 1078

C:\Program Files (x86)\Microchip\xc8\v1.34\sources\common\fttol.c
		___fttol       		CODE           	0CBC	0000	339

C:\Program Files (x86)\Microchip\xc8\v1.34\sources\common\fttol.c estimated size: 339

main.c
		_main          		CODE           	07C4	0000	517

main.c estimated size: 517

