Microchip MPLAB XC8 Compiler V1.35 ()

Linker command line:

--edf=C:\Program Files (x86)\Microchip\xc8\v1.35\dat\en_msgs.txt -cs \
  -h+dist/LazySwitch_PIC18f24J10/production\PIC_LazySwitch.production.sym \
  --cmf=dist/LazySwitch_PIC18f24J10/production\PIC_LazySwitch.production.cmf \
  -z -Q18F24J10 -oC:\Users\DWHITF~1\AppData\Local\Temp\s6nk.2 \
  -Mdist/LazySwitch_PIC18f24J10/production/PIC_LazySwitch.production.map \
  -E1 -ver=XC8 -ASTACK=01AFh-01ffh -pstack=STACK \
  -p_RF_SavedTiming_const=2580h -p_IR_SavedTiming0_const=2400h \
  -p_FlashWaste_const=2600h -p_IR_SavedTiming1_const=24C0h \
  -ACODE=00h-03FF7h -ACONST=00h-03FF7h \
  -ASMALLCONST=0400h-04FFhx59,03F00h-03FF7h -AMEDIUMCONST=0400h-03FF7h \
  -ACOMRAM=01h-07Fh -AABS1=00h-03FFh -ABIGRAM=01h-03FFh \
  -ARAM=080h-0FFh,0100h-01FFhx3 -ABANK0=080h-0FFh -ABANK1=0100h-01FFh \
  -ABANK2=0200h-02FFh -ABANK3=0300h-03FFh -ASFR=0F80h-0FFFh \
  -preset_vec=00h,intcode=08h,intcodelo=018h,powerup,init,end_init \
  -pramtop=0400h -psmallconst=SMALLCONST -pmediumconst=MEDIUMCONST \
  -pconst=CONST -AFARRAM=00h-00h -ACONFIG=03FF8h-03FFDh -pconfig=CONFIG \
  -pjflash_buffer=03800h \
  -prdata=COMRAM,nvrram=COMRAM,nvbit=COMRAM,rbss=COMRAM,rbit=COMRAM \
  -pfarbss=FARRAM,fardata=FARRAM,nvFARRAM=FARRAM \
  -pintsave_regs=BIGRAM,bigbss=BIGRAM,bigdata=BIGRAM -pbss=RAM \
  -pidata=CODE,irdata=CODE,ibigdata=CODE,ifardata=CODE -pparam0=BANK0 \
  C:\Users\DWHITF~1\AppData\Local\Temp\s6nk.obj \
  dist/LazySwitch_PIC18f24J10/production\PIC_LazySwitch.production.obj 

Object code version is 3.11

Machine type is 18F24J10

Call graph: (short form)




                Name                               Link     Load   Length Selector   Space Scale
C:\Users\DWHITF~1\AppData\Local\Temp\s6nk.obj
                end_init                            248      248        4        C       0
                reset_vec                             0        0        4        0       0
                config                             3FF8     3FF8        6     3FF8       0
dist/LazySwitch_PIC18f24J10/production\PIC_LazySwitch.production.obj
                intcodelo                            18       18      230        C       0
                intcode                               8        8        E        4       0
                temp                                 6E       6E        1        1       1
                mediumconst                        2800     2800        2     1400       0
                text122                            16C0     16C0       2A        C       0
                text121                            10E8     10E8       76        C       0
                text120                            1230     1230       60        C       0
                text119                             BBC      BBC       A4        C       0
                text118                            19D2     19D2       14        C       0
                text117                            1B32     1B32       10        C       0
                text116                            1A40     1A40       12        C       0
                text115                            1BC0     1BC0        8        C       0
                text114                            163C     163C       30        C       0
                text113                             E34      E34       98        C       0
                text112                            1BB8     1BB8        8        C       0
                text111                            2F04     2F04      450     1401       0
                text110                            160C     160C       30        C       0
                text109                            1342     1342       58        C       0
                text108                             FE2      FE2       8A        C       0
                text107                             734      734       D6        C       0
                text106                             994      994       BA        C       0
                text105                            17A6     17A6       24        C       0
                text104                             47C      47C      10C        C       0
                text103                            3C10     3C10      23C     1401       0
                text102                            1B22     1B22       10        C       0
                text101                            18D0     18D0       20        C       0
                text100                            1B12     1B12       10        C       0
                text99                             1BD4     1BD4        6        C       0
                text98                             1A2E     1A2E       12        C       0
                intcode_body                        364      364      118        C       0
                text95                              F58      F58       8A        C       0
                text94                              8DA      8DA       BA        C       0
                text93                             190E     190E       1E        C       0
                text92                              65E      65E       D6        C       0
                text91                             1782     1782       24        C       0
                text90                              B06      B06       B6        C       0
                text89                             16EA     16EA       28        C       0
                text88                             115E     115E       72        C       0
                text87                             11D0     11D0       60        C       0
                text86                              C60      C60       A0        C       0
                text85                             1A1C     1A1C       12        C       0
                text84                             1B7A     1B7A        E        C       0
                text83                             1A0A     1A0A       12        C       0
                text82                             1BB0     1BB0        8        C       0
                text81                             15DC     15DC       30        C       0
                text80                              D9C      D9C       98        C       0
                text79                             1BA8     1BA8        8        C       0
                text78                             3354     3354      42E     1401       0
                text77                             14A4     14A4       3C        C       0
                text76                             12EA     12EA       58        C       0
                text75                              A4E      A4E       B8        C       0
                text74                             39D4     39D4      23C     1401       0
                text73                             2802     2802      702     1401       0
                text72                             1B6C     1B6C        E        C       0
                text71                             19F8     19F8       12        C       0
                text70                             1B5E     1B5E        E        C       0
                text69                             18B0     18B0       20        C       0
                text68                             1B02     1B02       10        C       0
                text67                             1BCE     1BCE        6        C       0
                text66                             1B50     1B50        E        C       0
                text65                             1890     1890       20        C       0
                text64                             1990     1990       18        C       0
                text63                             1B42     1B42        E        C       0
                text62                             1738     1738       26        C       0
                text61                             180E     180E       22        C       0
                text58                             1BE2     1BE2        4        C       0
                text57                             1468     1468       3C        C       0
                text56                             1290     1290       5A        C       0
                text55                              ECC      ECC       8C        C       0
                text54                              588      588       D6        C       0
                text53                              80A      80A       D0        C       0
                text52                             1712     1712       26        C       0
                text51                             3782     3782      252     1401       0
                text50                             14E0     14E0       36        C       0
                text49                             17EC     17EC       22        C       0
                text48                             18F0     18F0       1E        C       0
                text47                             1AF2     1AF2       10        C       0
                text46                             1AE2     1AE2       10        C       0
                text45                             175E     175E       24        C       0
                text44                             1AD2     1AD2       10        C       0
                text43                             17CA     17CA       22        C       0
                text42                             1B94     1B94        C        C       0
                text41                             1BDE     1BDE        4        C       0
                text40                             15AC     15AC       30        C       0
                text39                             19E6     19E6       12        C       0
                text37                             19A8     19A8       16        C       0
                text36                             1BDA     1BDA        4        C       0
                text35                             19BE     19BE       14        C       0
                text34                             1AC2     1AC2       10        C       0
                text33                             1696     1696       2A        C       0
                text32                             1AB2     1AB2       10        C       0
                text31                             157A     157A       32        C       0
                text30                             1AA2     1AA2       10        C       0
                text29                             1870     1870       20        C       0
                text28                             1A92     1A92       10        C       0
                text27                             1850     1850       20        C       0
                text26                             1A82     1A82       10        C       0
                text25                             1830     1830       20        C       0
                text24                             1978     1978       18        C       0
                text23                             166C     166C       2A        C       0
                text22                             1A72     1A72       10        C       0
                text21                             1946     1946       1A        C       0
                text20                             1A62     1A62       10        C       0
                text19                             1A52     1A52       10        C       0
                text18                             1960     1960       18        C       0
                text17                             1B88     1B88        C        C       0
                text16                             1548     1548       32        C       0
                text15                             192C     192C       1A        C       0
                text14                             139A     139A       4E        C       0
                text13                             13E8     13E8       44        C       0
                text10                              D00      D00       9C        C       0
                text9                              3FE6     3FE6       12     1401       0
                text8                              1516     1516       32        C       0
                text7                               24C      24C      118        C       0
                text3                              142C     142C       3C        C       0
                text2                              1BA0     1BA0        8        C       0
                text0                              3E4C     3E4C      19A     1401       0
                cstackCOMRAM                          1        1       59        1       1
                cstackBANK0                          80       80       40       80       1
                cstackBANK1                         187      187       22      100       1
                bssBANK3                            300      300       C0      300       1
                bssBANK2                            200      200       C0      200       1
                dataBANK1                           1A9      1A9        6      100       1
                bssBANK1                            100      100       87      100       1
                bssBANK0                             C0       C0        A       80       1
                dataCOMRAM                           6D       6D        1        1       1
                bssCOMRAM                            5A       5A       13        1       1
                cinit                              106C     106C       7C        C       0
                _RF_SavedTiming_const              2580     2580       80     12C0       0
                _IR_SavedTiming1_const             24C0     24C0       C0     1260       0
                _IR_SavedTiming0_const             2400     2400       C0     1200       0
                _FlashWaste_const                  2600     2600      200     1300       0
                idataBANK1                         1BC8     1BC8        6        C       0
                idataCOMRAM                        1BE6     1BE6        1        C       0

TOTAL           Name                               Link     Load   Length     Space
        CLASS   STACK          

        CLASS   CODE           
                end_init                            248      248        4         0
                intcodelo                            18       18      230         0
                intcode                               8        8        E         0
                reset_vec                             0        0        4         0
                text122                            16C0     16C0       2A         0
                text121                            10E8     10E8       76         0
                text120                            1230     1230       60         0
                text119                             BBC      BBC       A4         0
                text118                            19D2     19D2       14         0
                text117                            1B32     1B32       10         0
                text116                            1A40     1A40       12         0
                text115                            1BC0     1BC0        8         0
                text114                            163C     163C       30         0
                text113                             E34      E34       98         0
                text112                            1BB8     1BB8        8         0
                text111                            2F04     2F04      450         0
                text110                            160C     160C       30         0
                text109                            1342     1342       58         0
                text108                             FE2      FE2       8A         0
                text107                             734      734       D6         0
                text106                             994      994       BA         0
                text105                            17A6     17A6       24         0
                text104                             47C      47C      10C         0
                text103                            3C10     3C10      23C         0
                text102                            1B22     1B22       10         0
                text101                            18D0     18D0       20         0
                text100                            1B12     1B12       10         0
                text99                             1BD4     1BD4        6         0
                text98                             1A2E     1A2E       12         0
                intcode_body                        364      364      118         0
                text95                              F58      F58       8A         0
                text94                              8DA      8DA       BA         0
                text93                             190E     190E       1E         0
                text92                              65E      65E       D6         0
                text91                             1782     1782       24         0
                text90                              B06      B06       B6         0
                text89                             16EA     16EA       28         0
                text88                             115E     115E       72         0
                text87                             11D0     11D0       60         0
                text86                              C60      C60       A0         0
                text85                             1A1C     1A1C       12         0
                text84                             1B7A     1B7A        E         0
                text83                             1A0A     1A0A       12         0
                text82                             1BB0     1BB0        8         0
                text81                             15DC     15DC       30         0
                text80                              D9C      D9C       98         0
                text79                             1BA8     1BA8        8         0
                text78                             3354     3354      42E         0
                text77                             14A4     14A4       3C         0
                text76                             12EA     12EA       58         0
                text75                              A4E      A4E       B8         0
                text74                             39D4     39D4      23C         0
                text73                             2802     2802      702         0
                text72                             1B6C     1B6C        E         0
                text71                             19F8     19F8       12         0
                text70                             1B5E     1B5E        E         0
                text69                             18B0     18B0       20         0
                text68                             1B02     1B02       10         0
                text67                             1BCE     1BCE        6         0
                text66                             1B50     1B50        E         0
                text65                             1890     1890       20         0
                text64                             1990     1990       18         0
                text63                             1B42     1B42        E         0
                text62                             1738     1738       26         0
                text61                             180E     180E       22         0
                text58                             1BE2     1BE2        4         0
                text57                             1468     1468       3C         0
                text56                             1290     1290       5A         0
                text55                              ECC      ECC       8C         0
                text54                              588      588       D6         0
                text53                              80A      80A       D0         0
                text52                             1712     1712       26         0
                text51                             3782     3782      252         0
                text50                             14E0     14E0       36         0
                text49                             17EC     17EC       22         0
                text48                             18F0     18F0       1E         0
                text47                             1AF2     1AF2       10         0
                text46                             1AE2     1AE2       10         0
                text45                             175E     175E       24         0
                text44                             1AD2     1AD2       10         0
                text43                             17CA     17CA       22         0
                text42                             1B94     1B94        C         0
                text41                             1BDE     1BDE        4         0
                text40                             15AC     15AC       30         0
                text39                             19E6     19E6       12         0
                text37                             19A8     19A8       16         0
                text36                             1BDA     1BDA        4         0
                text35                             19BE     19BE       14         0
                text34                             1AC2     1AC2       10         0
                text33                             1696     1696       2A         0
                text32                             1AB2     1AB2       10         0
                text31                             157A     157A       32         0
                text30                             1AA2     1AA2       10         0
                text29                             1870     1870       20         0
                text28                             1A92     1A92       10         0
                text27                             1850     1850       20         0
                text26                             1A82     1A82       10         0
                text25                             1830     1830       20         0
                text24                             1978     1978       18         0
                text23                             166C     166C       2A         0
                text22                             1A72     1A72       10         0
                text21                             1946     1946       1A         0
                text20                             1A62     1A62       10         0
                text19                             1A52     1A52       10         0
                text18                             1960     1960       18         0
                text17                             1B88     1B88        C         0
                text16                             1548     1548       32         0
                text15                             192C     192C       1A         0
                text14                             139A     139A       4E         0
                text13                             13E8     13E8       44         0
                text10                              D00      D00       9C         0
                text9                              3FE6     3FE6       12         0
                text8                              1516     1516       32         0
                text7                               24C      24C      118         0
                text3                              142C     142C       3C         0
                text2                              1BA0     1BA0        8         0
                text0                              3E4C     3E4C      19A         0
                cinit                              106C     106C       7C         0
                _RF_SavedTiming_const              2580     2580       80         0
                _IR_SavedTiming1_const             24C0     24C0       C0         0
                _IR_SavedTiming0_const             2400     2400       C0         0
                _FlashWaste_const                  2600     2600      200         0
                idataBANK1                         1BC8     1BC8        6         0
                idataCOMRAM                        1BE6     1BE6        1         0

        CLASS   CONST          

        CLASS   SMALLCONST     

        CLASS   MEDIUMCONST    
                mediumconst                        2800     2800        2         0

        CLASS   COMRAM         
                temp                                 6E       6E        1         1
                cstackCOMRAM                          1        1       59         1
                dataCOMRAM                           6D       6D        1         1
                bssCOMRAM                            5A       5A       13         1

        CLASS   ABS1           

        CLASS   BIGRAM         

        CLASS   RAM            

        CLASS   BANK0          
                cstackBANK0                          80       80       40         1
                bssBANK0                             C0       C0        A         1

        CLASS   BANK1          
                cstackBANK1                         187      187       22         1
                dataBANK1                           1A9      1A9        6         1
                bssBANK1                            100      100       87         1

        CLASS   BANK2          
                bssBANK2                            200      200       C0         1

        CLASS   BANK3          
                bssBANK3                            300      300       C0         1

        CLASS   SFR            

        CLASS   FARRAM         

        CLASS   CONFIG         
                config                             3FF8     3FF8        6         0

        CLASS   IDLOC          



SEGMENTS        Name                           Load    Length   Top    Selector   Space  Class

                reset_vec                      000000  000004  000004         0       0  CODE    
                cstackCOMRAM                   000001  00006E  00006F         1       1  COMRAM  
                intcode                        000008  00000E  000016         4       0  CODE    
                intcodelo                      000018  001BCF  001BE7         C       0  CODE    
                cstackBANK0                    000080  00004A  0000CA        80       1  BANK0   
                bssBANK1                       000100  0000AF  0001AF       100       1  BANK1   
                bssBANK2                       000200  0000C0  0002C0       200       1  BANK2   
                bssBANK3                       000300  0000C0  0003C0       300       1  BANK3   
                _IR_SavedTiming0_const         002400  0000C0  0024C0      1200       0  CODE    
                _IR_SavedTiming1_const         0024C0  0000C0  002580      1260       0  CODE    
                _RF_SavedTiming_const          002580  000080  002600      12C0       0  CODE    
                _FlashWaste_const              002600  000200  002800      1300       0  CODE    
                mediumconst                    002800  000002  002802      1400       0  MEDIUMCO
                text73                         002802  0017F6  003FF8      1401       0  CODE    
                config                         003FF8  000006  003FFE      3FF8       0  CONFIG  


UNUSED ADDRESS RANGES

        Name                Unused          Largest block    Delta
        BANK0            000CA-000FF              36
        BANK1            001AF-001FF              51
        BANK2            002C0-002FF              40
        BANK3            003C0-003FF              40
        BIGRAM           0006F-0007F              11
                         000CA-000FF              36
                         001AF-001FF              51
                         002C0-002FF              40
                         003C0-003FF              40
        CODE             00004-00007               4
                         00016-00017               2
                         01BE7-023FF             819
        COMRAM           0006F-0007F              11
        CONST            00004-00007               4
                         00016-00017               2
                         01BE7-023FF             819
        MEDIUMCONST      01BE7-023FF             819
        RAM              000CA-000FF              36
                         001AF-001FF              51
                         002C0-002FF              40
                         003C0-003FF              40
        SFR              00F80-00FFF              80
        SMALLCONST       01BE7-023FF             100
        STACK            001AF-001FF              51

                                  Symbol Table

?___ftdiv                            cstackCOMRAM           0000C
?___ftmul                            cstackBANK1            00187
?___ftpack                           cstackBANK0            000B5
?___fttol                            cstackBANK0            000B5
?___lwtoft                           cstackBANK0            000BD
?i1___ftmul                          cstackCOMRAM           0001B
?i1___ftpack                         cstackCOMRAM           00001
?i1___fttol                          cstackCOMRAM           00001
?i1___lwtoft                         cstackCOMRAM           00009
?i2___ftmul                          cstackBANK0            0008B
?i2___ftpack                         cstackBANK0            00080
?i2___fttol                          cstackBANK0            00080
?i2___lwtoft                         cstackBANK0            00088
ADC_CalculateVoltage@ADCcounts       cstackCOMRAM           0002C
ADC_CalculateVoltage@Voltage         cstackCOMRAM           00029
ADC_ConversionInt@state              cstackBANK0            000B5
ADC_Module@state                     cstackBANK0            000B5
BUT_IR_PinChangeInt@state            cstackBANK0            000B5
BUT_ReadButton@value                 cstackBANK0            000B5
FSH_AddressToBlock@Address           cstackCOMRAM           00001
FSH_EraseBlock@Address               cstackCOMRAM           00005
FSH_EraseBlock@WriteTries            cstackCOMRAM           0000B
FSH_EraseBlock@highint               cstackCOMRAM           00009
FSH_EraseBlock@lowint                cstackCOMRAM           0000A
FSH_VerifyWriteIntArray@Array        cstackCOMRAM           00004
FSH_VerifyWriteIntArray@ConstArray   cstackCOMRAM           00001
FSH_VerifyWriteIntArray@data         cstackCOMRAM           00009
FSH_VerifyWriteIntArray@failcount    cstackCOMRAM           0000B
FSH_VerifyWriteIntArray@i            cstackCOMRAM           0000C
FSH_WriteIntArray@Array              cstackCOMRAM           00008
FSH_WriteIntArray@ConstArray         cstackCOMRAM           00005
FSH_WriteIntArray@address            cstackCOMRAM           0000D
FSH_WriteIntArray@i                  cstackCOMRAM           0000C
FSH_Write_IR_RF@FlashWasteindex      cstackCOMRAM           0001A
FSH_Write_IR_RF@RAMaddress           cstackCOMRAM           00021
FSH_Write_IR_RF@WriteTries           cstackCOMRAM           00020
FSH_Write_IR_RF@highint              cstackCOMRAM           00018
FSH_Write_IR_RF@i                    cstackCOMRAM           0001E
FSH_Write_IR_RF@j                    cstackCOMRAM           0001C
FSH_Write_IR_RF@lowint               cstackCOMRAM           00019
FSH_Write_IR_RF@status               cstackCOMRAM           0001D
IR_CalculateCodesize@Code            cstackBANK0            000B5
IR_CalculateCodesize@i               cstackBANK0            000BB
IR_CheckCode@High                    cstackCOMRAM           00045
IR_CheckCode@Low                     cstackCOMRAM           00048
IR_CheckCode@data                    cstackCOMRAM           00043
IR_CheckCode@i                       cstackCOMRAM           0004B
IR_LoadCode@CodeSize1                cstackBANK1            0019B
IR_LoadCode@CodeSize2                cstackBANK1            001A2
IR_LoadCode@High1                    cstackBANK1            00198
IR_LoadCode@High2                    cstackBANK1            0019F
IR_LoadCode@HighBound                cstackBANK1            001A6
IR_LoadCode@Low1                     cstackBANK1            00195
IR_LoadCode@Low2                     cstackBANK1            0019C
IR_LoadCode@LowBound                 cstackBANK1            001A3
IR_ReadReceiver@value                cstackBANK0            000B5
LDO_Pass@state                       cstackBANK0            000B5
MSC_BlinkLED@blink                   cstackBANK1            0018B
MSC_BlinkLED@i                       cstackBANK1            0018F
MSC_BlinkLED@speed                   cstackBANK1            0018D
MSC_BufferCopyIntConst@count         cstackCOMRAM           0000C
MSC_BufferCopyIntConst@from          cstackCOMRAM           00007
MSC_BufferCopyIntConst@i             cstackCOMRAM           00010
MSC_BufferCopyIntConst@shift         cstackCOMRAM           0000E
MSC_BufferCopyIntConst@to            cstackCOMRAM           0000A
MSC_CleanBufferInt@count             cstackBANK0            000B7
MSC_CleanBufferInt@data              cstackBANK0            000B5
MSC_CleanBufferInt@i                 cstackBANK0            000B9
MSC_DelayMS@US                       cstackBANK0            000B9
MSC_DelayMS@i                        cstackBANK1            00187
MSC_DelayNOP@NOPs                    cstackBANK0            000B5
MSC_DelayNOP@i                       cstackBANK0            000B7
MTR_IN1@state                        cstackBANK0            000B5
MTR_IN2@state                        cstackBANK0            000B5
RF_CalculateCodesize@i               cstackBANK0            000B5
RF_CheckCode@High                    cstackBANK0            000A7
RF_CheckCode@Low                     cstackBANK0            000A4
RF_CheckCode@i                       cstackBANK0            000AA
RF_DataInt@state                     cstackBANK0            000B5
RF_LoadCode@High                     cstackBANK1            00198
RF_LoadCode@Low                      cstackBANK1            00195
RF_Receiver@state                    cstackBANK0            000B5
RF_SetBandwidth@band                 cstackBANK0            000B5
RF_SetSquelch@state                  cstackBANK0            000B5
TMR_ResetTimer0@TimerOn              cstackBANK0            000B6
TMR_ResetTimer1@TimerOn              cstackBANK0            000B6
TMR_ResetTimer2@TimerOn              cstackCOMRAM           00002
TMR_Timer0@state                     cstackBANK0            000B5
TMR_Timer0Int@state                  cstackBANK0            000B5
TMR_Timer1@state                     cstackBANK0            000B5
TMR_Timer1Function@mode              cstackBANK0            000B7
TMR_Timer1Int@state                  cstackBANK0            000B5
TMR_Timer1Osc@state                  cstackBANK0            000B5
TMR_Timer2@state                     cstackBANK0            000B5
TMR_Timer2Int@state                  cstackBANK0            000B5
TMR_Timer2Start@time                 cstackCOMRAM           00003
_ADCON0bits                          (abs)                  00FC2
_ADCON1bits                          (abs)                  00FC1
_ADCON2bits                          (abs)                  00FC0
_ADC_CalculateVoltage                text90                 00B06
_ADC_ChangeChannel                   text48                 018F0
_ADC_ConversionInt                   text47                 01AF2
_ADC_CurrentSource                   dataCOMRAM             0006D
_ADC_Module                          text46                 01AE2
_ADC_SampleCount                     bssBANK1               00100
_ADC_Start                           text58                 01BE2
_ADRESH                              (abs)                  00FC4
_ADRESL                              (abs)                  00FC3
_Activity_Timer                      bssCOMRAM              0005A
_BUT_IR_PinChangeInt                 text44                 01AD2
_BUT_ReadButton                      text43                 017CA
_ButtonChange                        bssCOMRAM              00066
_ButtonValue_prev                    bssBANK0               000C4
_Button_Data                         bssBANK1               00102
_DC_Motor                            bssBANK0               000C5
_EECON1bits                          (abs)                  00FA6
_FSH_AddressToBlock                  text89                 016EA
_FSH_EraseBlock                      text88                 0115E
_FSH_VerifyWriteIntArray             text87                 011D0
_FSH_WriteIntArray                   text86                 00C60
_FSH_Write_IR_RF                     text78                 03354
_FlashWaste                          _FlashWaste_const      02600
_FlashWaste_absconstaddr             (abs)                  02600
_Flash_Status                        bssBANK1               00103
_INTCON2bits                         (abs)                  00FF1
_INTCON3bits                         (abs)                  00FF0
_INTCONbits                          (abs)                  00FF2
_IPR1bits                            (abs)                  00F9F
_IRChange                            bssCOMRAM              00067
_IRProgramCodeNumber                 bssCOMRAM              00068
_IRStarted                           bssCOMRAM              00069
_IRValue_prev                        bssBANK0               000C6
_IR_CalculateCodesize                text57                 01468
_IR_CheckCode                        text73                 02802
_IR_CodeSize                         bssCOMRAM              0006A
_IR_Data                             bssBANK1               00104
_IR_DataHolder1                      bssBANK3               00300
_IR_DataPlace                        bssCOMRAM              0006B
_IR_DataTiming                       bssBANK2               00200
_IR_LoadCode                         text51                 03782
_IR_ReadReceiver                     text49                 017EC
_IR_ResetData                        text82                 01BB0
_IR_Saved                            dataBANK1              001AC
_IR_SavedTiming0                     _IR_SavedTiming0_const 02400
_IR_SavedTiming0_absconstaddr        (abs)                  02400
_IR_SavedTiming1                     _IR_SavedTiming1_const 024C0
_IR_SavedTiming1_absconstaddr        (abs)                  024C0
_IR_SyncHigh                         bssCOMRAM              0005E
_IR_SyncLow                          bssCOMRAM              00060
_InitADC                             text45                 0175E
_InitButton                          text42                 01B94
_InitFlash                           text41                 01BDE
_InitIR                              text39                 019E6
_InitLDO                             text37                 019A8
_InitMOTOR                           text36                 01BDA
_InitRF                              text31                 0157A
_InitTimer0                          text27                 01850
_InitTimer1                          text21                 01946
_InitTimer2                          text18                 01960
_InitTimers                          text17                 01B88
_Init_App                            text50                 014E0
_Init_System                         text16                 01548
_LATA                                (abs)                  00F89
_LATB                                (abs)                  00F8A
_LATC                                (abs)                  00F8B
_LDO_Pass                            text38                 00000
_MSC_BlinkLED                        text13                 013E8
_MSC_BufferCopyIntConst              text80                 00D9C
_MSC_CleanBufferInt                  text40                 015AC
_MSC_DelayMS                         text14                 0139A
_MSC_DelayNOP                        text15                 0192C
_MTR_IN1                             text12                 00000
_MTR_IN2                             text11                 00000
_MTR_Rotate                          text10                 00D00
_OSCCON                              (abs)                  00FD3
_OSCCONbits                          (abs)                  00FD3
_OSCTUNEbits                         (abs)                  00F9B
_PIE1bits                            (abs)                  00F9D
_PIR1bits                            (abs)                  00F9E
_PORTB                               (abs)                  00F81
_PR2                                 (abs)                  00FCB
_RCONbits                            (abs)                  00FD0
_RFStarted                           bssBANK0               000C7
_RF_CalculateCodesize                text8                  01516
_RF_CheckCode                        text103                03C10
_RF_CodeSize                         bssBANK0               000C8
_RF_Data                             bssBANK1               00105
_RF_DataInt                          text35                 019BE
_RF_DataPlace                        bssBANK0               000C9
_RF_DataTiming                       bssBANK1               00107
_RF_Disable                          text71                 019F8
_RF_Enable                           text9                  03FE6
_RF_LoadCode                         text7                  0024C
_RF_Receiver                         text34                 01AC2
_RF_ResetData                        text79                 01BA8
_RF_Saved                            dataBANK1              001AD
_RF_SavedTiming                      _RF_SavedTiming_const  02580
_RF_SavedTiming_absconstaddr         (abs)                  02580
_RF_SetBandwidth                     text33                 01696
_RF_SetSquelch                       text32                 01AB2
_RF_SyncHigh                         bssBANK0               000C0
_RF_SyncLow                          bssBANK0               000C2
_Rail_VIN                            dataBANK1              001A9
_SYS_ActivityTimer                   text3                  0142C
_SYS_ActivityTimerReset              text6                  00000
_SYS_ConfigureOscillator             text2                  01BA0
_SYS_DisableInt                      text1                  00000
_SYS_EnableInt                       text5                  00000
_SYS_Sleep                           text4                  00000
_System_State                        dataBANK1              001AE
_System_State_Change                 bssBANK1               00106
_T0CONbits                           (abs)                  00FD5
_T1CONbits                           (abs)                  00FCD
_T2CONbits                           (abs)                  00FCA
_TABLAT                              (abs)                  00FF5
_TBLPTRH                             (abs)                  00FF7
_TBLPTRL                             (abs)                  00FF6
_TBLPTRU                             (abs)                  00FF8
_TMR0H                               (abs)                  00FD7
_TMR0L                               (abs)                  00FD6
_TMR1H                               (abs)                  00FCF
_TMR1L                               (abs)                  00FCE
_TMR2                                (abs)                  00FCC
_TMR_ResetTimer0                     text29                 01870
_TMR_ResetTimer1                     text25                 01830
_TMR_ResetTimer2                     text65                 01890
_TMR_Timer0                          text30                 01AA2
_TMR_Timer0Int                       text28                 01A92
_TMR_Timer0Start                     text100                01B12
_TMR_Timer0Status                    text99                 01BD4
_TMR_Timer1                          text26                 01A82
_TMR_Timer1Function                  text23                 0166C
_TMR_Timer1Int                       text22                 01A72
_TMR_Timer1Osc                       text24                 01978
_TMR_Timer1Start                     text68                 01B02
_TMR_Timer1Status                    text67                 01BCE
_TMR_Timer2                          text20                 01A62
_TMR_Timer2Int                       text19                 01A52
_TMR_Timer2Start                     text64                 01990
_TRISAbits                           (abs)                  00F92
_TRISBbits                           (abs)                  00F93
_TRISCbits                           (abs)                  00F94
_Timer2Post                          bssCOMRAM              00062
_Timer2PostCount                     bssCOMRAM              00064
_Timer2Use                           bssCOMRAM              0006C
__CFG_CCP2MX$DEFAULT                 (abs)                  00000
__CFG_CP0$OFF                        (abs)                  00000
__CFG_FCMEN$OFF                      (abs)                  00000
__CFG_FOSC$HSPLL                     (abs)                  00000
__CFG_FOSC2$ON                       (abs)                  00000
__CFG_IESO$OFF                       (abs)                  00000
__CFG_STVREN$ON                      (abs)                  00000
__CFG_WDTEN$OFF                      (abs)                  00000
__CFG_WDTPS$32768                    (abs)                  00000
__CFG_XINST$OFF                      (abs)                  00000
__HRAM                               (abs)                  00000
__H_FlashWaste_const                 _FlashWaste_const      02800
__H_IR_SavedTiming0_const            _IR_SavedTiming0_const 024C0
__H_IR_SavedTiming1_const            _IR_SavedTiming1_const 02580
__H_RF_SavedTiming_const             _RF_SavedTiming_const  02600
__Habs1                              abs1                   00000
__Hbank0                             bank0                  00000
__Hbank1                             bank1                  00000
__Hbank2                             bank2                  00000
__Hbank3                             bank3                  00000
__Hbigbss                            bigbss                 00000
__Hbigdata                           bigdata                00000
__Hbigram                            bigram                 00000
__Hbss                               bss                    00000
__HbssBANK0                          bssBANK0               00000
__HbssBANK1                          bssBANK1               00000
__HbssBANK2                          bssBANK2               00000
__HbssBANK3                          bssBANK3               00000
__HbssCOMRAM                         bssCOMRAM              00000
__Hcinit                             cinit                  00000
__Hclrtext                           clrtext                00000
__Hcomram                            comram                 00000
__Hconfig                            config                 03FFE
__Hconst                             const                  00000
__HcstackBANK0                       cstackBANK0            00000
__HcstackBANK1                       cstackBANK1            00000
__HcstackCOMRAM                      cstackCOMRAM           00000
__Hdata                              data                   00000
__HdataBANK1                         dataBANK1              00000
__HdataCOMRAM                        dataCOMRAM             00000
__Hend_init                          end_init               0024C
__Hfarbss                            farbss                 00000
__Hfardata                           fardata                00000
__Hibigdata                          ibigdata               00000
__Hidata                             idata                  00000
__HidataBANK1                        idataBANK1             00000
__HidataCOMRAM                       idataCOMRAM            00000
__Hidloc                             idloc                  00000
__Hifardata                          ifardata               00000
__Hinit                              init                   00248
__Hintcode                           intcode                00016
__Hintcode_body                      intcode_body           00000
__Hintcodelo                         intcodelo              00248
__Hintentry                          intentry               00000
__Hintret                            intret                 00000
__Hintsave_regs                      intsave_regs           00000
__Hirdata                            irdata                 00000
__Hjflash_buffer                     jflash_buffer          03800
__Hmediumconst                       mediumconst            02802
__HnvFARRAM                          nvFARRAM               00000
__Hnvbit                             nvbit                  00000
__Hnvrram                            nvrram                 00000
__Hparam                             param0                 00000
__Hparam0                            param0                 00000
__Hpowerup                           powerup                00248
__Hram                               ram                    00000
__Hramtop                            ramtop                 00400
__Hrbit                              rbit                   00000
__Hrbss                              rbss                   00000
__Hrdata                             rdata                  00000
__Hreset_vec                         reset_vec              00004
__Hsfr                               sfr                    00000
__Hsmallconst                        smallconst             00000
__Hspace_0                           (abs)                  03FFE
__Hspace_1                           (abs)                  003C0
__Hspace_2                           (abs)                  00000
__Hstack                             stack                  00000
__Hstruct                            struct                 00000
__Htemp                              temp                   0006F
__Htext                              text                   00000
__Htext0                             text0                  00000
__Htext1                             text1                  00000
__Htext10                            text10                 00000
__Htext100                           text100                00000
__Htext101                           text101                00000
__Htext102                           text102                00000
__Htext103                           text103                00000
__Htext104                           text104                00000
__Htext105                           text105                00000
__Htext106                           text106                00000
__Htext107                           text107                00000
__Htext108                           text108                00000
__Htext109                           text109                00000
__Htext11                            text11                 00000
__Htext110                           text110                00000
__Htext111                           text111                00000
__Htext112                           text112                00000
__Htext113                           text113                00000
__Htext114                           text114                00000
__Htext115                           text115                00000
__Htext116                           text116                00000
__Htext117                           text117                00000
__Htext118                           text118                00000
__Htext119                           text119                00000
__Htext12                            text12                 00000
__Htext120                           text120                00000
__Htext121                           text121                00000
__Htext122                           text122                00000
__Htext13                            text13                 00000
__Htext14                            text14                 00000
__Htext15                            text15                 00000
__Htext16                            text16                 00000
__Htext17                            text17                 00000
__Htext18                            text18                 00000
__Htext19                            text19                 00000
__Htext2                             text2                  00000
__Htext20                            text20                 00000
__Htext21                            text21                 00000
__Htext22                            text22                 00000
__Htext23                            text23                 00000
__Htext24                            text24                 00000
__Htext25                            text25                 00000
__Htext26                            text26                 00000
__Htext27                            text27                 00000
__Htext28                            text28                 00000
__Htext29                            text29                 00000
__Htext3                             text3                  00000
__Htext30                            text30                 00000
__Htext31                            text31                 00000
__Htext32                            text32                 00000
__Htext33                            text33                 00000
__Htext34                            text34                 00000
__Htext35                            text35                 00000
__Htext36                            text36                 00000
__Htext37                            text37                 00000
__Htext38                            text38                 00000
__Htext39                            text39                 00000
__Htext4                             text4                  00000
__Htext40                            text40                 00000
__Htext41                            text41                 00000
__Htext42                            text42                 00000
__Htext43                            text43                 00000
__Htext44                            text44                 00000
__Htext45                            text45                 00000
__Htext46                            text46                 00000
__Htext47                            text47                 00000
__Htext48                            text48                 00000
__Htext49                            text49                 00000
__Htext5                             text5                  00000
__Htext50                            text50                 00000
__Htext51                            text51                 00000
__Htext52                            text52                 00000
__Htext53                            text53                 00000
__Htext54                            text54                 00000
__Htext55                            text55                 00000
__Htext56                            text56                 00000
__Htext57                            text57                 00000
__Htext58                            text58                 00000
__Htext6                             text6                  00000
__Htext60                            text60                 00000
__Htext61                            text61                 00000
__Htext62                            text62                 00000
__Htext63                            text63                 00000
__Htext64                            text64                 00000
__Htext65                            text65                 00000
__Htext66                            text66                 00000
__Htext67                            text67                 00000
__Htext68                            text68                 00000
__Htext69                            text69                 00000
__Htext7                             text7                  00000
__Htext70                            text70                 00000
__Htext71                            text71                 00000
__Htext72                            text72                 00000
__Htext73                            text73                 00000
__Htext74                            text74                 00000
__Htext75                            text75                 00000
__Htext76                            text76                 00000
__Htext77                            text77                 00000
__Htext78                            text78                 00000
__Htext79                            text79                 00000
__Htext8                             text8                  00000
__Htext80                            text80                 00000
__Htext81                            text81                 00000
__Htext82                            text82                 00000
__Htext83                            text83                 00000
__Htext84                            text84                 00000
__Htext85                            text85                 00000
__Htext86                            text86                 00000
__Htext87                            text87                 00000
__Htext88                            text88                 00000
__Htext89                            text89                 00000
__Htext9                             text9                  00000
__Htext90                            text90                 00000
__Htext91                            text91                 00000
__Htext92                            text92                 00000
__Htext93                            text93                 00000
__Htext94                            text94                 00000
__Htext95                            text95                 00000
__Htext97                            text97                 00000
__Htext98                            text98                 00000
__Htext99                            text99                 00000
__LRAM                               (abs)                  00001
__L_FlashWaste_const                 _FlashWaste_const      02600
__L_IR_SavedTiming0_const            _IR_SavedTiming0_const 02400
__L_IR_SavedTiming1_const            _IR_SavedTiming1_const 024C0
__L_RF_SavedTiming_const             _RF_SavedTiming_const  02580
__Labs1                              abs1                   00000
__Lbank0                             bank0                  00000
__Lbank1                             bank1                  00000
__Lbank2                             bank2                  00000
__Lbank3                             bank3                  00000
__Lbigbss                            bigbss                 00000
__Lbigdata                           bigdata                00000
__Lbigram                            bigram                 00000
__Lbss                               bss                    00000
__LbssBANK0                          bssBANK0               00000
__LbssBANK1                          bssBANK1               00000
__LbssBANK2                          bssBANK2               00000
__LbssBANK3                          bssBANK3               00000
__LbssCOMRAM                         bssCOMRAM              00000
__Lcinit                             cinit                  00000
__Lclrtext                           clrtext                00000
__Lcomram                            comram                 00000
__Lconfig                            config                 03FF8
__Lconst                             const                  00000
__LcstackBANK0                       cstackBANK0            00000
__LcstackBANK1                       cstackBANK1            00000
__LcstackCOMRAM                      cstackCOMRAM           00000
__Ldata                              data                   00000
__LdataBANK1                         dataBANK1              00000
__LdataCOMRAM                        dataCOMRAM             00000
__Lend_init                          end_init               00248
__Lfarbss                            farbss                 00000
__Lfardata                           fardata                00000
__Libigdata                          ibigdata               00000
__Lidata                             idata                  00000
__LidataBANK1                        idataBANK1             00000
__LidataCOMRAM                       idataCOMRAM            00000
__Lidloc                             idloc                  00000
__Lifardata                          ifardata               00000
__Linit                              init                   00248
__Lintcode                           intcode                00008
__Lintcode_body                      intcode_body           00000
__Lintcodelo                         intcodelo              00018
__Lintentry                          intentry               00000
__Lintret                            intret                 00000
__Lintsave_regs                      intsave_regs           00000
__Lirdata                            irdata                 00000
__Ljflash_buffer                     jflash_buffer          03800
__Lmediumconst                       mediumconst            02800
__LnvFARRAM                          nvFARRAM               00000
__Lnvbit                             nvbit                  00000
__Lnvrram                            nvrram                 00000
__Lparam                             param0                 00000
__Lparam0                            param0                 00000
__Lpowerup                           powerup                00248
__Lram                               ram                    00000
__Lramtop                            ramtop                 00400
__Lrbit                              rbit                   00000
__Lrbss                              rbss                   00000
__Lrdata                             rdata                  00000
__Lreset_vec                         reset_vec              00000
__Lsfr                               sfr                    00000
__Lsmallconst                        smallconst             00000
__Lspace_0                           (abs)                  00000
__Lspace_1                           (abs)                  00000
__Lspace_2                           (abs)                  00000
__Lstack                             stack                  00000
__Lstruct                            struct                 00000
__Ltemp                              temp                   0006E
__Ltext                              text                   00000
__Ltext0                             text0                  00000
__Ltext1                             text1                  00000
__Ltext10                            text10                 00000
__Ltext100                           text100                00000
__Ltext101                           text101                00000
__Ltext102                           text102                00000
__Ltext103                           text103                00000
__Ltext104                           text104                00000
__Ltext105                           text105                00000
__Ltext106                           text106                00000
__Ltext107                           text107                00000
__Ltext108                           text108                00000
__Ltext109                           text109                00000
__Ltext11                            text11                 00000
__Ltext110                           text110                00000
__Ltext111                           text111                00000
__Ltext112                           text112                00000
__Ltext113                           text113                00000
__Ltext114                           text114                00000
__Ltext115                           text115                00000
__Ltext116                           text116                00000
__Ltext117                           text117                00000
__Ltext118                           text118                00000
__Ltext119                           text119                00000
__Ltext12                            text12                 00000
__Ltext120                           text120                00000
__Ltext121                           text121                00000
__Ltext122                           text122                00000
__Ltext13                            text13                 00000
__Ltext14                            text14                 00000
__Ltext15                            text15                 00000
__Ltext16                            text16                 00000
__Ltext17                            text17                 00000
__Ltext18                            text18                 00000
__Ltext19                            text19                 00000
__Ltext2                             text2                  00000
__Ltext20                            text20                 00000
__Ltext21                            text21                 00000
__Ltext22                            text22                 00000
__Ltext23                            text23                 00000
__Ltext24                            text24                 00000
__Ltext25                            text25                 00000
__Ltext26                            text26                 00000
__Ltext27                            text27                 00000
__Ltext28                            text28                 00000
__Ltext29                            text29                 00000
__Ltext3                             text3                  00000
__Ltext30                            text30                 00000
__Ltext31                            text31                 00000
__Ltext32                            text32                 00000
__Ltext33                            text33                 00000
__Ltext34                            text34                 00000
__Ltext35                            text35                 00000
__Ltext36                            text36                 00000
__Ltext37                            text37                 00000
__Ltext38                            text38                 00000
__Ltext39                            text39                 00000
__Ltext4                             text4                  00000
__Ltext40                            text40                 00000
__Ltext41                            text41                 00000
__Ltext42                            text42                 00000
__Ltext43                            text43                 00000
__Ltext44                            text44                 00000
__Ltext45                            text45                 00000
__Ltext46                            text46                 00000
__Ltext47                            text47                 00000
__Ltext48                            text48                 00000
__Ltext49                            text49                 00000
__Ltext5                             text5                  00000
__Ltext50                            text50                 00000
__Ltext51                            text51                 00000
__Ltext52                            text52                 00000
__Ltext53                            text53                 00000
__Ltext54                            text54                 00000
__Ltext55                            text55                 00000
__Ltext56                            text56                 00000
__Ltext57                            text57                 00000
__Ltext58                            text58                 00000
__Ltext6                             text6                  00000
__Ltext60                            text60                 00000
__Ltext61                            text61                 00000
__Ltext62                            text62                 00000
__Ltext63                            text63                 00000
__Ltext64                            text64                 00000
__Ltext65                            text65                 00000
__Ltext66                            text66                 00000
__Ltext67                            text67                 00000
__Ltext68                            text68                 00000
__Ltext69                            text69                 00000
__Ltext7                             text7                  00000
__Ltext70                            text70                 00000
__Ltext71                            text71                 00000
__Ltext72                            text72                 00000
__Ltext73                            text73                 00000
__Ltext74                            text74                 00000
__Ltext75                            text75                 00000
__Ltext76                            text76                 00000
__Ltext77                            text77                 00000
__Ltext78                            text78                 00000
__Ltext79                            text79                 00000
__Ltext8                             text8                  00000
__Ltext80                            text80                 00000
__Ltext81                            text81                 00000
__Ltext82                            text82                 00000
__Ltext83                            text83                 00000
__Ltext84                            text84                 00000
__Ltext85                            text85                 00000
__Ltext86                            text86                 00000
__Ltext87                            text87                 00000
__Ltext88                            text88                 00000
__Ltext89                            text89                 00000
__Ltext9                             text9                  00000
__Ltext90                            text90                 00000
__Ltext91                            text91                 00000
__Ltext92                            text92                 00000
__Ltext93                            text93                 00000
__Ltext94                            text94                 00000
__Ltext95                            text95                 00000
__Ltext97                            text97                 00000
__Ltext98                            text98                 00000
__Ltext99                            text99                 00000
__S0                                 (abs)                  03FFE
__S1                                 (abs)                  003C0
__S2                                 (abs)                  00000
___extmem_base                       (abs)                  20000
___ftdiv                             text94                 008DA
___ftdiv@cntr                        cstackCOMRAM           00015
___ftdiv@exp                         cstackCOMRAM           00019
___ftdiv@f1                          cstackCOMRAM           0000C
___ftdiv@f2                          cstackCOMRAM           0000F
___ftdiv@f3                          cstackCOMRAM           00016
___ftdiv@sign                        cstackCOMRAM           0001A
___ftge                              text56                 01290
___ftge@ff1                          cstackBANK0            000B5
___ftge@ff2                          cstackBANK0            000B8
___ftmul                             text54                 00588
___ftmul@exp                         cstackBANK1            00190
___ftmul@f1                          cstackBANK1            00187
___ftmul@f2                          cstackBANK1            0018A
___ftmul@f3_as_product               cstackBANK1            00192
___ftmul@sign                        cstackBANK1            00191
___ftpack                            text55                 00ECC
___ftpack@arg                        cstackBANK0            000B5
___ftpack@exp                        cstackBANK0            000B8
___ftpack@sign                       cstackBANK0            000B9
___fttol                             text53                 0080A
___fttol@exp1                        cstackBANK1            0018C
___fttol@f1                          cstackBANK0            000B5
___fttol@lval                        cstackBANK1            00188
___fttol@sign1                       cstackBANK1            00187
___inthi_sp                          stack                  00000
___intlo_sp                          stack                  00000
___lwtoft                            text52                 01712
___lwtoft@c                          cstackBANK0            000BD
___param_bank                        (abs)                  00000
___rparam_used                       (abs)                  00000
___sp                                stack                  00000
__accesstop                          (abs)                  00080
__activetblptr                       (abs)                  00002
__end_of_ADC_CalculateVoltage        text90                 00BBC
__end_of_ADC_ChangeChannel           text48                 0190E
__end_of_ADC_ConversionInt           text47                 01B02
__end_of_ADC_Module                  text46                 01AF2
__end_of_ADC_Start                   text58                 01BE6
__end_of_BUT_IR_PinChangeInt         text44                 01AE2
__end_of_BUT_ReadButton              text43                 017EC
__end_of_FSH_AddressToBlock          text89                 01712
__end_of_FSH_EraseBlock              text88                 011D0
__end_of_FSH_VerifyWriteIntArray     text87                 01230
__end_of_FSH_WriteIntArray           text86                 00D00
__end_of_FSH_Write_IR_RF             text78                 03782
__end_of_FlashWaste                  _FlashWaste_const      02800
__end_of_IR_CalculateCodesize        text57                 014A4
__end_of_IR_CheckCode                text73                 02F04
__end_of_IR_LoadCode                 text51                 039D4
__end_of_IR_ReadReceiver             text49                 0180E
__end_of_IR_ResetData                text82                 01BB8
__end_of_IR_SavedTiming0             _IR_SavedTiming0_const 024C0
__end_of_IR_SavedTiming1             _IR_SavedTiming1_const 02580
__end_of_InitADC                     text45                 01782
__end_of_InitButton                  text42                 01BA0
__end_of_InitFlash                   text41                 01BE2
__end_of_InitIR                      text39                 019F8
__end_of_InitLDO                     text37                 019BE
__end_of_InitMOTOR                   text36                 01BDE
__end_of_InitRF                      text31                 015AC
__end_of_InitTimer0                  text27                 01870
__end_of_InitTimer1                  text21                 01960
__end_of_InitTimer2                  text18                 01978
__end_of_InitTimers                  text17                 01B94
__end_of_Init_App                    text50                 01516
__end_of_Init_System                 text16                 0157A
__end_of_LDO_Pass                    text38                 00000
__end_of_MSC_BlinkLED                text13                 0142C
__end_of_MSC_BufferCopyIntConst      text80                 00E34
__end_of_MSC_CleanBufferInt          text40                 015DC
__end_of_MSC_DelayMS                 text14                 013E8
__end_of_MSC_DelayNOP                text15                 01946
__end_of_MTR_IN1                     text12                 00000
__end_of_MTR_IN2                     text11                 00000
__end_of_MTR_Rotate                  text10                 00D9C
__end_of_RF_CalculateCodesize        text8                  01548
__end_of_RF_CheckCode                text103                03E4C
__end_of_RF_DataInt                  text35                 019D2
__end_of_RF_Disable                  text71                 01A0A
__end_of_RF_Enable                   text9                  03FF8
__end_of_RF_LoadCode                 text7                  00364
__end_of_RF_Receiver                 text34                 01AD2
__end_of_RF_ResetData                text79                 01BB0
__end_of_RF_SavedTiming              _RF_SavedTiming_const  02600
__end_of_RF_SetBandwidth             text33                 016C0
__end_of_RF_SetSquelch               text32                 01AC2
__end_of_SYS_ActivityTimer           text3                  01468
__end_of_SYS_ActivityTimerReset      text6                  00000
__end_of_SYS_ConfigureOscillator     text2                  01BA8
__end_of_SYS_DisableInt              text1                  00000
__end_of_SYS_EnableInt               text5                  00000
__end_of_SYS_Sleep                   text4                  00000
__end_of_TMR_ResetTimer0             text29                 01890
__end_of_TMR_ResetTimer1             text25                 01850
__end_of_TMR_ResetTimer2             text65                 018B0
__end_of_TMR_Timer0                  text30                 01AB2
__end_of_TMR_Timer0Int               text28                 01AA2
__end_of_TMR_Timer0Start             text100                01B22
__end_of_TMR_Timer0Status            text99                 01BDA
__end_of_TMR_Timer1                  text26                 01A92
__end_of_TMR_Timer1Function          text23                 01696
__end_of_TMR_Timer1Int               text22                 01A82
__end_of_TMR_Timer1Osc               text24                 01990
__end_of_TMR_Timer1Start             text68                 01B12
__end_of_TMR_Timer1Status            text67                 01BD4
__end_of_TMR_Timer2                  text20                 01A72
__end_of_TMR_Timer2Int               text19                 01A62
__end_of_TMR_Timer2Start             text64                 019A8
__end_of___ftdiv                     text94                 00994
__end_of___ftge                      text56                 012EA
__end_of___ftmul                     text54                 0065E
__end_of___ftpack                    text55                 00F58
__end_of___fttol                     text53                 008DA
__end_of___lwtoft                    text52                 01738
__end_of__initialization             cinit                  010DA
__end_of_high_isr                    intcode_body           0047C
__end_of_low_isr                     intcodelo              00248
__end_of_main                        text0                  03FE6
__end_ofi1_ADC_ChangeChannel         text93                 0192C
__end_ofi1_BUT_IR_PinChangeInt       text63                 01B50
__end_ofi1_BUT_ReadButton            text62                 0175E
__end_ofi1_IR_CalculateCodesize      text77                 014E0
__end_ofi1_IR_LoadCode               text74                 03C10
__end_ofi1_IR_ReadReceiver           text61                 01830
[...]
		On exit  : 
		Unchanged: 
 Data sizes:     COMRAM   BANK0   BANK1   BANK2   BANK3
      Params:         0       0       0       0       0
      Locals:         0      11       0       0       0
      Temps:          0       6       0       0       0
      Totals:         0      17       0       0       0
Total ram usage:       17 bytes
 Hardware stack levels used:    1
 Hardware stack levels required when called:    3
 This function calls:
		i2_FSH_AddressToBlock
		i2_FSH_EraseBlock
		i2_FSH_VerifyWriteIntArray
		i2_FSH_WriteIntArray
		i2_IR_ResetData
		i2_MSC_BufferCopyIntConst
		i2_RF_ResetData
 This function is called by:
		_RF_CheckCode
 This function uses a non-reentrant model


 *************** function i2_RF_ResetData *****************
 Defined at:
		line 116 in file "RF.c"
 Parameters:    Size  Location     Type
		None
 Auto vars:     Size  Location     Type
		None
 Return value:  Size  Location     Type
		None               void
 Registers used:
		None
 Tracked objects:
		On entry : 
		On exit  : 
		Unchanged: 
 Data sizes:     COMRAM   BANK0   BANK1   BANK2   BANK3
      Params:         0       0       0       0       0
      Locals:         0       0       0       0       0
      Temps:          0       0       0       0       0
      Totals:         0       0       0       0       0
Total ram usage:        0 bytes
 Hardware stack levels used:    1
 This function calls:
		Nothing
 This function is called by:
		_high_isr
		i2_FSH_Write_IR_RF
 This function uses a non-reentrant model


 *************** function i2_MSC_BufferCopyIntConst *****************
 Defined at:
		line 150 in file "MISC.c"
 Parameters:    Size  Location     Type
  from            3    6[BANK0 ] PTR const unsigned int 
		 -> IR_SavedTiming1(192), IR_SavedTiming0(192), RF_SavedTiming(128), 
  to              2    9[BANK0 ] PTR unsigned int 
		 -> IR_DataHolder1(192), IR_DataTiming(192), RF_DataTiming(128), 
  count           2   11[BANK0 ] unsigned int 
  shift           2   13[BANK0 ] unsigned int 
 Auto vars:     Size  Location     Type
  MSC_BufferCo    2   15[BANK0 ] unsigned int 
 Return value:  Size  Location     Type
		None               void
 Registers used:
		wreg, fsr2l, fsr2h, status,2, status,0, tblptrl, tblptrh, tblptru, cstack
 Tracked objects:
		On entry : 
		On exit  : 
		Unchanged: 
 Data sizes:     COMRAM   BANK0   BANK1   BANK2   BANK3
      Params:         0       9       0       0       0
      Locals:         0       2       0       0       0
      Temps:          0       0       0       0       0
      Totals:         0      11       0       0       0
Total ram usage:       11 bytes
 Hardware stack levels used:    1
 Hardware stack levels required when called:    1
 This function calls:
		i2_MSC_CleanBufferInt
 This function is called by:
		i2_FSH_Write_IR_RF
 This function uses a non-reentrant model


 *************** function i2_MSC_CleanBufferInt *****************
 Defined at:
		line 90 in file "MISC.c"
 Parameters:    Size  Location     Type
  data            2    0[BANK0 ] PTR unsigned int 
		 -> IR_DataHolder1(192), IR_DataTiming(192), RF_DataTiming(128), 
  count           2    2[BANK0 ] unsigned int 
 Auto vars:     Size  Location     Type
  MSC_CleanBuf    2    4[BANK0 ] unsigned int 
 Return value:  Size  Location     Type
		None               void
 Registers used:
		wreg, fsr2l, fsr2h, status,2, status,0
 Tracked objects:
		On entry : 
		On exit  : 
		Unchanged: 
 Data sizes:     COMRAM   BANK0   BANK1   BANK2   BANK3
      Params:         0       4       0       0       0
      Locals:         0       2       0       0       0
      Temps:          0       0       0       0       0
      Totals:         0       6       0       0       0
Total ram usage:        6 bytes
 Hardware stack levels used:    1
 This function calls:
		Nothing
 This function is called by:
		i2_MSC_BufferCopyIntConst
 This function uses a non-reentrant model


 *************** function i2_IR_ResetData *****************
 Defined at:
		line 109 in file "IR.c"
 Parameters:    Size  Location     Type
		None
 Auto vars:     Size  Location     Type
		None
 Return value:  Size  Location     Type
		None               void
 Registers used:
		wreg, status,2, cstack
 Tracked objects:
		On entry : 
		On exit  : 
		Unchanged: 
 Data sizes:     COMRAM   BANK0   BANK1   BANK2   BANK3
      Params:         0       0       0       0       0
      Locals:         0       0       0       0       0
      Temps:          0       0       0       0       0
      Totals:         0       0       0       0       0
Total ram usage:        0 bytes
 Hardware stack levels used:    1
 Hardware stack levels required when called:    2
 This function calls:
		i2_RF_Enable
 This function is called by:
		i2_FSH_Write_IR_RF
 This function uses a non-reentrant model


 *************** function i2_RF_Enable *****************
 Defined at:
		line 101 in file "RF.c"
 Parameters:    Size  Location     Type
		None
 Auto vars:     Size  Location     Type
		None
 Return value:  Size  Location     Type
		None               void
 Registers used:
		wreg, status,2, cstack
 Tracked objects:
		On entry : 
		On exit  : 
		Unchanged: 
 Data sizes:     COMRAM   BANK0   BANK1   BANK2   BANK3
      Params:         0       0       0       0       0
      Locals:         0       0       0       0       0
      Temps:          0       0       0       0       0
      Totals:         0       0       0       0       0
Total ram usage:        0 bytes
 Hardware stack levels used:    1
 Hardware stack levels required when called:    1
 This function calls:
		i2_RF_DataInt
		i2_TMR_Timer0Int
 This function is called by:
		i2_IR_ResetData
 This function uses a non-reentrant model


 *************** function i2_TMR_Timer0Int *****************
 Defined at:
		line 332 in file "TIMERS.c"
 Parameters:    Size  Location     Type
  state           1    wreg     unsigned char 
 Auto vars:     Size  Location     Type
  state           1    0[BANK0 ] unsigned char 
 Return value:  Size  Location     Type
		None               void
 Registers used:
		wreg, status,2
 Tracked objects:
		On entry : 
		On exit  : 
		Unchanged: 
 Data sizes:     COMRAM   BANK0   BANK1   BANK2   BANK3
      Params:         0       0       0       0       0
      Locals:         0       1       0       0       0
      Temps:          0       0       0       0       0
      Totals:         0       1       0       0       0
Total ram usage:        1 bytes
 Hardware stack levels used:    1
 This function calls:
		Nothing
 This function is called by:
		i2_RF_Disable
		i2_RF_Enable
 This function uses a non-reentrant model


 *************** function i2_RF_DataInt *****************
 Defined at:
		line 254 in file "RF.c"
 Parameters:    Size  Location     Type
  state           1    wreg     unsigned char 
 Auto vars:     Size  Location     Type
  state           1    0[BANK0 ] unsigned char 
 Return value:  Size  Location     Type
		None               void
 Registers used:
		wreg, status,2
 Tracked objects:
		On entry : 
		On exit  : 
		Unchanged: 
 Data sizes:     COMRAM   BANK0   BANK1   BANK2   BANK3
      Params:         0       0       0       0       0
      Locals:         0       1       0       0       0
      Temps:          0       0       0       0       0
      Totals:         0       1       0       0       0
Total ram usage:        1 bytes
 Hardware stack levels used:    1
 This function calls:
		Nothing
 This function is called by:
		i2_RF_Disable
		i2_RF_Enable
 This function uses a non-reentrant model


 *************** function i2_FSH_WriteIntArray *****************
 Defined at:
		line 125 in file "FLASH.c"
 Parameters:    Size  Location     Type
  ConstArray      3    4[BANK0 ] PTR const unsigned int 
		 -> IR_SavedTiming1(192), IR_SavedTiming0(192), RF_SavedTiming(128), 
  Array           2    7[BANK0 ] PTR unsigned int 
		 -> IR_DataHolder1(192), IR_DataTiming(192), RF_DataTiming(128), 
 Auto vars:     Size  Location     Type
  FSH_WriteInt    4   12[BANK0 ] unsigned long 
  FSH_WriteInt    1   11[BANK0 ] unsigned char 
 Return value:  Size  Location     Type
		None               void
 Registers used:
		wreg, fsr2l, fsr2h, status,2, status,0, cstack
 Tracked objects:
		On entry : 
		On exit  : 
		Unchanged: 
 Data sizes:     COMRAM   BANK0   BANK1   BANK2   BANK3
      Params:         0       5       0       0       0
      Locals:         0       5       0       0       0
      Temps:          0       2       0       0       0
      Totals:         0      12       0       0       0
Total ram usage:       12 bytes
 Hardware stack levels used:    1
 Hardware stack levels required when called:    1
 This function calls:
		i2_FSH_AddressToBlock
 This function is called by:
		i2_FSH_Write_IR_RF
 This function uses a non-reentrant model


 *************** function i2_FSH_VerifyWriteIntArray *****************
 Defined at:
		line 169 in file "FLASH.c"
 Parameters:    Size  Location     Type
  ConstArray      3    0[BANK0 ] PTR const unsigned int 
		 -> IR_SavedTiming1(192), IR_SavedTiming0(192), RF_SavedTiming(128), 
  Array           2    3[BANK0 ] PTR unsigned int 
		 -> IR_DataHolder1(192), IR_DataTiming(192), RF_DataTiming(128), 
 Auto vars:     Size  Location     Type
  FSH_VerifyWr    2    8[BANK0 ] unsigned int 
  FSH_VerifyWr    1   11[BANK0 ] unsigned char 
  FSH_VerifyWr    1   10[BANK0 ] unsigned char 
 Return value:  Size  Location     Type
                  1    wreg      unsigned char 
 Registers used:
		wreg, fsr2l, fsr2h, status,2, status,0, tblptrl, tblptrh, tblptru, prodl, prodh
 Tracked objects:
		On entry : 
		On exit  : 
		Unchanged: 
 Data sizes:     COMRAM   BANK0   BANK1   BANK2   BANK3
      Params:         0       5       0       0       0
      Locals:         0       4       0       0       0
      Temps:          0       3       0       0       0
      Totals:         0      12       0       0       0
Total ram usage:       12 bytes
 Hardware stack levels used:    1
 This function calls:
		Nothing
 This function is called by:
		i2_FSH_Write_IR_RF
 This function uses a non-reentrant model


 *************** function i2_FSH_EraseBlock *****************
 Defined at:
		line 72 in file "FLASH.c"
 Parameters:    Size  Location     Type
  Address         4    4[BANK0 ] unsigned long 
 Auto vars:     Size  Location     Type
  FSH_EraseBlo    1   10[BANK0 ] unsigned char 
  FSH_EraseBlo    1    9[BANK0 ] unsigned char 
  FSH_EraseBlo    1    8[BANK0 ] unsigned char 
 Return value:  Size  Location     Type
		None               void
 Registers used:
		wreg, status,2, status,0, cstack
 Tracked objects:
		On entry : 
		On exit  : 
		Unchanged: 
 Data sizes:     COMRAM   BANK0   BANK1   BANK2   BANK3
      Params:         0       4       0       0       0
      Locals:         0       3       0       0       0
      Temps:          0       0       0       0       0
      Totals:         0       7       0       0       0
Total ram usage:        7 bytes
 Hardware stack levels used:    1
 Hardware stack levels required when called:    1
 This function calls:
		i2_FSH_AddressToBlock
 This function is called by:
		i2_FSH_Write_IR_RF
 This function uses a non-reentrant model


 *************** function i2_FSH_AddressToBlock *****************
 Defined at:
		line 536 in file "FLASH.c"
 Parameters:    Size  Location     Type
  Address         4    0[BANK0 ] unsigned long 
 Auto vars:     Size  Location     Type
		None
 Return value:  Size  Location     Type
		None               void
 Registers used:
		wreg, status,2, status,0
 Tracked objects:
		On entry : 
		On exit  : 
		Unchanged: 
 Data sizes:     COMRAM   BANK0   BANK1   BANK2   BANK3
      Params:         0       4       0       0       0
      Locals:         0       0       0       0       0
      Temps:          0       0       0       0       0
      Totals:         0       4       0       0       0
Total ram usage:        4 bytes
 Hardware stack levels used:    1
 This function calls:
		Nothing
 This function is called by:
		i2_FSH_EraseBlock
		i2_FSH_WriteIntArray
		i2_FSH_Write_IR_RF
 This function uses a non-reentrant model



MODULE INFORMATION

Module		Function		Class		Link	Load	Size
SYSTEM.c
		_SYS_ConfigureOscillator		CODE           	1BA0	0000	9
		_SYS_EnableInt 		CODE           	0000	0000	1
		_SYS_ActivityTimerReset		CODE           	0000	0000	1
		_SYS_Sleep     		CODE           	0000	0000	1
		_SYS_DisableInt		CODE           	0000	0000	1
		_SYS_ActivityTimer		CODE           	142C	0000	61

SYSTEM.c estimated size: 74

TIMERS.c
		_TMR_Timer1Osc 		CODE           	1978	0000	25
		_TMR_Timer0Int 		CODE           	1A92	0000	17
		_TMR_Timer1Int 		CODE           	1A72	0000	17
		_TMR_Timer2Int 		CODE           	1A52	0000	17
		_TMR_Timer0Status		CODE           	1BD4	0000	7
		_TMR_Timer1Status		CODE           	1BCE	0000	7
		_InitTimer0    		CODE           	1850	0000	33
		_InitTimer1    		CODE           	1946	0000	27
		_InitTimer2    		CODE           	1960	0000	25
		_InitTimers    		CODE           	1B88	0000	13
		_TMR_Timer0Start		CODE           	1B12	0000	17
		_TMR_Timer1Start		CODE           	1B02	0000	17
		_TMR_Timer2Start		CODE           	1990	0000	25
		_TMR_Timer1Function		CODE           	166C	0000	43
		_TMR_ResetTimer0		CODE           	1870	0000	33
		_TMR_ResetTimer1		CODE           	1830	0000	33
		_TMR_ResetTimer2		CODE           	1890	0000	33
		_TMR_Timer0    		CODE           	1AA2	0000	17
		_TMR_Timer1    		CODE           	1A82	0000	17
		_TMR_Timer2    		CODE           	1A62	0000	17

TIMERS.c estimated size: 440

C:\Program Files (x86)\Microchip\xc8\v1.35\sources\common\ftge.c
		___ftge        		CODE           	1290	0000	91

C:\Program Files (x86)\Microchip\xc8\v1.35\sources\common\ftge.c estimated size: 91

BUTTON.c
		_InitButton    		CODE           	1B94	0000	13
		_BUT_ReadButton		CODE           	17CA	0000	35
		_BUT_IR_PinChangeInt		CODE           	1AD2	0000	17

BUTTON.c estimated size: 65

MOTOR.c
		_MTR_IN2       		CODE           	0000	0000	1
		_MTR_IN1       		CODE           	0000	0000	1
		_MTR_Rotate    		CODE           	0D00	0000	157
		_InitMOTOR     		CODE           	1BDA	0000	5

MOTOR.c estimated size: 164

C:\Program Files (x86)\Microchip\xc8\v1.35\sources\common\lwtoft.c
		___lwtoft      		CODE           	1712	0000	39

C:\Program Files (x86)\Microchip\xc8\v1.35\sources\common\lwtoft.c estimated size: 39

RF.c
		_RF_ResetData  		CODE           	1BA8	0000	9
		_RF_CheckCode  		CODE           	3C10	0000	573
		_RF_Enable     		CODE           	3FE6	0000	19
		_RF_SetSquelch 		CODE           	1AB2	0000	17
		_RF_LoadCode   		CODE           	024C	0000	281
		_RF_Receiver   		CODE           	1AC2	0000	17
		_RF_DataInt    		CODE           	19BE	0000	21
		_RF_CalculateCodesize		CODE           	1516	0000	51
		_RF_Disable    		CODE           	19F8	0000	19
		_InitRF        		CODE           	157A	0000	51
		_RF_SetBandwidth		CODE           	1696	0000	43

RF.c estimated size: 1101

FLASH.c
		_FSH_VerifyWriteIntArray		CODE           	11D0	0000	97
		_InitFlash     		CODE           	1BDE	0000	5
		_FSH_WriteIntArray		CODE           	0C60	0000	161
		_FSH_Write_IR_RF		CODE           	3354	0000	1071
		_FSH_AddressToBlock		CODE           	16EA	0000	41
		_FSH_EraseBlock		CODE           	115E	0000	115

FLASH.c estimated size: 1490

C:\Program Files (x86)\Microchip\xc8\v1.35\sources\common\float.c
		___ftpack      		CODE           	0ECC	0000	141

C:\Program Files (x86)\Microchip\xc8\v1.35\sources\common\float.c estimated size: 141

shared
		i1_IR_CalculateCodesize		CODE           	14A4	0000	61
		_IR_SavedTiming0		CODE           	2400	0000	193
		_IR_SavedTiming1		CODE           	24C0	0000	193
		i1_RF_Enable   		CODE           	1A0A	0000	19
		i1_MSC_CleanBufferInt		CODE           	15DC	0000	49
		i2_RF_Enable   		CODE           	1A40	0000	19
		i2_MSC_CleanBufferInt		CODE           	163C	0000	49
		i1_TMR_Timer0Int		CODE           	1B7A	0000	15
		i2_TMR_Timer0Int		CODE           	1B32	0000	17
		i1_BUT_IR_PinChangeInt		CODE           	1B42	0000	15
		i2_IR_ResetData		CODE           	1BC0	0000	9
		i1___fttol     		CODE           	0A4E	0000	185
		i2___fttol     		CODE           	0994	0000	187
		i2_RF_LoadCode 		CODE           	047C	0000	269
		i1___ftge      		CODE           	12EA	0000	89
		i2___ftge      		CODE           	1342	0000	89
		i1_IR_ReadReceiver		CODE           	180E	0000	35
		i1___lwtoft    		CODE           	1782	0000	37
		i2_RF_Disable  		CODE           	1A2E	0000	19
		i2___lwtoft    		CODE           	17A6	0000	37
		i2_FSH_WriteIntArray		CODE           	0BBC	0000	165
		i2_RF_CalculateCodesize		CODE           	160C	0000	49
		i1___ftmul     		CODE           	065E	0000	215
		i2___ftmul     		CODE           	0734	0000	215
		i1_SYS_ActivityTimerReset		CODE           	0000	0000	1
		i2_SYS_ActivityTimerReset		CODE           	0000	0000	1
		i2_FSH_Write_IR_RF		CODE           	2F04	0000	1105
		i1___ftpack    		CODE           	0F58	0000	139
		i2_FSH_VerifyWriteIntArray		CODE           	1230	0000	97
		i2___ftpack    		CODE           	0FE2	0000	139
		__initialization		CODE           	106C	0000	111
		i2_FSH_EraseBlock		CODE           	10E8	0000	119
		i1_TMR_Timer0  		CODE           	1B6C	0000	15
		i1_TMR_Timer1  		CODE           	1B5E	0000	15
		i1_TMR_Timer2  		CODE           	1B50	0000	15
		i2_RF_ResetData		CODE           	1BB8	0000	9
		i2_FSH_AddressToBlock		CODE           	16C0	0000	43
		i2_TMR_Timer0  		CODE           	1B22	0000	17
		i1_BUT_ReadButton		CODE           	1738	0000	39
		_RF_SavedTiming		CODE           	2580	0000	129
		i1_ADC_ChangeChannel		CODE           	190E	0000	31
		_FlashWaste    		CODE           	2600	0000	513
		i1_RF_DataInt  		CODE           	1A1C	0000	19
		i2_RF_DataInt  		CODE           	19D2	0000	21
		i1_TMR_ResetTimer1		CODE           	18B0	0000	33
		i2_TMR_ResetTimer0		CODE           	18D0	0000	33
		i1_IR_LoadCode 		CODE           	39D4	0000	573
		i2_MSC_BufferCopyIntConst		CODE           	0E34	0000	153

shared estimated size: 5600

ADC.c
		_ADC_CalculateVoltage		CODE           	0B06	0000	183
		_ADC_Start     		CODE           	1BE2	0000	5
		_InitADC       		CODE           	175E	0000	37
		_ADC_Module    		CODE           	1AE2	0000	17
		_ADC_ChangeChannel		CODE           	18F0	0000	31
		_ADC_ConversionInt		CODE           	1AF2	0000	17

ADC.c estimated size: 290

C:\Program Files (x86)\Microchip\xc8\v1.35\sources\common\ftmul.c
		___ftmul       		CODE           	0588	0000	215

C:\Program Files (x86)\Microchip\xc8\v1.35\sources\common\ftmul.c estimated size: 215

MISC.c
		_MSC_BufferCopyIntConst		CODE           	0D9C	0000	153
		_MSC_DelayMS   		CODE           	139A	0000	79
		_MSC_BlinkLED  		CODE           	13E8	0000	69
		_MSC_DelayNOP  		CODE           	192C	0000	27
		_MSC_CleanBufferInt		CODE           	15AC	0000	49

MISC.c estimated size: 377

USER.c
		_Init_App      		CODE           	14E0	0000	55
		_Init_System   		CODE           	1548	0000	51

USER.c estimated size: 106

C:\Program Files (x86)\Microchip\xc8\v1.35\sources\common\ftdiv.c
		___ftdiv       		CODE           	08DA	0000	187

C:\Program Files (x86)\Microchip\xc8\v1.35\sources\common\ftdiv.c estimated size: 187

IR.c
		_IR_ResetData  		CODE           	1BB0	0000	9
		_IR_CheckCode  		CODE           	2802	0000	1795
		_InitIR        		CODE           	19E6	0000	19
		_IR_LoadCode   		CODE           	3782	0000	595
		_IR_ReadReceiver		CODE           	17EC	0000	35
		_IR_CalculateCodesize		CODE           	1468	0000	61

IR.c estimated size: 2514

LDO.c
		_LDO_Pass      		CODE           	0000	0000	1
		_InitLDO       		CODE           	19A8	0000	23

LDO.c estimated size: 24

INTERRUPTS.c
		_high_isr      		CODE           	0008	0000	295
		_low_isr       		CODE           	0018	0000	561

INTERRUPTS.c estimated size: 856

main.c
		_main          		CODE           	3E4C	0000	411

main.c estimated size: 411

C:\Program Files (x86)\Microchip\xc8\v1.35\sources\common\fttol.c
		___fttol       		CODE           	080A	0000	209

C:\Program Files (x86)\Microchip\xc8\v1.35\sources\common\fttol.c estimated size: 209

